Archive member included to satisfy reference by file (symbol)

/usr/local/Caskroom/gcc-arm-embedded/9-2019-q4-major/gcc-arm-none-eabi-9-2019-q4-major/bin/../lib/gcc/arm-none-eabi/9.2.1/../../../../arm-none-eabi/lib/thumb/v7e-m+fp/hard/libc_nano.a(lib_a-exit.o)
                              /usr/local/Caskroom/gcc-arm-embedded/9-2019-q4-major/gcc-arm-none-eabi-9-2019-q4-major/bin/../lib/gcc/arm-none-eabi/9.2.1/../../../../arm-none-eabi/lib/thumb/v7e-m+fp/hard/crt0.o (exit)
/usr/local/Caskroom/gcc-arm-embedded/9-2019-q4-major/gcc-arm-none-eabi-9-2019-q4-major/bin/../lib/gcc/arm-none-eabi/9.2.1/../../../../arm-none-eabi/lib/thumb/v7e-m+fp/hard/libc_nano.a(lib_a-impure.o)
                              /usr/local/Caskroom/gcc-arm-embedded/9-2019-q4-major/gcc-arm-none-eabi-9-2019-q4-major/bin/../lib/gcc/arm-none-eabi/9.2.1/../../../../arm-none-eabi/lib/thumb/v7e-m+fp/hard/libc_nano.a(lib_a-exit.o) (_global_impure_ptr)
/usr/local/Caskroom/gcc-arm-embedded/9-2019-q4-major/gcc-arm-none-eabi-9-2019-q4-major/bin/../lib/gcc/arm-none-eabi/9.2.1/../../../../arm-none-eabi/lib/thumb/v7e-m+fp/hard/libc_nano.a(lib_a-init.o)
                              /usr/local/Caskroom/gcc-arm-embedded/9-2019-q4-major/gcc-arm-none-eabi-9-2019-q4-major/bin/../lib/gcc/arm-none-eabi/9.2.1/../../../../arm-none-eabi/lib/thumb/v7e-m+fp/hard/crt0.o (__libc_init_array)
/usr/local/Caskroom/gcc-arm-embedded/9-2019-q4-major/gcc-arm-none-eabi-9-2019-q4-major/bin/../lib/gcc/arm-none-eabi/9.2.1/../../../../arm-none-eabi/lib/thumb/v7e-m+fp/hard/libc_nano.a(lib_a-memcpy-stub.o)
                              build/queue.o (memcpy)
/usr/local/Caskroom/gcc-arm-embedded/9-2019-q4-major/gcc-arm-none-eabi-9-2019-q4-major/bin/../lib/gcc/arm-none-eabi/9.2.1/../../../../arm-none-eabi/lib/thumb/v7e-m+fp/hard/libc_nano.a(lib_a-memset.o)
                              /usr/local/Caskroom/gcc-arm-embedded/9-2019-q4-major/gcc-arm-none-eabi-9-2019-q4-major/bin/../lib/gcc/arm-none-eabi/9.2.1/../../../../arm-none-eabi/lib/thumb/v7e-m+fp/hard/crt0.o (memset)
/usr/local/Caskroom/gcc-arm-embedded/9-2019-q4-major/gcc-arm-none-eabi-9-2019-q4-major/bin/../lib/gcc/arm-none-eabi/9.2.1/../../../../arm-none-eabi/lib/thumb/v7e-m+fp/hard/libc_nano.a(lib_a-putchar.o)
                              build/printf_stdarg.o (putchar)
/usr/local/Caskroom/gcc-arm-embedded/9-2019-q4-major/gcc-arm-none-eabi-9-2019-q4-major/bin/../lib/gcc/arm-none-eabi/9.2.1/../../../../arm-none-eabi/lib/thumb/v7e-m+fp/hard/libc_nano.a(lib_a-strcpy.o)
                              build/tasks.o (strcpy)
/usr/local/Caskroom/gcc-arm-embedded/9-2019-q4-major/gcc-arm-none-eabi-9-2019-q4-major/bin/../lib/gcc/arm-none-eabi/9.2.1/../../../../arm-none-eabi/lib/thumb/v7e-m+fp/hard/libc_nano.a(lib_a-strlen.o)
                              build/tasks.o (strlen)
/usr/local/Caskroom/gcc-arm-embedded/9-2019-q4-major/gcc-arm-none-eabi-9-2019-q4-major/bin/../lib/gcc/arm-none-eabi/9.2.1/../../../../arm-none-eabi/lib/thumb/v7e-m+fp/hard/libc_nano.a(lib_a-findfp.o)
                              /usr/local/Caskroom/gcc-arm-embedded/9-2019-q4-major/gcc-arm-none-eabi-9-2019-q4-major/bin/../lib/gcc/arm-none-eabi/9.2.1/../../../../arm-none-eabi/lib/thumb/v7e-m+fp/hard/libc_nano.a(lib_a-putchar.o) (__sinit)
/usr/local/Caskroom/gcc-arm-embedded/9-2019-q4-major/gcc-arm-none-eabi-9-2019-q4-major/bin/../lib/gcc/arm-none-eabi/9.2.1/../../../../arm-none-eabi/lib/thumb/v7e-m+fp/hard/libc_nano.a(lib_a-fwalk.o)
                              /usr/local/Caskroom/gcc-arm-embedded/9-2019-q4-major/gcc-arm-none-eabi-9-2019-q4-major/bin/../lib/gcc/arm-none-eabi/9.2.1/../../../../arm-none-eabi/lib/thumb/v7e-m+fp/hard/libc_nano.a(lib_a-findfp.o) (_fwalk)
/usr/local/Caskroom/gcc-arm-embedded/9-2019-q4-major/gcc-arm-none-eabi-9-2019-q4-major/bin/../lib/gcc/arm-none-eabi/9.2.1/../../../../arm-none-eabi/lib/thumb/v7e-m+fp/hard/libc_nano.a(lib_a-lock.o)
                              /usr/local/Caskroom/gcc-arm-embedded/9-2019-q4-major/gcc-arm-none-eabi-9-2019-q4-major/bin/../lib/gcc/arm-none-eabi/9.2.1/../../../../arm-none-eabi/lib/thumb/v7e-m+fp/hard/libc_nano.a(lib_a-findfp.o) (__retarget_lock_init_recursive)
/usr/local/Caskroom/gcc-arm-embedded/9-2019-q4-major/gcc-arm-none-eabi-9-2019-q4-major/bin/../lib/gcc/arm-none-eabi/9.2.1/../../../../arm-none-eabi/lib/thumb/v7e-m+fp/hard/libc_nano.a(lib_a-nano-mallocr.o)
                              /usr/local/Caskroom/gcc-arm-embedded/9-2019-q4-major/gcc-arm-none-eabi-9-2019-q4-major/bin/../lib/gcc/arm-none-eabi/9.2.1/../../../../arm-none-eabi/lib/thumb/v7e-m+fp/hard/libc_nano.a(lib_a-findfp.o) (_malloc_r)
/usr/local/Caskroom/gcc-arm-embedded/9-2019-q4-major/gcc-arm-none-eabi-9-2019-q4-major/bin/../lib/gcc/arm-none-eabi/9.2.1/../../../../arm-none-eabi/lib/thumb/v7e-m+fp/hard/libc_nano.a(lib_a-putc.o)
[...]
Memory Configuration

Name             Origin             Length             Attributes
FLASH            0x0000000008000000 0x0000000000100000 xr
RAM              0x0000000020000000 0x0000000000050000 xrw
*default*        0x0000000000000000 0xffffffffffffffff

Linker script and memory map

LOAD /usr/local/Caskroom/gcc-arm-embedded/9-2019-q4-major/gcc-arm-none-eabi-9-2019-q4-major/bin/../lib/gcc/arm-none-eabi/9.2.1/thumb/v7e-m+fp/hard/crti.o
LOAD /usr/local/Caskroom/gcc-arm-embedded/9-2019-q4-major/gcc-arm-none-eabi-9-2019-q4-major/bin/../lib/gcc/arm-none-eabi/9.2.1/thumb/v7e-m+fp/hard/crtbegin.o
LOAD /usr/local/Caskroom/gcc-arm-embedded/9-2019-q4-major/gcc-arm-none-eabi-9-2019-q4-major/bin/../lib/gcc/arm-none-eabi/9.2.1/../../../../arm-none-eabi/lib/thumb/v7e-m+fp/hard/crt0.o
LOAD build/main.o
LOAD build/freertos.o
LOAD build/stm32f7xx_it.o
LOAD build/stm32f7xx_hal_msp.o
LOAD build/stm32f7xx_nucleo_144.o
LOAD build/stm32f7xx_hal.o
LOAD build/stm32f7xx_hal_cortex.o
LOAD build/stm32f7xx_hal_rcc.o
LOAD build/stm32f7xx_hal_rcc_ex.o
LOAD build/stm32f7xx_hal_tim.o
LOAD build/stm32f7xx_hal_tim_ex.o
LOAD build/stm32f7xx_hal_pwr.o
LOAD build/stm32f7xx_hal_pwr_ex.o
LOAD build/stm32f7xx_hal_uart.o
LOAD build/stm32f7xx_hal_gpio.o
LOAD build/system_stm32f7xx.o
LOAD build/croutine.o
LOAD build/event_groups.o
LOAD build/list.o
LOAD build/queue.o
LOAD build/stream_buffer.o
LOAD build/tasks.o
LOAD build/timers.o
LOAD build/heap_4.o
LOAD build/port.o
LOAD build/cmsis_os2.o
LOAD build/logging.o
LOAD build/printf_stdarg.o
LOAD build/startup_stm32f746xx.o
LOAD /usr/local/Caskroom/gcc-arm-embedded/9-2019-q4-major/gcc-arm-none-eabi-9-2019-q4-major/bin/../lib/gcc/arm-none-eabi/9.2.1/../../../../arm-none-eabi/lib/thumb/v7e-m+fp/hard/libc_nano.a
LOAD /usr/local/Caskroom/gcc-arm-embedded/9-2019-q4-major/gcc-arm-none-eabi-9-2019-q4-major/bin/../lib/gcc/arm-none-eabi/9.2.1/../../../../arm-none-eabi/lib/thumb/v7e-m+fp/hard/libm.a
LOAD /usr/local/Caskroom/gcc-arm-embedded/9-2019-q4-major/gcc-arm-none-eabi-9-2019-q4-major/bin/../lib/gcc/arm-none-eabi/9.2.1/../../../../arm-none-eabi/lib/thumb/v7e-m+fp/hard/libnosys.a
START GROUP
LOAD /usr/local/Caskroom/gcc-arm-embedded/9-2019-q4-major/gcc-arm-none-eabi-9-2019-q4-major/bin/../lib/gcc/arm-none-eabi/9.2.1/thumb/v7e-m+fp/hard/libgcc.a
LOAD /usr/local/Caskroom/gcc-arm-embedded/9-2019-q4-major/gcc-arm-none-eabi-9-2019-q4-major/bin/../lib/gcc/arm-none-eabi/9.2.1/../../../../arm-none-eabi/lib/thumb/v7e-m+fp/hard/libc_nano.a
END GROUP
START GROUP
LOAD /usr/local/Caskroom/gcc-arm-embedded/9-2019-q4-major/gcc-arm-none-eabi-9-2019-q4-major/bin/../lib/gcc/arm-none-eabi/9.2.1/thumb/v7e-m+fp/hard/libgcc.a
LOAD /usr/local/Caskroom/gcc-arm-embedded/9-2019-q4-major/gcc-arm-none-eabi-9-2019-q4-major/bin/../lib/gcc/arm-none-eabi/9.2.1/../../../../arm-none-eabi/lib/thumb/v7e-m+fp/hard/libc_nano.a
END GROUP
LOAD /usr/local/Caskroom/gcc-arm-embedded/9-2019-q4-major/gcc-arm-none-eabi-9-2019-q4-major/bin/../lib/gcc/arm-none-eabi/9.2.1/thumb/v7e-m+fp/hard/crtend.o
LOAD /usr/local/Caskroom/gcc-arm-embedded/9-2019-q4-major/gcc-arm-none-eabi-9-2019-q4-major/bin/../lib/gcc/arm-none-eabi/9.2.1/thumb/v7e-m+fp/hard/crtn.o
                0x0000000020050000                _estack = 0x20050000
                0x0000000000000200                _Min_Heap_Size = 0x200
                0x0000000000000400                _Min_Stack_Size = 0x400

.isr_vector     0x0000000008000000      0x1c8
                0x0000000008000000                . = ALIGN (0x4)
 *(.isr_vector)
 .isr_vector    0x0000000008000000      0x1c8 build/startup_stm32f746xx.o
                0x0000000008000000                g_pfnVectors
                0x00000000080001c8                . = ALIGN (0x4)

.text           0x00000000080001d0     0x53d4
                0x00000000080001d0                . = ALIGN (0x4)
 *(.text)
 .text          0x00000000080001d0       0x40 /usr/local/Caskroom/gcc-arm-embedded/9-2019-q4-major/gcc-arm-none-eabi-9-2019-q4-major/bin/../lib/gcc/arm-none-eabi/9.2.1/thumb/v7e-m+fp/hard/crtbegin.o
 .text          0x0000000008000210       0x30 /usr/local/Caskroom/gcc-arm-embedded/9-2019-q4-major/gcc-arm-none-eabi-9-2019-q4-major/bin/../lib/gcc/arm-none-eabi/9.2.1/thumb/v7e-m+fp/hard/libgcc.a(_aeabi_uldivmod.o)
                0x0000000008000210                __aeabi_uldivmod
 .text          0x0000000008000240      0x2c4 /usr/local/Caskroom/gcc-arm-embedded/9-2019-q4-major/gcc-arm-none-eabi-9-2019-q4-major/bin/../lib/gcc/arm-none-eabi/9.2.1/thumb/v7e-m+fp/hard/libgcc.a(_udivmoddi4.o)
                0x0000000008000240                __udivmoddi4
 .text          0x0000000008000504        0x4 /usr/local/Caskroom/gcc-arm-embedded/9-2019-q4-major/gcc-arm-none-eabi-9-2019-q4-major/bin/../lib/gcc/arm-none-eabi/9.2.1/thumb/v7e-m+fp/hard/libgcc.a(_dvmd_tls.o)
                0x0000000008000504                __aeabi_ldiv0
                0x0000000008000504                __aeabi_idiv0
 *(.text*)
 .text.DebugMode_Config
                0x0000000008000508       0x90 build/main.o
 .text.prvLedTask
                0x0000000008000598       0x20 build/main.o
 .text.prvStartupTask
                0x00000000080005b8       0x20 build/main.o
 .text.Error_Handler
                0x00000000080005d8        0xc build/main.o
                0x00000000080005d8                Error_Handler
 .text.SystemClock_Config
                0x00000000080005e4       0xb4 build/main.o
 .text.main     0x0000000008000698      0x118 build/main.o
                0x0000000008000698                main
 .text.configureTimerForRunTimeStats
                0x00000000080007b0       0x3c build/freertos.o
                0x00000000080007b0                configureTimerForRunTimeStats
 .text.getRunTimeCounterValue
                0x00000000080007ec        0xc build/freertos.o
                0x00000000080007ec                getRunTimeCounterValue
 .text.vApplicationStackOverflowHook
                0x00000000080007f8       0x10 build/freertos.o
                0x00000000080007f8                vApplicationStackOverflowHook
 .text.NMI_Handler
                0x0000000008000808        0x2 build/stm32f7xx_it.o
                0x0000000008000808                NMI_Handler
 .text.HardFault_Handler
                0x000000000800080a        0x2 build/stm32f7xx_it.o
                0x000000000800080a                HardFault_Handler
 .text.MemManage_Handler
                0x000000000800080c        0x2 build/stm32f7xx_it.o
                0x000000000800080c                MemManage_Handler
 .text.BusFault_Handler
                0x000000000800080e        0x2 build/stm32f7xx_it.o
                0x000000000800080e                BusFault_Handler
 .text.UsageFault_Handler
                0x0000000008000810        0x2 build/stm32f7xx_it.o
                0x0000000008000810                UsageFault_Handler
 .text.DebugMon_Handler
                0x0000000008000812        0x2 build/stm32f7xx_it.o
                0x0000000008000812                DebugMon_Handler
 .text.SysTick_Handler
                0x0000000008000814       0x16 build/stm32f7xx_it.o
                0x0000000008000814                SysTick_Handler
 *fill*         0x000000000800082a        0x2 
 .text.TIM8_UP_TIM13_IRQHandler
                0x000000000800082c       0x1c build/stm32f7xx_it.o
                0x000000000800082c                TIM8_UP_TIM13_IRQHandler
 .text.HAL_MspInit
                0x0000000008000848       0x40 build/stm32f7xx_hal_msp.o
                0x0000000008000848                HAL_MspInit
 .text.HAL_TIM_Base_MspInit
                0x0000000008000888       0x40 build/stm32f7xx_hal_msp.o
                0x0000000008000888                HAL_TIM_Base_MspInit
 .text.HAL_UART_MspInit
                0x00000000080008c8       0xa8 build/stm32f7xx_hal_msp.o
                0x00000000080008c8                HAL_UART_MspInit
 .text.BSP_LED_Init
                0x0000000008000970       0x70 build/stm32f7xx_nucleo_144.o
                0x0000000008000970                BSP_LED_Init
 .text.BSP_LED_On
                0x00000000080009e0       0x20 build/stm32f7xx_nucleo_144.o
                0x00000000080009e0                BSP_LED_On
 .text.BSP_LED_Off
                0x0000000008000a00       0x20 build/stm32f7xx_nucleo_144.o
                0x0000000008000a00                BSP_LED_Off
 .text.BSP_LED_Toggle
                0x0000000008000a20       0x1c build/stm32f7xx_nucleo_144.o
                0x0000000008000a20                BSP_LED_Toggle
 .text.HAL_InitTick
                0x0000000008000a3c       0x4c build/stm32f7xx_hal.o
                0x0000000008000a3c                HAL_InitTick
 .text.HAL_Init
                0x0000000008000a88       0x2c build/stm32f7xx_hal.o
                0x0000000008000a88                HAL_Init
 .text.HAL_IncTick
                0x0000000008000ab4       0x18 build/stm32f7xx_hal.o
                0x0000000008000ab4                HAL_IncTick
 .text.HAL_GetTick
                0x0000000008000acc        0xc build/stm32f7xx_hal.o
                0x0000000008000acc                HAL_GetTick
 .text.HAL_NVIC_SetPriorityGrouping
                0x0000000008000ad8       0x24 build/stm32f7xx_hal_cortex.o
                0x0000000008000ad8                HAL_NVIC_SetPriorityGrouping
 .text.HAL_NVIC_SetPriority
                0x0000000008000afc       0x64 build/stm32f7xx_hal_cortex.o
                0x0000000008000afc                HAL_NVIC_SetPriority
 .text.HAL_NVIC_EnableIRQ
                0x0000000008000b60       0x1c build/stm32f7xx_hal_cortex.o
                0x0000000008000b60                HAL_NVIC_EnableIRQ
 .text.HAL_SYSTICK_Config
                0x0000000008000b7c       0x2c build/stm32f7xx_hal_cortex.o
                0x0000000008000b7c                HAL_SYSTICK_Config
 .text.HAL_RCC_OscConfig
                0x0000000008000ba8      0x434 build/stm32f7xx_hal_rcc.o
                0x0000000008000ba8                HAL_RCC_OscConfig
 .text.HAL_RCC_GetSysClockFreq
                0x0000000008000fdc       0xcc build/stm32f7xx_hal_rcc.o
                0x0000000008000fdc                HAL_RCC_GetSysClockFreq
 .text.HAL_RCC_ClockConfig
                0x00000000080010a8      0x16c build/stm32f7xx_hal_rcc.o
                0x00000000080010a8                HAL_RCC_ClockConfig
 .text.HAL_RCC_GetHCLKFreq
                0x0000000008001214        0xc build/stm32f7xx_hal_rcc.o
                0x0000000008001214                HAL_RCC_GetHCLKFreq
 .text.HAL_RCC_GetPCLK1Freq
                0x0000000008001220       0x20 build/stm32f7xx_hal_rcc.o
                0x0000000008001220                HAL_RCC_GetPCLK1Freq
 .text.HAL_RCC_GetPCLK2Freq
                0x0000000008001240       0x20 build/stm32f7xx_hal_rcc.o
                0x0000000008001240                HAL_RCC_GetPCLK2Freq
 .text.HAL_RCCEx_PeriphCLKConfig
                0x0000000008001260      0x5a8 build/stm32f7xx_hal_rcc_ex.o
                0x0000000008001260                HAL_RCCEx_PeriphCLKConfig
 .text.HAL_TIM_Base_Start_IT
                0x0000000008001808       0x90 build/stm32f7xx_hal_tim.o
                0x0000000008001808                HAL_TIM_Base_Start_IT
 .text.HAL_TIM_PeriodElapsedCallback
                0x0000000008001898        0x2 build/stm32f7xx_hal_tim.o
                0x0000000008001898                HAL_TIM_PeriodElapsedCallback
 .text.HAL_TIM_OC_DelayElapsedCallback
                0x000000000800189a        0x2 build/stm32f7xx_hal_tim.o
                0x000000000800189a                HAL_TIM_OC_DelayElapsedCallback
 .text.HAL_TIM_IC_CaptureCallback
                0x000000000800189c        0x2 build/stm32f7xx_hal_tim.o
                0x000000000800189c                HAL_TIM_IC_CaptureCallback
 .text.HAL_TIM_PWM_PulseFinishedCallback
                0x000000000800189e        0x2 build/stm32f7xx_hal_tim.o
                0x000000000800189e                HAL_TIM_PWM_PulseFinishedCallback
 .text.HAL_TIM_TriggerCallback
                0x00000000080018a0        0x2 build/stm32f7xx_hal_tim.o
                0x00000000080018a0                HAL_TIM_TriggerCallback
 .text.HAL_TIM_IRQHandler
                0x00000000080018a2      0x19a build/stm32f7xx_hal_tim.o
                0x00000000080018a2                HAL_TIM_IRQHandler
 .text.TIM_Base_SetConfig
                0x0000000008001a3c      0x10c build/stm32f7xx_hal_tim.o
                0x0000000008001a3c                TIM_Base_SetConfig
 .text.HAL_TIM_Base_Init
                0x0000000008001b48       0x60 build/stm32f7xx_hal_tim.o
                0x0000000008001b48                HAL_TIM_Base_Init
 .text.HAL_TIMEx_CommutCallback
                0x0000000008001ba8        0x2 build/stm32f7xx_hal_tim_ex.o
                0x0000000008001ba8                HAL_TIMEx_CommutCallback
 .text.HAL_TIMEx_BreakCallback
                0x0000000008001baa        0x2 build/stm32f7xx_hal_tim_ex.o
                0x0000000008001baa                HAL_TIMEx_BreakCallback
 .text.HAL_TIMEx_Break2Callback
                0x0000000008001bac        0x2 build/stm32f7xx_hal_tim_ex.o
                0x0000000008001bac                HAL_TIMEx_Break2Callback
 *fill*         0x0000000008001bae        0x2 
 .text.HAL_PWR_EnableBkUpAccess
                0x0000000008001bb0       0x10 build/stm32f7xx_hal_pwr.o
                0x0000000008001bb0                HAL_PWR_EnableBkUpAccess
 .text.HAL_PWREx_EnableOverDrive
                0x0000000008001bc0       0x7c build/stm32f7xx_hal_pwr_ex.o
                0x0000000008001bc0                HAL_PWREx_EnableOverDrive
 .text.UART_SetConfig
                0x0000000008001c3c      0x330 build/stm32f7xx_hal_uart.o
                0x0000000008001c3c                UART_SetConfig
 .text.UART_AdvFeatureConfig
                0x0000000008001f6c       0xca build/stm32f7xx_hal_uart.o
                0x0000000008001f6c                UART_AdvFeatureConfig
 .text.UART_WaitOnFlagUntilTimeout
                0x0000000008002036       0xa4 build/stm32f7xx_hal_uart.o
                0x0000000008002036                UART_WaitOnFlagUntilTimeout
 .text.HAL_UART_Transmit
                0x00000000080020da       0xdc build/stm32f7xx_hal_uart.o
                0x00000000080020da                HAL_UART_Transmit
 .text.UART_CheckIdleState
                0x00000000080021b6       0x48 build/stm32f7xx_hal_uart.o
                0x00000000080021b6                UART_CheckIdleState
 .text.HAL_UART_Init
                0x00000000080021fe       0x62 build/stm32f7xx_hal_uart.o
                0x00000000080021fe                HAL_UART_Init
 .text.HAL_GPIO_Init
                0x0000000008002260      0x1e0 build/stm32f7xx_hal_gpio.o
                0x0000000008002260                HAL_GPIO_Init
 .text.HAL_GPIO_WritePin
                0x0000000008002440        0xc build/stm32f7xx_hal_gpio.o
                0x0000000008002440                HAL_GPIO_WritePin
 .text.HAL_GPIO_TogglePin
                0x000000000800244c       0x12 build/stm32f7xx_hal_gpio.o
                0x000000000800244c                HAL_GPIO_TogglePin
 *fill*         0x000000000800245e        0x2 
 .text.SystemInit
                0x0000000008002460       0x14 build/system_stm32f7xx.o
                0x0000000008002460                SystemInit
 .text.vListInitialise
                0x0000000008002474       0x16 build/list.o
                0x0000000008002474                vListInitialise
 .text.vListInitialiseItem
                0x000000000800248a        0x6 build/list.o
                0x000000000800248a                vListInitialiseItem
 .text.vListInsert
                0x0000000008002490       0x32 build/list.o
                0x0000000008002490                vListInsert
 .text.uxListRemove
                0x00000000080024c2       0x26 build/list.o
                0x00000000080024c2                uxListRemove
 .text.prvIsQueueFull
                0x00000000080024e8       0x1e build/queue.o
 .text.prvIsQueueEmpty
                0x0000000008002506       0x1a build/queue.o
 .text.prvCopyDataToQueue
                0x0000000008002520       0x76 build/queue.o
 .text.prvCopyDataFromQueue
                0x0000000008002596       0x24 build/queue.o
 .text.prvUnlockQueue
                0x00000000080025ba       0x6e build/queue.o
 .text.xQueueGenericReset
                0x0000000008002628       0xb4 build/queue.o
                0x0000000008002628                xQueueGenericReset
 .text.prvInitialiseNewQueue
                0x00000000080026dc       0x22 build/queue.o
 .text.xQueueGenericCreateStatic
                0x00000000080026fe       0x8a build/queue.o
                0x00000000080026fe                xQueueGenericCreateStatic
 .text.xQueueGenericCreate
                0x0000000008002788       0x60 build/queue.o
                0x0000000008002788                xQueueGenericCreate
 .text.xQueueGenericSend
                0x00000000080027e8      0x190 build/queue.o
                0x00000000080027e8                xQueueGenericSend
 .text.xQueueGenericSendFromISR
                0x0000000008002978       0xfa build/queue.o
                0x0000000008002978                xQueueGenericSendFromISR
 *fill*         0x0000000008002a72        0x2 
 .text.xQueueReceive
                0x0000000008002a74      0x168 build/queue.o
                0x0000000008002a74                xQueueReceive
 .text.xQueueReceiveFromISR
                0x0000000008002bdc       0xd2 build/queue.o
                0x0000000008002bdc                xQueueReceiveFromISR
 *fill*         0x0000000008002cae        0x2 
 .text.vQueueAddToRegistry
                0x0000000008002cb0       0x64 build/queue.o
                0x0000000008002cb0                vQueueAddToRegistry
 .text.vQueueWaitForMessageRestricted
                0x0000000008002d14       0x52 build/queue.o
                0x0000000008002d14                vQueueWaitForMessageRestricted
 *fill*         0x0000000008002d66        0x2 
 .text.prvResetNextTaskUnblockTime
                0x0000000008002d68       0x28 build/tasks.o
 .text.prvInitialiseNewTask
                0x0000000008002d90       0xc2 build/tasks.o
 *fill*         0x0000000008002e52        0x2 
 .text.prvInitialiseTaskLists
                0x0000000008002e54       0x68 build/tasks.o
 .text.prvAddNewTaskToReadyList
                0x0000000008002ebc       0xc8 build/tasks.o
 .text.prvDeleteTCB
                0x0000000008002f84       0x3c build/tasks.o
 .text.prvCheckTasksWaitingTermination
                0x0000000008002fc0       0x4c build/tasks.o
 .text.prvIdleTask
                0x000000000800300c       0x28 build/tasks.o
 .text.prvAddCurrentTaskToDelayedList
                0x0000000008003034       0xa0 build/tasks.o
 .text.xTaskCreateStatic
                0x00000000080030d4       0x80 build/tasks.o
                0x00000000080030d4                xTaskCreateStatic
 .text.xTaskCreate
                0x0000000008003154       0x68 build/tasks.o
                0x0000000008003154                xTaskCreate
 .text.vTaskStartScheduler
                0x00000000080031bc       0xa8 build/tasks.o
                0x00000000080031bc                vTaskStartScheduler
 .text.vTaskSuspendAll
                0x0000000008003264       0x10 build/tasks.o
                0x0000000008003264                vTaskSuspendAll
 .text.xTaskGetTickCount
                0x0000000008003274        0xc build/tasks.o
                0x0000000008003274                xTaskGetTickCount
 .text.xTaskIncrementTick
                0x0000000008003280      0x178 build/tasks.o
                0x0000000008003280                xTaskIncrementTick
 .text.xTaskResumeAll
                0x00000000080033f8      0x150 build/tasks.o
                0x00000000080033f8                xTaskResumeAll
 .text.vTaskDelay
                0x0000000008003548       0x50 build/tasks.o
                0x0000000008003548                vTaskDelay
 .text.vTaskSwitchContext
                0x0000000008003598       0xe8 build/tasks.o
                0x0000000008003598                vTaskSwitchContext
 .text.vTaskPlaceOnEventList
                0x0000000008003680       0x34 build/tasks.o
                0x0000000008003680                vTaskPlaceOnEventList
 .text.vTaskPlaceOnEventListRestricted
                0x00000000080036b4       0x58 build/tasks.o
                0x00000000080036b4                vTaskPlaceOnEventListRestricted
 .text.xTaskRemoveFromEventList
                0x000000000800370c       0xf8 build/tasks.o
                0x000000000800370c                xTaskRemoveFromEventList
 .text.vTaskInternalSetTimeOutState
                0x0000000008003804       0x18 build/tasks.o
                0x0000000008003804                vTaskInternalSetTimeOutState
 .text.xTaskCheckForTimeOut
                0x000000000800381c       0x90 build/tasks.o
                0x000000000800381c                xTaskCheckForTimeOut
 .text.vTaskMissedYield
                0x00000000080038ac        0xc build/tasks.o
                0x00000000080038ac                vTaskMissedYield
 .text.xTaskGetSchedulerState
                0x00000000080038b8       0x20 build/tasks.o
                0x00000000080038b8                xTaskGetSchedulerState
 .text.xTaskPriorityDisinherit
                0x00000000080038d8       0xb4 build/tasks.o
                0x00000000080038d8                xTaskPriorityDisinherit
 .text.prvGetNextExpireTime
                0x000000000800398c       0x20 build/timers.o
 .text.prvInsertTimerInActiveList
                0x00000000080039ac       0x50 build/timers.o
 .text.prvReloadTimer
                0x00000000080039fc       0x26 build/timers.o
 *fill*         0x0000000008003a22        0x2 
 .text.prvProcessExpiredTimer
                0x0000000008003a24       0x40 build/timers.o
 .text.prvSwitchTimerLists
                0x0000000008003a64       0x2c build/timers.o
 .text.prvSampleTimeNow
                0x0000000008003a90       0x2c build/timers.o
 .text.prvProcessTimerOrBlockTask
                0x0000000008003abc       0x80 build/timers.o
 .text.prvProcessReceivedCommands
                0x0000000008003b3c      0x108 build/timers.o
 .text.prvTimerTask
                0x0000000008003c44       0x16 build/timers.o
 *fill*         0x0000000008003c5a        0x2 
 .text.prvCheckForValidListAndQueue
                0x0000000008003c5c       0x70 build/timers.o
 .text.xTimerCreateTimerTask
                0x0000000008003ccc       0x68 build/timers.o
                0x0000000008003ccc                xTimerCreateTimerTask
 .text.prvHeapInit
                0x0000000008003d34       0x64 build/heap_4.o
 .text.prvInsertBlockIntoFreeList
                0x0000000008003d98       0x58 build/heap_4.o
 .text.pvPortMalloc
                0x0000000008003df0      0x118 build/heap_4.o
                0x0000000008003df0                pvPortMalloc
 .text.vPortFree
                0x0000000008003f08       0x84 build/heap_4.o
                0x0000000008003f08                vPortFree
 .text.prvTaskExitError
                0x0000000008003f8c       0x48 build/port.o
 .text.prvPortStartFirstTask
                0x0000000008003fd4       0x28 build/port.o
 .text.vPortEnableVFP
                0x0000000008003ffc       0x14 build/port.o
 .text.pxPortInitialiseStack
                0x0000000008004010       0x2c build/port.o
                0x0000000008004010                pxPortInitialiseStack
 *fill*         0x000000000800403c        0x4 
 .text.SVC_Handler
                0x0000000008004040       0x24 build/port.o
                0x0000000008004040                SVC_Handler
 .text.vPortEnterCritical
                0x0000000008004064       0x4c build/port.o
                0x0000000008004064                vPortEnterCritical
 .text.vPortExitCritical
                0x00000000080040b0       0x30 build/port.o
                0x00000000080040b0                vPortExitCritical
 .text.PendSV_Handler
                0x00000000080040e0       0x64 build/port.o
                0x00000000080040e0                PendSV_Handler
 .text.xPortSysTickHandler
                0x0000000008004144       0x30 build/port.o
                0x0000000008004144                xPortSysTickHandler
 .text.vPortSetupTimerInterrupt
                0x0000000008004174       0x38 build/port.o
                0x0000000008004174                vPortSetupTimerInterrupt
 .text.xPortStartScheduler
                0x00000000080041ac       0xd0 build/port.o
                0x00000000080041ac                xPortStartScheduler
 .text.vPortValidateInterruptPriority
                0x000000000800427c       0x64 build/port.o
                0x000000000800427c                vPortValidateInterruptPriority
 .text.osKernelInitialize
                0x00000000080042e0       0x3c build/cmsis_os2.o
                0x00000000080042e0                osKernelInitialize
 .text.osKernelStart
                0x000000000800431c       0x48 build/cmsis_os2.o
                0x000000000800431c                osKernelStart
 .text.osThreadNew
                0x0000000008004364       0xd8 build/cmsis_os2.o
                0x0000000008004364                osThreadNew
 .text.osDelay  0x000000000800443c       0x3c build/cmsis_os2.o
                0x000000000800443c                osDelay
 .text.osMessageQueueNew
                0x0000000008004478       0xb4 build/cmsis_os2.o
                0x0000000008004478                osMessageQueueNew
 .text.osMessageQueuePut
                0x000000000800452c       0xa4 build/cmsis_os2.o
                0x000000000800452c                osMessageQueuePut
 .text.osMessageQueueGet
                0x00000000080045d0       0xa4 build/cmsis_os2.o
                0x00000000080045d0                osMessageQueueGet
 .text.vApplicationGetIdleTaskMemory
                0x0000000008004674       0x18 build/cmsis_os2.o
                0x0000000008004674                vApplicationGetIdleTaskMemory
 .text.vApplicationGetTimerTaskMemory
                0x000000000800468c       0x18 build/cmsis_os2.o
                0x000000000800468c                vApplicationGetTimerTaskMemory
 .text.prvLoggingThread
                0x00000000080046a4       0x9c build/logging.o
 .text.prvLoggingPrintf
                0x0000000008004740       0x38 build/logging.o
 .text.vLoggingInit
                0x0000000008004778       0xb8 build/logging.o
                0x0000000008004778                vLoggingInit
 .text.vLoggingPrintf
                0x0000000008004830       0x1c build/logging.o
                0x0000000008004830                vLoggingPrintf
 .text.printchar
                0x000000000800484c       0x18 build/printf_stdarg.o
 .text.prints   0x0000000008004864       0x7a build/printf_stdarg.o
 .text.printi   0x00000000080048de       0xb6 build/printf_stdarg.o
 .text.print    0x0000000008004994      0x140 build/printf_stdarg.o
 .text.vsnprintf
                0x0000000008004ad4       0x16 build/printf_stdarg.o
                0x0000000008004ad4                vsnprintf
 *fill*         0x0000000008004aea        0x2 
 .text.Reset_Handler
                0x0000000008004aec       0x50 build/startup_stm32f746xx.o
                0x0000000008004aec                Reset_Handler
 .text.Default_Handler
                0x0000000008004b3c        0x2 build/startup_stm32f746xx.o
                0x0000000008004b3c                DMA1_Stream3_IRQHandler
                0x0000000008004b3c                EXTI2_IRQHandler
                0x0000000008004b3c                TIM8_CC_IRQHandler
                0x0000000008004b3c                UART8_IRQHandler
                0x0000000008004b3c                SPI4_IRQHandler
                0x0000000008004b3c                TIM1_CC_IRQHandler
                0x0000000008004b3c                DMA2_Stream5_IRQHandler
                0x0000000008004b3c                DMA1_Stream5_IRQHandler
                0x0000000008004b3c                PVD_IRQHandler
                0x0000000008004b3c                TAMP_STAMP_IRQHandler
                0x0000000008004b3c                CAN2_RX1_IRQHandler
                0x0000000008004b3c                EXTI3_IRQHandler
                0x0000000008004b3c                TIM8_TRG_COM_TIM14_IRQHandler
                0x0000000008004b3c                TIM1_UP_TIM10_IRQHandler
                0x0000000008004b3c                I2C3_ER_IRQHandler
                0x0000000008004b3c                EXTI0_IRQHandler
                0x0000000008004b3c                I2C2_EV_IRQHandler
                0x0000000008004b3c                DMA1_Stream2_IRQHandler
                0x0000000008004b3c                CAN1_RX0_IRQHandler
                0x0000000008004b3c                FPU_IRQHandler
                0x0000000008004b3c                OTG_HS_WKUP_IRQHandler
                0x0000000008004b3c                LTDC_ER_IRQHandler
                0x0000000008004b3c                CAN2_SCE_IRQHandler
                0x0000000008004b3c                DMA2_Stream2_IRQHandler
                0x0000000008004b3c                SPI1_IRQHandler
                0x0000000008004b3c                TIM6_DAC_IRQHandler
                0x0000000008004b3c                TIM1_BRK_TIM9_IRQHandler
                0x0000000008004b3c                DCMI_IRQHandler
                0x0000000008004b3c                CAN2_RX0_IRQHandler
                0x0000000008004b3c                DMA2_Stream3_IRQHandler
                0x0000000008004b3c                SAI2_IRQHandler
                0x0000000008004b3c                USART6_IRQHandler
                0x0000000008004b3c                USART3_IRQHandler
                0x0000000008004b3c                CAN1_RX1_IRQHandler
                0x0000000008004b3c                UART5_IRQHandler
                0x0000000008004b3c                DMA2_Stream0_IRQHandler
                0x0000000008004b3c                TIM4_IRQHandler
                0x0000000008004b3c                QUADSPI_IRQHandler
                0x0000000008004b3c                I2C1_EV_IRQHandler
                0x0000000008004b3c                DMA1_Stream6_IRQHandler
                0x0000000008004b3c                DMA1_Stream1_IRQHandler
                0x0000000008004b3c                UART4_IRQHandler
                0x0000000008004b3c                TIM3_IRQHandler
                0x0000000008004b3c                RCC_IRQHandler
                0x0000000008004b3c                TIM8_BRK_TIM12_IRQHandler
                0x0000000008004b3c                Default_Handler
                0x0000000008004b3c                CEC_IRQHandler
                0x0000000008004b3c                EXTI15_10_IRQHandler
                0x0000000008004b3c                ADC_IRQHandler
                0x0000000008004b3c                DMA1_Stream7_IRQHandler
                0x0000000008004b3c                SPI5_IRQHandler
                0x0000000008004b3c                TIM7_IRQHandler
                0x0000000008004b3c                SDMMC1_IRQHandler
                0x0000000008004b3c                CAN2_TX_IRQHandler
                0x0000000008004b3c                TIM5_IRQHandler
                0x0000000008004b3c                DMA2_Stream7_IRQHandler
                0x0000000008004b3c                I2C3_EV_IRQHandler
                0x0000000008004b3c                EXTI9_5_IRQHandler
                0x0000000008004b3c                RTC_WKUP_IRQHandler
                0x0000000008004b3c                LTDC_IRQHandler
                0x0000000008004b3c                ETH_WKUP_IRQHandler
                0x0000000008004b3c                SPDIF_RX_IRQHandler
                0x0000000008004b3c                SPI2_IRQHandler
                0x0000000008004b3c                OTG_HS_EP1_IN_IRQHandler
                0x0000000008004b3c                DMA1_Stream0_IRQHandler
                0x0000000008004b3c                CAN1_TX_IRQHandler
                0x0000000008004b3c                EXTI4_IRQHandler
                0x0000000008004b3c                RNG_IRQHandler
                0x0000000008004b3c                ETH_IRQHandler
                0x0000000008004b3c                OTG_HS_EP1_OUT_IRQHandler
                0x0000000008004b3c                WWDG_IRQHandler
                0x0000000008004b3c                SPI6_IRQHandler
                0x0000000008004b3c                I2C4_EV_IRQHandler
                0x0000000008004b3c                TIM2_IRQHandler
                0x0000000008004b3c                OTG_FS_WKUP_IRQHandler
                0x0000000008004b3c                TIM1_TRG_COM_TIM11_IRQHandler
                0x0000000008004b3c                OTG_HS_IRQHandler
                0x0000000008004b3c                DMA2D_IRQHandler
                0x0000000008004b3c                EXTI1_IRQHandler
                0x0000000008004b3c                UART7_IRQHandler
                0x0000000008004b3c                USART2_IRQHandler
                0x0000000008004b3c                I2C2_ER_IRQHandler
                0x0000000008004b3c                DMA2_Stream1_IRQHandler
                0x0000000008004b3c                CAN1_SCE_IRQHandler
                0x0000000008004b3c                FLASH_IRQHandler
                0x0000000008004b3c                DMA2_Stream4_IRQHandler
                0x0000000008004b3c                USART1_IRQHandler
                0x0000000008004b3c                OTG_FS_IRQHandler
                0x0000000008004b3c                SPI3_IRQHandler
                0x0000000008004b3c                DMA1_Stream4_IRQHandler
                0x0000000008004b3c                I2C1_ER_IRQHandler
                0x0000000008004b3c                FMC_IRQHandler
                0x0000000008004b3c                LPTIM1_IRQHandler
                0x0000000008004b3c                I2C4_ER_IRQHandler
                0x0000000008004b3c                DMA2_Stream6_IRQHandler
                0x0000000008004b3c                SAI1_IRQHandler
                0x0000000008004b3c                RTC_Alarm_IRQHandler
 *fill*         0x0000000008004b3e        0x2 
 .text.__libc_init_array
                0x0000000008004b40       0x48 /usr/local/Caskroom/gcc-arm-embedded/9-2019-q4-major/gcc-arm-none-eabi-9-2019-q4-major/bin/../lib/gcc/arm-none-eabi/9.2.1/../../../../arm-none-eabi/lib/thumb/v7e-m+fp/hard/libc_nano.a(lib_a-init.o)
                0x0000000008004b40                __libc_init_array
 .text.memcpy   0x0000000008004b88       0x1c /usr/local/Caskroom/gcc-arm-embedded/9-2019-q4-major/gcc-arm-none-eabi-9-2019-q4-major/bin/../lib/gcc/arm-none-eabi/9.2.1/../../../../arm-none-eabi/lib/thumb/v7e-m+fp/hard/libc_nano.a(lib_a-memcpy-stub.o)
                0x0000000008004b88                memcpy
 .text.memset   0x0000000008004ba4       0x10 /usr/local/Caskroom/gcc-arm-embedded/9-2019-q4-major/gcc-arm-none-eabi-9-2019-q4-major/bin/../lib/gcc/arm-none-eabi/9.2.1/../../../../arm-none-eabi/lib/thumb/v7e-m+fp/hard/libc_nano.a(lib_a-memset.o)
                0x0000000008004ba4                memset
 .text.putchar  0x0000000008004bb4       0x2c /usr/local/Caskroom/gcc-arm-embedded/9-2019-q4-major/gcc-arm-none-eabi-9-2019-q4-major/bin/../lib/gcc/arm-none-eabi/9.2.1/../../../../arm-none-eabi/lib/thumb/v7e-m+fp/hard/libc_nano.a(lib_a-putchar.o)
                0x0000000008004bb4                putchar
 .text.std      0x0000000008004be0       0x48 /usr/local/Caskroom/gcc-arm-embedded/9-2019-q4-major/gcc-arm-none-eabi-9-2019-q4-major/bin/../lib/gcc/arm-none-eabi/9.2.1/../../../../arm-none-eabi/lib/thumb/v7e-m+fp/hard/libc_nano.a(lib_a-findfp.o)
 .text._cleanup_r
                0x0000000008004c28        0xc /usr/local/Caskroom/gcc-arm-embedded/9-2019-q4-major/gcc-arm-none-eabi-9-2019-q4-major/bin/../lib/gcc/arm-none-eabi/9.2.1/../../../../arm-none-eabi/lib/thumb/v7e-m+fp/hard/libc_nano.a(lib_a-findfp.o)
                0x0000000008004c28                _cleanup_r
 .text.__sfmoreglue
                0x0000000008004c34       0x2c /usr/local/Caskroom/gcc-arm-embedded/9-2019-q4-major/gcc-arm-none-eabi-9-2019-q4-major/bin/../lib/gcc/arm-none-eabi/9.2.1/../../../../arm-none-eabi/lib/thumb/v7e-m+fp/hard/libc_nano.a(lib_a-findfp.o)
                0x0000000008004c34                __sfmoreglue
 .text.__sfp_lock_acquire
                0x0000000008004c60        0xc /usr/local/Caskroom/gcc-arm-embedded/9-2019-q4-major/gcc-arm-none-eabi-9-2019-q4-major/bin/../lib/gcc/arm-none-eabi/9.2.1/../../../../arm-none-eabi/lib/thumb/v7e-m+fp/hard/libc_nano.a(lib_a-findfp.o)
                0x0000000008004c60                __sfp_lock_acquire
 .text.__sfp_lock_release
                0x0000000008004c6c        0xc /usr/local/Caskroom/gcc-arm-embedded/9-2019-q4-major/gcc-arm-none-eabi-9-2019-q4-major/bin/../lib/gcc/arm-none-eabi/9.2.1/../../../../arm-none-eabi/lib/thumb/v7e-m+fp/hard/libc_nano.a(lib_a-findfp.o)
                0x0000000008004c6c                __sfp_lock_release
 .text.__sinit_lock_acquire
                0x0000000008004c78        0xc /usr/local/Caskroom/gcc-arm-embedded/9-2019-q4-major/gcc-arm-none-eabi-9-2019-q4-major/bin/../lib/gcc/arm-none-eabi/9.2.1/../../../../arm-none-eabi/lib/thumb/v7e-m+fp/hard/libc_nano.a(lib_a-findfp.o)
                0x0000000008004c78                __sinit_lock_acquire
 .text.__sinit_lock_release
                0x0000000008004c84        0xc /usr/local/Caskroom/gcc-arm-embedded/9-2019-q4-major/gcc-arm-none-eabi-9-2019-q4-major/bin/../lib/gcc/arm-none-eabi/9.2.1/../../../../arm-none-eabi/lib/thumb/v7e-m+fp/hard/libc_nano.a(lib_a-findfp.o)
                0x0000000008004c84                __sinit_lock_release
 .text.__sinit  0x0000000008004c90       0x70 /usr/local/Caskroom/gcc-arm-embedded/9-2019-q4-major/gcc-arm-none-eabi-9-2019-q4-major/bin/../lib/gcc/arm-none-eabi/9.2.1/../../../../arm-none-eabi/lib/thumb/v7e-m+fp/hard/libc_nano.a(lib_a-findfp.o)
                0x0000000008004c90                __sinit
 .text.__sfp    0x0000000008004d00       0x8c /usr/local/Caskroom/gcc-arm-embedded/9-2019-q4-major/gcc-arm-none-eabi-9-2019-q4-major/bin/../lib/gcc/arm-none-eabi/9.2.1/../../../../arm-none-eabi/lib/thumb/v7e-m+fp/hard/libc_nano.a(lib_a-findfp.o)
                0x0000000008004d00                __sfp
 .text._fwalk_reent
                0x0000000008004d8c       0x3e /usr/local/Caskroom/gcc-arm-embedded/9-2019-q4-major/gcc-arm-none-eabi-9-2019-q4-major/bin/../lib/gcc/arm-none-eabi/9.2.1/../../../../arm-none-eabi/lib/thumb/v7e-m+fp/hard/libc_nano.a(lib_a-fwalk.o)
                0x0000000008004d8c                _fwalk_reent
 .text.__retarget_lock_init_recursive
                0x0000000008004dca        0x2 /usr/local/Caskroom/gcc-arm-embedded/9-2019-q4-major/gcc-arm-none-eabi-9-2019-q4-major/bin/../lib/gcc/arm-none-eabi/9.2.1/../../../../arm-none-eabi/lib/thumb/v7e-m+fp/hard/libc_nano.a(lib_a-lock.o)
                0x0000000008004dca                __retarget_lock_init_recursive
 .text.__retarget_lock_acquire_recursive
                0x0000000008004dcc        0x2 /usr/local/Caskroom/gcc-arm-embedded/9-2019-q4-major/gcc-arm-none-eabi-9-2019-q4-major/bin/../lib/gcc/arm-none-eabi/9.2.1/../../../../arm-none-eabi/lib/thumb/v7e-m+fp/hard/libc_nano.a(lib_a-lock.o)
                0x0000000008004dcc                __retarget_lock_acquire_recursive
 .text.__retarget_lock_release_recursive
                0x0000000008004dce        0x2 /usr/local/Caskroom/gcc-arm-embedded/9-2019-q4-major/gcc-arm-none-eabi-9-2019-q4-major/bin/../lib/gcc/arm-none-eabi/9.2.1/../../../../arm-none-eabi/lib/thumb/v7e-m+fp/hard/libc_nano.a(lib_a-lock.o)
                0x0000000008004dce                __retarget_lock_release_recursive
 .text._malloc_r
                0x0000000008004dd0       0xb4 /usr/local/Caskroom/gcc-arm-embedded/9-2019-q4-major/gcc-arm-none-eabi-9-2019-q4-major/bin/../lib/gcc/arm-none-eabi/9.2.1/../../../../arm-none-eabi/lib/thumb/v7e-m+fp/hard/libc_nano.a(lib_a-nano-mallocr.o)
                0x0000000008004dd0                _malloc_r
 .text._putc_r  0x0000000008004e84       0x90 /usr/local/Caskroom/gcc-arm-embedded/9-2019-q4-major/gcc-arm-none-eabi-9-2019-q4-major/bin/../lib/gcc/arm-none-eabi/9.2.1/../../../../arm-none-eabi/lib/thumb/v7e-m+fp/hard/libc_nano.a(lib_a-putc.o)
                0x0000000008004e84                _putc_r
 .text._sbrk_r  0x0000000008004f14       0x20 /usr/local/Caskroom/gcc-arm-embedded/9-2019-q4-major/gcc-arm-none-eabi-9-2019-q4-major/bin/../lib/gcc/arm-none-eabi/9.2.1/../../../../arm-none-eabi/lib/thumb/v7e-m+fp/hard/libc_nano.a(lib_a-sbrkr.o)
                0x0000000008004f14                _sbrk_r
 .text.__sread  0x0000000008004f34       0x22 /usr/local/Caskroom/gcc-arm-embedded/9-2019-q4-major/gcc-arm-none-eabi-9-2019-q4-major/bin/../lib/gcc/arm-none-eabi/9.2.1/../../../../arm-none-eabi/lib/thumb/v7e-m+fp/hard/libc_nano.a(lib_a-stdio.o)
                0x0000000008004f34                __sread
 .text.__swrite
                0x0000000008004f56       0x38 /usr/local/Caskroom/gcc-arm-embedded/9-2019-q4-major/gcc-arm-none-eabi-9-2019-q4-major/bin/../lib/gcc/arm-none-eabi/9.2.1/../../../../arm-none-eabi/lib/thumb/v7e-m+fp/hard/libc_nano.a(lib_a-stdio.o)
                0x0000000008004f56                __swrite
 .text.__sseek  0x0000000008004f8e       0x24 /usr/local/Caskroom/gcc-arm-embedded/9-2019-q4-major/gcc-arm-none-eabi-9-2019-q4-major/bin/../lib/gcc/arm-none-eabi/9.2.1/../../../../arm-none-eabi/lib/thumb/v7e-m+fp/hard/libc_nano.a(lib_a-stdio.o)
                0x0000000008004f8e                __sseek
 .text.__sclose
                0x0000000008004fb2        0x8 /usr/local/Caskroom/gcc-arm-embedded/9-2019-q4-major/gcc-arm-none-eabi-9-2019-q4-major/bin/../lib/gcc/arm-none-eabi/9.2.1/../../../../arm-none-eabi/lib/thumb/v7e-m+fp/hard/libc_nano.a(lib_a-stdio.o)
                0x0000000008004fb2                __sclose
 *fill*         0x0000000008004fba        0x2 
 .text.__swbuf_r
                0x0000000008004fbc       0xa4 /usr/local/Caskroom/gcc-arm-embedded/9-2019-q4-major/gcc-arm-none-eabi-9-2019-q4-major/bin/../lib/gcc/arm-none-eabi/9.2.1/../../../../arm-none-eabi/lib/thumb/v7e-m+fp/hard/libc_nano.a(lib_a-wbuf.o)
                0x0000000008004fbc                __swbuf_r
 .text._write_r
                0x0000000008005060       0x24 /usr/local/Caskroom/gcc-arm-embedded/9-2019-q4-major/gcc-arm-none-eabi-9-2019-q4-major/bin/../lib/gcc/arm-none-eabi/9.2.1/../../../../arm-none-eabi/lib/thumb/v7e-m+fp/hard/libc_nano.a(lib_a-writer.o)
                0x0000000008005060                _write_r
 .text.__swsetup_r
                0x0000000008005084       0xdc /usr/local/Caskroom/gcc-arm-embedded/9-2019-q4-major/gcc-arm-none-eabi-9-2019-q4-major/bin/../lib/gcc/arm-none-eabi/9.2.1/../../../../arm-none-eabi/lib/thumb/v7e-m+fp/hard/libc_nano.a(lib_a-wsetup.o)
                0x0000000008005084                __swsetup_r
 .text._close_r
                0x0000000008005160       0x20 /usr/local/Caskroom/gcc-arm-embedded/9-2019-q4-major/gcc-arm-none-eabi-9-2019-q4-major/bin/../lib/gcc/arm-none-eabi/9.2.1/../../../../arm-none-eabi/lib/thumb/v7e-m+fp/hard/libc_nano.a(lib_a-closer.o)
                0x0000000008005160                _close_r
 .text.__sflush_r
                0x0000000008005180      0x10c /usr/local/Caskroom/gcc-arm-embedded/9-2019-q4-major/gcc-arm-none-eabi-9-2019-q4-major/bin/../lib/gcc/arm-none-eabi/9.2.1/../../../../arm-none-eabi/lib/thumb/v7e-m+fp/hard/libc_nano.a(lib_a-fflush.o)
                0x0000000008005180                __sflush_r
 .text._fflush_r
                0x000000000800528c       0x78 /usr/local/Caskroom/gcc-arm-embedded/9-2019-q4-major/gcc-arm-none-eabi-9-2019-q4-major/bin/../lib/gcc/arm-none-eabi/9.2.1/../../../../arm-none-eabi/lib/thumb/v7e-m+fp/hard/libc_nano.a(lib_a-fflush.o)
                0x000000000800528c                _fflush_r
 .text._lseek_r
                0x0000000008005304       0x24 /usr/local/Caskroom/gcc-arm-embedded/9-2019-q4-major/gcc-arm-none-eabi-9-2019-q4-major/bin/../lib/gcc/arm-none-eabi/9.2.1/../../../../arm-none-eabi/lib/thumb/v7e-m+fp/hard/libc_nano.a(lib_a-lseekr.o)
                0x0000000008005304                _lseek_r
 .text.__swhatbuf_r
                0x0000000008005328       0x48 /usr/local/Caskroom/gcc-arm-embedded/9-2019-q4-major/gcc-arm-none-eabi-9-2019-q4-major/bin/../lib/gcc/arm-none-eabi/9.2.1/../../../../arm-none-eabi/lib/thumb/v7e-m+fp/hard/libc_nano.a(lib_a-makebuf.o)
                0x0000000008005328                __swhatbuf_r
 .text.__smakebuf_r
                0x0000000008005370       0x80 /usr/local/Caskroom/gcc-arm-embedded/9-2019-q4-major/gcc-arm-none-eabi-9-2019-q4-major/bin/../lib/gcc/arm-none-eabi/9.2.1/../../../../arm-none-eabi/lib/thumb/v7e-m+fp/hard/libc_nano.a(lib_a-makebuf.o)
                0x0000000008005370                __smakebuf_r
 .text.__malloc_lock
                0x00000000080053f0        0xc /usr/local/Caskroom/gcc-arm-embedded/9-2019-q4-major/gcc-arm-none-eabi-9-2019-q4-major/bin/../lib/gcc/arm-none-eabi/9.2.1/../../../../arm-none-eabi/lib/thumb/v7e-m+fp/hard/libc_nano.a(lib_a-mlock.o)
                0x00000000080053f0                __malloc_lock
 .text.__malloc_unlock
                0x00000000080053fc        0xc /usr/local/Caskroom/gcc-arm-embedded/9-2019-q4-major/gcc-arm-none-eabi-9-2019-q4-major/bin/../lib/gcc/arm-none-eabi/9.2.1/../../../../arm-none-eabi/lib/thumb/v7e-m+fp/hard/libc_nano.a(lib_a-mlock.o)
                0x00000000080053fc                __malloc_unlock
 .text._free_r  0x0000000008005408       0xa0 /usr/local/Caskroom/gcc-arm-embedded/9-2019-q4-major/gcc-arm-none-eabi-9-2019-q4-major/bin/../lib/gcc/arm-none-eabi/9.2.1/../../../../arm-none-eabi/lib/thumb/v7e-m+fp/hard/libc_nano.a(lib_a-nano-freer.o)
                0x0000000008005408                _free_r
 .text._read_r  0x00000000080054a8       0x24 /usr/local/Caskroom/gcc-arm-embedded/9-2019-q4-major/gcc-arm-none-eabi-9-2019-q4-major/bin/../lib/gcc/arm-none-eabi/9.2.1/../../../../arm-none-eabi/lib/thumb/v7e-m+fp/hard/libc_nano.a(lib_a-readr.o)
                0x00000000080054a8                _read_r
 .text._fstat_r
                0x00000000080054cc       0x24 /usr/local/Caskroom/gcc-arm-embedded/9-2019-q4-major/gcc-arm-none-eabi-9-2019-q4-major/bin/../lib/gcc/arm-none-eabi/9.2.1/../../../../arm-none-eabi/lib/thumb/v7e-m+fp/hard/libc_nano.a(lib_a-fstatr.o)
                0x00000000080054cc                _fstat_r
 .text._isatty_r
                0x00000000080054f0       0x20 /usr/local/Caskroom/gcc-arm-embedded/9-2019-q4-major/gcc-arm-none-eabi-9-2019-q4-major/bin/../lib/gcc/arm-none-eabi/9.2.1/../../../../arm-none-eabi/lib/thumb/v7e-m+fp/hard/libc_nano.a(lib_a-isattyr.o)
                0x00000000080054f0                _isatty_r
 .text._close   0x0000000008005510       0x10 /usr/local/Caskroom/gcc-arm-embedded/9-2019-q4-major/gcc-arm-none-eabi-9-2019-q4-major/bin/../lib/gcc/arm-none-eabi/9.2.1/../../../../arm-none-eabi/lib/thumb/v7e-m+fp/hard/libnosys.a(close.o)
                0x0000000008005510                _close
 .text._fstat   0x0000000008005520       0x10 /usr/local/Caskroom/gcc-arm-embedded/9-2019-q4-major/gcc-arm-none-eabi-9-2019-q4-major/bin/../lib/gcc/arm-none-eabi/9.2.1/../../../../arm-none-eabi/lib/thumb/v7e-m+fp/hard/libnosys.a(fstat.o)
                0x0000000008005520                _fstat
 .text._isatty  0x0000000008005530       0x10 /usr/local/Caskroom/gcc-arm-embedded/9-2019-q4-major/gcc-arm-none-eabi-9-2019-q4-major/bin/../lib/gcc/arm-none-eabi/9.2.1/../../../../arm-none-eabi/lib/thumb/v7e-m+fp/hard/libnosys.a(isatty.o)
                0x0000000008005530                _isatty
 .text._lseek   0x0000000008005540       0x10 /usr/local/Caskroom/gcc-arm-embedded/9-2019-q4-major/gcc-arm-none-eabi-9-2019-q4-major/bin/../lib/gcc/arm-none-eabi/9.2.1/../../../../arm-none-eabi/lib/thumb/v7e-m+fp/hard/libnosys.a(lseek.o)
                0x0000000008005540                _lseek
 .text._read    0x0000000008005550       0x10 /usr/local/Caskroom/gcc-arm-embedded/9-2019-q4-major/gcc-arm-none-eabi-9-2019-q4-major/bin/../lib/gcc/arm-none-eabi/9.2.1/../../../../arm-none-eabi/lib/thumb/v7e-m+fp/hard/libnosys.a(read.o)
                0x0000000008005550                _read
 .text._sbrk    0x0000000008005560       0x1c /usr/local/Caskroom/gcc-arm-embedded/9-2019-q4-major/gcc-arm-none-eabi-9-2019-q4-major/bin/../lib/gcc/arm-none-eabi/9.2.1/../../../../arm-none-eabi/lib/thumb/v7e-m+fp/hard/libnosys.a(sbrk.o)
                0x0000000008005560                _sbrk
 .text._write   0x000000000800557c       0x10 /usr/local/Caskroom/gcc-arm-embedded/9-2019-q4-major/gcc-arm-none-eabi-9-2019-q4-major/bin/../lib/gcc/arm-none-eabi/9.2.1/../../../../arm-none-eabi/lib/thumb/v7e-m+fp/hard/libnosys.a(write.o)
                0x000000000800557c                _write
 *(.glue_7)
 .glue_7        0x000000000800558c        0x0 linker stubs
 *(.glue_7t)
 .glue_7t       0x000000000800558c        0x0 linker stubs
 *(.eh_frame)
 .eh_frame      0x000000000800558c        0x0 /usr/local/Caskroom/gcc-arm-embedded/9-2019-q4-major/gcc-arm-none-eabi-9-2019-q4-major/bin/../lib/gcc/arm-none-eabi/9.2.1/thumb/v7e-m+fp/hard/crtbegin.o
 *(.init)
 .init          0x000000000800558c        0x4 /usr/local/Caskroom/gcc-arm-embedded/9-2019-q4-major/gcc-arm-none-eabi-9-2019-q4-major/bin/../lib/gcc/arm-none-eabi/9.2.1/thumb/v7e-m+fp/hard/crti.o
                0x000000000800558c                _init
 .init          0x0000000008005590        0x8 /usr/local/Caskroom/gcc-arm-embedded/9-2019-q4-major/gcc-arm-none-eabi-9-2019-q4-major/bin/../lib/gcc/arm-none-eabi/9.2.1/thumb/v7e-m+fp/hard/crtn.o
 *(.fini)
 .fini          0x0000000008005598        0x4 /usr/local/Caskroom/gcc-arm-embedded/9-2019-q4-major/gcc-arm-none-eabi-9-2019-q4-major/bin/../lib/gcc/arm-none-eabi/9.2.1/thumb/v7e-m+fp/hard/crti.o
                0x0000000008005598                _fini
 .fini          0x000000000800559c        0x8 /usr/local/Caskroom/gcc-arm-embedded/9-2019-q4-major/gcc-arm-none-eabi-9-2019-q4-major/bin/../lib/gcc/arm-none-eabi/9.2.1/thumb/v7e-m+fp/hard/crtn.o
                0x00000000080055a4                . = ALIGN (0x4)
                0x00000000080055a4                _etext = .

.vfp11_veneer   0x00000000080055a4        0x0
 .vfp11_veneer  0x00000000080055a4        0x0 linker stubs

.v4_bx          0x00000000080055a4        0x0
 .v4_bx         0x00000000080055a4        0x0 linker stubs

.iplt           0x00000000080055a4        0x0
 .iplt          0x00000000080055a4        0x0 /usr/local/Caskroom/gcc-arm-embedded/9-2019-q4-major/gcc-arm-none-eabi-9-2019-q4-major/bin/../lib/gcc/arm-none-eabi/9.2.1/thumb/v7e-m+fp/hard/crtbegin.o

.rodata         0x00000000080055a4      0x184
                0x00000000080055a4                . = ALIGN (0x4)
 *(.rodata)
 *(.rodata*)
 .rodata.prvLedTask.str1.4
                0x00000000080055a4       0x1b build/main.o
 *fill*         0x00000000080055bf        0x1 
 .rodata.prvStartupTask.str1.4
                0x00000000080055c0       0x1f build/main.o
 *fill*         0x00000000080055df        0x1 
 .rodata.str1.4
                0x00000000080055e0        0xa build/main.o
 *fill*         0x00000000080055ea        0x2 
 .rodata.LedTask_attributes
                0x00000000080055ec       0x24 build/main.o
                0x00000000080055ec                LedTask_attributes
 .rodata.StartupTask_attributes
                0x0000000008005610       0x24 build/main.o
                0x0000000008005610                StartupTask_attributes
 .rodata.vApplicationStackOverflowHook.str1.4
                0x0000000008005634       0x21 build/freertos.o
 *fill*         0x0000000008005655        0x3 
 .rodata.GPIO_PIN
                0x0000000008005658        0x6 build/stm32f7xx_nucleo_144.o
                0x0000000008005658                GPIO_PIN
 *fill*         0x000000000800565e        0x2 
 .rodata.AHBPrescTable
                0x0000000008005660       0x10 build/system_stm32f7xx.o
                0x0000000008005660                AHBPrescTable
 .rodata.APBPrescTable
                0x0000000008005670        0x8 build/system_stm32f7xx.o
                0x0000000008005670                APBPrescTable
 .rodata.vTaskStartScheduler.str1.4
                0x0000000008005678        0x5 build/tasks.o
 *fill*         0x000000000800567d        0x3 
 .rodata.prvCheckForValidListAndQueue.str1.4
                0x0000000008005680        0x5 build/timers.o
 *fill*         0x0000000008005685        0x3 
 .rodata.xTimerCreateTimerTask.str1.4
                0x0000000008005688        0x8 build/timers.o
 .rodata.str1.4
                0x0000000008005690        0x7 build/logging.o
 *fill*         0x0000000008005697        0x1 
 .rodata.LoggerTask_attributes
                0x0000000008005698       0x24 build/logging.o
                0x0000000008005698                LoggerTask_attributes
 .rodata.print.str1.4
                0x00000000080056bc        0x7 build/printf_stdarg.o
 *fill*         0x00000000080056c3        0x1 
 .rodata._global_impure_ptr
                0x00000000080056c4        0x4 /usr/local/Caskroom/gcc-arm-embedded/9-2019-q4-major/gcc-arm-none-eabi-9-2019-q4-major/bin/../lib/gcc/arm-none-eabi/9.2.1/../../../../arm-none-eabi/lib/thumb/v7e-m+fp/hard/libc_nano.a(lib_a-impure.o)
                0x00000000080056c4                _global_impure_ptr
 .rodata.__sf_fake_stderr
                0x00000000080056c8       0x20 /usr/local/Caskroom/gcc-arm-embedded/9-2019-q4-major/gcc-arm-none-eabi-9-2019-q4-major/bin/../lib/gcc/arm-none-eabi/9.2.1/../../../../arm-none-eabi/lib/thumb/v7e-m+fp/hard/libc_nano.a(lib_a-findfp.o)
                0x00000000080056c8                __sf_fake_stderr
 .rodata.__sf_fake_stdin
                0x00000000080056e8       0x20 /usr/local/Caskroom/gcc-arm-embedded/9-2019-q4-major/gcc-arm-none-eabi-9-2019-q4-major/bin/../lib/gcc/arm-none-eabi/9.2.1/../../../../arm-none-eabi/lib/thumb/v7e-m+fp/hard/libc_nano.a(lib_a-findfp.o)
                0x00000000080056e8                __sf_fake_stdin
 .rodata.__sf_fake_stdout
                0x0000000008005708       0x20 /usr/local/Caskroom/gcc-arm-embedded/9-2019-q4-major/gcc-arm-none-eabi-9-2019-q4-major/bin/../lib/gcc/arm-none-eabi/9.2.1/../../../../arm-none-eabi/lib/thumb/v7e-m+fp/hard/libc_nano.a(lib_a-findfp.o)
                0x0000000008005708                __sf_fake_stdout
                0x0000000008005728                . = ALIGN (0x4)

.ARM.extab
 *(.ARM.extab* .gnu.linkonce.armextab.*)

.ARM            0x0000000008005728        0x8
                0x0000000008005728                __exidx_start = .
 *(.ARM.exidx*)
 .ARM.exidx     0x0000000008005728        0x8 /usr/local/Caskroom/gcc-arm-embedded/9-2019-q4-major/gcc-arm-none-eabi-9-2019-q4-major/bin/../lib/gcc/arm-none-eabi/9.2.1/thumb/v7e-m+fp/hard/libgcc.a(_udivmoddi4.o)
                0x0000000008005730                __exidx_end = .

.rel.dyn        0x0000000008005730        0x0
 .rel.iplt      0x0000000008005730        0x0 /usr/local/Caskroom/gcc-arm-embedded/9-2019-q4-major/gcc-arm-none-eabi-9-2019-q4-major/bin/../lib/gcc/arm-none-eabi/9.2.1/thumb/v7e-m+fp/hard/crtbegin.o

.preinit_array  0x0000000008005730        0x0
                0x0000000008005730                PROVIDE (__preinit_array_start = .)
 *(.preinit_array*)
                0x0000000008005730                PROVIDE (__preinit_array_end = .)

.init_array     0x0000000008005730        0x4
                0x0000000008005730                PROVIDE (__init_array_start = .)
 *(SORT_BY_NAME(.init_array.*))
 *(.init_array*)
 .init_array    0x0000000008005730        0x4 /usr/local/Caskroom/gcc-arm-embedded/9-2019-q4-major/gcc-arm-none-eabi-9-2019-q4-major/bin/../lib/gcc/arm-none-eabi/9.2.1/thumb/v7e-m+fp/hard/crtbegin.o
                0x0000000008005734                PROVIDE (__init_array_end = .)

.fini_array     0x0000000008005734        0x4
                [!provide]                        PROVIDE (__fini_array_start = .)
 *(SORT_BY_NAME(.fini_array.*))
 *(.fini_array*)
 .fini_array    0x0000000008005734        0x4 /usr/local/Caskroom/gcc-arm-embedded/9-2019-q4-major/gcc-arm-none-eabi-9-2019-q4-major/bin/../lib/gcc/arm-none-eabi/9.2.1/thumb/v7e-m+fp/hard/crtbegin.o
                [!provide]                        PROVIDE (__fini_array_end = .)
                0x0000000008005738                _sidata = LOADADDR (.data)

.data           0x0000000020000000       0x88 load address 0x0000000008005738
                0x0000000020000000                . = ALIGN (0x4)
                0x0000000020000000                _sdata = .
 *(.data)
 *(.data*)
 .data.GPIO_PORT
                0x0000000020000000        0xc build/stm32f7xx_nucleo_144.o
                0x0000000020000000                GPIO_PORT
 .data.uwTickFreq
                0x000000002000000c        0x1 build/stm32f7xx_hal.o
                0x000000002000000c                uwTickFreq
 *fill*         0x000000002000000d        0x3 
 .data.uwTickPrio
                0x0000000020000010        0x4 build/stm32f7xx_hal.o
                0x0000000020000010                uwTickPrio
 .data.SystemCoreClock
                0x0000000020000014        0x4 build/system_stm32f7xx.o
                0x0000000020000014                SystemCoreClock
 .data.uxTopUsedPriority
                0x0000000020000018        0x4 build/tasks.o
                0x0000000020000018                uxTopUsedPriority
 .data.uxCriticalNesting
                0x000000002000001c        0x4 build/port.o
 .data.xUARTLoggingUsed
                0x0000000020000020        0x4 build/logging.o
                0x0000000020000020                xUARTLoggingUsed
 .data._impure_ptr
                0x0000000020000024        0x4 /usr/local/Caskroom/gcc-arm-embedded/9-2019-q4-major/gcc-arm-none-eabi-9-2019-q4-major/bin/../lib/gcc/arm-none-eabi/9.2.1/../../../../arm-none-eabi/lib/thumb/v7e-m+fp/hard/libc_nano.a(lib_a-impure.o)
                0x0000000020000024                _impure_ptr
 .data.impure_data
                0x0000000020000028       0x60 /usr/local/Caskroom/gcc-arm-embedded/9-2019-q4-major/gcc-arm-none-eabi-9-2019-q4-major/bin/../lib/gcc/arm-none-eabi/9.2.1/../../../../arm-none-eabi/lib/thumb/v7e-m+fp/hard/libc_nano.a(lib_a-impure.o)
                0x0000000020000088                . = ALIGN (0x4)
                0x0000000020000088                _edata = .

.igot.plt       0x0000000020000088        0x0 load address 0x00000000080057c0
 .igot.plt      0x0000000020000088        0x0 /usr/local/Caskroom/gcc-arm-embedded/9-2019-q4-major/gcc-arm-none-eabi-9-2019-q4-major/bin/../lib/gcc/arm-none-eabi/9.2.1/thumb/v7e-m+fp/hard/crtbegin.o
                0x0000000020000088                . = ALIGN (0x4)

.bss            0x0000000020000088     0x8e8c load address 0x00000000080057c0
                0x0000000020000088                _sbss = .
                0x0000000020000088                __bss_start__ = _sbss
 *(.bss)
 .bss           0x0000000020000088       0x1c /usr/local/Caskroom/gcc-arm-embedded/9-2019-q4-major/gcc-arm-none-eabi-9-2019-q4-major/bin/../lib/gcc/arm-none-eabi/9.2.1/thumb/v7e-m+fp/hard/crtbegin.o
 *(.bss*)
 .bss.pxCurrentTCB
                0x00000000200000a4        0x4 build/tasks.o
                0x00000000200000a4                pxCurrentTCB
 .bss.pxDelayedTaskList
                0x00000000200000a8        0x4 build/tasks.o
 .bss.pxOverflowDelayedTaskList
                0x00000000200000ac        0x4 build/tasks.o
 .bss.pxReadyTasksLists
                0x00000000200000b0      0x460 build/tasks.o
 .bss.ulTaskSwitchedInTime
                0x0000000020000510        0x4 build/tasks.o
 .bss.ulTotalRunTime
                0x0000000020000514        0x4 build/tasks.o
 .bss.uxCurrentNumberOfTasks
                0x0000000020000518        0x4 build/tasks.o
 .bss.uxDeletedTasksWaitingCleanUp
                0x000000002000051c        0x4 build/tasks.o
 .bss.uxSchedulerSuspended
                0x0000000020000520        0x4 build/tasks.o
 .bss.uxTaskNumber
                0x0000000020000524        0x4 build/tasks.o
 .bss.uxTopReadyPriority
                0x0000000020000528        0x4 build/tasks.o
 .bss.xDelayedTaskList1
                0x000000002000052c       0x14 build/tasks.o
 .bss.xDelayedTaskList2
                0x0000000020000540       0x14 build/tasks.o
 .bss.xNextTaskUnblockTime
                0x0000000020000554        0x4 build/tasks.o
 .bss.xNumOfOverflows
                0x0000000020000558        0x4 build/tasks.o
 .bss.xPendedTicks
                0x000000002000055c        0x4 build/tasks.o
 .bss.xPendingReadyList
                0x0000000020000560       0x14 build/tasks.o
 .bss.xSchedulerRunning
                0x0000000020000574        0x4 build/tasks.o
 .bss.xSuspendedTaskList
                0x0000000020000578       0x14 build/tasks.o
 .bss.xTasksWaitingTermination
                0x000000002000058c       0x14 build/tasks.o
 .bss.xTickCount
                0x00000000200005a0        0x4 build/tasks.o
 .bss.xYieldPending
                0x00000000200005a4        0x4 build/tasks.o
 .bss.pxCurrentTimerList
                0x00000000200005a8        0x4 build/timers.o
 .bss.pxOverflowTimerList
                0x00000000200005ac        0x4 build/timers.o
 .bss.ucStaticTimerQueueStorage.6985
                0x00000000200005b0       0xa0 build/timers.o
 .bss.xActiveTimerList1
                0x0000000020000650       0x14 build/timers.o
 .bss.xActiveTimerList2
                0x0000000020000664       0x14 build/timers.o
 .bss.xLastTime.6941
                0x0000000020000678        0x4 build/timers.o
 .bss.xStaticTimerQueue.6984
                0x000000002000067c       0x50 build/timers.o
 .bss.xTimerQueue
                0x00000000200006cc        0x4 build/timers.o
 .bss.xTimerTaskHandle
                0x00000000200006d0        0x4 build/timers.o
 .bss.pxEnd     0x00000000200006d4        0x4 build/heap_4.o
 .bss.ucHeap    0x00000000200006d8     0x8000 build/heap_4.o
 .bss.xBlockAllocatedBit
                0x00000000200086d8        0x4 build/heap_4.o
 .bss.xFreeBytesRemaining
                0x00000000200086dc        0x4 build/heap_4.o
 .bss.xMinimumEverFreeBytesRemaining
                0x00000000200086e0        0x4 build/heap_4.o
 .bss.xNumberOfSuccessfulAllocations
                0x00000000200086e4        0x4 build/heap_4.o
 .bss.xNumberOfSuccessfulFrees
                0x00000000200086e8        0x4 build/heap_4.o
 .bss.xStart    0x00000000200086ec        0x8 build/heap_4.o
 .bss.ucMaxSysCallPriority
                0x00000000200086f4        0x1 build/port.o
 *fill*         0x00000000200086f5        0x3 
 .bss.ulMaxPRIGROUPValue
                0x00000000200086f8        0x4 build/port.o
 .bss.Idle_Stack
                0x00000000200086fc      0x200 build/cmsis_os2.o
 .bss.Idle_TCB  0x00000000200088fc       0x64 build/cmsis_os2.o
 .bss.KernelState
                0x0000000020008960        0x4 build/cmsis_os2.o
 .bss.Timer_Stack
                0x0000000020008964      0x400 build/cmsis_os2.o
 .bss.Timer_TCB
                0x0000000020008d64       0x64 build/cmsis_os2.o
 .bss.mid_MsgQueue
                0x0000000020008dc8        0x4 build/logging.o
                0x0000000020008dc8                mid_MsgQueue
 .bss.xSWOLoggingUsed
                0x0000000020008dcc        0x4 build/logging.o
                0x0000000020008dcc                xSWOLoggingUsed
 .bss.xUDPLoggingUsed
                0x0000000020008dd0        0x4 build/logging.o
                0x0000000020008dd0                xUDPLoggingUsed
 .bss.__malloc_free_list
                0x0000000020008dd4        0x4 /usr/local/Caskroom/gcc-arm-embedded/9-2019-q4-major/gcc-arm-none-eabi-9-2019-q4-major/bin/../lib/gcc/arm-none-eabi/9.2.1/../../../../arm-none-eabi/lib/thumb/v7e-m+fp/hard/libc_nano.a(lib_a-nano-mallocr.o)
                0x0000000020008dd4                __malloc_free_list
 .bss.__malloc_sbrk_start
                0x0000000020008dd8        0x4 /usr/local/Caskroom/gcc-arm-embedded/9-2019-q4-major/gcc-arm-none-eabi-9-2019-q4-major/bin/../lib/gcc/arm-none-eabi/9.2.1/../../../../arm-none-eabi/lib/thumb/v7e-m+fp/hard/libc_nano.a(lib_a-nano-mallocr.o)
                0x0000000020008dd8                __malloc_sbrk_start
 .bss.heap_end.5507
                0x0000000020008ddc        0x4 /usr/local/Caskroom/gcc-arm-embedded/9-2019-q4-major/gcc-arm-none-eabi-9-2019-q4-major/bin/../lib/gcc/arm-none-eabi/9.2.1/../../../../arm-none-eabi/lib/thumb/v7e-m+fp/hard/libnosys.a(sbrk.o)
 *(COMMON)
 COMMON         0x0000000020008de0        0x8 build/main.o
                0x0000000020008de0                tid_startup
                0x0000000020008de4                tid_led
 COMMON         0x0000000020008de8       0x50 build/freertos.o
                0x0000000020008de8                ulHighFrequencyTimerTicks
                0x0000000020008dec                htim13
 COMMON         0x0000000020008e38        0x4 build/stm32f7xx_hal.o
                0x0000000020008e38                uwTick
 COMMON         0x0000000020008e3c       0x40 build/queue.o
                0x0000000020008e3c                xQueueRegistry
 COMMON         0x0000000020008e7c       0x88 build/logging.o
                0x0000000020008e7c                huart
                0x0000000020008f00                tid_logger
 COMMON         0x0000000020008f04        0x9 /usr/local/Caskroom/gcc-arm-embedded/9-2019-q4-major/gcc-arm-none-eabi-9-2019-q4-major/bin/../lib/gcc/arm-none-eabi/9.2.1/../../../../arm-none-eabi/lib/thumb/v7e-m+fp/hard/libc_nano.a(lib_a-lock.o)
                0x0000000020008f04                __lock___atexit_recursive_mutex
                0x0000000020008f05                __lock___arc4random_mutex
                0x0000000020008f06                __lock___env_recursive_mutex
                0x0000000020008f07                __lock___sinit_recursive_mutex
                0x0000000020008f08                __lock___malloc_recursive_mutex
                0x0000000020008f09                __lock___at_quick_exit_mutex
                0x0000000020008f0a                __lock___dd_hash_mutex
                0x0000000020008f0b                __lock___tz_mutex
                0x0000000020008f0c                __lock___sfp_recursive_mutex
 *fill*         0x0000000020008f0d        0x3 
 COMMON         0x0000000020008f10        0x4 /usr/local/Caskroom/gcc-arm-embedded/9-2019-q4-major/gcc-arm-none-eabi-9-2019-q4-major/bin/../lib/gcc/arm-none-eabi/9.2.1/../../../../arm-none-eabi/lib/thumb/v7e-m+fp/hard/libc_nano.a(lib_a-reent.o)
                0x0000000020008f10                errno
                0x0000000020008f14                . = ALIGN (0x4)
                0x0000000020008f14                _ebss = .
                0x0000000020008f14                __bss_end__ = _ebss

._user_heap_stack
                0x0000000020008f14      0x604 load address 0x00000000080057c0
                0x0000000020008f18                . = ALIGN (0x8)
 *fill*         0x0000000020008f14        0x4 
                0x0000000020008f18                PROVIDE (end = .)
                [!provide]                        PROVIDE (_end = .)
                0x0000000020009118                . = (. + _Min_Heap_Size)
 *fill*         0x0000000020008f18      0x200 
                0x0000000020009518                . = (. + _Min_Stack_Size)
 *fill*         0x0000000020009118      0x400 
                0x0000000020009518                . = ALIGN (0x8)

/DISCARD/
 libc.a(*)
 libm.a(*)
 libgcc.a(*)

.ARM.attributes
                0x0000000000000000       0x30
 *(.ARM.attributes)
 .ARM.attributes
                0x0000000000000000       0x1e /usr/local/Caskroom/gcc-arm-embedded/9-2019-q4-major/gcc-arm-none-eabi-9-2019-q4-major/bin/../lib/gcc/arm-none-eabi/9.2.1/thumb/v7e-m+fp/hard/crti.o
 .ARM.attributes
                0x000000000000001e       0x34 /usr/local/Caskroom/gcc-arm-embedded/9-2019-q4-major/gcc-arm-none-eabi-9-2019-q4-major/bin/../lib/gcc/arm-none-eabi/9.2.1/thumb/v7e-m+fp/hard/crtbegin.o
 .ARM.attributes
                0x0000000000000052       0x34 build/main.o
 .ARM.attributes
                0x0000000000000086       0x34 build/freertos.o
 .ARM.attributes
                0x00000000000000ba       0x34 build/stm32f7xx_it.o
 .ARM.attributes
                0x00000000000000ee       0x34 build/stm32f7xx_hal_msp.o
 .ARM.attributes
                0x0000000000000122       0x34 build/stm32f7xx_nucleo_144.o
 .ARM.attributes
                0x0000000000000156       0x34 build/stm32f7xx_hal.o
 .ARM.attributes
                0x000000000000018a       0x34 build/stm32f7xx_hal_cortex.o
 .ARM.attributes
                0x00000000000001be       0x34 build/stm32f7xx_hal_rcc.o
 .ARM.attributes
                0x00000000000001f2       0x34 build/stm32f7xx_hal_rcc_ex.o
 .ARM.attributes
                0x0000000000000226       0x34 build/stm32f7xx_hal_tim.o
 .ARM.attributes
                0x000000000000025a       0x34 build/stm32f7xx_hal_tim_ex.o
 .ARM.attributes
                0x000000000000028e       0x34 build/stm32f7xx_hal_pwr.o
 .ARM.attributes
                0x00000000000002c2       0x34 build/stm32f7xx_hal_pwr_ex.o
 .ARM.attributes
                0x00000000000002f6       0x34 build/stm32f7xx_hal_uart.o
 .ARM.attributes
                0x000000000000032a       0x34 build/stm32f7xx_hal_gpio.o
 .ARM.attributes
                0x000000000000035e       0x34 build/system_stm32f7xx.o
 .ARM.attributes
                0x0000000000000392       0x34 build/list.o
 .ARM.attributes
                0x00000000000003c6       0x34 build/queue.o
 .ARM.attributes
                0x00000000000003fa       0x34 build/tasks.o
 .ARM.attributes
                0x000000000000042e       0x34 build/timers.o
 .ARM.attributes
                0x0000000000000462       0x34 build/heap_4.o
 .ARM.attributes
                0x0000000000000496       0x34 build/port.o
 .ARM.attributes
                0x00000000000004ca       0x34 build/cmsis_os2.o
 .ARM.attributes
                0x00000000000004fe       0x34 build/logging.o
 .ARM.attributes
                0x0000000000000532       0x34 build/printf_stdarg.o
 .ARM.attributes
                0x0000000000000566       0x21 build/startup_stm32f746xx.o
 .ARM.attributes
                0x0000000000000587       0x32 /usr/local/Caskroom/gcc-arm-embedded/9-2019-q4-major/gcc-arm-none-eabi-9-2019-q4-major/bin/../lib/gcc/arm-none-eabi/9.2.1/../../../../arm-none-eabi/lib/thumb/v7e-m+fp/hard/libc_nano.a(lib_a-impure.o)
 .ARM.attributes
                0x00000000000005b9       0x34 /usr/local/Caskroom/gcc-arm-embedded/9-2019-q4-major/gcc-arm-none-eabi-9-2019-q4-major/bin/../lib/gcc/arm-none-eabi/9.2.1/../../../../arm-none-eabi/lib/thumb/v7e-m+fp/hard/libc_nano.a(lib_a-init.o)
 .ARM.attributes
                0x00000000000005ed       0x34 /usr/local/Caskroom/gcc-arm-embedded/9-2019-q4-major/gcc-arm-none-eabi-9-2019-q4-major/bin/../lib/gcc/arm-none-eabi/9.2.1/../../../../arm-none-eabi/lib/thumb/v7e-m+fp/hard/libc_nano.a(lib_a-memcpy-stub.o)
 .ARM.attributes
                0x0000000000000621       0x34 /usr/local/Caskroom/gcc-arm-embedded/9-2019-q4-major/gcc-arm-none-eabi-9-2019-q4-major/bin/../lib/gcc/arm-none-eabi/9.2.1/../../../../arm-none-eabi/lib/thumb/v7e-m+fp/hard/libc_nano.a(lib_a-memset.o)
 .ARM.attributes
                0x0000000000000655       0x34 /usr/local/Caskroom/gcc-arm-embedded/9-2019-q4-major/gcc-arm-none-eabi-9-2019-q4-major/bin/../lib/gcc/arm-none-eabi/9.2.1/../../../../arm-none-eabi/lib/thumb/v7e-m+fp/hard/libc_nano.a(lib_a-putchar.o)
 .ARM.attributes
                0x0000000000000689       0x34 /usr/local/Caskroom/gcc-arm-embedded/9-2019-q4-major/gcc-arm-none-eabi-9-2019-q4-major/bin/../lib/gcc/arm-none-eabi/9.2.1/../../../../arm-none-eabi/lib/thumb/v7e-m+fp/hard/libc_nano.a(lib_a-findfp.o)
 .ARM.attributes
                0x00000000000006bd       0x34 /usr/local/Caskroom/gcc-arm-embedded/9-2019-q4-major/gcc-arm-none-eabi-9-2019-q4-major/bin/../lib/gcc/arm-none-eabi/9.2.1/../../../../arm-none-eabi/lib/thumb/v7e-m+fp/hard/libc_nano.a(lib_a-fwalk.o)
 .ARM.attributes
                0x00000000000006f1       0x34 /usr/local/Caskroom/gcc-arm-embedded/9-2019-q4-major/gcc-arm-none-eabi-9-2019-q4-major/bin/../lib/gcc/arm-none-eabi/9.2.1/../../../../arm-none-eabi/lib/thumb/v7e-m+fp/hard/libc_nano.a(lib_a-lock.o)
 .ARM.attributes
                0x0000000000000725       0x34 /usr/local/Caskroom/gcc-arm-embedded/9-2019-q4-major/gcc-arm-none-eabi-9-2019-q4-major/bin/../lib/gcc/arm-none-eabi/9.2.1/../../../../arm-none-eabi/lib/thumb/v7e-m+fp/hard/libc_nano.a(lib_a-nano-mallocr.o)
 .ARM.attributes
                0x0000000000000759       0x34 /usr/local/Caskroom/gcc-arm-embedded/9-2019-q4-major/gcc-arm-none-eabi-9-2019-q4-major/bin/../lib/gcc/arm-none-eabi/9.2.1/../../../../arm-none-eabi/lib/thumb/v7e-m+fp/hard/libc_nano.a(lib_a-putc.o)
 .ARM.attributes
                0x000000000000078d       0x34 /usr/local/Caskroom/gcc-arm-embedded/9-2019-q4-major/gcc-arm-none-eabi-9-2019-q4-major/bin/../lib/gcc/arm-none-eabi/9.2.1/../../../../arm-none-eabi/lib/thumb/v7e-m+fp/hard/libc_nano.a(lib_a-sbrkr.o)
 .ARM.attributes
                0x00000000000007c1       0x34 /usr/local/Caskroom/gcc-arm-embedded/9-2019-q4-major/gcc-arm-none-eabi-9-2019-q4-major/bin/../lib/gcc/arm-none-eabi/9.2.1/../../../../arm-none-eabi/lib/thumb/v7e-m+fp/hard/libc_nano.a(lib_a-stdio.o)
 .ARM.attributes
                0x00000000000007f5       0x34 /usr/local/Caskroom/gcc-arm-embedded/9-2019-q4-major/gcc-arm-none-eabi-9-2019-q4-major/bin/../lib/gcc/arm-none-eabi/9.2.1/../../../../arm-none-eabi/lib/thumb/v7e-m+fp/hard/libc_nano.a(lib_a-wbuf.o)
 .ARM.attributes
                0x0000000000000829       0x34 /usr/local/Caskroom/gcc-arm-embedded/9-2019-q4-major/gcc-arm-none-eabi-9-2019-q4-major/bin/../lib/gcc/arm-none-eabi/9.2.1/../../../../arm-none-eabi/lib/thumb/v7e-m+fp/hard/libc_nano.a(lib_a-writer.o)
 .ARM.attributes
                0x000000000000085d       0x34 /usr/local/Caskroom/gcc-arm-embedded/9-2019-q4-major/gcc-arm-none-eabi-9-2019-q4-major/bin/../lib/gcc/arm-none-eabi/9.2.1/../../../../arm-none-eabi/lib/thumb/v7e-m+fp/hard/libc_nano.a(lib_a-wsetup.o)
 .ARM.attributes
                0x0000000000000891       0x34 /usr/local/Caskroom/gcc-arm-embedded/9-2019-q4-major/gcc-arm-none-eabi-9-2019-q4-major/bin/../lib/gcc/arm-none-eabi/9.2.1/../../../../arm-none-eabi/lib/thumb/v7e-m+fp/hard/libc_nano.a(lib_a-closer.o)
 .ARM.attributes
                0x00000000000008c5       0x34 /usr/local/Caskroom/gcc-arm-embedded/9-2019-q4-major/gcc-arm-none-eabi-9-2019-q4-major/bin/../lib/gcc/arm-none-eabi/9.2.1/../../../../arm-none-eabi/lib/thumb/v7e-m+fp/hard/libc_nano.a(lib_a-fflush.o)
 .ARM.attributes
                0x00000000000008f9       0x34 /usr/local/Caskroom/gcc-arm-embedded/9-2019-q4-major/gcc-arm-none-eabi-9-2019-q4-major/bin/../lib/gcc/arm-none-eabi/9.2.1/../../../../arm-none-eabi/lib/thumb/v7e-m+fp/hard/libc_nano.a(lib_a-lseekr.o)
 .ARM.attributes
                0x000000000000092d       0x34 /usr/local/Caskroom/gcc-arm-embedded/9-2019-q4-major/gcc-arm-none-eabi-9-2019-q4-major/bin/../lib/gcc/arm-none-eabi/9.2.1/../../../../arm-none-eabi/lib/thumb/v7e-m+fp/hard/libc_nano.a(lib_a-makebuf.o)
 .ARM.attributes
                0x0000000000000961       0x34 /usr/local/Caskroom/gcc-arm-embedded/9-2019-q4-major/gcc-arm-none-eabi-9-2019-q4-major/bin/../lib/gcc/arm-none-eabi/9.2.1/../../../../arm-none-eabi/lib/thumb/v7e-m+fp/hard/libc_nano.a(lib_a-mlock.o)
 .ARM.attributes
                0x0000000000000995       0x34 /usr/local/Caskroom/gcc-arm-embedded/9-2019-q4-major/gcc-arm-none-eabi-9-2019-q4-major/bin/../lib/gcc/arm-none-eabi/9.2.1/../../../../arm-none-eabi/lib/thumb/v7e-m+fp/hard/libc_nano.a(lib_a-nano-freer.o)
 .ARM.attributes
                0x00000000000009c9       0x34 /usr/local/Caskroom/gcc-arm-embedded/9-2019-q4-major/gcc-arm-none-eabi-9-2019-q4-major/bin/../lib/gcc/arm-none-eabi/9.2.1/../../../../arm-none-eabi/lib/thumb/v7e-m+fp/hard/libc_nano.a(lib_a-readr.o)
 .ARM.attributes
                0x00000000000009fd       0x34 /usr/local/Caskroom/gcc-arm-embedded/9-2019-q4-major/gcc-arm-none-eabi-9-2019-q4-major/bin/../lib/gcc/arm-none-eabi/9.2.1/../../../../arm-none-eabi/lib/thumb/v7e-m+fp/hard/libc_nano.a(lib_a-reent.o)
 .ARM.attributes
                0x0000000000000a31       0x34 /usr/local/Caskroom/gcc-arm-embedded/9-2019-q4-major/gcc-arm-none-eabi-9-2019-q4-major/bin/../lib/gcc/arm-none-eabi/9.2.1/../../../../arm-none-eabi/lib/thumb/v7e-m+fp/hard/libc_nano.a(lib_a-fstatr.o)
 .ARM.attributes
                0x0000000000000a65       0x34 /usr/local/Caskroom/gcc-arm-embedded/9-2019-q4-major/gcc-arm-none-eabi-9-2019-q4-major/bin/../lib/gcc/arm-none-eabi/9.2.1/../../../../arm-none-eabi/lib/thumb/v7e-m+fp/hard/libc_nano.a(lib_a-isattyr.o)
 .ARM.attributes
                0x0000000000000a99       0x34 /usr/local/Caskroom/gcc-arm-embedded/9-2019-q4-major/gcc-arm-none-eabi-9-2019-q4-major/bin/../lib/gcc/arm-none-eabi/9.2.1/../../../../arm-none-eabi/lib/thumb/v7e-m+fp/hard/libnosys.a(close.o)
 .ARM.attributes
                0x0000000000000acd       0x34 /usr/local/Caskroom/gcc-arm-embedded/9-2019-q4-major/gcc-arm-none-eabi-9-2019-q4-major/bin/../lib/gcc/arm-none-eabi/9.2.1/../../../../arm-none-eabi/lib/thumb/v7e-m+fp/hard/libnosys.a(fstat.o)
 .ARM.attributes
                0x0000000000000b01       0x34 /usr/local/Caskroom/gcc-arm-embedded/9-2019-q4-major/gcc-arm-none-eabi-9-2019-q4-major/bin/../lib/gcc/arm-none-eabi/9.2.1/../../../../arm-none-eabi/lib/thumb/v7e-m+fp/hard/libnosys.a(isatty.o)
 .ARM.attributes
                0x0000000000000b35       0x34 /usr/local/Caskroom/gcc-arm-embedded/9-2019-q4-major/gcc-arm-none-eabi-9-2019-q4-major/bin/../lib/gcc/arm-none-eabi/9.2.1/../../../../arm-none-eabi/lib/thumb/v7e-m+fp/hard/libnosys.a(lseek.o)
 .ARM.attributes
                0x0000000000000b69       0x34 /usr/local/Caskroom/gcc-arm-embedded/9-2019-q4-major/gcc-arm-none-eabi-9-2019-q4-major/bin/../lib/gcc/arm-none-eabi/9.2.1/../../../../arm-none-eabi/lib/thumb/v7e-m+fp/hard/libnosys.a(read.o)
 .ARM.attributes
                0x0000000000000b9d       0x34 /usr/local/Caskroom/gcc-arm-embedded/9-2019-q4-major/gcc-arm-none-eabi-9-2019-q4-major/bin/../lib/gcc/arm-none-eabi/9.2.1/../../../../arm-none-eabi/lib/thumb/v7e-m+fp/hard/libnosys.a(sbrk.o)
 .ARM.attributes
                0x0000000000000bd1       0x34 /usr/local/Caskroom/gcc-arm-embedded/9-2019-q4-major/gcc-arm-none-eabi-9-2019-q4-major/bin/../lib/gcc/arm-none-eabi/9.2.1/../../../../arm-none-eabi/lib/thumb/v7e-m+fp/hard/libnosys.a(write.o)
 .ARM.attributes
                0x0000000000000c05       0x1e /usr/local/Caskroom/gcc-arm-embedded/9-2019-q4-major/gcc-arm-none-eabi-9-2019-q4-major/bin/../lib/gcc/arm-none-eabi/9.2.1/thumb/v7e-m+fp/hard/libgcc.a(_aeabi_uldivmod.o)
 .ARM.attributes
                0x0000000000000c23       0x34 /usr/local/Caskroom/gcc-arm-embedded/9-2019-q4-major/gcc-arm-none-eabi-9-2019-q4-major/bin/../lib/gcc/arm-none-eabi/9.2.1/thumb/v7e-m+fp/hard/libgcc.a(_udivmoddi4.o)
 .ARM.attributes
                0x0000000000000c57       0x1e /usr/local/Caskroom/gcc-arm-embedded/9-2019-q4-major/gcc-arm-none-eabi-9-2019-q4-major/bin/../lib/gcc/arm-none-eabi/9.2.1/thumb/v7e-m+fp/hard/libgcc.a(_dvmd_tls.o)
 .ARM.attributes
                0x0000000000000c75       0x1e /usr/local/Caskroom/gcc-arm-embedded/9-2019-q4-major/gcc-arm-none-eabi-9-2019-q4-major/bin/../lib/gcc/arm-none-eabi/9.2.1/thumb/v7e-m+fp/hard/crtn.o
OUTPUT(build/firmware.elf elf32-littlearm)

.debug_info     0x0000000000000000    0x28ef4
 .debug_info    0x0000000000000000     0x1cf9 build/main.o
 .debug_info    0x0000000000001cf9     0x13c7 build/freertos.o
 .debug_info    0x00000000000030c0     0x12eb build/stm32f7xx_it.o
 .debug_info    0x00000000000043ab     0x2098 build/stm32f7xx_hal_msp.o
 .debug_info    0x0000000000006443      0xcc7 build/stm32f7xx_nucleo_144.o
 .debug_info    0x000000000000710a      0xc81 build/stm32f7xx_hal.o
 .debug_info    0x0000000000007d8b     0x14ba build/stm32f7xx_hal_cortex.o
 .debug_info    0x0000000000009245      0xd06 build/stm32f7xx_hal_rcc.o
 .debug_info    0x0000000000009f4b      0xa39 build/stm32f7xx_hal_rcc_ex.o
 .debug_info    0x000000000000a984     0x40dc build/stm32f7xx_hal_tim.o
 .debug_info    0x000000000000ea60     0x1dcd build/stm32f7xx_hal_tim_ex.o
 .debug_info    0x000000000001082d      0xb8f build/stm32f7xx_hal_pwr.o
 .debug_info    0x00000000000113bc      0xbfd build/stm32f7xx_hal_pwr_ex.o
 .debug_info    0x0000000000011fb9     0x236e build/stm32f7xx_hal_uart.o
 .debug_info    0x0000000000014327      0x95d build/stm32f7xx_hal_gpio.o
 .debug_info    0x0000000000014c84      0x88b build/system_stm32f7xx.o
 .debug_info    0x000000000001550f      0xca4 build/list.o
 .debug_info    0x00000000000161b3     0x338a build/queue.o
 .debug_info    0x000000000001953d     0x43cb build/tasks.o
 .debug_info    0x000000000001d908     0x24d6 build/timers.o
 .debug_info    0x000000000001fdde      0xfa1 build/heap_4.o
 .debug_info    0x0000000000020d7f      0x589 build/port.o
 .debug_info    0x0000000000021308     0x57c4 build/cmsis_os2.o
 .debug_info    0x0000000000026acc     0x1c16 build/logging.o
 .debug_info    0x00000000000286e2      0x7f0 build/printf_stdarg.o
 .debug_info    0x0000000000028ed2       0x22 build/startup_stm32f746xx.o

.debug_abbrev   0x0000000000000000     0x4830
 .debug_abbrev  0x0000000000000000      0x3df build/main.o
 .debug_abbrev  0x00000000000003df      0x2ea build/freertos.o
 .debug_abbrev  0x00000000000006c9      0x245 build/stm32f7xx_it.o
 .debug_abbrev  0x000000000000090e      0x2a9 build/stm32f7xx_hal_msp.o
 .debug_abbrev  0x0000000000000bb7      0x283 build/stm32f7xx_nucleo_144.o
 .debug_abbrev  0x0000000000000e3a      0x21c build/stm32f7xx_hal.o
 .debug_abbrev  0x0000000000001056      0x3a8 build/stm32f7xx_hal_cortex.o
 .debug_abbrev  0x00000000000013fe      0x294 build/stm32f7xx_hal_rcc.o
 .debug_abbrev  0x0000000000001692      0x203 build/stm32f7xx_hal_rcc_ex.o
 .debug_abbrev  0x0000000000001895      0x2af build/stm32f7xx_hal_tim.o
 .debug_abbrev  0x0000000000001b44      0x2ab build/stm32f7xx_hal_tim_ex.o
 .debug_abbrev  0x0000000000001def      0x1f5 build/stm32f7xx_hal_pwr.o
 .debug_abbrev  0x0000000000001fe4      0x1de build/stm32f7xx_hal_pwr_ex.o
 .debug_abbrev  0x00000000000021c2      0x2b7 build/stm32f7xx_hal_uart.o
 .debug_abbrev  0x0000000000002479      0x258 build/stm32f7xx_hal_gpio.o
 .debug_abbrev  0x00000000000026d1      0x159 build/system_stm32f7xx.o
 .debug_abbrev  0x000000000000282a      0x245 build/list.o
 .debug_abbrev  0x0000000000002a6f      0x41a build/queue.o
 .debug_abbrev  0x0000000000002e89      0x46b build/tasks.o
 .debug_abbrev  0x00000000000032f4      0x3e7 build/timers.o
 .debug_abbrev  0x00000000000036db      0x381 build/heap_4.o
 .debug_abbrev  0x0000000000003a5c      0x29d build/port.o
 .debug_abbrev  0x0000000000003cf9      0x4ee build/cmsis_os2.o
 .debug_abbrev  0x00000000000041e7      0x3fa build/logging.o
 .debug_abbrev  0x00000000000045e1      0x23d build/printf_stdarg.o
 .debug_abbrev  0x000000000000481e       0x12 build/startup_stm32f746xx.o

.debug_loc      0x0000000000000000    0x1a6df
 .debug_loc     0x0000000000000000      0x229 build/main.o
 .debug_loc     0x0000000000000229       0xc2 build/freertos.o
 .debug_loc     0x00000000000002eb       0x40 build/stm32f7xx_it.o
 .debug_loc     0x000000000000032b      0x1d1 build/stm32f7xx_hal_msp.o
 .debug_loc     0x00000000000004fc      0x2dc build/stm32f7xx_nucleo_144.o
 .debug_loc     0x00000000000007d8      0x1e1 build/stm32f7xx_hal.o
 .debug_loc     0x00000000000009b9      0x7c4 build/stm32f7xx_hal_cortex.o
 .debug_loc     0x000000000000117d      0x7c3 build/stm32f7xx_hal_rcc.o
 .debug_loc     0x0000000000001940      0x91a build/stm32f7xx_hal_rcc_ex.o
 .debug_loc     0x000000000000225a     0x56f4 build/stm32f7xx_hal_tim.o
 .debug_loc     0x000000000000794e     0x2309 build/stm32f7xx_hal_tim_ex.o
 .debug_loc     0x0000000000009c57       0xa5 build/stm32f7xx_hal_pwr.o
 .debug_loc     0x0000000000009cfc      0x3ca build/stm32f7xx_hal_pwr_ex.o
 .debug_loc     0x000000000000a0c6     0x21d3 build/stm32f7xx_hal_uart.o
 .debug_loc     0x000000000000c299      0x5dc build/stm32f7xx_hal_gpio.o
 .debug_loc     0x000000000000c875      0x16c build/system_stm32f7xx.o
 .debug_loc     0x000000000000c9e1       0xe5 build/list.o
 .debug_loc     0x000000000000cac6     0x2146 build/queue.o
 .debug_loc     0x000000000000ec0c     0x35ef build/tasks.o
 .debug_loc     0x00000000000121fb     0x14ce build/timers.o
 .debug_loc     0x00000000000136c9      0x4f5 build/heap_4.o
 .debug_loc     0x0000000000013bbe      0x17c build/port.o
 .debug_loc     0x0000000000013d3a     0x5aec build/cmsis_os2.o
 .debug_loc     0x0000000000019826      0x2aa build/logging.o
 .debug_loc     0x0000000000019ad0      0xc0f build/printf_stdarg.o

.debug_aranges  0x0000000000000000     0x15a8
 .debug_aranges
                0x0000000000000000       0x48 build/main.o
 .debug_aranges
                0x0000000000000048       0x48 build/freertos.o
 .debug_aranges
                0x0000000000000090       0x58 build/stm32f7xx_it.o
 .debug_aranges
                0x00000000000000e8       0x48 build/stm32f7xx_hal_msp.o
 .debug_aranges
                0x0000000000000130       0x60 build/stm32f7xx_nucleo_144.o
 .debug_aranges
                0x0000000000000190      0x100 build/stm32f7xx_hal.o
 .debug_aranges
                0x0000000000000290       0xa8 build/stm32f7xx_hal_cortex.o
 .debug_aranges
                0x0000000000000338       0x88 build/stm32f7xx_hal_rcc.o
 .debug_aranges
                0x00000000000003c0       0x50 build/stm32f7xx_hal_rcc_ex.o
 .debug_aranges
                0x0000000000000410      0x3e0 build/stm32f7xx_hal_tim.o
 .debug_aranges
                0x00000000000007f0      0x178 build/stm32f7xx_hal_tim_ex.o
 .debug_aranges
                0x0000000000000968       0xa0 build/stm32f7xx_hal_pwr.o
 .debug_aranges
                0x0000000000000a08       0x80 build/stm32f7xx_hal_pwr_ex.o
 .debug_aranges
                0x0000000000000a88      0x228 build/stm32f7xx_hal_uart.o
 .debug_aranges
                0x0000000000000cb0       0x58 build/stm32f7xx_hal_gpio.o
 .debug_aranges
                0x0000000000000d08       0x28 build/system_stm32f7xx.o
 .debug_aranges
                0x0000000000000d30       0x40 build/list.o
 .debug_aranges
                0x0000000000000d70      0x158 build/queue.o
 .debug_aranges
                0x0000000000000ec8      0x220 build/tasks.o
 .debug_aranges
                0x00000000000010e8       0xf8 build/timers.o
 .debug_aranges
                0x00000000000011e0       0x58 build/heap_4.o
 .debug_aranges
                0x0000000000001238       0x80 build/port.o
 .debug_aranges
                0x00000000000012b8      0x228 build/cmsis_os2.o
 .debug_aranges
                0x00000000000014e0       0x38 build/logging.o
 .debug_aranges
                0x0000000000001518       0x68 build/printf_stdarg.o
 .debug_aranges
                0x0000000000001580       0x28 build/startup_stm32f746xx.o

.debug_ranges   0x0000000000000000     0x1818
 .debug_ranges  0x0000000000000000       0x38 build/main.o
 .debug_ranges  0x0000000000000038       0x38 build/freertos.o
 .debug_ranges  0x0000000000000070       0x48 build/stm32f7xx_it.o
 .debug_ranges  0x00000000000000b8       0x38 build/stm32f7xx_hal_msp.o
 .debug_ranges  0x00000000000000f0       0x50 build/stm32f7xx_nucleo_144.o
 .debug_ranges  0x0000000000000140       0xf0 build/stm32f7xx_hal.o
 .debug_ranges  0x0000000000000230       0xf8 build/stm32f7xx_hal_cortex.o
 .debug_ranges  0x0000000000000328       0x78 build/stm32f7xx_hal_rcc.o
 .debug_ranges  0x00000000000003a0       0x40 build/stm32f7xx_hal_rcc_ex.o
 .debug_ranges  0x00000000000003e0      0x3d0 build/stm32f7xx_hal_tim.o
 .debug_ranges  0x00000000000007b0      0x168 build/stm32f7xx_hal_tim_ex.o
 .debug_ranges  0x0000000000000918       0x90 build/stm32f7xx_hal_pwr.o
 .debug_ranges  0x00000000000009a8       0x70 build/stm32f7xx_hal_pwr_ex.o
 .debug_ranges  0x0000000000000a18      0x218 build/stm32f7xx_hal_uart.o
 .debug_ranges  0x0000000000000c30       0x48 build/stm32f7xx_hal_gpio.o
 .debug_ranges  0x0000000000000c78       0x18 build/system_stm32f7xx.o
 .debug_ranges  0x0000000000000c90       0x30 build/list.o
 .debug_ranges  0x0000000000000cc0      0x218 build/queue.o
 .debug_ranges  0x0000000000000ed8      0x498 build/tasks.o
 .debug_ranges  0x0000000000001370       0xe8 build/timers.o
 .debug_ranges  0x0000000000001458       0x48 build/heap_4.o
 .debug_ranges  0x00000000000014a0       0x70 build/port.o
 .debug_ranges  0x0000000000001510      0x218 build/cmsis_os2.o
 .debug_ranges  0x0000000000001728       0x58 build/logging.o
 .debug_ranges  0x0000000000001780       0x78 build/printf_stdarg.o
 .debug_ranges  0x00000000000017f8       0x20 build/startup_stm32f746xx.o

.debug_line     0x0000000000000000    0x19d6d
 .debug_line    0x0000000000000000      0x83c build/main.o
 .debug_line    0x000000000000083c      0x4f9 build/freertos.o
 .debug_line    0x0000000000000d35      0x476 build/stm32f7xx_it.o
 .debug_line    0x00000000000011ab      0x4ab build/stm32f7xx_hal_msp.o
 .debug_line    0x0000000000001656      0x463 build/stm32f7xx_nucleo_144.o
 .debug_line    0x0000000000001ab9      0x5d7 build/stm32f7xx_hal.o
 .debug_line    0x0000000000002090      0x7e9 build/stm32f7xx_hal_cortex.o
 .debug_line    0x0000000000002879      0xcfc build/stm32f7xx_hal_rcc.o
 .debug_line    0x0000000000003575      0xc13 build/stm32f7xx_hal_rcc_ex.o
 .debug_line    0x0000000000004188     0x4ccc build/stm32f7xx_hal_tim.o
 .debug_line    0x0000000000008e54     0x1d9a build/stm32f7xx_hal_tim_ex.o
 .debug_line    0x000000000000abee      0x4cd build/stm32f7xx_hal_pwr.o
 .debug_line    0x000000000000b0bb      0x5ba build/stm32f7xx_hal_pwr_ex.o
 .debug_line    0x000000000000b675     0x2395 build/stm32f7xx_hal_uart.o
 .debug_line    0x000000000000da0a      0x770 build/stm32f7xx_hal_gpio.o
 .debug_line    0x000000000000e17a      0x2f6 build/system_stm32f7xx.o
 .debug_line    0x000000000000e470      0x4e5 build/list.o
 .debug_line    0x000000000000e955     0x2236 build/queue.o
 .debug_line    0x0000000000010b8b     0x3882 build/tasks.o
 .debug_line    0x000000000001440d      0xf9f build/timers.o
 .debug_line    0x00000000000153ac      0x83c build/heap_4.o
 .debug_line    0x0000000000015be8      0x676 build/port.o
 .debug_line    0x000000000001625e     0x2d90 build/cmsis_os2.o
 .debug_line    0x0000000000018fee      0x724 build/logging.o
 .debug_line    0x0000000000019712      0x5ae build/printf_stdarg.o
 .debug_line    0x0000000000019cc0       0xad build/startup_stm32f746xx.o

.debug_str      0x0000000000000000     0x7fde
 .debug_str     0x0000000000000000     0x108d build/main.o
                                       0x1144 (size before relaxing)
 .debug_str     0x000000000000108d      0x643 build/freertos.o
                                        0xd93 (size before relaxing)
 .debug_str     0x00000000000016d0       0xeb build/stm32f7xx_it.o
                                        0xceb (size before relaxing)
 .debug_str     0x00000000000017bb      0xb62 build/stm32f7xx_hal_msp.o
                                       0x18a8 (size before relaxing)
 .debug_str     0x000000000000231d      0x1ab build/stm32f7xx_nucleo_144.o
                                        0xc2a (size before relaxing)
 .debug_str     0x00000000000024c8      0x301 build/stm32f7xx_hal.o
                                        0xcf2 (size before relaxing)
 .debug_str     0x00000000000027c9      0x3bb build/stm32f7xx_hal_cortex.o
                                        0xe8c (size before relaxing)
 .debug_str     0x0000000000002b84      0x1a1 build/stm32f7xx_hal_rcc.o
                                        0x7c5 (size before relaxing)
 .debug_str     0x0000000000002d25      0x13e build/stm32f7xx_hal_rcc_ex.o
                                        0x7e4 (size before relaxing)
 .debug_str     0x0000000000002e63      0xf14 build/stm32f7xx_hal_tim.o
                                       0x1832 (size before relaxing)
 .debug_str     0x0000000000003d77      0x5ef build/stm32f7xx_hal_tim_ex.o
                                       0x106d (size before relaxing)
 .debug_str     0x0000000000004366      0x219 build/stm32f7xx_hal_pwr.o
                                        0x72c (size before relaxing)
 .debug_str     0x000000000000457f      0x1bf build/stm32f7xx_hal_pwr_ex.o
                                        0x73b (size before relaxing)
 .debug_str     0x000000000000473e      0x77e build/stm32f7xx_hal_uart.o
                                       0x10b5 (size before relaxing)
 .debug_str     0x0000000000004ebc       0xb3 build/stm32f7xx_hal_gpio.o
                                        0x5ec (size before relaxing)
 .debug_str     0x0000000000004f6f       0x71 build/system_stm32f7xx.o
                                        0x548 (size before relaxing)
 .debug_str     0x0000000000004fe0      0x157 build/list.o
                                        0x71b (size before relaxing)
 .debug_str     0x0000000000005137      0x9fa build/queue.o
                                       0x1140 (size before relaxing)
 .debug_str     0x0000000000005b31      0xd94 build/tasks.o
                                       0x1891 (size before relaxing)
 .debug_str     0x00000000000068c5      0x5e0 build/timers.o
                                       0x107c (size before relaxing)
 .debug_str     0x0000000000006ea5      0x2aa build/heap_4.o
                                        0x929 (size before relaxing)
 .debug_str     0x000000000000714f      0x181 build/port.o
                                        0x4a9 (size before relaxing)
 .debug_str     0x00000000000072d0      0xa69 build/cmsis_os2.o
                                       0x1d91 (size before relaxing)
 .debug_str     0x0000000000007d39      0x196 build/logging.o
                                       0x132b (size before relaxing)
 .debug_str     0x0000000000007ecf       0xb4 build/printf_stdarg.o
                                        0x227 (size before relaxing)
 .debug_str     0x0000000000007f83       0x5b build/startup_stm32f746xx.o
                                         0xa0 (size before relaxing)

.comment        0x0000000000000000       0x79
 .comment       0x0000000000000000       0x79 build/main.o
                                         0x7a (size before relaxing)
 .comment       0x0000000000000079       0x7a build/freertos.o
 .comment       0x0000000000000079       0x7a build/stm32f7xx_it.o
 .comment       0x0000000000000079       0x7a build/stm32f7xx_hal_msp.o
 .comment       0x0000000000000079       0x7a build/stm32f7xx_nucleo_144.o
 .comment       0x0000000000000079       0x7a build/stm32f7xx_hal.o
 .comment       0x0000000000000079       0x7a build/stm32f7xx_hal_cortex.o
 .comment       0x0000000000000079       0x7a build/stm32f7xx_hal_rcc.o