Archive member included to satisfy reference by file (symbol)

/usr/local/Caskroom/gcc-arm-embedded/9-2019-q4-major/gcc-arm-none-eabi-9-2019-q4-major/bin/../lib/gcc/arm-none-eabi/9.2.1/../../../../arm-none-eabi/lib/thumb/v7e-m+fp/hard/libc_nano.a(lib_a-assert.o)
                              build/backoff_algorithm.o (__assert_func)
/usr/local/Caskroom/gcc-arm-embedded/9-2019-q4-major/gcc-arm-none-eabi-9-2019-q4-major/bin/../lib/gcc/arm-none-eabi/9.2.1/../../../../arm-none-eabi/lib/thumb/v7e-m+fp/hard/libc_nano.a(lib_a-exit.o)
                              /usr/local/Caskroom/gcc-arm-embedded/9-2019-q4-major/gcc-arm-none-eabi-9-2019-q4-major/bin/../lib/gcc/arm-none-eabi/9.2.1/../../../../arm-none-eabi/lib/thumb/v7e-m+fp/hard/crt0.o (exit)
/usr/local/Caskroom/gcc-arm-embedded/9-2019-q4-major/gcc-arm-none-eabi-9-2019-q4-major/bin/../lib/gcc/arm-none-eabi/9.2.1/../../../../arm-none-eabi/lib/thumb/v7e-m+fp/hard/libc_nano.a(lib_a-fprintf.o)
                              /usr/local/Caskroom/gcc-arm-embedded/9-2019-q4-major/gcc-arm-none-eabi-9-2019-q4-major/bin/../lib/gcc/arm-none-eabi/9.2.1/../../../../arm-none-eabi/lib/thumb/v7e-m+fp/hard/libc_nano.a(lib_a-assert.o) (fiprintf)
/usr/local/Caskroom/gcc-arm-embedded/9-2019-q4-major/gcc-arm-none-eabi-9-2019-q4-major/bin/../lib/gcc/arm-none-eabi/9.2.1/../../../../arm-none-eabi/lib/thumb/v7e-m+fp/hard/libc_nano.a(lib_a-impure.o)
                              /usr/local/Caskroom/gcc-arm-embedded/9-2019-q4-major/gcc-arm-none-eabi-9-2019-q4-major/bin/../lib/gcc/arm-none-eabi/9.2.1/../../../../arm-none-eabi/lib/thumb/v7e-m+fp/hard/libc_nano.a(lib_a-exit.o) (_global_impure_ptr)
/usr/local/Caskroom/gcc-arm-embedded/9-2019-q4-major/gcc-arm-none-eabi-9-2019-q4-major/bin/../lib/gcc/arm-none-eabi/9.2.1/../../../../arm-none-eabi/lib/thumb/v7e-m+fp/hard/libc_nano.a(lib_a-init.o)
                              /usr/local/Caskroom/gcc-arm-embedded/9-2019-q4-major/gcc-arm-none-eabi-9-2019-q4-major/bin/../lib/gcc/arm-none-eabi/9.2.1/../../../../arm-none-eabi/lib/thumb/v7e-m+fp/hard/crt0.o (__libc_init_array)
/usr/local/Caskroom/gcc-arm-embedded/9-2019-q4-major/gcc-arm-none-eabi-9-2019-q4-major/bin/../lib/gcc/arm-none-eabi/9.2.1/../../../../arm-none-eabi/lib/thumb/v7e-m+fp/hard/libc_nano.a(lib_a-memcmp.o)
                              build/FreeRTOS_ARP.o (memcmp)
/usr/local/Caskroom/gcc-arm-embedded/9-2019-q4-major/gcc-arm-none-eabi-9-2019-q4-major/bin/../lib/gcc/arm-none-eabi/9.2.1/../../../../arm-none-eabi/lib/thumb/v7e-m+fp/hard/libc_nano.a(lib_a-memcpy-stub.o)
                              build/queue.o (memcpy)
/usr/local/Caskroom/gcc-arm-embedded/9-2019-q4-major/gcc-arm-none-eabi-9-2019-q4-major/bin/../lib/gcc/arm-none-eabi/9.2.1/../../../../arm-none-eabi/lib/thumb/v7e-m+fp/hard/libc_nano.a(lib_a-memmove.o)
                              build/FreeRTOS_IP.o (memmove)
/usr/local/Caskroom/gcc-arm-embedded/9-2019-q4-major/gcc-arm-none-eabi-9-2019-q4-major/bin/../lib/gcc/arm-none-eabi/9.2.1/../../../../arm-none-eabi/lib/thumb/v7e-m+fp/hard/libc_nano.a(lib_a-memset.o)
                              /usr/local/Caskroom/gcc-arm-embedded/9-2019-q4-major/gcc-arm-none-eabi-9-2019-q4-major/bin/../lib/gcc/arm-none-eabi/9.2.1/../../../../arm-none-eabi/lib/thumb/v7e-m+fp/hard/crt0.o (memset)
/usr/local/Caskroom/gcc-arm-embedded/9-2019-q4-major/gcc-arm-none-eabi-9-2019-q4-major/bin/../lib/gcc/arm-none-eabi/9.2.1/../../../../arm-none-eabi/lib/thumb/v7e-m+fp/hard/libc_nano.a(lib_a-nano-vfprintf.o)
                              /usr/local/Caskroom/gcc-arm-embedded/9-2019-q4-major/gcc-arm-none-eabi-9-2019-q4-major/bin/../lib/gcc/arm-none-eabi/9.2.1/../../../../arm-none-eabi/lib/thumb/v7e-m+fp/hard/libc_nano.a(lib_a-fprintf.o) (_vfprintf_r)
/usr/local/Caskroom/gcc-arm-embedded/9-2019-q4-major/gcc-arm-none-eabi-9-2019-q4-major/bin/../lib/gcc/arm-none-eabi/9.2.1/../../../../arm-none-eabi/lib/thumb/v7e-m+fp/hard/libc_nano.a(lib_a-nano-vfprintf_i.o)
                              /usr/local/Caskroom/gcc-arm-embedded/9-2019-q4-major/gcc-arm-none-eabi-9-2019-q4-major/bin/../lib/gcc/arm-none-eabi/9.2.1/../../../../arm-none-eabi/lib/thumb/v7e-m+fp/hard/libc_nano.a(lib_a-nano-vfprintf.o) (_printf_i)
/usr/local/Caskroom/gcc-arm-embedded/9-2019-q4-major/gcc-arm-none-eabi-9-2019-q4-major/bin/../lib/gcc/arm-none-eabi/9.2.1/../../../../arm-none-eabi/lib/thumb/v7e-m+fp/hard/libc_nano.a(lib_a-snprintf.o)
                              build/iperf_task.o (snprintf)
/usr/local/Caskroom/gcc-arm-embedded/9-2019-q4-major/gcc-arm-none-eabi-9-2019-q4-major/bin/../lib/gcc/arm-none-eabi/9.2.1/../../../../arm-none-eabi/lib/thumb/v7e-m+fp/hard/libc_nano.a(lib_a-sprintf.o)
                              build/tasks.o (sprintf)
/usr/local/Caskroom/gcc-arm-embedded/9-2019-q4-major/gcc-arm-none-eabi-9-2019-q4-major/bin/../lib/gcc/arm-none-eabi/9.2.1/../../../../arm-none-eabi/lib/thumb/v7e-m+fp/hard/libc_nano.a(lib_a-sscanf.o)
                              build/iperf_task.o (sscanf)
[...]
Memory Configuration

Name             Origin             Length             Attributes
FLASH            0x0000000008000000 0x0000000000100000 xr
RAM              0x0000000020000000 0x0000000000050000 xrw
*default*        0x0000000000000000 0xffffffffffffffff

Linker script and memory map

LOAD /usr/local/Caskroom/gcc-arm-embedded/9-2019-q4-major/gcc-arm-none-eabi-9-2019-q4-major/bin/../lib/gcc/arm-none-eabi/9.2.1/thumb/v7e-m+fp/hard/crti.o
LOAD /usr/local/Caskroom/gcc-arm-embedded/9-2019-q4-major/gcc-arm-none-eabi-9-2019-q4-major/bin/../lib/gcc/arm-none-eabi/9.2.1/thumb/v7e-m+fp/hard/crtbegin.o
LOAD /usr/local/Caskroom/gcc-arm-embedded/9-2019-q4-major/gcc-arm-none-eabi-9-2019-q4-major/bin/../lib/gcc/arm-none-eabi/9.2.1/../../../../arm-none-eabi/lib/thumb/v7e-m+fp/hard/crt0.o
LOAD build/main.o
LOAD build/mqtt_task.o
LOAD build/iperf_task.o
LOAD build/freertos.o
LOAD build/stm32f7xx_it.o
LOAD build/stm32f7xx_hal_msp.o
LOAD build/stm32f7xx_nucleo_144.o
LOAD build/stm32f7xx_hal.o
LOAD build/stm32f7xx_hal_cortex.o
LOAD build/stm32f7xx_hal_rcc.o
LOAD build/stm32f7xx_hal_rcc_ex.o
LOAD build/stm32f7xx_hal_dma.o
LOAD build/stm32f7xx_hal_dma_ex.o
LOAD build/stm32f7xx_hal_rng.o
LOAD build/stm32f7xx_hal_tim.o
LOAD build/stm32f7xx_hal_tim_ex.o
LOAD build/stm32f7xx_hal_pwr.o
LOAD build/stm32f7xx_hal_pwr_ex.o
LOAD build/stm32f7xx_hal_uart.o
LOAD build/stm32f7xx_hal_uart_ex.o
LOAD build/stm32f7xx_hal_gpio.o
LOAD build/system_stm32f7xx.o
LOAD build/croutine.o
LOAD build/event_groups.o
LOAD build/list.o
LOAD build/queue.o
LOAD build/stream_buffer.o
LOAD build/tasks.o
LOAD build/timers.o
LOAD build/heap_5.o
LOAD build/port.o
LOAD build/cmsis_os2.o
LOAD build/logging.o
LOAD build/printf.o
LOAD build/FreeRTOS_ARP.o
LOAD build/FreeRTOS_DHCP.o
LOAD build/FreeRTOS_DNS.o
LOAD build/FreeRTOS_IP.o
LOAD build/FreeRTOS_Sockets.o
LOAD build/FreeRTOS_Stream_Buffer.o
LOAD build/FreeRTOS_TCP_IP.o
LOAD build/FreeRTOS_TCP_WIN.o
LOAD build/FreeRTOS_UDP_IP.o
LOAD build/BufferAllocation_2.o
LOAD build/phyHandling.o
LOAD build/NetworkInterface.o
LOAD build/stm32fxx_hal_eth.o
LOAD build/sockets_wrapper.o
LOAD build/using_plaintext.o
LOAD build/backoff_algorithm.o
LOAD build/core_mqtt_serializer.o
LOAD build/core_mqtt_state.o
LOAD build/core_mqtt.o
LOAD build/startup_stm32f746xx.o
LOAD /usr/local/Caskroom/gcc-arm-embedded/9-2019-q4-major/gcc-arm-none-eabi-9-2019-q4-major/bin/../lib/gcc/arm-none-eabi/9.2.1/../../../../arm-none-eabi/lib/thumb/v7e-m+fp/hard/libc_nano.a
LOAD /usr/local/Caskroom/gcc-arm-embedded/9-2019-q4-major/gcc-arm-none-eabi-9-2019-q4-major/bin/../lib/gcc/arm-none-eabi/9.2.1/../../../../arm-none-eabi/lib/thumb/v7e-m+fp/hard/libm.a
LOAD /usr/local/Caskroom/gcc-arm-embedded/9-2019-q4-major/gcc-arm-none-eabi-9-2019-q4-major/bin/../lib/gcc/arm-none-eabi/9.2.1/../../../../arm-none-eabi/lib/thumb/v7e-m+fp/hard/libnosys.a
START GROUP
LOAD /usr/local/Caskroom/gcc-arm-embedded/9-2019-q4-major/gcc-arm-none-eabi-9-2019-q4-major/bin/../lib/gcc/arm-none-eabi/9.2.1/thumb/v7e-m+fp/hard/libgcc.a
LOAD /usr/local/Caskroom/gcc-arm-embedded/9-2019-q4-major/gcc-arm-none-eabi-9-2019-q4-major/bin/../lib/gcc/arm-none-eabi/9.2.1/../../../../arm-none-eabi/lib/thumb/v7e-m+fp/hard/libc_nano.a
END GROUP
START GROUP
LOAD /usr/local/Caskroom/gcc-arm-embedded/9-2019-q4-major/gcc-arm-none-eabi-9-2019-q4-major/bin/../lib/gcc/arm-none-eabi/9.2.1/thumb/v7e-m+fp/hard/libgcc.a
LOAD /usr/local/Caskroom/gcc-arm-embedded/9-2019-q4-major/gcc-arm-none-eabi-9-2019-q4-major/bin/../lib/gcc/arm-none-eabi/9.2.1/../../../../arm-none-eabi/lib/thumb/v7e-m+fp/hard/libc_nano.a
END GROUP
LOAD /usr/local/Caskroom/gcc-arm-embedded/9-2019-q4-major/gcc-arm-none-eabi-9-2019-q4-major/bin/../lib/gcc/arm-none-eabi/9.2.1/thumb/v7e-m+fp/hard/crtend.o
LOAD /usr/local/Caskroom/gcc-arm-embedded/9-2019-q4-major/gcc-arm-none-eabi-9-2019-q4-major/bin/../lib/gcc/arm-none-eabi/9.2.1/thumb/v7e-m+fp/hard/crtn.o
                0x0000000020050000                _estack = 0x20050000
                0x0000000000000200                _Min_Heap_Size = 0x200
                0x0000000000000400                _Min_Stack_Size = 0x400

.isr_vector     0x0000000008000000      0x1c8
                0x0000000008000000                . = ALIGN (0x4)
 *(.isr_vector)
 .isr_vector    0x0000000008000000      0x1c8 build/startup_stm32f746xx.o
                0x0000000008000000                g_pfnVectors
                0x00000000080001c8                . = ALIGN (0x4)

.text           0x00000000080001d0    0x1384c
                0x00000000080001d0                . = ALIGN (0x4)
 *(.text)
 .text          0x00000000080001d0       0x40 /usr/local/Caskroom/gcc-arm-embedded/9-2019-q4-major/gcc-arm-none-eabi-9-2019-q4-major/bin/../lib/gcc/arm-none-eabi/9.2.1/thumb/v7e-m+fp/hard/crtbegin.o
 .text          0x0000000008000210       0x10 /usr/local/Caskroom/gcc-arm-embedded/9-2019-q4-major/gcc-arm-none-eabi-9-2019-q4-major/bin/../lib/gcc/arm-none-eabi/9.2.1/../../../../arm-none-eabi/lib/thumb/v7e-m+fp/hard/libc_nano.a(lib_a-strlen.o)
                0x0000000008000210                strlen
 .text          0x0000000008000220       0xa0 /usr/local/Caskroom/gcc-arm-embedded/9-2019-q4-major/gcc-arm-none-eabi-9-2019-q4-major/bin/../lib/gcc/arm-none-eabi/9.2.1/../../../../arm-none-eabi/lib/thumb/v7e-m+fp/hard/libc_nano.a(lib_a-memchr.o)
                0x0000000008000220                memchr
 .text          0x00000000080002c0      0x378 /usr/local/Caskroom/gcc-arm-embedded/9-2019-q4-major/gcc-arm-none-eabi-9-2019-q4-major/bin/../lib/gcc/arm-none-eabi/9.2.1/thumb/v7e-m+fp/hard/libgcc.a(_arm_addsubdf3.o)
                0x00000000080002c0                __aeabi_drsub
                0x00000000080002c8                __subdf3
                0x00000000080002c8                __aeabi_dsub
                0x00000000080002cc                __aeabi_dadd
                0x00000000080002cc                __adddf3
                0x0000000008000544                __aeabi_ui2d
                0x0000000008000544                __floatunsidf
                0x0000000008000564                __floatsidf
                0x0000000008000564                __aeabi_i2d
                0x0000000008000588                __extendsfdf2
                0x0000000008000588                __aeabi_f2d
                0x00000000080005cc                __aeabi_ul2d
                0x00000000080005cc                __floatundidf
                0x00000000080005dc                __aeabi_l2d
                0x00000000080005dc                __floatdidf
 .text          0x0000000008000638      0x424 /usr/local/Caskroom/gcc-arm-embedded/9-2019-q4-major/gcc-arm-none-eabi-9-2019-q4-major/bin/../lib/gcc/arm-none-eabi/9.2.1/thumb/v7e-m+fp/hard/libgcc.a(_arm_muldivdf3.o)
                0x0000000008000638                __aeabi_dmul
                0x0000000008000638                __muldf3
                0x000000000800088c                __aeabi_ddiv
                0x000000000800088c                __divdf3
 .text          0x0000000008000a5c      0x110 /usr/local/Caskroom/gcc-arm-embedded/9-2019-q4-major/gcc-arm-none-eabi-9-2019-q4-major/bin/../lib/gcc/arm-none-eabi/9.2.1/thumb/v7e-m+fp/hard/libgcc.a(_arm_cmpdf2.o)
                0x0000000008000a5c                __gedf2
                0x0000000008000a5c                __gtdf2
                0x0000000008000a64                __ledf2
                0x0000000008000a64                __ltdf2
                0x0000000008000a6c                __cmpdf2
                0x0000000008000a6c                __eqdf2
                0x0000000008000a6c                __nedf2
                0x0000000008000ae8                __aeabi_cdrcmple
                0x0000000008000af8                __aeabi_cdcmple
                0x0000000008000af8                __aeabi_cdcmpeq
                0x0000000008000b08                __aeabi_dcmpeq
                0x0000000008000b1c                __aeabi_dcmplt
                0x0000000008000b30                __aeabi_dcmple
                0x0000000008000b44                __aeabi_dcmpge
                0x0000000008000b58                __aeabi_dcmpgt
 .text          0x0000000008000b6c       0x50 /usr/local/Caskroom/gcc-arm-embedded/9-2019-q4-major/gcc-arm-none-eabi-9-2019-q4-major/bin/../lib/gcc/arm-none-eabi/9.2.1/thumb/v7e-m+fp/hard/libgcc.a(_arm_fixdfsi.o)
                0x0000000008000b6c                __fixdfsi
                0x0000000008000b6c                __aeabi_d2iz
 .text          0x0000000008000bbc       0x40 /usr/local/Caskroom/gcc-arm-embedded/9-2019-q4-major/gcc-arm-none-eabi-9-2019-q4-major/bin/../lib/gcc/arm-none-eabi/9.2.1/thumb/v7e-m+fp/hard/libgcc.a(_arm_fixunsdfsi.o)
                0x0000000008000bbc                __fixunsdfsi
                0x0000000008000bbc                __aeabi_d2uiz
 .text          0x0000000008000bfc       0x30 /usr/local/Caskroom/gcc-arm-embedded/9-2019-q4-major/gcc-arm-none-eabi-9-2019-q4-major/bin/../lib/gcc/arm-none-eabi/9.2.1/thumb/v7e-m+fp/hard/libgcc.a(_aeabi_uldivmod.o)
                0x0000000008000bfc                __aeabi_uldivmod
 .text          0x0000000008000c2c      0x2c4 /usr/local/Caskroom/gcc-arm-embedded/9-2019-q4-major/gcc-arm-none-eabi-9-2019-q4-major/bin/../lib/gcc/arm-none-eabi/9.2.1/thumb/v7e-m+fp/hard/libgcc.a(_udivmoddi4.o)
                0x0000000008000c2c                __udivmoddi4
 .text          0x0000000008000ef0        0x4 /usr/local/Caskroom/gcc-arm-embedded/9-2019-q4-major/gcc-arm-none-eabi-9-2019-q4-major/bin/../lib/gcc/arm-none-eabi/9.2.1/thumb/v7e-m+fp/hard/libgcc.a(_dvmd_tls.o)
                0x0000000008000ef0                __aeabi_ldiv0
                0x0000000008000ef0                __aeabi_idiv0
 *(.text*)
 .text.DebugMode_Config
                0x0000000008000ef4       0x90 build/main.o
 .text.prvLedTask
                0x0000000008000f84       0x38 build/main.o
 .text.uxRand   0x0000000008000fbc       0x1c build/main.o
                0x0000000008000fbc                uxRand
 .text.Error_Handler
                0x0000000008000fd8       0x18 build/main.o
                0x0000000008000fd8                Error_Handler
 .text.SystemClock_Config
                0x0000000008000ff0       0xb4 build/main.o
 .text.main     0x00000000080010a4       0xd8 build/main.o
                0x00000000080010a4                main
 .text.prvGetTimeMs
                0x000000000800117c       0x14 build/mqtt_task.o
 .text.prvConnectToServerWithBackoffRetries
                0x0000000008001190      0x100 build/mqtt_task.o
 .text.prvCreateMQTTConnectionWithBroker
                0x0000000008001290       0x88 build/mqtt_task.o
 .text.prvMQTTProcessIncomingPublish
                0x0000000008001318       0xb4 build/mqtt_task.o
 .text.prvUpdateSubAckStatus
                0x00000000080013cc       0x4c build/mqtt_task.o
 .text.prvMQTTProcessResponse
                0x0000000008001418      0x108 build/mqtt_task.o
 .text.prvEventCallback
                0x0000000008001520       0x1e build/mqtt_task.o
 *fill*         0x000000000800153e        0x2 
 .text.prvMQTTPublishToTopic
                0x0000000008001540       0x60 build/mqtt_task.o
 .text.prvMQTTDemoTask
                0x00000000080015a0      0x194 build/mqtt_task.o
 .text.vMQTTInstall
                0x0000000008001734       0x34 build/mqtt_task.o
                0x0000000008001734                vMQTTInstall
 .text.prvCreateTCPServerSocket
                0x0000000008001768       0xb0 build/iperf_task.o
 .text.prvCreateUDPServerSocket
                0x0000000008001818       0x7c build/iperf_task.o
 .text.prvIPerfServerWork
                0x0000000008001894       0x7c build/iperf_task.o
 .text.handleRecvPacket
                0x0000000008001910      0x30c build/iperf_task.o
 .text.prvIPerfTCPSend
                0x0000000008001c1c       0x98 build/iperf_task.o
 .text.prvIPerfTCPClose
                0x0000000008001cb4       0x84 build/iperf_task.o
 .text.prvIPerfTCPWork
                0x0000000008001d38       0xa8 build/iperf_task.o
 .text.prvIPerfUDPWork
                0x0000000008001de0       0x4c build/iperf_task.o
 .text.prvIPerfTask
                0x0000000008001e2c      0x108 build/iperf_task.o
 .text.vIPerfInstall
                0x0000000008001f34       0x60 build/iperf_task.o
                0x0000000008001f34                vIPerfInstall
 .text.vStartHighResolutionTimer
                0x0000000008001f94       0x50 build/freertos.o
                0x0000000008001f94                vStartHighResolutionTimer
 .text.ullGetMicrosecondTime
                0x0000000008001fe4       0x58 build/freertos.o
                0x0000000008001fe4                ullGetMicrosecondTime
 .text.vApplicationTickHook
                0x000000000800203c       0x1c build/freertos.o
                0x000000000800203c                vApplicationTickHook
 .text.vApplicationMallocFailedHook
                0x0000000008002058       0x34 build/freertos.o
                0x0000000008002058                vApplicationMallocFailedHook
 .text.vApplicationStackOverflowHook
                0x000000000800208c       0x38 build/freertos.o
                0x000000000800208c                vApplicationStackOverflowHook
 .text.vApplicationIPNetworkEventHook
                0x00000000080020c4      0x108 build/freertos.o
                0x00000000080020c4                vApplicationIPNetworkEventHook
 .text.ulApplicationGetNextSequenceNumber
                0x00000000080021cc       0x20 build/freertos.o
                0x00000000080021cc                ulApplicationGetNextSequenceNumber
 .text.xApplicationGetRandomNumber
                0x00000000080021ec       0x28 build/freertos.o
                0x00000000080021ec                xApplicationGetRandomNumber
 .text.vApplicationPingReplyHook
                0x0000000008002214       0x3c build/freertos.o
                0x0000000008002214                vApplicationPingReplyHook
 .text.xApplicationDNSQueryHook
                0x0000000008002250       0x68 build/freertos.o
                0x0000000008002250                xApplicationDNSQueryHook
 .text.vHeapInit
                0x00000000080022b8       0x4c build/freertos.o
                0x00000000080022b8                vHeapInit
 .text.vShowTaskTable
                0x0000000008002304      0x17c build/freertos.o
                0x0000000008002304                vShowTaskTable
 .text.NMI_Handler
                0x0000000008002480        0x2 build/stm32f7xx_it.o
                0x0000000008002480                NMI_Handler
 .text.HardFault_Handler
                0x0000000008002482        0x2 build/stm32f7xx_it.o
                0x0000000008002482                HardFault_Handler
 .text.MemManage_Handler
                0x0000000008002484        0x2 build/stm32f7xx_it.o
                0x0000000008002484                MemManage_Handler
 .text.BusFault_Handler
                0x0000000008002486        0x2 build/stm32f7xx_it.o
                0x0000000008002486                BusFault_Handler
 .text.UsageFault_Handler
                0x0000000008002488        0x2 build/stm32f7xx_it.o
                0x0000000008002488                UsageFault_Handler
 .text.DebugMon_Handler
                0x000000000800248a        0x2 build/stm32f7xx_it.o
                0x000000000800248a                DebugMon_Handler
 .text.SysTick_Handler
                0x000000000800248c       0x16 build/stm32f7xx_it.o
                0x000000000800248c                SysTick_Handler
 *fill*         0x00000000080024a2        0x2 
 .text.TIM2_IRQHandler
                0x00000000080024a4       0x2c build/stm32f7xx_it.o
                0x00000000080024a4                TIM2_IRQHandler
 .text.HAL_MspInit
                0x00000000080024d0       0x40 build/stm32f7xx_hal_msp.o
                0x00000000080024d0                HAL_MspInit
 .text.HAL_TIM_Base_MspInit
                0x0000000008002510       0x3a build/stm32f7xx_hal_msp.o
                0x0000000008002510                HAL_TIM_Base_MspInit
 *fill*         0x000000000800254a        0x2 
 .text.HAL_UART_MspInit
                0x000000000800254c       0xa8 build/stm32f7xx_hal_msp.o
                0x000000000800254c                HAL_UART_MspInit
 .text.HAL_RNG_MspInit
                0x00000000080025f4       0x2c build/stm32f7xx_hal_msp.o
                0x00000000080025f4                HAL_RNG_MspInit
 .text.HAL_ETH_MspInit
                0x0000000008002620      0x1b8 build/stm32f7xx_hal_msp.o
                0x0000000008002620                HAL_ETH_MspInit
 .text.BSP_LED_Init
                0x00000000080027d8       0x70 build/stm32f7xx_nucleo_144.o
                0x00000000080027d8                BSP_LED_Init
 .text.BSP_LED_On
                0x0000000008002848       0x20 build/stm32f7xx_nucleo_144.o
                0x0000000008002848                BSP_LED_On
 .text.BSP_LED_Off
                0x0000000008002868       0x20 build/stm32f7xx_nucleo_144.o
                0x0000000008002868                BSP_LED_Off
 .text.BSP_LED_Toggle
                0x0000000008002888       0x1c build/stm32f7xx_nucleo_144.o
                0x0000000008002888                BSP_LED_Toggle
 .text.HAL_InitTick
                0x00000000080028a4       0x4c build/stm32f7xx_hal.o
                0x00000000080028a4                HAL_InitTick
 .text.HAL_Init
                0x00000000080028f0       0x2c build/stm32f7xx_hal.o
                0x00000000080028f0                HAL_Init
 .text.HAL_IncTick
                0x000000000800291c       0x18 build/stm32f7xx_hal.o
                0x000000000800291c                HAL_IncTick
 .text.HAL_GetTick
                0x0000000008002934        0xc build/stm32f7xx_hal.o
                0x0000000008002934                HAL_GetTick
 .text.HAL_NVIC_SetPriorityGrouping
                0x0000000008002940       0x24 build/stm32f7xx_hal_cortex.o
                0x0000000008002940                HAL_NVIC_SetPriorityGrouping
 .text.HAL_NVIC_SetPriority
                0x0000000008002964       0x64 build/stm32f7xx_hal_cortex.o
                0x0000000008002964                HAL_NVIC_SetPriority
 .text.HAL_NVIC_EnableIRQ
                0x00000000080029c8       0x1c build/stm32f7xx_hal_cortex.o
                0x00000000080029c8                HAL_NVIC_EnableIRQ
 .text.HAL_SYSTICK_Config
                0x00000000080029e4       0x2c build/stm32f7xx_hal_cortex.o
                0x00000000080029e4                HAL_SYSTICK_Config
 .text.HAL_RCC_OscConfig
                0x0000000008002a10      0x434 build/stm32f7xx_hal_rcc.o
                0x0000000008002a10                HAL_RCC_OscConfig
 .text.HAL_RCC_GetSysClockFreq
                0x0000000008002e44       0xcc build/stm32f7xx_hal_rcc.o
                0x0000000008002e44                HAL_RCC_GetSysClockFreq
 .text.HAL_RCC_ClockConfig
                0x0000000008002f10      0x16c build/stm32f7xx_hal_rcc.o
                0x0000000008002f10                HAL_RCC_ClockConfig
 .text.HAL_RCC_GetHCLKFreq
                0x000000000800307c        0xc build/stm32f7xx_hal_rcc.o
                0x000000000800307c                HAL_RCC_GetHCLKFreq
 .text.HAL_RCC_GetPCLK1Freq
                0x0000000008003088       0x20 build/stm32f7xx_hal_rcc.o
                0x0000000008003088                HAL_RCC_GetPCLK1Freq
 .text.HAL_RCC_GetPCLK2Freq
                0x00000000080030a8       0x20 build/stm32f7xx_hal_rcc.o
                0x00000000080030a8                HAL_RCC_GetPCLK2Freq
 .text.HAL_RCCEx_PeriphCLKConfig
                0x00000000080030c8      0x5a8 build/stm32f7xx_hal_rcc_ex.o
                0x00000000080030c8                HAL_RCCEx_PeriphCLKConfig
 .text.HAL_RNG_Init
                0x0000000008003670       0x2e build/stm32f7xx_hal_rng.o
                0x0000000008003670                HAL_RNG_Init
 .text.HAL_RNG_GenerateRandomNumber
                0x000000000800369e       0x64 build/stm32f7xx_hal_rng.o
                0x000000000800369e                HAL_RNG_GenerateRandomNumber
 *fill*         0x0000000008003702        0x2 
 .text.HAL_TIM_Base_Start_IT
                0x0000000008003704       0x90 build/stm32f7xx_hal_tim.o
                0x0000000008003704                HAL_TIM_Base_Start_IT
 .text.TIM_Base_SetConfig
                0x0000000008003794      0x10c build/stm32f7xx_hal_tim.o
                0x0000000008003794                TIM_Base_SetConfig
 .text.HAL_TIM_Base_Init
                0x00000000080038a0       0x60 build/stm32f7xx_hal_tim.o
                0x00000000080038a0                HAL_TIM_Base_Init
 .text.HAL_PWR_EnableBkUpAccess
                0x0000000008003900       0x10 build/stm32f7xx_hal_pwr.o
                0x0000000008003900                HAL_PWR_EnableBkUpAccess
 .text.HAL_PWREx_EnableOverDrive
                0x0000000008003910       0x7c build/stm32f7xx_hal_pwr_ex.o
                0x0000000008003910                HAL_PWREx_EnableOverDrive
 .text.UART_SetConfig
                0x000000000800398c      0x330 build/stm32f7xx_hal_uart.o
                0x000000000800398c                UART_SetConfig
 .text.UART_AdvFeatureConfig
                0x0000000008003cbc       0xca build/stm32f7xx_hal_uart.o
                0x0000000008003cbc                UART_AdvFeatureConfig
 .text.UART_WaitOnFlagUntilTimeout
                0x0000000008003d86       0xa4 build/stm32f7xx_hal_uart.o
                0x0000000008003d86                UART_WaitOnFlagUntilTimeout
 .text.HAL_UART_Transmit
                0x0000000008003e2a       0xdc build/stm32f7xx_hal_uart.o
                0x0000000008003e2a                HAL_UART_Transmit
 .text.UART_CheckIdleState
                0x0000000008003f06       0x48 build/stm32f7xx_hal_uart.o
                0x0000000008003f06                UART_CheckIdleState
 .text.HAL_UART_Init
                0x0000000008003f4e       0x62 build/stm32f7xx_hal_uart.o
                0x0000000008003f4e                HAL_UART_Init
 .text.HAL_GPIO_Init
                0x0000000008003fb0      0x1e0 build/stm32f7xx_hal_gpio.o
                0x0000000008003fb0                HAL_GPIO_Init
 .text.HAL_GPIO_WritePin
                0x0000000008004190        0xc build/stm32f7xx_hal_gpio.o
                0x0000000008004190                HAL_GPIO_WritePin
 .text.HAL_GPIO_TogglePin
                0x000000000800419c       0x12 build/stm32f7xx_hal_gpio.o
                0x000000000800419c                HAL_GPIO_TogglePin
 *fill*         0x00000000080041ae        0x2 
 .text.SystemInit
                0x00000000080041b0       0x14 build/system_stm32f7xx.o
                0x00000000080041b0                SystemInit
 .text.prvTestWaitCondition
                0x00000000080041c4       0x1c build/event_groups.o
 .text.xEventGroupCreate
                0x00000000080041e0       0x1c build/event_groups.o
                0x00000000080041e0                xEventGroupCreate
 .text.xEventGroupWaitBits
                0x00000000080041fc      0x11c build/event_groups.o
                0x00000000080041fc                xEventGroupWaitBits
 .text.xEventGroupClearBits
                0x0000000008004318       0x4e build/event_groups.o
                0x0000000008004318                xEventGroupClearBits
 .text.xEventGroupSetBits
                0x0000000008004366       0x94 build/event_groups.o
                0x0000000008004366                xEventGroupSetBits
 .text.vEventGroupDelete
                0x00000000080043fa       0x60 build/event_groups.o
                0x00000000080043fa                vEventGroupDelete
 .text.vListInitialise
                0x000000000800445a       0x16 build/list.o
                0x000000000800445a                vListInitialise
 .text.vListInitialiseItem
                0x0000000008004470        0x6 build/list.o
                0x0000000008004470                vListInitialiseItem
 .text.vListInsertEnd
                0x0000000008004476       0x16 build/list.o
                0x0000000008004476                vListInsertEnd
 .text.vListInsert
                0x000000000800448c       0x32 build/list.o
                0x000000000800448c                vListInsert
 .text.uxListRemove
                0x00000000080044be       0x26 build/list.o
                0x00000000080044be                uxListRemove
 .text.prvGetDisinheritPriorityAfterTimeout
                0x00000000080044e4       0x10 build/queue.o
 .text.prvIsQueueFull
                0x00000000080044f4       0x1e build/queue.o
 .text.prvIsQueueEmpty
                0x0000000008004512       0x1a build/queue.o
 .text.prvCopyDataToQueue
                0x000000000800452c       0x76 build/queue.o
 .text.prvCopyDataFromQueue
                0x00000000080045a2       0x24 build/queue.o
 .text.prvUnlockQueue
                0x00000000080045c6       0x6e build/queue.o
 .text.xQueueGenericReset
                0x0000000008004634       0xb4 build/queue.o
                0x0000000008004634                xQueueGenericReset
 .text.prvInitialiseNewQueue
                0x00000000080046e8       0x22 build/queue.o
 .text.xQueueGenericCreateStatic
                0x000000000800470a       0x8a build/queue.o
                0x000000000800470a                xQueueGenericCreateStatic
 .text.xQueueGenericCreate
                0x0000000008004794       0x60 build/queue.o
                0x0000000008004794                xQueueGenericCreate
 .text.xQueueCreateCountingSemaphoreStatic
                0x00000000080047f4       0x46 build/queue.o
                0x00000000080047f4                xQueueCreateCountingSemaphoreStatic
 .text.xQueueCreateCountingSemaphore
                0x000000000800483a       0x3c build/queue.o
                0x000000000800483a                xQueueCreateCountingSemaphore
 *fill*         0x0000000008004876        0x2 
 .text.xQueueGenericSend
                0x0000000008004878      0x190 build/queue.o
                0x0000000008004878                xQueueGenericSend
 .text.xQueueReceive
                0x0000000008004a08      0x168 build/queue.o
                0x0000000008004a08                xQueueReceive
 .text.xQueueSemaphoreTake
                0x0000000008004b70      0x1b4 build/queue.o
                0x0000000008004b70                xQueueSemaphoreTake
 .text.uxQueueMessagesWaiting
                0x0000000008004d24       0x2a build/queue.o
                0x0000000008004d24                uxQueueMessagesWaiting
 *fill*         0x0000000008004d4e        0x2 
 .text.vQueueAddToRegistry
                0x0000000008004d50       0x64 build/queue.o
                0x0000000008004d50                vQueueAddToRegistry
 .text.vQueueUnregisterQueue
                0x0000000008004db4       0x48 build/queue.o
                0x0000000008004db4                vQueueUnregisterQueue
 .text.vQueueDelete
                0x0000000008004dfc       0x30 build/queue.o
                0x0000000008004dfc                vQueueDelete
 .text.vQueueWaitForMessageRestricted
                0x0000000008004e2c       0x52 build/queue.o
                0x0000000008004e2c                vQueueWaitForMessageRestricted
 .text.prvBytesInBuffer
                0x0000000008004e7e       0x12 build/stream_buffer.o
 .text.prvInitialiseNewStreamBuffer
                0x0000000008004e90       0x44 build/stream_buffer.o
 .text.prvWriteBytesToBuffer
                0x0000000008004ed4       0x8e build/stream_buffer.o
 .text.prvWriteMessageToBuffer
                0x0000000008004f62       0x50 build/stream_buffer.o
 .text.prvReadBytesFromBuffer
                0x0000000008004fb2       0x90 build/stream_buffer.o
 .text.prvReadMessageFromBuffer
                0x0000000008005042       0x4e build/stream_buffer.o
 .text.xStreamBufferGenericCreateStatic
                0x0000000008005090       0xb6 build/stream_buffer.o
                0x0000000008005090                xStreamBufferGenericCreateStatic
 .text.xStreamBufferSpacesAvailable
                0x0000000008005146       0x3c build/stream_buffer.o
                0x0000000008005146                xStreamBufferSpacesAvailable
 .text.xStreamBufferSendFromISR
                0x0000000008005182       0xae build/stream_buffer.o
                0x0000000008005182                xStreamBufferSendFromISR
 .text.xStreamBufferReceive
                0x0000000008005230       0xf4 build/stream_buffer.o
                0x0000000008005230                xStreamBufferReceive
 .text.prvTaskCheckFreeStackSpace
                0x0000000008005324       0x14 build/tasks.o
 .text.prvResetNextTaskUnblockTime
                0x0000000008005338       0x28 build/tasks.o
 .text.prvInitialiseNewTask
                0x0000000008005360       0xc2 build/tasks.o
 *fill*         0x0000000008005422        0x2 
 .text.prvInitialiseTaskLists
                0x0000000008005424       0x68 build/tasks.o
 .text.prvAddNewTaskToReadyList
                0x000000000800548c       0xc8 build/tasks.o
 .text.prvDeleteTCB
                0x0000000008005554       0x3c build/tasks.o
 .text.prvCheckTasksWaitingTermination
                0x0000000008005590       0x4c build/tasks.o
 .text.prvIdleTask
                0x00000000080055dc       0x28 build/tasks.o
 .text.prvAddCurrentTaskToDelayedList
                0x0000000008005604       0xa0 build/tasks.o
 .text.xTaskCreateStatic
                0x00000000080056a4       0x80 build/tasks.o
                0x00000000080056a4                xTaskCreateStatic
 .text.xTaskCreate
                0x0000000008005724       0x68 build/tasks.o
                0x0000000008005724                xTaskCreate
 .text.eTaskGetState
                0x000000000800578c       0x9c build/tasks.o
                0x000000000800578c                eTaskGetState
 .text.vTaskStartScheduler
                0x0000000008005828       0xa8 build/tasks.o
                0x0000000008005828                vTaskStartScheduler
 .text.vTaskSuspendAll
                0x00000000080058d0       0x10 build/tasks.o
                0x00000000080058d0                vTaskSuspendAll
 .text.xTaskGetTickCount
                0x00000000080058e0        0xc build/tasks.o
                0x00000000080058e0                xTaskGetTickCount
 .text.uxTaskGetNumberOfTasks
                0x00000000080058ec        0xc build/tasks.o
                0x00000000080058ec                uxTaskGetNumberOfTasks
 .text.xTaskIncrementTick
                0x00000000080058f8      0x188 build/tasks.o
                0x00000000080058f8                xTaskIncrementTick
 .text.xTaskResumeAll
                0x0000000008005a80      0x150 build/tasks.o
                0x0000000008005a80                xTaskResumeAll
 .text.vTaskDelay
                0x0000000008005bd0       0x50 build/tasks.o
                0x0000000008005bd0                vTaskDelay
 .text.vTaskSwitchContext
                0x0000000008005c20       0xe8 build/tasks.o
                0x0000000008005c20                vTaskSwitchContext
 .text.vTaskPlaceOnEventList
                0x0000000008005d08       0x34 build/tasks.o
                0x0000000008005d08                vTaskPlaceOnEventList
 .text.vTaskPlaceOnUnorderedEventList
                0x0000000008005d3c       0x78 build/tasks.o
                0x0000000008005d3c                vTaskPlaceOnUnorderedEventList
 .text.vTaskPlaceOnEventListRestricted
                0x0000000008005db4       0x58 build/tasks.o
                0x0000000008005db4                vTaskPlaceOnEventListRestricted
 .text.xTaskRemoveFromEventList
                0x0000000008005e0c       0xf8 build/tasks.o
                0x0000000008005e0c                xTaskRemoveFromEventList
 .text.vTaskRemoveFromUnorderedEventList
                0x0000000008005f04       0xf0 build/tasks.o
                0x0000000008005f04                vTaskRemoveFromUnorderedEventList
 .text.vTaskSetTimeOutState
                0x0000000008005ff4       0x3c build/tasks.o
                0x0000000008005ff4                vTaskSetTimeOutState
 .text.vTaskInternalSetTimeOutState
                0x0000000008006030       0x18 build/tasks.o
                0x0000000008006030                vTaskInternalSetTimeOutState
 .text.xTaskCheckForTimeOut
                0x0000000008006048       0x90 build/tasks.o
                0x0000000008006048                xTaskCheckForTimeOut
 .text.vTaskMissedYield
                0x00000000080060d8        0xc build/tasks.o
                0x00000000080060d8                vTaskMissedYield
 .text.vTaskGetInfo
                0x00000000080060e4       0x78 build/tasks.o
                0x00000000080060e4                vTaskGetInfo
 .text.prvListTasksWithinSingleList
                0x000000000800615c       0x5e build/tasks.o
 *fill*         0x00000000080061ba        0x2 
 .text.uxTaskGetSystemState
                0x00000000080061bc       0xb0 build/tasks.o
                0x00000000080061bc                uxTaskGetSystemState
 .text.xTaskGetCurrentTaskHandle
                0x000000000800626c        0xc build/tasks.o
                0x000000000800626c                xTaskGetCurrentTaskHandle
 .text.xTaskGetSchedulerState
                0x0000000008006278       0x20 build/tasks.o
                0x0000000008006278                xTaskGetSchedulerState
 .text.xTaskPriorityInherit
                0x0000000008006298       0xb0 build/tasks.o
                0x0000000008006298                xTaskPriorityInherit
 .text.xTaskPriorityDisinherit
                0x0000000008006348       0xb4 build/tasks.o
                0x0000000008006348                xTaskPriorityDisinherit
 .text.vTaskPriorityDisinheritAfterTimeout
                0x00000000080063fc       0xc4 build/tasks.o
                0x00000000080063fc                vTaskPriorityDisinheritAfterTimeout
 .text.uxTaskResetEventItemValue
                0x00000000080064c0       0x18 build/tasks.o
                0x00000000080064c0                uxTaskResetEventItemValue
 .text.pvTaskIncrementMutexHeldCount
                0x00000000080064d8       0x1c build/tasks.o
                0x00000000080064d8                pvTaskIncrementMutexHeldCount
 .text.ulTaskGenericNotifyTake
                0x00000000080064f4       0xb0 build/tasks.o
                0x00000000080064f4                ulTaskGenericNotifyTake
 .text.xTaskGenericNotifyWait
                0x00000000080065a4       0xd8 build/tasks.o
                0x00000000080065a4                xTaskGenericNotifyWait
 .text.xTaskGenericNotify
                0x000000000800667c      0x198 build/tasks.o
                0x000000000800667c                xTaskGenericNotify
 .text.xTaskGenericNotifyFromISR
                0x0000000008006814      0x1d8 build/tasks.o
                0x0000000008006814                xTaskGenericNotifyFromISR
 .text.vTaskGenericNotifyGiveFromISR
                0x00000000080069ec      0x148 build/tasks.o
                0x00000000080069ec                vTaskGenericNotifyGiveFromISR
 .text.xTaskGenericNotifyStateClear
                0x0000000008006b34       0x50 build/tasks.o
                0x0000000008006b34                xTaskGenericNotifyStateClear
 .text.prvGetNextExpireTime
                0x0000000008006b84       0x20 build/timers.o
 .text.prvInsertTimerInActiveList
                0x0000000008006ba4       0x50 build/timers.o
 .text.prvReloadTimer
                0x0000000008006bf4       0x26 build/timers.o
 *fill*         0x0000000008006c1a        0x2 
 .text.prvProcessExpiredTimer
                0x0000000008006c1c       0x40 build/timers.o
 .text.prvSwitchTimerLists
                0x0000000008006c5c       0x2c build/timers.o
 .text.prvSampleTimeNow
                0x0000000008006c88       0x2c build/timers.o
 .text.prvProcessTimerOrBlockTask
                0x0000000008006cb4       0x80 build/timers.o
 .text.prvProcessReceivedCommands
                0x0000000008006d34      0x108 build/timers.o
 .text.prvTimerTask
                0x0000000008006e3c       0x16 build/timers.o
 *fill*         0x0000000008006e52        0x2 
 .text.prvCheckForValidListAndQueue
                0x0000000008006e54       0x70 build/timers.o
 .text.xTimerCreateTimerTask
                0x0000000008006ec4       0x68 build/timers.o
                0x0000000008006ec4                xTimerCreateTimerTask
 .text.xTimerPendFunctionCall
                0x0000000008006f2c       0x44 build/timers.o
                0x0000000008006f2c                xTimerPendFunctionCall
 .text.prvInsertBlockIntoFreeList
                0x0000000008006f70       0x58 build/heap_5.o
 .text.pvPortMalloc
                0x0000000008006fc8      0x104 build/heap_5.o
                0x0000000008006fc8                pvPortMalloc
 .text.vPortFree
                0x00000000080070cc       0x84 build/heap_5.o
                0x00000000080070cc                vPortFree
 .text.xPortGetFreeHeapSize
                0x0000000008007150        0xc build/heap_5.o
                0x0000000008007150                xPortGetFreeHeapSize
 .text.xPortGetMinimumEverFreeHeapSize
                0x000000000800715c        0xc build/heap_5.o
                0x000000000800715c                xPortGetMinimumEverFreeHeapSize
 .text.vPortDefineHeapRegions
                0x0000000008007168       0xf0 build/heap_5.o
                0x0000000008007168                vPortDefineHeapRegions
 .text.prvTaskExitError
                0x0000000008007258       0x48 build/port.o
 .text.prvPortStartFirstTask
                0x00000000080072a0       0x28 build/port.o
 .text.vPortEnableVFP
                0x00000000080072c8       0x14 build/port.o
 .text.pxPortInitialiseStack
                0x00000000080072dc       0x2c build/port.o
                0x00000000080072dc                pxPortInitialiseStack
 *fill*         0x0000000008007308        0x8 
 .text.SVC_Handler
                0x0000000008007310       0x24 build/port.o
                0x0000000008007310                SVC_Handler
 .text.vPortEnterCritical
                0x0000000008007334       0x4c build/port.o
                0x0000000008007334                vPortEnterCritical
 .text.vPortExitCritical
                0x0000000008007380       0x30 build/port.o
                0x0000000008007380                vPortExitCritical
 .text.PendSV_Handler
                0x00000000080073b0       0x64 build/port.o
                0x00000000080073b0                PendSV_Handler
 .text.xPortSysTickHandler
                0x0000000008007414       0x30 build/port.o
                0x0000000008007414                xPortSysTickHandler
 .text.vPortSetupTimerInterrupt
                0x0000000008007444       0x38 build/port.o
                0x0000000008007444                vPortSetupTimerInterrupt
 .text.xPortStartScheduler
                0x000000000800747c       0xd0 build/port.o
                0x000000000800747c                xPortStartScheduler
 .text.vPortValidateInterruptPriority
                0x000000000800754c       0x64 build/port.o
                0x000000000800754c                vPortValidateInterruptPriority
 .text.osKernelInitialize
                0x00000000080075b0       0x3c build/cmsis_os2.o
                0x00000000080075b0                osKernelInitialize
 .text.osKernelStart
                0x00000000080075ec       0x48 build/cmsis_os2.o
                0x00000000080075ec                osKernelStart
 .text.osThreadNew
                0x0000000008007634       0xd8 build/cmsis_os2.o
                0x0000000008007634                osThreadNew
 .text.osDelay  0x000000000800770c       0x3c build/cmsis_os2.o
                0x000000000800770c                osDelay
 .text.vApplicationGetIdleTaskMemory
                0x0000000008007748       0x18 build/cmsis_os2.o
                0x0000000008007748                vApplicationGetIdleTaskMemory
 .text.vApplicationGetTimerTaskMemory
                0x0000000008007760       0x18 build/cmsis_os2.o
                0x0000000008007760                vApplicationGetTimerTaskMemory
 .text.prvLoggingThread
                0x0000000008007778      0x12c build/logging.o
 .text.prvCreatePrintSocket
                0x00000000080078a4       0x40 build/logging.o
 .text.prvLoggingPrintf
                0x00000000080078e4       0x54 build/logging.o
 .text.vLoggingInit
                0x0000000008007938       0xe4 build/logging.o
                0x0000000008007938                vLoggingInit
 .text.vLoggingPrintf
                0x0000000008007a1c       0x1c build/logging.o
                0x0000000008007a1c                vLoggingPrintf
 .text._out_buffer
                0x0000000008007a38        0x8 build/printf.o
 .text._out_null
                0x0000000008007a40        0x2 build/printf.o
 .text._atoi    0x0000000008007a42       0x24 build/printf.o
 .text._out_rev
                0x0000000008007a66       0x7e build/printf.o
 .text._ntoa_format
                0x0000000008007ae4      0x122 build/printf.o
 .text._ntoa_long
                0x0000000008007c06       0x9c build/printf.o
 .text._ntoa_long_long
                0x0000000008007ca2       0xc6 build/printf.o
 .text._etoa    0x0000000008007d68      0x3dc build/printf.o
 *fill*         0x0000000008008144        0x4 
 .text._ftoa    0x0000000008008148      0x388 build/printf.o
 .text._vsnprintf
                0x00000000080084d0      0x6d8 build/printf.o
 .text.vsnprintf_
                0x0000000008008ba8       0x1c build/printf.o
                0x0000000008008ba8                vsnprintf_
 .text.prvCacheLookup
                0x0000000008008bc4       0x54 build/FreeRTOS_ARP.o
 .text.vARPRefreshCacheEntry
                0x0000000008008c18      0x11c build/FreeRTOS_ARP.o
                0x0000000008008c18                vARPRefreshCacheEntry
 .text.eARPProcessPacket
                0x0000000008008d34       0xa0 build/FreeRTOS_ARP.o
                0x0000000008008d34                eARPProcessPacket
 .text.eARPGetCacheEntry
                0x0000000008008dd4       0x8c build/FreeRTOS_ARP.o
                0x0000000008008dd4                eARPGetCacheEntry
 .text.vARPGenerateRequestPacket
                0x0000000008008e60       0x9c build/FreeRTOS_ARP.o
                0x0000000008008e60                vARPGenerateRequestPacket
 .text.FreeRTOS_OutputARPRequest
                0x0000000008008efc       0x48 build/FreeRTOS_ARP.o
                0x0000000008008efc                FreeRTOS_OutputARPRequest
 .text.vARPAgeCache
                0x0000000008008f44       0x9c build/FreeRTOS_ARP.o
                0x0000000008008f44                vARPAgeCache
 .text.FreeRTOS_ClearARP
                0x0000000008008fe0       0x14 build/FreeRTOS_ARP.o
                0x0000000008008fe0                FreeRTOS_ClearARP
 .text.prvSkipNameField
                0x0000000008008ff4       0x4e build/FreeRTOS_DNS.o
 .text.prvCreateDNSSocket
                0x0000000008009042       0x3c build/FreeRTOS_DNS.o
 *fill*         0x000000000800907e        0x2 
 .text.prvCreateDNSMessage
                0x0000000008009080       0x64 build/FreeRTOS_DNS.o
 .text.prvReplyDNSMessage
                0x00000000080090e4       0x78 build/FreeRTOS_DNS.o
 .text.prvParseDNSReply
                0x000000000800915c      0x254 build/FreeRTOS_DNS.o
 .text.prvGetHostByName
                0x00000000080093b0      0x130 build/FreeRTOS_DNS.o
 .text.prvPrepareLookup
                0x00000000080094e0       0x46 build/FreeRTOS_DNS.o
 .text.FreeRTOS_gethostbyname
                0x0000000008009526        0x8 build/FreeRTOS_DNS.o
                0x0000000008009526                FreeRTOS_gethostbyname
 .text.ulDNSHandlePacket
                0x000000000800952e       0x20 build/FreeRTOS_DNS.o
                0x000000000800952e                ulDNSHandlePacket
 *fill*         0x000000000800954e        0x2 
 .text.prvCalculateSleepTime
                0x0000000008009550       0x3c build/FreeRTOS_IP.o
 .text.prvPacketBuffer_to_NetworkBuffer
                0x000000000800958c       0x16 build/FreeRTOS_IP.o
 *fill*         0x00000000080095a2        0x2 
 .text.prvProcessICMPEchoRequest
                0x00000000080095a4       0x38 build/FreeRTOS_IP.o
 .text.prvIPTimerStart
                0x00000000080095dc       0x2c build/FreeRTOS_IP.o
 .text.prvIPTimerReload
                0x0000000008009608        0xa build/FreeRTOS_IP.o
 .text.prvIPTimerCheck
                0x0000000008009612       0x46 build/FreeRTOS_IP.o
 .text.prvProcessICMPEchoReply
                0x0000000008009658       0x38 build/FreeRTOS_IP.o
 .text.prvProcessICMPPacket
                0x0000000008009690       0x20 build/FreeRTOS_IP.o
 .text.xIsCallingFromIPTask
                0x00000000080096b0       0x1c build/FreeRTOS_IP.o
                0x00000000080096b0                xIsCallingFromIPTask
 .text.FreeRTOS_GetUDPPayloadBuffer
                0x00000000080096cc       0x24 build/FreeRTOS_IP.o
                0x00000000080096cc                FreeRTOS_GetUDPPayloadBuffer
 .text.pxDuplicateNetworkBufferWithDescriptor
                0x00000000080096f0       0x2e build/FreeRTOS_IP.o
                0x00000000080096f0                pxDuplicateNetworkBufferWithDescriptor
 .text.pxPacketBuffer_to_NetworkBuffer
                0x000000000800971e        0xa build/FreeRTOS_IP.o
                0x000000000800971e                pxPacketBuffer_to_NetworkBuffer
 .text.pxUDPPayloadBuffer_to_NetworkBuffer
                0x0000000008009728        0xa build/FreeRTOS_IP.o
                0x0000000008009728                pxUDPPayloadBuffer_to_NetworkBuffer
 .text.FreeRTOS_ReleaseUDPPayloadBuffer
                0x0000000008009732        0xc build/FreeRTOS_IP.o
                0x0000000008009732                FreeRTOS_ReleaseUDPPayloadBuffer
 *fill*         0x000000000800973e        0x2 
 .text.FreeRTOS_GetAddressConfiguration
                0x0000000008009740       0x50 build/FreeRTOS_IP.o
                0x0000000008009740                FreeRTOS_GetAddressConfiguration
 .text.vIPNetworkUpCalls
                0x0000000008009790       0x24 build/FreeRTOS_IP.o
                0x0000000008009790                vIPNetworkUpCalls
 .text.xIsIPv4Multicast
                0x00000000080097b4       0x28 build/FreeRTOS_IP.o
                0x00000000080097b4                xIsIPv4Multicast
 .text.vSetMultiCastIPv4MacAddress
                0x00000000080097dc       0x1e build/FreeRTOS_IP.o
                0x00000000080097dc                vSetMultiCastIPv4MacAddress
 *fill*         0x00000000080097fa        0x2 
 .text.vPrintResourceStats
                0x00000000080097fc       0x70 build/FreeRTOS_IP.o
                0x00000000080097fc                vPrintResourceStats
 .text.FreeRTOS_GetIPAddress
                0x000000000800986c        0xc build/FreeRTOS_IP.o
                0x000000000800986c                FreeRTOS_GetIPAddress
 .text.FreeRTOS_GetMACAddress
                0x0000000008009878        0x8 build/FreeRTOS_IP.o
                0x0000000008009878                FreeRTOS_GetMACAddress
 .text.xIPIsNetworkTaskReady
                0x0000000008009880        0xc build/FreeRTOS_IP.o
                0x0000000008009880                xIPIsNetworkTaskReady
 .text.FreeRTOS_IPInit
                0x000000000800988c      0x1bc build/FreeRTOS_IP.o
                0x000000000800988c                FreeRTOS_IPInit
 .text.xSendEventStructToIPTask
                0x0000000008009a48       0x74 build/FreeRTOS_IP.o
                0x0000000008009a48                xSendEventStructToIPTask
 .text.FreeRTOS_NetworkDown
                0x0000000008009abc       0x28 build/FreeRTOS_IP.o
                0x0000000008009abc                FreeRTOS_NetworkDown
 .text.prvProcessNetworkDownEvent
                0x0000000008009ae4       0x4c build/FreeRTOS_IP.o
 .text.xSendEventToIPTask
                0x0000000008009b30       0x18 build/FreeRTOS_IP.o
                0x0000000008009b30                xSendEventToIPTask
 .text.prvCheckNetworkTimers
                0x0000000008009b48       0x60 build/FreeRTOS_IP.o
 .text.FreeRTOS_IsNetworkUp
                0x0000000008009ba8        0xc build/FreeRTOS_IP.o
                0x0000000008009ba8                FreeRTOS_IsNetworkUp
 .text.FreeRTOS_min_int32
                0x0000000008009bb4        0x8 build/FreeRTOS_IP.o
                0x0000000008009bb4                FreeRTOS_min_int32
 .text.FreeRTOS_min_uint32
                0x0000000008009bbc        0x8 build/FreeRTOS_IP.o
                0x0000000008009bbc                FreeRTOS_min_uint32
 .text.FreeRTOS_round_up
                0x0000000008009bc4        0xe build/FreeRTOS_IP.o
                0x0000000008009bc4                FreeRTOS_round_up
 .text.vCastPointerTo_EthernetHeader_t
                0x0000000008009bd2        0x2 build/FreeRTOS_IP.o
                0x0000000008009bd2                vCastPointerTo_EthernetHeader_t
 .text.vReturnEthernetFrame
                0x0000000008009bd4       0x50 build/FreeRTOS_IP.o
                0x0000000008009bd4                vReturnEthernetFrame
 .text.vCastConstPointerTo_EthernetHeader_t
                0x0000000008009c24        0x2 build/FreeRTOS_IP.o
                0x0000000008009c24                vCastConstPointerTo_EthernetHeader_t
 .text.vCastConstPointerTo_IPHeader_t
                0x0000000008009c26        0x2 build/FreeRTOS_IP.o
                0x0000000008009c26                vCastConstPointerTo_IPHeader_t
 .text.vCastPointerTo_ARPPacket_t
                0x0000000008009c28        0x2 build/FreeRTOS_IP.o
                0x0000000008009c28                vCastPointerTo_ARPPacket_t
 .text.vCastPointerTo_IPPacket_t
                0x0000000008009c2a        0x2 build/FreeRTOS_IP.o
                0x0000000008009c2a                vCastPointerTo_IPPacket_t
 .text.vCastConstPointerTo_IPPacket_t
                0x0000000008009c2c        0x2 build/FreeRTOS_IP.o
                0x0000000008009c2c                vCastConstPointerTo_IPPacket_t
 *fill*         0x0000000008009c2e        0x2 
 .text.xCheckSizeFields
                0x0000000008009c30       0xa0 build/FreeRTOS_IP.o
 .text.vCastPointerTo_ICMPPacket_t
                0x0000000008009cd0        0x2 build/FreeRTOS_IP.o
                0x0000000008009cd0                vCastPointerTo_ICMPPacket_t
 .text.vCastPointerTo_UDPPacket_t
                0x0000000008009cd2        0x2 build/FreeRTOS_IP.o
                0x0000000008009cd2                vCastPointerTo_UDPPacket_t
 .text.vCastConstPointerTo_UDPPacket_t
                0x0000000008009cd4        0x2 build/FreeRTOS_IP.o
                0x0000000008009cd4                vCastConstPointerTo_UDPPacket_t
 .text.vCastPointerTo_TCPPacket_t
                0x0000000008009cd6        0x2 build/FreeRTOS_IP.o
                0x0000000008009cd6                vCastPointerTo_TCPPacket_t
 .text.vCastConstPointerTo_TCPPacket_t
                0x0000000008009cd8        0x2 build/FreeRTOS_IP.o
                0x0000000008009cd8                vCastConstPointerTo_TCPPacket_t
 .text.vCastPointerTo_ProtocolPacket_t
                0x0000000008009cda        0x2 build/FreeRTOS_IP.o
                0x0000000008009cda                vCastPointerTo_ProtocolPacket_t
 .text.prvAllowIPPacket
                0x0000000008009cdc       0xc4 build/FreeRTOS_IP.o
 .text.prvProcessIPPacket
                0x0000000008009da0      0x120 build/FreeRTOS_IP.o
 .text.prvProcessEthernetPacket
                0x0000000008009ec0       0x76 build/FreeRTOS_IP.o
 .text.prvHandleEthernetPacket
                0x0000000008009f36       0x16 build/FreeRTOS_IP.o
 .text.vCastPointerTo_ProtocolHeaders_t
                0x0000000008009f4c        0x2 build/FreeRTOS_IP.o
                0x0000000008009f4c                vCastPointerTo_ProtocolHeaders_t
 .text.vCastConstPointerTo_ProtocolHeaders_t
                0x0000000008009f4e        0x2 build/FreeRTOS_IP.o
                0x0000000008009f4e                vCastConstPointerTo_ProtocolHeaders_t
 .text.vCastPointerTo_FreeRTOS_Socket_t
                0x0000000008009f50        0x2 build/FreeRTOS_IP.o
                0x0000000008009f50                vCastPointerTo_FreeRTOS_Socket_t
 .text.vCastConstPointerTo_FreeRTOS_Socket_t
                0x0000000008009f52        0x2 build/FreeRTOS_IP.o
                0x0000000008009f52                vCastConstPointerTo_FreeRTOS_Socket_t
 .text.vCastPointerTo_SocketSelect_t
                0x0000000008009f54        0x2 build/FreeRTOS_IP.o
                0x0000000008009f54                vCastPointerTo_SocketSelect_t
 *fill*         0x0000000008009f56        0x2 
 .text.prvIPTask
                0x0000000008009f58      0x164 build/FreeRTOS_IP.o
 .text.usChar2u16
                0x000000000800a0bc        0xa build/FreeRTOS_IP.o
                0x000000000800a0bc                usChar2u16
 .text.prvValidSocket
                0x000000000800a0c6       0x28 build/FreeRTOS_Sockets.o
 .text.bMayConnect
                0x000000000800a0ee       0x22 build/FreeRTOS_Sockets.o
 .text.prvDetermineSocketSize
                0x000000000800a110       0xdc build/FreeRTOS_Sockets.o
 .text.pxListFindListItemWithValue
                0x000000000800a1ec       0x2e build/FreeRTOS_Sockets.o
 *fill*         0x000000000800a21a        0x2 
 .text.prvSockopt_so_buffer
                0x000000000800a21c       0x78 build/FreeRTOS_Sockets.o
 .text.prvFindSelectedSocket
                0x000000000800a294       0x44 build/FreeRTOS_Sockets.o
 .text.prvGetPrivatePortNumber
                0x000000000800a2d8       0x70 build/FreeRTOS_Sockets.o
 .text.prvTCPCreateStream
                0x000000000800a348       0xac build/FreeRTOS_Sockets.o
 .text.prvTCPSendCheck
                0x000000000800a3f4       0x7c build/FreeRTOS_Sockets.o
 .text.vNetworkSocketsInit
                0x000000000800a470       0x18 build/FreeRTOS_Sockets.o
                0x000000000800a470                vNetworkSocketsInit
 .text.FreeRTOS_socket
                0x000000000800a488       0xa8 build/FreeRTOS_Sockets.o
                0x000000000800a488                FreeRTOS_socket
 .text.FreeRTOS_CreateSocketSet
                0x000000000800a530       0x2c build/FreeRTOS_Sockets.o
                0x000000000800a530                FreeRTOS_CreateSocketSet
 .text.FreeRTOS_FD_SET
                0x000000000800a55c       0x52 build/FreeRTOS_Sockets.o
                0x000000000800a55c                FreeRTOS_FD_SET
 .text.FreeRTOS_FD_CLR
                0x000000000800a5ae       0x50 build/FreeRTOS_Sockets.o
                0x000000000800a5ae                FreeRTOS_FD_CLR
 .text.FreeRTOS_select
                0x000000000800a5fe       0x5a build/FreeRTOS_Sockets.o
                0x000000000800a5fe                FreeRTOS_select
 .text.FreeRTOS_recvfrom
                0x000000000800a658       0xd6 build/FreeRTOS_Sockets.o
                0x000000000800a658                FreeRTOS_recvfrom
 *fill*         0x000000000800a72e        0x2 
 .text.FreeRTOS_bind
                0x000000000800a730       0xa4 build/FreeRTOS_Sockets.o
                0x000000000800a730                FreeRTOS_bind
 .text.FreeRTOS_sendto
                0x000000000800a7d4       0xea build/FreeRTOS_Sockets.o
                0x000000000800a7d4                FreeRTOS_sendto
 *fill*         0x000000000800a8be        0x2 
 .text.vSocketBind
                0x000000000800a8c0       0xf8 build/FreeRTOS_Sockets.o
                0x000000000800a8c0                vSocketBind
 .text.FreeRTOS_closesocket
                0x000000000800a9b8       0x3c build/FreeRTOS_Sockets.o
                0x000000000800a9b8                FreeRTOS_closesocket
 .text.vSocketClose
                0x000000000800a9f4       0x98 build/FreeRTOS_Sockets.o
                0x000000000800a9f4                vSocketClose
 .text.prvTCPSetSocketCount
                0x000000000800aa8c       0xa0 build/FreeRTOS_Sockets.o
 .text.pxUDPSocketLookup
                0x000000000800ab2c       0x38 build/FreeRTOS_Sockets.o
                0x000000000800ab2c                pxUDPSocketLookup
 .text.FreeRTOS_inet_ntoa
                0x000000000800ab64       0x90 build/FreeRTOS_Sockets.o
                0x000000000800ab64                FreeRTOS_inet_ntoa
 .text.FreeRTOS_inet_pton4
                0x000000000800abf4       0x90 build/FreeRTOS_Sockets.o
                0x000000000800abf4                FreeRTOS_inet_pton4
 .text.FreeRTOS_inet_addr
                0x000000000800ac84       0x16 build/FreeRTOS_Sockets.o
                0x000000000800ac84                FreeRTOS_inet_addr
 .text.vSocketWakeUpUser
                0x000000000800ac9a       0x3c build/FreeRTOS_Sockets.o
                0x000000000800ac9a                vSocketWakeUpUser
 .text.FreeRTOS_accept
                0x000000000800acd6      0x116 build/FreeRTOS_Sockets.o
                0x000000000800acd6                FreeRTOS_accept
 .text.FreeRTOS_recv
                0x000000000800adec      0x122 build/FreeRTOS_Sockets.o
                0x000000000800adec                FreeRTOS_recv
 *fill*         0x000000000800af0e        0x2 
 .text.FreeRTOS_send
                0x000000000800af10      0x124 build/FreeRTOS_Sockets.o
                0x000000000800af10                FreeRTOS_send
 .text.FreeRTOS_listen
                0x000000000800b034       0x8c build/FreeRTOS_Sockets.o
                0x000000000800b034                FreeRTOS_listen
 .text.FreeRTOS_shutdown
                0x000000000800b0c0       0x3e build/FreeRTOS_Sockets.o
                0x000000000800b0c0                FreeRTOS_shutdown
 *fill*         0x000000000800b0fe        0x2 
 .text.xTCPTimerCheck
                0x000000000800b100       0x88 build/FreeRTOS_Sockets.o
                0x000000000800b100                xTCPTimerCheck
 .text.pxTCPSocketLookup
                0x000000000800b188       0x58 build/FreeRTOS_Sockets.o
                0x000000000800b188                pxTCPSocketLookup
 .text.lTCPAddRxdata
                0x000000000800b1e0       0xc8 build/FreeRTOS_Sockets.o
                0x000000000800b1e0                lTCPAddRxdata
 .text.FreeRTOS_GetRemoteAddress
                0x000000000800b2a8       0x3c build/FreeRTOS_Sockets.o
                0x000000000800b2a8                FreeRTOS_GetRemoteAddress
 .text.FreeRTOS_tx_space
                0x000000000800b2e4       0x20 build/FreeRTOS_Sockets.o
                0x000000000800b2e4                FreeRTOS_tx_space
 .text.FreeRTOS_tx_size
                0x000000000800b304       0x1e build/FreeRTOS_Sockets.o
                0x000000000800b304                FreeRTOS_tx_size
 *fill*         0x000000000800b322        0x2 
 .text.FreeRTOS_setsockopt
                0x000000000800b324      0x25c build/FreeRTOS_Sockets.o
                0x000000000800b324                FreeRTOS_setsockopt
 .text.FreeRTOS_issocketconnected
                0x000000000800b580       0x26 build/FreeRTOS_Sockets.o
                0x000000000800b580                FreeRTOS_issocketconnected
 *fill*         0x000000000800b5a6        0x2 
 .text.prvTCPConnectStart
                0x000000000800b5a8       0xd8 build/FreeRTOS_Sockets.o
 .text.FreeRTOS_connect
                0x000000000800b680       0x60 build/FreeRTOS_Sockets.o
                0x000000000800b680                FreeRTOS_connect
 .text.FreeRTOS_rx_size
                0x000000000800b6e0       0x1e build/FreeRTOS_Sockets.o
                0x000000000800b6e0                FreeRTOS_rx_size
 .text.xSocketValid
                0x000000000800b6fe       0x10 build/FreeRTOS_Sockets.o
                0x000000000800b6fe                xSocketValid
 *fill*         0x000000000800b70e        0x2 
 .text.vTCPNetStat
                0x000000000800b710      0x160 build/FreeRTOS_Sockets.o
                0x000000000800b710                vTCPNetStat
 .text.vSocketSelect
                0x000000000800b870      0x170 build/FreeRTOS_Sockets.o
                0x000000000800b870                vSocketSelect
 .text.uxStreamBufferSpace
                0x000000000800b9e0       0x10 build/FreeRTOS_Stream_Buffer.o
                0x000000000800b9e0                uxStreamBufferSpace
 .text.uxStreamBufferDistance
                0x000000000800b9f0        0xe build/FreeRTOS_Stream_Buffer.o
                0x000000000800b9f0                uxStreamBufferDistance
 .text.uxStreamBufferGetSpace
                0x000000000800b9fe        0xc build/FreeRTOS_Stream_Buffer.o
                0x000000000800b9fe                uxStreamBufferGetSpace
 .text.uxStreamBufferFrontSpace
                0x000000000800ba0a        0xc build/FreeRTOS_Stream_Buffer.o
                0x000000000800ba0a                uxStreamBufferFrontSpace
 .text.uxStreamBufferGetSize
                0x000000000800ba16        0xc build/FreeRTOS_Stream_Buffer.o
                0x000000000800ba16                uxStreamBufferGetSize
 .text.uxStreamBufferMidSpace
                0x000000000800ba22        0xc build/FreeRTOS_Stream_Buffer.o
                0x000000000800ba22                uxStreamBufferMidSpace
 .text.vStreamBufferClear
                0x000000000800ba2e        0xc build/FreeRTOS_Stream_Buffer.o
                0x000000000800ba2e                vStreamBufferClear
 .text.vStreamBufferMoveMid
                0x000000000800ba3a       0x20 build/FreeRTOS_Stream_Buffer.o
                0x000000000800ba3a                vStreamBufferMoveMid
 .text.xStreamBufferLessThenEqual
                0x000000000800ba5a       0x38 build/FreeRTOS_Stream_Buffer.o
                0x000000000800ba5a                xStreamBufferLessThenEqual
 .text.uxStreamBufferGetPtr
                0x000000000800ba92       0x1e build/FreeRTOS_Stream_Buffer.o
                0x000000000800ba92                uxStreamBufferGetPtr
 .text.uxStreamBufferAdd
                0x000000000800bab0       0x88 build/FreeRTOS_Stream_Buffer.o
                0x000000000800bab0                uxStreamBufferAdd
 .text.uxStreamBufferGet
                0x000000000800bb38       0x7e build/FreeRTOS_Stream_Buffer.o
                0x000000000800bb38                uxStreamBufferGet
 .text.prvTCPSocketIsActive
                0x000000000800bbb6       0x1e build/FreeRTOS_TCP_IP.o
 .text.prvSetSynAckOptions
                0x000000000800bbd4       0x14 build/FreeRTOS_TCP_IP.o
 .text.prvTCPAddTxData
                0x000000000800bbe8       0x2a build/FreeRTOS_TCP_IP.o
 *fill*         0x000000000800bc12        0x2 
 .text.prvSetOptions
                0x000000000800bc14       0x6c build/FreeRTOS_TCP_IP.o
 .text.prvTCPTouchSocket
                0x000000000800bc80       0x28 build/FreeRTOS_TCP_IP.o
 .text.prvTCPBufferResize
                0x000000000800bca8       0x80 build/FreeRTOS_TCP_IP.o
 .text.prvSocketSetMSS
                0x000000000800bd28       0x64 build/FreeRTOS_TCP_IP.o
 .text.prvTCPCreateWindow
                0x000000000800bd8c       0x60 build/FreeRTOS_TCP_IP.o
 .text.prvTCPPrepareConnect
                0x000000000800bdec      0x170 build/FreeRTOS_TCP_IP.o
 .text.prvTCPReturnPacket
                0x000000000800bf5c      0x230 build/FreeRTOS_TCP_IP.o
 .text.prvTCPSendSpecialPacketHelper
                0x000000000800c18c       0x26 build/FreeRTOS_TCP_IP.o
 .text.prvTCPSendReset
                0x000000000800c1b2        0xa build/FreeRTOS_TCP_IP.o
 .text.prvTCPSendChallengeAck
                0x000000000800c1bc        0xa build/FreeRTOS_TCP_IP.o
 *fill*         0x000000000800c1c6        0x2 
 .text.prvSendData
                0x000000000800c1c8       0x64 build/FreeRTOS_TCP_IP.o
 .text.prvTCPNextTimeout
                0x000000000800c22c       0xd4 build/FreeRTOS_TCP_IP.o
 .text.prvTCPFlagMeaning
                0x000000000800c300       0x94 build/FreeRTOS_TCP_IP.o
 .text.prvTCPSocketCopy
                0x000000000800c394       0xc4 build/FreeRTOS_TCP_IP.o
 .text.prvSingleStepTCPHeaderOptions
                0x000000000800c458       0xb8 build/FreeRTOS_TCP_IP.o
 .text.prvCheckOptions
                0x000000000800c510       0x54 build/FreeRTOS_TCP_IP.o
 .text.prvCheckRxData
                0x000000000800c564       0x6e build/FreeRTOS_TCP_IP.o
 *fill*         0x000000000800c5d2        0x2 
 .text.prvStoreRxData
                0x000000000800c5d4       0x90 build/FreeRTOS_TCP_IP.o
 .text.vSocketCloseNextTime
                0x000000000800c664       0x1c build/FreeRTOS_TCP_IP.o
                0x000000000800c664                vSocketCloseNextTime
 .text.FreeRTOS_GetTCPStateName
                0x000000000800c680       0x14 build/FreeRTOS_TCP_IP.o
                0x000000000800c680                FreeRTOS_GetTCPStateName
 .text.vTCPStateChange
                0x000000000800c694      0x194 build/FreeRTOS_TCP_IP.o
                0x000000000800c694                vTCPStateChange
 .text.prvTCPPrepareSend
                0x000000000800c828      0x24c build/FreeRTOS_TCP_IP.o
 .text.prvTCPSendRepeated
                0x000000000800ca74       0x3c build/FreeRTOS_TCP_IP.o
 .text.prvTCPSendPacket
                0x000000000800cab0       0x98 build/FreeRTOS_TCP_IP.o
 .text.prvHandleListen
                0x000000000800cb48      0x13c build/FreeRTOS_TCP_IP.o
 .text.prvHandleSynReceived
                0x000000000800cc84      0x134 build/FreeRTOS_TCP_IP.o
 .text.prvTCPHandleFin
                0x000000000800cdb8      0x128 build/FreeRTOS_TCP_IP.o
 .text.prvHandleEstablished
                0x000000000800cee0      0x1e0 build/FreeRTOS_TCP_IP.o
 .text.prvTCPHandleState
                0x000000000800d0c0      0x188 build/FreeRTOS_TCP_IP.o
 .text.xProcessReceivedTCPPacket
                0x000000000800d248      0x2ac build/FreeRTOS_TCP_IP.o
                0x000000000800d248                xProcessReceivedTCPPacket
 .text.prvTCPStatusAgeCheck
                0x000000000800d4f4       0x70 build/FreeRTOS_TCP_IP.o
 .text.xTCPSocketCheck
                0x000000000800d564       0x40 build/FreeRTOS_TCP_IP.o
                0x000000000800d564                xTCPSocketCheck
 .text.xTCPCheckNewClient
                0x000000000800d5a4       0x58 build/FreeRTOS_TCP_IP.o
                0x000000000800d5a4                xTCPCheckNewClient
 .text.prvTCPWindowTxHasSpace
                0x000000000800d5fc       0x10 build/FreeRTOS_TCP_WIN.o
 .text.xSequenceLessThan
                0x000000000800d60c        0xe build/FreeRTOS_TCP_WIN.o
                0x000000000800d60c                xSequenceLessThan
 .text.xSequenceGreaterThan
                0x000000000800d61a        0xe build/FreeRTOS_TCP_WIN.o
                0x000000000800d61a                xSequenceGreaterThan
 .text.vListInsertGeneric
                0x000000000800d628       0x14 build/FreeRTOS_TCP_WIN.o
                0x000000000800d628                vListInsertGeneric
 .text.vTCPWindowInit
                0x000000000800d63c       0x54 build/FreeRTOS_TCP_WIN.o
                0x000000000800d63c                vTCPWindowInit
 .text.vTCPWindowCreate
                0x000000000800d690       0x34 build/FreeRTOS_TCP_WIN.o
                0x000000000800d690                vTCPWindowCreate
 .text.lTCPWindowRxCheck
                0x000000000800d6c4       0x24 build/FreeRTOS_TCP_WIN.o
                0x000000000800d6c4                lTCPWindowRxCheck
 .text.lTCPWindowTxAdd
                0x000000000800d6e8       0x7c build/FreeRTOS_TCP_WIN.o
                0x000000000800d6e8                lTCPWindowTxAdd
 .text.ulTCPWindowTxGet
                0x000000000800d764       0x54 build/FreeRTOS_TCP_WIN.o
                0x000000000800d764                ulTCPWindowTxGet
 .text.xTCPWindowTxDone
                0x000000000800d7b8        0xc build/FreeRTOS_TCP_WIN.o
                0x000000000800d7b8                xTCPWindowTxDone
 .text.xTCPWindowTxHasData
                0x000000000800d7c4       0x48 build/FreeRTOS_TCP_WIN.o
                0x000000000800d7c4                xTCPWindowTxHasData
 .text.ulTCPWindowTxAck
                0x000000000800d80c       0x60 build/FreeRTOS_TCP_WIN.o
                0x000000000800d80c                ulTCPWindowTxAck
 .text.xTCPWindowRxEmpty
                0x000000000800d86c       0x12 build/FreeRTOS_TCP_WIN.o
                0x000000000800d86c                xTCPWindowRxEmpty
 *fill*         0x000000000800d87e        0x2 
 .text.vProcessGeneratedUDPPacket
                0x000000000800d880       0xec build/FreeRTOS_UDP_IP.o
                0x000000000800d880                vProcessGeneratedUDPPacket
 .text.xProcessReceivedUDPPacket
                0x000000000800d96c       0xbc build/FreeRTOS_UDP_IP.o
                0x000000000800d96c                xProcessReceivedUDPPacket
 .text.xNetworkBuffersInitialise
                0x000000000800da28       0x94 build/BufferAllocation_2.o
                0x000000000800da28                xNetworkBuffersInitialise
 .text.vReleaseNetworkBuffer
                0x000000000800dabc        0xe build/BufferAllocation_2.o
                0x000000000800dabc                vReleaseNetworkBuffer
 *fill*         0x000000000800daca        0x2 
 .text.vReleaseNetworkBufferAndDescriptor
                0x000000000800dacc       0x4c build/BufferAllocation_2.o
                0x000000000800dacc                vReleaseNetworkBufferAndDescriptor
 .text.pxGetNetworkBufferWithDescriptor
                0x000000000800db18       0xb0 build/BufferAllocation_2.o
                0x000000000800db18                pxGetNetworkBufferWithDescriptor
 .text.uxGetNumberOfFreeNetworkBuffers
                0x000000000800dbc8        0xc build/BufferAllocation_2.o
                0x000000000800dbc8                uxGetNumberOfFreeNetworkBuffers
 .text.uxGetMinimumFreeNetworkBuffers
                0x000000000800dbd4        0xc build/BufferAllocation_2.o
                0x000000000800dbd4                uxGetMinimumFreeNetworkBuffers
 .text.pcPhyName
                0x000000000800dbe0       0x74 build/phyHandling.o
 .text.xHas_1F_PHYSPCS
                0x000000000800dc54       0x14 build/phyHandling.o
 .text.xHas_19_PHYCR
                0x000000000800dc68       0x14 build/phyHandling.o
 .text.xPhyReset
                0x000000000800dc7c       0xd8 build/phyHandling.o
 .text.vPhyInitialise
                0x000000000800dd54       0x18 build/phyHandling.o
                0x000000000800dd54                vPhyInitialise
 .text.xPhyDiscover
                0x000000000800dd6c       0x80 build/phyHandling.o
                0x000000000800dd6c                xPhyDiscover
 .text.xPhyConfigure
                0x000000000800ddec      0x154 build/phyHandling.o
                0x000000000800ddec                xPhyConfigure
 .text.xPhyFixedValue
                0x000000000800df40       0x52 build/phyHandling.o
                0x000000000800df40                xPhyFixedValue
 *fill*         0x000000000800df92        0x2 
 .text.xPhyStartAutoNegotiation
                0x000000000800df94      0x1e4 build/phyHandling.o
                0x000000000800df94                xPhyStartAutoNegotiation
 .text.xPhyCheckLinkStatus
                0x000000000800e178       0xd8 build/phyHandling.o
                0x000000000800e178                xPhyCheckLinkStatus
 .text.prvDMATxDescListInit
                0x000000000800e250       0x54 build/NetworkInterface.o
 .text.prvMACAddressConfig
                0x000000000800e2a4       0x34 build/NetworkInterface.o
 .text.xMayAcceptPacket
                0x000000000800e2d8       0x18 build/NetworkInterface.o
 .text.prvDMARxDescListInit
                0x000000000800e2f0       0x6c build/NetworkInterface.o
 .text.prvPassEthMessages
                0x000000000800e35c       0x38 build/NetworkInterface.o
 .text.prvNetworkInterfaceInput
                0x000000000800e394      0x11c build/NetworkInterface.o
 .text.vClearTXBuffers
                0x000000000800e4b0       0x6c build/NetworkInterface.o
 .text.prvEthernetUpdateConfig
                0x000000000800e51c       0xd4 build/NetworkInterface.o
 .text.prvEMACHandlerTask
                0x000000000800e5f0       0xb4 build/NetworkInterface.o
 .text.xSTM32_PhyRead
                0x000000000800e6a4       0x20 build/NetworkInterface.o
                0x000000000800e6a4                xSTM32_PhyRead
 .text.xSTM32_PhyWrite
                0x000000000800e6c4       0x20 build/NetworkInterface.o
                0x000000000800e6c4                xSTM32_PhyWrite
 .text.HAL_ETH_RxCpltCallback
                0x000000000800e6e4       0x48 build/NetworkInterface.o
                0x000000000800e6e4                HAL_ETH_RxCpltCallback
 .text.HAL_ETH_TxCpltCallback
                0x000000000800e72c       0x48 build/NetworkInterface.o
                0x000000000800e72c                HAL_ETH_TxCpltCallback
 .text.xNetworkInterfaceInitialise
                0x000000000800e774      0x120 build/NetworkInterface.o
                0x000000000800e774                xNetworkInterfaceInitialise
 .text.xNetworkInterfaceOutput
                0x000000000800e894       0xd4 build/NetworkInterface.o
                0x000000000800e894                xNetworkInterfaceOutput
 .text.vMACBProbePhy
                0x000000000800e968       0x30 build/NetworkInterface.o
                0x000000000800e968                vMACBProbePhy
 .text.ETH_IRQHandler
                0x000000000800e998       0x10 build/NetworkInterface.o
                0x000000000800e998                ETH_IRQHandler
 .text.vRegisterDelay
                0x000000000800e9a8       0x34 build/stm32fxx_hal_eth.o
 .text.prvWriteMACFCR
                0x000000000800e9dc       0x18 build/stm32fxx_hal_eth.o
 .text.prvWriteDMAOMR
                0x000000000800e9f4       0x1c build/stm32fxx_hal_eth.o
 .text.prvWriteMACCR
                0x000000000800ea10       0x18 build/stm32fxx_hal_eth.o
 .text.ETH_MACAddressConfig
                0x000000000800ea28       0x34 build/stm32fxx_hal_eth.o
 .text.ETH_MACDMAConfig
                0x000000000800ea5c       0xf4 build/stm32fxx_hal_eth.o
 .text.ETH_MACTransmissionEnable
                0x000000000800eb50       0x10 build/stm32fxx_hal_eth.o
 .text.ETH_MACTransmissionDisable
                0x000000000800eb60       0x10 build/stm32fxx_hal_eth.o
 .text.ETH_MACReceptionEnable
                0x000000000800eb70       0x1a build/stm32fxx_hal_eth.o
 .text.ETH_MACReceptionDisable
                0x000000000800eb8a       0x1a build/stm32fxx_hal_eth.o
 .text.ETH_DMATransmissionEnable
                0x000000000800eba4       0x1e build/stm32fxx_hal_eth.o
 .text.ETH_DMATransmissionDisable
                0x000000000800ebc2       0x1e build/stm32fxx_hal_eth.o
 .text.ETH_DMAReceptionEnable
                0x000000000800ebe0       0x1e build/stm32fxx_hal_eth.o
 .text.ETH_DMAReceptionDisable
                0x000000000800ebfe       0x1e build/stm32fxx_hal_eth.o
 .text.ETH_FlushTransmitFIFO
                0x000000000800ec1c       0x1e build/stm32fxx_hal_eth.o
 *fill*         0x000000000800ec3a        0x2 
 .text.HAL_ETH_Init
                0x000000000800ec3c       0xec build/stm32fxx_hal_eth.o
                0x000000000800ec3c                HAL_ETH_Init
 .text.HAL_ETH_ErrorCallback
                0x000000000800ed28        0x2 build/stm32fxx_hal_eth.o
                0x000000000800ed28                HAL_ETH_ErrorCallback
 *fill*         0x000000000800ed2a        0x2 
 .text.HAL_ETH_IRQHandler
                0x000000000800ed2c       0x40 build/stm32fxx_hal_eth.o
                0x000000000800ed2c                HAL_ETH_IRQHandler
 .text.HAL_ETH_ReadPHYRegister
                0x000000000800ed6c       0x7e build/stm32fxx_hal_eth.o
                0x000000000800ed6c                HAL_ETH_ReadPHYRegister
 .text.HAL_ETH_WritePHYRegister
                0x000000000800edea       0x7e build/stm32fxx_hal_eth.o
                0x000000000800edea                HAL_ETH_WritePHYRegister
 .text.HAL_ETH_Start
                0x000000000800ee68       0x44 build/stm32fxx_hal_eth.o
                0x000000000800ee68                HAL_ETH_Start
 .text.HAL_ETH_Stop
                0x000000000800eeac       0x44 build/stm32fxx_hal_eth.o
                0x000000000800eeac                HAL_ETH_Stop
 .text.HAL_ETH_ConfigMAC
                0x000000000800eef0      0x108 build/stm32fxx_hal_eth.o
                0x000000000800eef0                HAL_ETH_ConfigMAC
 .text.Sockets_Connect
                0x000000000800eff8      0x13c build/sockets_wrapper.o
                0x000000000800eff8                Sockets_Connect
 .text.Sockets_Disconnect
                0x000000000800f134       0x36 build/sockets_wrapper.o
                0x000000000800f134                Sockets_Disconnect
 *fill*         0x000000000800f16a        0x2 
 .text.Plaintext_FreeRTOS_Connect
                0x000000000800f16c       0x7c build/using_plaintext.o
                0x000000000800f16c                Plaintext_FreeRTOS_Connect
 .text.Plaintext_FreeRTOS_Disconnect
                0x000000000800f1e8       0x68 build/using_plaintext.o
                0x000000000800f1e8                Plaintext_FreeRTOS_Disconnect
 .text.Plaintext_FreeRTOS_recv
                0x000000000800f250       0x40 build/using_plaintext.o
                0x000000000800f250                Plaintext_FreeRTOS_recv
 .text.Plaintext_FreeRTOS_send
                0x000000000800f290       0x32 build/using_plaintext.o
                0x000000000800f290                Plaintext_FreeRTOS_send
 *fill*         0x000000000800f2c2        0x2 
 .text.BackoffAlgorithm_GetNextBackoff
                0x000000000800f2c4       0x70 build/backoff_algorithm.o
                0x000000000800f2c4                BackoffAlgorithm_GetNextBackoff
 .text.BackoffAlgorithm_InitializeParams
                0x000000000800f334       0x28 build/backoff_algorithm.o
                0x000000000800f334                BackoffAlgorithm_InitializeParams
 .text.remainingLengthEncodedSize
                0x000000000800f35c       0x20 build/core_mqtt_serializer.o
 .text.getRemainingLength
                0x000000000800f37c       0x72 build/core_mqtt_serializer.o
 *fill*         0x000000000800f3ee        0x2 
 .text.incomingPacketValid
                0x000000000800f3f0       0x94 build/core_mqtt_serializer.o
 .text.encodeRemainingLength
                0x000000000800f484       0x3c build/core_mqtt_serializer.o
 .text.calculatePublishPacketSize
                0x000000000800f4c0       0xe8 build/core_mqtt_serializer.o
 .text.logConnackResponse
                0x000000000800f5a8       0x78 build/core_mqtt_serializer.o
 .text.deserializeConnack
                0x000000000800f620      0x108 build/core_mqtt_serializer.o
 .text.readSubackStatus
                0x000000000800f728       0x94 build/core_mqtt_serializer.o
 .text.deserializeSuback
                0x000000000800f7bc       0x88 build/core_mqtt_serializer.o
 .text.deserializePingresp
                0x000000000800f844       0x5c build/core_mqtt_serializer.o
 .text.deserializeSimpleAck
                0x000000000800f8a0       0xa0 build/core_mqtt_serializer.o
 .text.encodeString
                0x000000000800f940       0x38 build/core_mqtt_serializer.o
 .text.serializeConnectPacket
                0x000000000800f978      0x10c build/core_mqtt_serializer.o
 .text.serializePublishCommon
                0x000000000800fa84      0x104 build/core_mqtt_serializer.o
 .text.MQTT_GetConnectPacketSize
                0x000000000800fb88       0xf4 build/core_mqtt_serializer.o
                0x000000000800fb88                MQTT_GetConnectPacketSize
 .text.MQTT_SerializeConnect
                0x000000000800fc7c       0xe8 build/core_mqtt_serializer.o
                0x000000000800fc7c                MQTT_SerializeConnect
 .text.MQTT_GetPublishPacketSize
                0x000000000800fd64       0xb0 build/core_mqtt_serializer.o
                0x000000000800fd64                MQTT_GetPublishPacketSize
 .text.MQTT_SerializePublishHeader
                0x000000000800fe14      0x198 build/core_mqtt_serializer.o
                0x000000000800fe14                MQTT_SerializePublishHeader
 .text.MQTT_SerializeAck
                0x000000000800ffac       0xfc build/core_mqtt_serializer.o
                0x000000000800ffac                MQTT_SerializeAck
 .text.MQTT_GetDisconnectPacketSize
                0x00000000080100a8       0x40 build/core_mqtt_serializer.o
                0x00000000080100a8                MQTT_GetDisconnectPacketSize
 .text.MQTT_SerializeDisconnect
                0x00000000080100e8       0x9c build/core_mqtt_serializer.o
                0x00000000080100e8                MQTT_SerializeDisconnect
 .text.MQTT_DeserializeAck
                0x0000000008010184      0x134 build/core_mqtt_serializer.o
                0x0000000008010184                MQTT_DeserializeAck
 .text.MQTT_GetIncomingPacketTypeAndLength
                0x00000000080102b8       0xf0 build/core_mqtt_serializer.o
                0x00000000080102b8                MQTT_GetIncomingPacketTypeAndLength
 .text.validateTransitionPublish
                0x00000000080103a8       0x5e build/core_mqtt_state.o
 .text.validateTransitionAck
                0x0000000008010406       0x68 build/core_mqtt_state.o
 .text.isPublishOutgoing
                0x000000000801046e       0x28 build/core_mqtt_state.o
 *fill*         0x0000000008010496        0x2 
 .text.compactRecords
                0x0000000008010498       0x60 build/core_mqtt_state.o
 .text.findInRecord
                0x00000000080104f8       0x48 build/core_mqtt_state.o
 .text.updateRecord
                0x0000000008010540       0x30 build/core_mqtt_state.o
 .text.stateSelect
                0x0000000008010570       0xa8 build/core_mqtt_state.o
 .text.addRecord
                0x0000000008010618       0xcc build/core_mqtt_state.o
 .text.MQTT_CalculateStateAck
                0x00000000080106e4       0x40 build/core_mqtt_state.o
                0x00000000080106e4                MQTT_CalculateStateAck
 .text.MQTT_ReserveState
                0x0000000008010724       0x30 build/core_mqtt_state.o
                0x0000000008010724                MQTT_ReserveState
 .text.MQTT_CalculateStatePublish
                0x0000000008010754       0x26 build/core_mqtt_state.o
                0x0000000008010754                MQTT_CalculateStatePublish
 *fill*         0x000000000801077a        0x2 
 .text.MQTT_PubrelToResend
                0x000000000801077c       0x64 build/core_mqtt_state.o
                0x000000000801077c                MQTT_PubrelToResend
 .text.MQTT_State_strerror
                0x00000000080107e0       0x74 build/core_mqtt_state.o
                0x00000000080107e0                MQTT_State_strerror
 .text.updateStatePublish
                0x0000000008010854       0xe4 build/core_mqtt_state.o
 .text.MQTT_UpdateStatePublish
                0x0000000008010938       0xf0 build/core_mqtt_state.o
                0x0000000008010938                MQTT_UpdateStatePublish
 .text.updateStateAck
                0x0000000008010a28       0xc0 build/core_mqtt_state.o
 .text.MQTT_UpdateStateAck
                0x0000000008010ae8      0x13c build/core_mqtt_state.o
                0x0000000008010ae8                MQTT_UpdateStateAck
 .text.calculateElapsedTime
                0x0000000008010c24        0x4 build/core_mqtt.o
 .text.getAckTypeToSend
                0x0000000008010c28       0x22 build/core_mqtt.o
 *fill*         0x0000000008010c4a        0x2 
 .text.validatePublishParams
                0x0000000008010c4c       0xac build/core_mqtt.o
 .text.sendPacket
                0x0000000008010cf8      0x12c build/core_mqtt.o
 .text.recvExact
                0x0000000008010e24      0x148 build/core_mqtt.o
 .text.discardPacket
                0x0000000008010f6c      0x110 build/core_mqtt.o
 .text.receivePacket
                0x000000000801107c       0xbc build/core_mqtt.o
 .text.getAckFromPacketType
                0x0000000008011138       0x3c build/core_mqtt.o
 .text.sendPublish
                0x0000000008011174       0xf8 build/core_mqtt.o
 .text.sendPublishAcks
                0x000000000801126c       0xe0 build/core_mqtt.o
 .text.handleSessionResumption
                0x000000000801134c       0x84 build/core_mqtt.o
 .text.serializePublish
                0x00000000080113d0       0x78 build/core_mqtt.o
 .text.MQTT_Init
                0x0000000008011448      0x12c build/core_mqtt.o
                0x0000000008011448                MQTT_Init
 .text.MQTT_Disconnect
                0x0000000008011574       0xbc build/core_mqtt.o
                0x0000000008011574                MQTT_Disconnect
 .text.MQTT_GetSubAckStatusCodes
                0x0000000008011630      0x10c build/core_mqtt.o
                0x0000000008011630                MQTT_GetSubAckStatusCodes
 .text.MQTT_Status_strerror
                0x000000000801173c       0x74 build/core_mqtt.o
                0x000000000801173c                MQTT_Status_strerror
 .text.receiveConnack
                0x00000000080117b0      0x178 build/core_mqtt.o
 .text.MQTT_Connect
                0x0000000008011928      0x154 build/core_mqtt.o
                0x0000000008011928                MQTT_Connect
 .text.MQTT_Publish
                0x0000000008011a7c       0xd8 build/core_mqtt.o
                0x0000000008011a7c                MQTT_Publish
 .text.Reset_Handler
                0x0000000008011b54       0x50 build/startup_stm32f746xx.o
                0x0000000008011b54                Reset_Handler
 .text.Default_Handler
                0x0000000008011ba4        0x2 build/startup_stm32f746xx.o
                0x0000000008011ba4                DMA1_Stream3_IRQHandler
                0x0000000008011ba4                EXTI2_IRQHandler
                0x0000000008011ba4                TIM8_CC_IRQHandler
                0x0000000008011ba4                UART8_IRQHandler
                0x0000000008011ba4                SPI4_IRQHandler
                0x0000000008011ba4                TIM1_CC_IRQHandler
                0x0000000008011ba4                DMA2_Stream5_IRQHandler
                0x0000000008011ba4                DMA1_Stream5_IRQHandler
                0x0000000008011ba4                PVD_IRQHandler
                0x0000000008011ba4                TAMP_STAMP_IRQHandler
                0x0000000008011ba4                CAN2_RX1_IRQHandler
                0x0000000008011ba4                EXTI3_IRQHandler
                0x0000000008011ba4                TIM8_TRG_COM_TIM14_IRQHandler
                0x0000000008011ba4                TIM1_UP_TIM10_IRQHandler
                0x0000000008011ba4                TIM8_UP_TIM13_IRQHandler
                0x0000000008011ba4                I2C3_ER_IRQHandler
                0x0000000008011ba4                EXTI0_IRQHandler
                0x0000000008011ba4                I2C2_EV_IRQHandler
                0x0000000008011ba4                DMA1_Stream2_IRQHandler
                0x0000000008011ba4                CAN1_RX0_IRQHandler
                0x0000000008011ba4                FPU_IRQHandler
                0x0000000008011ba4                OTG_HS_WKUP_IRQHandler
                0x0000000008011ba4                LTDC_ER_IRQHandler
                0x0000000008011ba4                CAN2_SCE_IRQHandler
                0x0000000008011ba4                DMA2_Stream2_IRQHandler
                0x0000000008011ba4                SPI1_IRQHandler
                0x0000000008011ba4                TIM6_DAC_IRQHandler
                0x0000000008011ba4                TIM1_BRK_TIM9_IRQHandler
                0x0000000008011ba4                DCMI_IRQHandler
                0x0000000008011ba4                CAN2_RX0_IRQHandler
                0x0000000008011ba4                DMA2_Stream3_IRQHandler
                0x0000000008011ba4                SAI2_IRQHandler
                0x0000000008011ba4                USART6_IRQHandler
                0x0000000008011ba4                USART3_IRQHandler
                0x0000000008011ba4                CAN1_RX1_IRQHandler
                0x0000000008011ba4                UART5_IRQHandler
                0x0000000008011ba4                DMA2_Stream0_IRQHandler
                0x0000000008011ba4                TIM4_IRQHandler
                0x0000000008011ba4                QUADSPI_IRQHandler
                0x0000000008011ba4                I2C1_EV_IRQHandler
                0x0000000008011ba4                DMA1_Stream6_IRQHandler
                0x0000000008011ba4                DMA1_Stream1_IRQHandler
                0x0000000008011ba4                UART4_IRQHandler
                0x0000000008011ba4                TIM3_IRQHandler
                0x0000000008011ba4                RCC_IRQHandler
                0x0000000008011ba4                TIM8_BRK_TIM12_IRQHandler
                0x0000000008011ba4                Default_Handler
                0x0000000008011ba4                CEC_IRQHandler
                0x0000000008011ba4                EXTI15_10_IRQHandler
                0x0000000008011ba4                ADC_IRQHandler
                0x0000000008011ba4                DMA1_Stream7_IRQHandler
                0x0000000008011ba4                SPI5_IRQHandler
                0x0000000008011ba4                TIM7_IRQHandler
                0x0000000008011ba4                SDMMC1_IRQHandler
                0x0000000008011ba4                CAN2_TX_IRQHandler
                0x0000000008011ba4                TIM5_IRQHandler
                0x0000000008011ba4                DMA2_Stream7_IRQHandler
                0x0000000008011ba4                I2C3_EV_IRQHandler
                0x0000000008011ba4                EXTI9_5_IRQHandler
                0x0000000008011ba4                RTC_WKUP_IRQHandler
                0x0000000008011ba4                LTDC_IRQHandler
                0x0000000008011ba4                ETH_WKUP_IRQHandler
                0x0000000008011ba4                SPDIF_RX_IRQHandler
                0x0000000008011ba4                SPI2_IRQHandler
                0x0000000008011ba4                OTG_HS_EP1_IN_IRQHandler
                0x0000000008011ba4                DMA1_Stream0_IRQHandler
                0x0000000008011ba4                CAN1_TX_IRQHandler
                0x0000000008011ba4                EXTI4_IRQHandler
                0x0000000008011ba4                RNG_IRQHandler
                0x0000000008011ba4                OTG_HS_EP1_OUT_IRQHandler
                0x0000000008011ba4                WWDG_IRQHandler
                0x0000000008011ba4                SPI6_IRQHandler
                0x0000000008011ba4                I2C4_EV_IRQHandler
                0x0000000008011ba4                OTG_FS_WKUP_IRQHandler
                0x0000000008011ba4                TIM1_TRG_COM_TIM11_IRQHandler
                0x0000000008011ba4                OTG_HS_IRQHandler
                0x0000000008011ba4                DMA2D_IRQHandler
                0x0000000008011ba4                EXTI1_IRQHandler
                0x0000000008011ba4                UART7_IRQHandler
                0x0000000008011ba4                USART2_IRQHandler
                0x0000000008011ba4                I2C2_ER_IRQHandler
                0x0000000008011ba4                DMA2_Stream1_IRQHandler
                0x0000000008011ba4                CAN1_SCE_IRQHandler
                0x0000000008011ba4                FLASH_IRQHandler
                0x0000000008011ba4                DMA2_Stream4_IRQHandler
                0x0000000008011ba4                USART1_IRQHandler
                0x0000000008011ba4                OTG_FS_IRQHandler
                0x0000000008011ba4                SPI3_IRQHandler
                0x0000000008011ba4                DMA1_Stream4_IRQHandler
                0x0000000008011ba4                I2C1_ER_IRQHandler
                0x0000000008011ba4                FMC_IRQHandler
                0x0000000008011ba4                LPTIM1_IRQHandler
                0x0000000008011ba4                I2C4_ER_IRQHandler
                0x0000000008011ba4                DMA2_Stream6_IRQHandler
                0x0000000008011ba4                SAI1_IRQHandler
                0x0000000008011ba4                RTC_Alarm_IRQHandler
 *fill*         0x0000000008011ba6        0x2 
 .text.__assert_func
                0x0000000008011ba8       0x3c /usr/local/Caskroom/gcc-arm-embedded/9-2019-q4-major/gcc-arm-none-eabi-9-2019-q4-major/bin/../lib/gcc/arm-none-eabi/9.2.1/../../../../arm-none-eabi/lib/thumb/v7e-m+fp/hard/libc_nano.a(lib_a-assert.o)
                0x0000000008011ba8                __assert_func
 .text.fprintf  0x0000000008011be4       0x24 /usr/local/Caskroom/gcc-arm-embedded/9-2019-q4-major/gcc-arm-none-eabi-9-2019-q4-major/bin/../lib/gcc/arm-none-eabi/9.2.1/../../../../arm-none-eabi/lib/thumb/v7e-m+fp/hard/libc_nano.a(lib_a-fprintf.o)
                0x0000000008011be4                fprintf
                0x0000000008011be4                fiprintf
 .text.__libc_init_array
                0x0000000008011c08       0x48 /usr/local/Caskroom/gcc-arm-embedded/9-2019-q4-major/gcc-arm-none-eabi-9-2019-q4-major/bin/../lib/gcc/arm-none-eabi/9.2.1/../../../../arm-none-eabi/lib/thumb/v7e-m+fp/hard/libc_nano.a(lib_a-init.o)
                0x0000000008011c08                __libc_init_array
 .text.memcmp   0x0000000008011c50       0x1c /usr/local/Caskroom/gcc-arm-embedded/9-2019-q4-major/gcc-arm-none-eabi-9-2019-q4-major/bin/../lib/gcc/arm-none-eabi/9.2.1/../../../../arm-none-eabi/lib/thumb/v7e-m+fp/hard/libc_nano.a(lib_a-memcmp.o)
                0x0000000008011c50                memcmp
 .text.memcpy   0x0000000008011c6c       0x1c /usr/local/Caskroom/gcc-arm-embedded/9-2019-q4-major/gcc-arm-none-eabi-9-2019-q4-major/bin/../lib/gcc/arm-none-eabi/9.2.1/../../../../arm-none-eabi/lib/thumb/v7e-m+fp/hard/libc_nano.a(lib_a-memcpy-stub.o)
                0x0000000008011c6c                memcpy
 .text.memmove  0x0000000008011c88       0x34 /usr/local/Caskroom/gcc-arm-embedded/9-2019-q4-major/gcc-arm-none-eabi-9-2019-q4-major/bin/../lib/gcc/arm-none-eabi/9.2.1/../../../../arm-none-eabi/lib/thumb/v7e-m+fp/hard/libc_nano.a(lib_a-memmove.o)
                0x0000000008011c88                memmove
 .text.memset   0x0000000008011cbc       0x10 /usr/local/Caskroom/gcc-arm-embedded/9-2019-q4-major/gcc-arm-none-eabi-9-2019-q4-major/bin/../lib/gcc/arm-none-eabi/9.2.1/../../../../arm-none-eabi/lib/thumb/v7e-m+fp/hard/libc_nano.a(lib_a-memset.o)
                0x0000000008011cbc                memset
 .text.__sfputc_r
                0x0000000008011ccc       0x2e /usr/local/Caskroom/gcc-arm-embedded/9-2019-q4-major/gcc-arm-none-eabi-9-2019-q4-major/bin/../lib/gcc/arm-none-eabi/9.2.1/../../../../arm-none-eabi/lib/thumb/v7e-m+fp/hard/libc_nano.a(lib_a-nano-vfprintf.o)
 .text.__sfputs_r
                0x0000000008011cfa       0x24 /usr/local/Caskroom/gcc-arm-embedded/9-2019-q4-major/gcc-arm-none-eabi-9-2019-q4-major/bin/../lib/gcc/arm-none-eabi/9.2.1/../../../../arm-none-eabi/lib/thumb/v7e-m+fp/hard/libc_nano.a(lib_a-nano-vfprintf.o)
                0x0000000008011cfa                __sfputs_r
 *fill*         0x0000000008011d1e        0x2 
 .text._vfprintf_r