Archive member included to satisfy reference by file (symbol)

/usr/local/Caskroom/gcc-arm-embedded/9-2019-q4-major/gcc-arm-none-eabi-9-2019-q4-major/bin/../lib/gcc/arm-none-eabi/9.2.1/../../../../arm-none-eabi/lib/thumb/v7e-m+fp/hard/libc_nano.a(lib_a-assert.o)
                              build/backoff_algorithm.o (__assert_func)
/usr/local/Caskroom/gcc-arm-embedded/9-2019-q4-major/gcc-arm-none-eabi-9-2019-q4-major/bin/../lib/gcc/arm-none-eabi/9.2.1/../../../../arm-none-eabi/lib/thumb/v7e-m+fp/hard/libc_nano.a(lib_a-exit.o)
                              /usr/local/Caskroom/gcc-arm-embedded/9-2019-q4-major/gcc-arm-none-eabi-9-2019-q4-major/bin/../lib/gcc/arm-none-eabi/9.2.1/../../../../arm-none-eabi/lib/thumb/v7e-m+fp/hard/crt0.o (exit)
/usr/local/Caskroom/gcc-arm-embedded/9-2019-q4-major/gcc-arm-none-eabi-9-2019-q4-major/bin/../lib/gcc/arm-none-eabi/9.2.1/../../../../arm-none-eabi/lib/thumb/v7e-m+fp/hard/libc_nano.a(lib_a-fprintf.o)
                              /usr/local/Caskroom/gcc-arm-embedded/9-2019-q4-major/gcc-arm-none-eabi-9-2019-q4-major/bin/../lib/gcc/arm-none-eabi/9.2.1/../../../../arm-none-eabi/lib/thumb/v7e-m+fp/hard/libc_nano.a(lib_a-assert.o) (fiprintf)
/usr/local/Caskroom/gcc-arm-embedded/9-2019-q4-major/gcc-arm-none-eabi-9-2019-q4-major/bin/../lib/gcc/arm-none-eabi/9.2.1/../../../../arm-none-eabi/lib/thumb/v7e-m+fp/hard/libc_nano.a(lib_a-impure.o)
                              /usr/local/Caskroom/gcc-arm-embedded/9-2019-q4-major/gcc-arm-none-eabi-9-2019-q4-major/bin/../lib/gcc/arm-none-eabi/9.2.1/../../../../arm-none-eabi/lib/thumb/v7e-m+fp/hard/libc_nano.a(lib_a-exit.o) (_global_impure_ptr)
/usr/local/Caskroom/gcc-arm-embedded/9-2019-q4-major/gcc-arm-none-eabi-9-2019-q4-major/bin/../lib/gcc/arm-none-eabi/9.2.1/../../../../arm-none-eabi/lib/thumb/v7e-m+fp/hard/libc_nano.a(lib_a-init.o)
                              /usr/local/Caskroom/gcc-arm-embedded/9-2019-q4-major/gcc-arm-none-eabi-9-2019-q4-major/bin/../lib/gcc/arm-none-eabi/9.2.1/../../../../arm-none-eabi/lib/thumb/v7e-m+fp/hard/crt0.o (__libc_init_array)
/usr/local/Caskroom/gcc-arm-embedded/9-2019-q4-major/gcc-arm-none-eabi-9-2019-q4-major/bin/../lib/gcc/arm-none-eabi/9.2.1/../../../../arm-none-eabi/lib/thumb/v7e-m+fp/hard/libc_nano.a(lib_a-memcmp.o)
                              build/FreeRTOS_ARP.o (memcmp)
/usr/local/Caskroom/gcc-arm-embedded/9-2019-q4-major/gcc-arm-none-eabi-9-2019-q4-major/bin/../lib/gcc/arm-none-eabi/9.2.1/../../../../arm-none-eabi/lib/thumb/v7e-m+fp/hard/libc_nano.a(lib_a-memcpy-stub.o)
                              build/queue.o (memcpy)
/usr/local/Caskroom/gcc-arm-embedded/9-2019-q4-major/gcc-arm-none-eabi-9-2019-q4-major/bin/../lib/gcc/arm-none-eabi/9.2.1/../../../../arm-none-eabi/lib/thumb/v7e-m+fp/hard/libc_nano.a(lib_a-memmove.o)
                              build/FreeRTOS_IP.o (memmove)
/usr/local/Caskroom/gcc-arm-embedded/9-2019-q4-major/gcc-arm-none-eabi-9-2019-q4-major/bin/../lib/gcc/arm-none-eabi/9.2.1/../../../../arm-none-eabi/lib/thumb/v7e-m+fp/hard/libc_nano.a(lib_a-memset.o)
                              /usr/local/Caskroom/gcc-arm-embedded/9-2019-q4-major/gcc-arm-none-eabi-9-2019-q4-major/bin/../lib/gcc/arm-none-eabi/9.2.1/../../../../arm-none-eabi/lib/thumb/v7e-m+fp/hard/crt0.o (memset)
/usr/local/Caskroom/gcc-arm-embedded/9-2019-q4-major/gcc-arm-none-eabi-9-2019-q4-major/bin/../lib/gcc/arm-none-eabi/9.2.1/../../../../arm-none-eabi/lib/thumb/v7e-m+fp/hard/libc_nano.a(lib_a-nano-vfprintf.o)
                              /usr/local/Caskroom/gcc-arm-embedded/9-2019-q4-major/gcc-arm-none-eabi-9-2019-q4-major/bin/../lib/gcc/arm-none-eabi/9.2.1/../../../../arm-none-eabi/lib/thumb/v7e-m+fp/hard/libc_nano.a(lib_a-fprintf.o) (_vfprintf_r)
/usr/local/Caskroom/gcc-arm-embedded/9-2019-q4-major/gcc-arm-none-eabi-9-2019-q4-major/bin/../lib/gcc/arm-none-eabi/9.2.1/../../../../arm-none-eabi/lib/thumb/v7e-m+fp/hard/libc_nano.a(lib_a-nano-vfprintf_i.o)
                              /usr/local/Caskroom/gcc-arm-embedded/9-2019-q4-major/gcc-arm-none-eabi-9-2019-q4-major/bin/../lib/gcc/arm-none-eabi/9.2.1/../../../../arm-none-eabi/lib/thumb/v7e-m+fp/hard/libc_nano.a(lib_a-nano-vfprintf.o) (_printf_i)
/usr/local/Caskroom/gcc-arm-embedded/9-2019-q4-major/gcc-arm-none-eabi-9-2019-q4-major/bin/../lib/gcc/arm-none-eabi/9.2.1/../../../../arm-none-eabi/lib/thumb/v7e-m+fp/hard/libc_nano.a(lib_a-snprintf.o)
                              build/iperf_task.o (snprintf)
/usr/local/Caskroom/gcc-arm-embedded/9-2019-q4-major/gcc-arm-none-eabi-9-2019-q4-major/bin/../lib/gcc/arm-none-eabi/9.2.1/../../../../arm-none-eabi/lib/thumb/v7e-m+fp/hard/libc_nano.a(lib_a-sprintf.o)
                              build/tasks.o (sprintf)
/usr/local/Caskroom/gcc-arm-embedded/9-2019-q4-major/gcc-arm-none-eabi-9-2019-q4-major/bin/../lib/gcc/arm-none-eabi/9.2.1/../../../../arm-none-eabi/lib/thumb/v7e-m+fp/hard/libc_nano.a(lib_a-sscanf.o)
                              build/iperf_task.o (sscanf)
[...]
Memory Configuration

Name             Origin             Length             Attributes
FLASH            0x0000000008000000 0x0000000000100000 xr
RAM              0x0000000020000000 0x0000000000050000 xrw
*default*        0x0000000000000000 0xffffffffffffffff

Linker script and memory map

LOAD /usr/local/Caskroom/gcc-arm-embedded/9-2019-q4-major/gcc-arm-none-eabi-9-2019-q4-major/bin/../lib/gcc/arm-none-eabi/9.2.1/thumb/v7e-m+fp/hard/crti.o
LOAD /usr/local/Caskroom/gcc-arm-embedded/9-2019-q4-major/gcc-arm-none-eabi-9-2019-q4-major/bin/../lib/gcc/arm-none-eabi/9.2.1/thumb/v7e-m+fp/hard/crtbegin.o
LOAD /usr/local/Caskroom/gcc-arm-embedded/9-2019-q4-major/gcc-arm-none-eabi-9-2019-q4-major/bin/../lib/gcc/arm-none-eabi/9.2.1/../../../../arm-none-eabi/lib/thumb/v7e-m+fp/hard/crt0.o
LOAD build/main.o
LOAD build/mqtt_task.o
LOAD build/iperf_task.o
LOAD build/modbus_task.o
LOAD build/modbus.o
LOAD build/freertos.o
LOAD build/stm32f7xx_it.o
LOAD build/stm32f7xx_hal_msp.o
LOAD build/stm32f7xx_nucleo_144.o
LOAD build/stm32f7xx_hal.o
LOAD build/stm32f7xx_hal_cortex.o
LOAD build/stm32f7xx_hal_rcc.o
LOAD build/stm32f7xx_hal_rcc_ex.o
LOAD build/stm32f7xx_hal_dma.o
LOAD build/stm32f7xx_hal_dma_ex.o
LOAD build/stm32f7xx_hal_rng.o
LOAD build/stm32f7xx_hal_tim.o
LOAD build/stm32f7xx_hal_tim_ex.o
LOAD build/stm32f7xx_hal_pwr.o
LOAD build/stm32f7xx_hal_pwr_ex.o
LOAD build/stm32f7xx_hal_uart.o
LOAD build/stm32f7xx_hal_uart_ex.o
LOAD build/stm32f7xx_hal_gpio.o
LOAD build/system_stm32f7xx.o
LOAD build/croutine.o
LOAD build/event_groups.o
LOAD build/list.o
LOAD build/queue.o
LOAD build/stream_buffer.o
LOAD build/tasks.o
LOAD build/timers.o
LOAD build/heap_5.o
LOAD build/port.o
LOAD build/cmsis_os2.o
LOAD build/logging.o
LOAD build/printf.o
LOAD build/FreeRTOS_ARP.o
LOAD build/FreeRTOS_DHCP.o
LOAD build/FreeRTOS_DNS.o
LOAD build/FreeRTOS_IP.o
LOAD build/FreeRTOS_Sockets.o
LOAD build/FreeRTOS_Stream_Buffer.o
LOAD build/FreeRTOS_TCP_IP.o
LOAD build/FreeRTOS_TCP_WIN.o
LOAD build/FreeRTOS_UDP_IP.o
LOAD build/BufferAllocation_2.o
LOAD build/phyHandling.o
LOAD build/NetworkInterface.o
LOAD build/stm32fxx_hal_eth.o
LOAD build/sockets_wrapper.o
LOAD build/using_plaintext.o
LOAD build/backoff_algorithm.o
LOAD build/core_mqtt_serializer.o
LOAD build/core_mqtt_state.o
LOAD build/core_mqtt.o
LOAD build/startup_stm32f746xx.o
LOAD /usr/local/Caskroom/gcc-arm-embedded/9-2019-q4-major/gcc-arm-none-eabi-9-2019-q4-major/bin/../lib/gcc/arm-none-eabi/9.2.1/../../../../arm-none-eabi/lib/thumb/v7e-m+fp/hard/libc_nano.a
LOAD /usr/local/Caskroom/gcc-arm-embedded/9-2019-q4-major/gcc-arm-none-eabi-9-2019-q4-major/bin/../lib/gcc/arm-none-eabi/9.2.1/../../../../arm-none-eabi/lib/thumb/v7e-m+fp/hard/libm.a
LOAD /usr/local/Caskroom/gcc-arm-embedded/9-2019-q4-major/gcc-arm-none-eabi-9-2019-q4-major/bin/../lib/gcc/arm-none-eabi/9.2.1/../../../../arm-none-eabi/lib/thumb/v7e-m+fp/hard/libnosys.a
START GROUP
LOAD /usr/local/Caskroom/gcc-arm-embedded/9-2019-q4-major/gcc-arm-none-eabi-9-2019-q4-major/bin/../lib/gcc/arm-none-eabi/9.2.1/thumb/v7e-m+fp/hard/libgcc.a
LOAD /usr/local/Caskroom/gcc-arm-embedded/9-2019-q4-major/gcc-arm-none-eabi-9-2019-q4-major/bin/../lib/gcc/arm-none-eabi/9.2.1/../../../../arm-none-eabi/lib/thumb/v7e-m+fp/hard/libc_nano.a
END GROUP
START GROUP
LOAD /usr/local/Caskroom/gcc-arm-embedded/9-2019-q4-major/gcc-arm-none-eabi-9-2019-q4-major/bin/../lib/gcc/arm-none-eabi/9.2.1/thumb/v7e-m+fp/hard/libgcc.a
LOAD /usr/local/Caskroom/gcc-arm-embedded/9-2019-q4-major/gcc-arm-none-eabi-9-2019-q4-major/bin/../lib/gcc/arm-none-eabi/9.2.1/../../../../arm-none-eabi/lib/thumb/v7e-m+fp/hard/libc_nano.a
END GROUP
LOAD /usr/local/Caskroom/gcc-arm-embedded/9-2019-q4-major/gcc-arm-none-eabi-9-2019-q4-major/bin/../lib/gcc/arm-none-eabi/9.2.1/thumb/v7e-m+fp/hard/crtend.o
LOAD /usr/local/Caskroom/gcc-arm-embedded/9-2019-q4-major/gcc-arm-none-eabi-9-2019-q4-major/bin/../lib/gcc/arm-none-eabi/9.2.1/thumb/v7e-m+fp/hard/crtn.o
                0x0000000020050000                _estack = 0x20050000
                0x0000000000000200                _Min_Heap_Size = 0x200
                0x0000000000000400                _Min_Stack_Size = 0x400

.isr_vector     0x0000000008000000      0x1c8
                0x0000000008000000                . = ALIGN (0x4)
 *(.isr_vector)
 .isr_vector    0x0000000008000000      0x1c8 build/startup_stm32f746xx.o
                0x0000000008000000                g_pfnVectors
                0x00000000080001c8                . = ALIGN (0x4)

.text           0x00000000080001d0    0x158f0
                0x00000000080001d0                . = ALIGN (0x4)
 *(.text)
 .text          0x00000000080001d0       0x40 /usr/local/Caskroom/gcc-arm-embedded/9-2019-q4-major/gcc-arm-none-eabi-9-2019-q4-major/bin/../lib/gcc/arm-none-eabi/9.2.1/thumb/v7e-m+fp/hard/crtbegin.o
 .text          0x0000000008000210       0x10 /usr/local/Caskroom/gcc-arm-embedded/9-2019-q4-major/gcc-arm-none-eabi-9-2019-q4-major/bin/../lib/gcc/arm-none-eabi/9.2.1/../../../../arm-none-eabi/lib/thumb/v7e-m+fp/hard/libc_nano.a(lib_a-strlen.o)
                0x0000000008000210                strlen
 .text          0x0000000008000220       0xa0 /usr/local/Caskroom/gcc-arm-embedded/9-2019-q4-major/gcc-arm-none-eabi-9-2019-q4-major/bin/../lib/gcc/arm-none-eabi/9.2.1/../../../../arm-none-eabi/lib/thumb/v7e-m+fp/hard/libc_nano.a(lib_a-memchr.o)
                0x0000000008000220                memchr
 .text          0x00000000080002c0      0x378 /usr/local/Caskroom/gcc-arm-embedded/9-2019-q4-major/gcc-arm-none-eabi-9-2019-q4-major/bin/../lib/gcc/arm-none-eabi/9.2.1/thumb/v7e-m+fp/hard/libgcc.a(_arm_addsubdf3.o)
                0x00000000080002c0                __aeabi_drsub
                0x00000000080002c8                __subdf3
                0x00000000080002c8                __aeabi_dsub
                0x00000000080002cc                __aeabi_dadd
                0x00000000080002cc                __adddf3
                0x0000000008000544                __aeabi_ui2d
                0x0000000008000544                __floatunsidf
                0x0000000008000564                __floatsidf
                0x0000000008000564                __aeabi_i2d
                0x0000000008000588                __extendsfdf2
                0x0000000008000588                __aeabi_f2d
                0x00000000080005cc                __aeabi_ul2d
                0x00000000080005cc                __floatundidf
                0x00000000080005dc                __aeabi_l2d
                0x00000000080005dc                __floatdidf
 .text          0x0000000008000638      0x424 /usr/local/Caskroom/gcc-arm-embedded/9-2019-q4-major/gcc-arm-none-eabi-9-2019-q4-major/bin/../lib/gcc/arm-none-eabi/9.2.1/thumb/v7e-m+fp/hard/libgcc.a(_arm_muldivdf3.o)
                0x0000000008000638                __aeabi_dmul
                0x0000000008000638                __muldf3
                0x000000000800088c                __aeabi_ddiv
                0x000000000800088c                __divdf3
 .text          0x0000000008000a5c      0x110 /usr/local/Caskroom/gcc-arm-embedded/9-2019-q4-major/gcc-arm-none-eabi-9-2019-q4-major/bin/../lib/gcc/arm-none-eabi/9.2.1/thumb/v7e-m+fp/hard/libgcc.a(_arm_cmpdf2.o)
                0x0000000008000a5c                __gedf2
                0x0000000008000a5c                __gtdf2
                0x0000000008000a64                __ledf2
                0x0000000008000a64                __ltdf2
                0x0000000008000a6c                __cmpdf2
                0x0000000008000a6c                __eqdf2
                0x0000000008000a6c                __nedf2
                0x0000000008000ae8                __aeabi_cdrcmple
                0x0000000008000af8                __aeabi_cdcmple
                0x0000000008000af8                __aeabi_cdcmpeq
                0x0000000008000b08                __aeabi_dcmpeq
                0x0000000008000b1c                __aeabi_dcmplt
                0x0000000008000b30                __aeabi_dcmple
                0x0000000008000b44                __aeabi_dcmpge
                0x0000000008000b58                __aeabi_dcmpgt
 .text          0x0000000008000b6c       0x50 /usr/local/Caskroom/gcc-arm-embedded/9-2019-q4-major/gcc-arm-none-eabi-9-2019-q4-major/bin/../lib/gcc/arm-none-eabi/9.2.1/thumb/v7e-m+fp/hard/libgcc.a(_arm_fixdfsi.o)
                0x0000000008000b6c                __fixdfsi
                0x0000000008000b6c                __aeabi_d2iz
 .text          0x0000000008000bbc       0x40 /usr/local/Caskroom/gcc-arm-embedded/9-2019-q4-major/gcc-arm-none-eabi-9-2019-q4-major/bin/../lib/gcc/arm-none-eabi/9.2.1/thumb/v7e-m+fp/hard/libgcc.a(_arm_fixunsdfsi.o)
                0x0000000008000bbc                __fixunsdfsi
                0x0000000008000bbc                __aeabi_d2uiz
 .text          0x0000000008000bfc       0x30 /usr/local/Caskroom/gcc-arm-embedded/9-2019-q4-major/gcc-arm-none-eabi-9-2019-q4-major/bin/../lib/gcc/arm-none-eabi/9.2.1/thumb/v7e-m+fp/hard/libgcc.a(_aeabi_uldivmod.o)
                0x0000000008000bfc                __aeabi_uldivmod
 .text          0x0000000008000c2c      0x2c4 /usr/local/Caskroom/gcc-arm-embedded/9-2019-q4-major/gcc-arm-none-eabi-9-2019-q4-major/bin/../lib/gcc/arm-none-eabi/9.2.1/thumb/v7e-m+fp/hard/libgcc.a(_udivmoddi4.o)
                0x0000000008000c2c                __udivmoddi4
 .text          0x0000000008000ef0        0x4 /usr/local/Caskroom/gcc-arm-embedded/9-2019-q4-major/gcc-arm-none-eabi-9-2019-q4-major/bin/../lib/gcc/arm-none-eabi/9.2.1/thumb/v7e-m+fp/hard/libgcc.a(_dvmd_tls.o)
                0x0000000008000ef0                __aeabi_ldiv0
                0x0000000008000ef0                __aeabi_idiv0
 *(.text*)
 .text.DebugMode_Config
                0x0000000008000ef4       0x90 build/main.o
 .text.echo     0x0000000008000f84       0x3c build/main.o
 .text.subscribe
                0x0000000008000fc0       0x4c build/main.o
 .text.prvLedTask
                0x000000000800100c       0xd0 build/main.o
 .text.pvFreePublishedPayload
                0x00000000080010dc       0x4c build/main.o
 .text.unsubscribe
                0x0000000008001128       0x44 build/main.o
 .text.uxRand   0x000000000800116c       0x1c build/main.o
                0x000000000800116c                uxRand
 .text.Error_Handler
                0x0000000008001188       0x18 build/main.o
                0x0000000008001188                Error_Handler
 .text.SystemClock_Config
                0x00000000080011a0       0xb4 build/main.o
 .text.main     0x0000000008001254       0xdc build/main.o
                0x0000000008001254                main
 .text.prvGetTimeMs
                0x0000000008001330       0x14 build/mqtt_task.o
 .text.prvMQTTUpdatePubAckStatus
                0x0000000008001344       0x5c build/mqtt_task.o
 .text.prvMQTTUpdatePubRecStatus
                0x00000000080013a0       0x5c build/mqtt_task.o
 .text.prvMQTTUpdatePubCompStatus
                0x00000000080013fc       0x5c build/mqtt_task.o
 .text.prvMQTTUpdateUnsubAckStatus
                0x0000000008001458       0x5c build/mqtt_task.o
 .text.prvConnectToServerWithBackoffRetries
                0x00000000080014b4       0xd8 build/mqtt_task.o
 .text.prvCreateMQTTConnectionWithBroker
                0x000000000800158c       0x88 build/mqtt_task.o
 .text.prvMQTTProcessIncomingPublish
                0x0000000008001614       0x54 build/mqtt_task.o
 .text.prvMQTTUpdateSubAckStatus
                0x0000000008001668       0x88 build/mqtt_task.o
 .text.prvMQTTEventCallback
                0x00000000080016f0       0xb0 build/mqtt_task.o
 .text.prvMQTTMessageWithBackoffRetries
                0x00000000080017a0      0x23c build/mqtt_task.o
 .text.prvMQTTHandleQueue
                0x00000000080019dc      0x1c8 build/mqtt_task.o
 .text.prvMQTTTask
                0x0000000008001ba4       0x78 build/mqtt_task.o
 .text.vMQTTInstall
                0x0000000008001c1c       0x78 build/mqtt_task.o
                0x0000000008001c1c                vMQTTInstall
 .text.vMQTTPublish
                0x0000000008001c94       0xd4 build/mqtt_task.o
                0x0000000008001c94                vMQTTPublish
 .text.vMQTTSubscribe
                0x0000000008001d68       0xbc build/mqtt_task.o
                0x0000000008001d68                vMQTTSubscribe
 .text.vMQTTUnsubscribe
                0x0000000008001e24       0xac build/mqtt_task.o
                0x0000000008001e24                vMQTTUnsubscribe
 .text.prvCreateTCPServerSocket
                0x0000000008001ed0       0xb0 build/iperf_task.o
 .text.prvCreateUDPServerSocket
                0x0000000008001f80       0x7c build/iperf_task.o
 .text.prvIPerfServerWork
                0x0000000008001ffc       0x7c build/iperf_task.o
 .text.handleRecvPacket
                0x0000000008002078      0x30c build/iperf_task.o
 .text.prvIPerfTCPSend
                0x0000000008002384       0x98 build/iperf_task.o
 .text.prvIPerfTCPClose
                0x000000000800241c       0x84 build/iperf_task.o
 .text.prvIPerfTCPWork
                0x00000000080024a0       0xa8 build/iperf_task.o
 .text.prvIPerfUDPWork
                0x0000000008002548       0x4c build/iperf_task.o
 .text.prvIPerfTask
                0x0000000008002594      0x108 build/iperf_task.o
 .text.vIPerfInstall
                0x000000000800269c       0x60 build/iperf_task.o
                0x000000000800269c                vIPerfInstall
 .text.pucModbusFunctionType
                0x00000000080026fc       0xe8 build/modbus_task.o
 .text.pucModbusException
                0x00000000080027e4       0x6c build/modbus_task.o
 .text.prvModbusParseRequest
                0x0000000008002850       0xc8 build/modbus_task.o
 .text.prvCreateTCPServerSocket
                0x0000000008002918      0x128 build/modbus_task.o
 .text.prvModbusServerWork
                0x0000000008002a40       0xa8 build/modbus_task.o
 .text.prvModbusTCPSend
                0x0000000008002ae8       0x78 build/modbus_task.o
 .text.prvModbusTCPClose
                0x0000000008002b60       0x88 build/modbus_task.o
 .text.pucModbusStatus
                0x0000000008002be8       0x2c build/modbus_task.o
                0x0000000008002be8                pucModbusStatus
 .text.vModbusInstall
                0x0000000008002c14       0x44 build/modbus_task.o
                0x0000000008002c14                vModbusInstall
 .text.prvModbusHandleRequest
                0x0000000008002c58      0x5e8 build/modbus_task.o
 .text.prvModbusTCPWork
                0x0000000008003240      0x138 build/modbus_task.o
 .text.prvModbusTask
                0x0000000008003378       0x7c build/modbus_task.o
 .text.xModbusReadInputBitsHook_0x02
                0x00000000080033f4       0x50 build/modbus.o
                0x00000000080033f4                xModbusReadInputBitsHook_0x02
 .text.xModbusReadCoilsHook_0x01
                0x0000000008003444        0x8 build/modbus.o
                0x0000000008003444                xModbusReadCoilsHook_0x01
 .text.xModbusReadHoldregsHook_0x03
                0x000000000800344c       0x5c build/modbus.o
                0x000000000800344c                xModbusReadHoldregsHook_0x03
 .text.xModbusReadInputRegistersHook_0x04
                0x00000000080034a8       0x5c build/modbus.o
                0x00000000080034a8                xModbusReadInputRegistersHook_0x04
 .text.xModbusWriteBitsHook_0x0F
                0x0000000008003504       0x4c build/modbus.o
                0x0000000008003504                xModbusWriteBitsHook_0x0F
 .text.xModbusWriteBitHook_0x05
                0x0000000008003550        0x8 build/modbus.o
                0x0000000008003550                xModbusWriteBitHook_0x05
 .text.xModbusWriteHoldregsHook_0x10
                0x0000000008003558       0x50 build/modbus.o
                0x0000000008003558                xModbusWriteHoldregsHook_0x10
 .text.xModbusWriteHoldregHook_0x06
                0x00000000080035a8        0x8 build/modbus.o
                0x00000000080035a8                xModbusWriteHoldregHook_0x06
 .text.xModbusUserFunctionHook_0xXX
                0x00000000080035b0       0x3c build/modbus.o
                0x00000000080035b0                xModbusUserFunctionHook_0xXX
 .text.vStartHighResolutionTimer
                0x00000000080035ec       0x50 build/freertos.o
                0x00000000080035ec                vStartHighResolutionTimer
 .text.ullGetMicrosecondTime
                0x000000000800363c       0x58 build/freertos.o
                0x000000000800363c                ullGetMicrosecondTime
 .text.vApplicationTickHook
                0x0000000008003694       0x1c build/freertos.o
                0x0000000008003694                vApplicationTickHook
 .text.vApplicationMallocFailedHook
                0x00000000080036b0       0x34 build/freertos.o
                0x00000000080036b0                vApplicationMallocFailedHook
 .text.vApplicationStackOverflowHook
                0x00000000080036e4       0x38 build/freertos.o
                0x00000000080036e4                vApplicationStackOverflowHook
 .text.vApplicationIPNetworkEventHook
                0x000000000800371c      0x124 build/freertos.o
                0x000000000800371c                vApplicationIPNetworkEventHook
 .text.ulApplicationGetNextSequenceNumber
                0x0000000008003840       0x20 build/freertos.o
                0x0000000008003840                ulApplicationGetNextSequenceNumber
 .text.xApplicationGetRandomNumber
                0x0000000008003860       0x28 build/freertos.o
                0x0000000008003860                xApplicationGetRandomNumber
 .text.vApplicationPingReplyHook
                0x0000000008003888       0x3c build/freertos.o
                0x0000000008003888                vApplicationPingReplyHook
 .text.xApplicationDNSQueryHook
                0x00000000080038c4       0x68 build/freertos.o
                0x00000000080038c4                xApplicationDNSQueryHook
 .text.vHeapInit
                0x000000000800392c       0x4c build/freertos.o
                0x000000000800392c                vHeapInit
 .text.vShowTaskTable
                0x0000000008003978      0x17c build/freertos.o
                0x0000000008003978                vShowTaskTable
 .text.NMI_Handler
                0x0000000008003af4        0x2 build/stm32f7xx_it.o
                0x0000000008003af4                NMI_Handler
 .text.HardFault_Handler
                0x0000000008003af6        0x2 build/stm32f7xx_it.o
                0x0000000008003af6                HardFault_Handler
 .text.MemManage_Handler
                0x0000000008003af8        0x2 build/stm32f7xx_it.o
                0x0000000008003af8                MemManage_Handler
 .text.BusFault_Handler
                0x0000000008003afa        0x2 build/stm32f7xx_it.o
                0x0000000008003afa                BusFault_Handler
 .text.UsageFault_Handler
                0x0000000008003afc        0x2 build/stm32f7xx_it.o
                0x0000000008003afc                UsageFault_Handler
 .text.DebugMon_Handler
                0x0000000008003afe        0x2 build/stm32f7xx_it.o
                0x0000000008003afe                DebugMon_Handler
 .text.SysTick_Handler
                0x0000000008003b00       0x16 build/stm32f7xx_it.o
                0x0000000008003b00                SysTick_Handler
 *fill*         0x0000000008003b16        0x2 
 .text.TIM2_IRQHandler
                0x0000000008003b18       0x2c build/stm32f7xx_it.o
                0x0000000008003b18                TIM2_IRQHandler
 .text.HAL_MspInit
                0x0000000008003b44       0x40 build/stm32f7xx_hal_msp.o
                0x0000000008003b44                HAL_MspInit
 .text.HAL_TIM_Base_MspInit
                0x0000000008003b84       0x3a build/stm32f7xx_hal_msp.o
                0x0000000008003b84                HAL_TIM_Base_MspInit
 *fill*         0x0000000008003bbe        0x2 
 .text.HAL_UART_MspInit
                0x0000000008003bc0       0xa8 build/stm32f7xx_hal_msp.o
                0x0000000008003bc0                HAL_UART_MspInit
 .text.HAL_RNG_MspInit
                0x0000000008003c68       0x2c build/stm32f7xx_hal_msp.o
                0x0000000008003c68                HAL_RNG_MspInit
 .text.HAL_ETH_MspInit
                0x0000000008003c94      0x1b8 build/stm32f7xx_hal_msp.o
                0x0000000008003c94                HAL_ETH_MspInit
 .text.BSP_LED_Init
                0x0000000008003e4c       0x70 build/stm32f7xx_nucleo_144.o
                0x0000000008003e4c                BSP_LED_Init
 .text.BSP_LED_On
                0x0000000008003ebc       0x20 build/stm32f7xx_nucleo_144.o
                0x0000000008003ebc                BSP_LED_On
 .text.BSP_LED_Off
                0x0000000008003edc       0x20 build/stm32f7xx_nucleo_144.o
                0x0000000008003edc                BSP_LED_Off
 .text.BSP_LED_Toggle
                0x0000000008003efc       0x1c build/stm32f7xx_nucleo_144.o
                0x0000000008003efc                BSP_LED_Toggle
 .text.HAL_InitTick
                0x0000000008003f18       0x4c build/stm32f7xx_hal.o
                0x0000000008003f18                HAL_InitTick
 .text.HAL_Init
                0x0000000008003f64       0x2c build/stm32f7xx_hal.o
                0x0000000008003f64                HAL_Init
 .text.HAL_IncTick
                0x0000000008003f90       0x18 build/stm32f7xx_hal.o
                0x0000000008003f90                HAL_IncTick
 .text.HAL_GetTick
                0x0000000008003fa8        0xc build/stm32f7xx_hal.o
                0x0000000008003fa8                HAL_GetTick
 .text.HAL_NVIC_SetPriorityGrouping
                0x0000000008003fb4       0x24 build/stm32f7xx_hal_cortex.o
                0x0000000008003fb4                HAL_NVIC_SetPriorityGrouping
 .text.HAL_NVIC_SetPriority
                0x0000000008003fd8       0x64 build/stm32f7xx_hal_cortex.o
                0x0000000008003fd8                HAL_NVIC_SetPriority
 .text.HAL_NVIC_EnableIRQ
                0x000000000800403c       0x1c build/stm32f7xx_hal_cortex.o
                0x000000000800403c                HAL_NVIC_EnableIRQ
 .text.HAL_SYSTICK_Config
                0x0000000008004058       0x2c build/stm32f7xx_hal_cortex.o
                0x0000000008004058                HAL_SYSTICK_Config
 .text.HAL_RCC_OscConfig
                0x0000000008004084      0x434 build/stm32f7xx_hal_rcc.o
                0x0000000008004084                HAL_RCC_OscConfig
 .text.HAL_RCC_GetSysClockFreq
                0x00000000080044b8       0xcc build/stm32f7xx_hal_rcc.o
                0x00000000080044b8                HAL_RCC_GetSysClockFreq
 .text.HAL_RCC_ClockConfig
                0x0000000008004584      0x16c build/stm32f7xx_hal_rcc.o
                0x0000000008004584                HAL_RCC_ClockConfig
 .text.HAL_RCC_GetHCLKFreq
                0x00000000080046f0        0xc build/stm32f7xx_hal_rcc.o
                0x00000000080046f0                HAL_RCC_GetHCLKFreq
 .text.HAL_RCC_GetPCLK1Freq
                0x00000000080046fc       0x20 build/stm32f7xx_hal_rcc.o
                0x00000000080046fc                HAL_RCC_GetPCLK1Freq
 .text.HAL_RCC_GetPCLK2Freq
                0x000000000800471c       0x20 build/stm32f7xx_hal_rcc.o
                0x000000000800471c                HAL_RCC_GetPCLK2Freq
 .text.HAL_RCCEx_PeriphCLKConfig
                0x000000000800473c      0x5a8 build/stm32f7xx_hal_rcc_ex.o
                0x000000000800473c                HAL_RCCEx_PeriphCLKConfig
 .text.HAL_RNG_Init
                0x0000000008004ce4       0x2e build/stm32f7xx_hal_rng.o
                0x0000000008004ce4                HAL_RNG_Init
 .text.HAL_RNG_GenerateRandomNumber
                0x0000000008004d12       0x64 build/stm32f7xx_hal_rng.o
                0x0000000008004d12                HAL_RNG_GenerateRandomNumber
 *fill*         0x0000000008004d76        0x2 
 .text.HAL_TIM_Base_Start_IT
                0x0000000008004d78       0x90 build/stm32f7xx_hal_tim.o
                0x0000000008004d78                HAL_TIM_Base_Start_IT
 .text.TIM_Base_SetConfig
                0x0000000008004e08      0x10c build/stm32f7xx_hal_tim.o
                0x0000000008004e08                TIM_Base_SetConfig
 .text.HAL_TIM_Base_Init
                0x0000000008004f14       0x60 build/stm32f7xx_hal_tim.o
                0x0000000008004f14                HAL_TIM_Base_Init
 .text.HAL_PWR_EnableBkUpAccess
                0x0000000008004f74       0x10 build/stm32f7xx_hal_pwr.o
                0x0000000008004f74                HAL_PWR_EnableBkUpAccess
 .text.HAL_PWREx_EnableOverDrive
                0x0000000008004f84       0x7c build/stm32f7xx_hal_pwr_ex.o
                0x0000000008004f84                HAL_PWREx_EnableOverDrive
 .text.UART_SetConfig
                0x0000000008005000      0x330 build/stm32f7xx_hal_uart.o
                0x0000000008005000                UART_SetConfig
 .text.UART_AdvFeatureConfig
                0x0000000008005330       0xca build/stm32f7xx_hal_uart.o
                0x0000000008005330                UART_AdvFeatureConfig
 .text.UART_WaitOnFlagUntilTimeout
                0x00000000080053fa       0xa4 build/stm32f7xx_hal_uart.o
                0x00000000080053fa                UART_WaitOnFlagUntilTimeout
 .text.HAL_UART_Transmit
                0x000000000800549e       0xdc build/stm32f7xx_hal_uart.o
                0x000000000800549e                HAL_UART_Transmit
 .text.UART_CheckIdleState
                0x000000000800557a       0x48 build/stm32f7xx_hal_uart.o
                0x000000000800557a                UART_CheckIdleState
 .text.HAL_UART_Init
                0x00000000080055c2       0x62 build/stm32f7xx_hal_uart.o
                0x00000000080055c2                HAL_UART_Init
 .text.HAL_GPIO_Init
                0x0000000008005624      0x1e0 build/stm32f7xx_hal_gpio.o
                0x0000000008005624                HAL_GPIO_Init
 .text.HAL_GPIO_WritePin
                0x0000000008005804        0xc build/stm32f7xx_hal_gpio.o
                0x0000000008005804                HAL_GPIO_WritePin
 .text.HAL_GPIO_TogglePin
                0x0000000008005810       0x12 build/stm32f7xx_hal_gpio.o
                0x0000000008005810                HAL_GPIO_TogglePin
 *fill*         0x0000000008005822        0x2 
 .text.SystemInit
                0x0000000008005824       0x14 build/system_stm32f7xx.o
                0x0000000008005824                SystemInit
 .text.prvTestWaitCondition
                0x0000000008005838       0x1c build/event_groups.o
 .text.xEventGroupCreate
                0x0000000008005854       0x1c build/event_groups.o
                0x0000000008005854                xEventGroupCreate
 .text.xEventGroupWaitBits
                0x0000000008005870      0x11c build/event_groups.o
                0x0000000008005870                xEventGroupWaitBits
 .text.xEventGroupClearBits
                0x000000000800598c       0x4e build/event_groups.o
                0x000000000800598c                xEventGroupClearBits
 .text.xEventGroupSetBits
                0x00000000080059da       0x94 build/event_groups.o
                0x00000000080059da                xEventGroupSetBits
 .text.vEventGroupDelete
                0x0000000008005a6e       0x60 build/event_groups.o
                0x0000000008005a6e                vEventGroupDelete
 .text.vListInitialise
                0x0000000008005ace       0x16 build/list.o
                0x0000000008005ace                vListInitialise
 .text.vListInitialiseItem
                0x0000000008005ae4        0x6 build/list.o
                0x0000000008005ae4                vListInitialiseItem
 .text.vListInsertEnd
                0x0000000008005aea       0x16 build/list.o
                0x0000000008005aea                vListInsertEnd
 .text.vListInsert
                0x0000000008005b00       0x32 build/list.o
                0x0000000008005b00                vListInsert
 .text.uxListRemove
                0x0000000008005b32       0x26 build/list.o
                0x0000000008005b32                uxListRemove
 .text.prvGetDisinheritPriorityAfterTimeout
                0x0000000008005b58       0x10 build/queue.o
 .text.prvIsQueueFull
                0x0000000008005b68       0x1e build/queue.o
 .text.prvIsQueueEmpty
                0x0000000008005b86       0x1a build/queue.o
 .text.prvCopyDataToQueue
                0x0000000008005ba0       0x76 build/queue.o
 .text.prvCopyDataFromQueue
                0x0000000008005c16       0x24 build/queue.o
 .text.prvUnlockQueue
                0x0000000008005c3a       0x6e build/queue.o
 .text.xQueueGenericReset
                0x0000000008005ca8       0xb4 build/queue.o
                0x0000000008005ca8                xQueueGenericReset
 .text.prvInitialiseNewQueue
                0x0000000008005d5c       0x22 build/queue.o
 .text.xQueueGenericCreateStatic
                0x0000000008005d7e       0x8a build/queue.o
                0x0000000008005d7e                xQueueGenericCreateStatic
 .text.xQueueGenericCreate
                0x0000000008005e08       0x60 build/queue.o
                0x0000000008005e08                xQueueGenericCreate
 .text.xQueueCreateCountingSemaphoreStatic
                0x0000000008005e68       0x46 build/queue.o
                0x0000000008005e68                xQueueCreateCountingSemaphoreStatic
 .text.xQueueCreateCountingSemaphore
                0x0000000008005eae       0x3c build/queue.o
                0x0000000008005eae                xQueueCreateCountingSemaphore
 *fill*         0x0000000008005eea        0x2 
 .text.xQueueGenericSend
                0x0000000008005eec      0x190 build/queue.o
                0x0000000008005eec                xQueueGenericSend
 .text.xQueueGenericSendFromISR
                0x000000000800607c       0xfa build/queue.o
                0x000000000800607c                xQueueGenericSendFromISR
 *fill*         0x0000000008006176        0x2 
 .text.xQueueReceive
                0x0000000008006178      0x168 build/queue.o
                0x0000000008006178                xQueueReceive
 .text.xQueueSemaphoreTake
                0x00000000080062e0      0x1b4 build/queue.o
                0x00000000080062e0                xQueueSemaphoreTake
 .text.uxQueueMessagesWaiting
                0x0000000008006494       0x2a build/queue.o
                0x0000000008006494                uxQueueMessagesWaiting
 *fill*         0x00000000080064be        0x2 
 .text.vQueueAddToRegistry
                0x00000000080064c0       0x64 build/queue.o
                0x00000000080064c0                vQueueAddToRegistry
 .text.vQueueUnregisterQueue
                0x0000000008006524       0x48 build/queue.o
                0x0000000008006524                vQueueUnregisterQueue
 .text.vQueueDelete
                0x000000000800656c       0x30 build/queue.o
                0x000000000800656c                vQueueDelete
 .text.vQueueWaitForMessageRestricted
                0x000000000800659c       0x52 build/queue.o
                0x000000000800659c                vQueueWaitForMessageRestricted
 .text.prvBytesInBuffer
                0x00000000080065ee       0x12 build/stream_buffer.o
 .text.prvInitialiseNewStreamBuffer
                0x0000000008006600       0x44 build/stream_buffer.o
 .text.prvWriteBytesToBuffer
                0x0000000008006644       0x8e build/stream_buffer.o
 .text.prvWriteMessageToBuffer
                0x00000000080066d2       0x50 build/stream_buffer.o
 .text.prvReadBytesFromBuffer
                0x0000000008006722       0x90 build/stream_buffer.o
 .text.prvReadMessageFromBuffer
                0x00000000080067b2       0x4e build/stream_buffer.o
 .text.xStreamBufferGenericCreateStatic
                0x0000000008006800       0xb6 build/stream_buffer.o
                0x0000000008006800                xStreamBufferGenericCreateStatic
 .text.xStreamBufferSpacesAvailable
                0x00000000080068b6       0x3c build/stream_buffer.o
                0x00000000080068b6                xStreamBufferSpacesAvailable
 .text.xStreamBufferSendFromISR
                0x00000000080068f2       0xae build/stream_buffer.o
                0x00000000080068f2                xStreamBufferSendFromISR
 .text.xStreamBufferReceive
                0x00000000080069a0       0xf4 build/stream_buffer.o
                0x00000000080069a0                xStreamBufferReceive
 .text.prvTaskCheckFreeStackSpace
                0x0000000008006a94       0x14 build/tasks.o
 .text.prvResetNextTaskUnblockTime
                0x0000000008006aa8       0x28 build/tasks.o
 .text.prvInitialiseNewTask
                0x0000000008006ad0       0xc2 build/tasks.o
 *fill*         0x0000000008006b92        0x2 
 .text.prvInitialiseTaskLists
                0x0000000008006b94       0x68 build/tasks.o
 .text.prvAddNewTaskToReadyList
                0x0000000008006bfc       0xc8 build/tasks.o
 .text.prvDeleteTCB
                0x0000000008006cc4       0x3c build/tasks.o
 .text.prvCheckTasksWaitingTermination
                0x0000000008006d00       0x4c build/tasks.o
 .text.prvIdleTask
                0x0000000008006d4c       0x28 build/tasks.o
 .text.prvAddCurrentTaskToDelayedList
                0x0000000008006d74       0xa0 build/tasks.o
 .text.xTaskCreateStatic
                0x0000000008006e14       0x80 build/tasks.o
                0x0000000008006e14                xTaskCreateStatic
 .text.xTaskCreate
                0x0000000008006e94       0x68 build/tasks.o
                0x0000000008006e94                xTaskCreate
 .text.eTaskGetState
                0x0000000008006efc       0x9c build/tasks.o
                0x0000000008006efc                eTaskGetState
 .text.vTaskPrioritySet
                0x0000000008006f98       0xf4 build/tasks.o
                0x0000000008006f98                vTaskPrioritySet
 .text.vTaskStartScheduler
                0x000000000800708c       0xa8 build/tasks.o
                0x000000000800708c                vTaskStartScheduler
 .text.vTaskSuspendAll
                0x0000000008007134       0x10 build/tasks.o
                0x0000000008007134                vTaskSuspendAll
 .text.xTaskGetTickCount
                0x0000000008007144        0xc build/tasks.o
                0x0000000008007144                xTaskGetTickCount
 .text.uxTaskGetNumberOfTasks
                0x0000000008007150        0xc build/tasks.o
                0x0000000008007150                uxTaskGetNumberOfTasks
 .text.xTaskIncrementTick
                0x000000000800715c      0x188 build/tasks.o
                0x000000000800715c                xTaskIncrementTick
 .text.xTaskResumeAll
                0x00000000080072e4      0x150 build/tasks.o
                0x00000000080072e4                xTaskResumeAll
 .text.vTaskDelay
                0x0000000008007434       0x50 build/tasks.o
                0x0000000008007434                vTaskDelay
 .text.vTaskSwitchContext
                0x0000000008007484       0xe8 build/tasks.o
                0x0000000008007484                vTaskSwitchContext
 .text.vTaskPlaceOnEventList
                0x000000000800756c       0x34 build/tasks.o
                0x000000000800756c                vTaskPlaceOnEventList
 .text.vTaskPlaceOnUnorderedEventList
                0x00000000080075a0       0x78 build/tasks.o
                0x00000000080075a0                vTaskPlaceOnUnorderedEventList
 .text.vTaskPlaceOnEventListRestricted
                0x0000000008007618       0x58 build/tasks.o
                0x0000000008007618                vTaskPlaceOnEventListRestricted
 .text.xTaskRemoveFromEventList
                0x0000000008007670       0xf8 build/tasks.o
                0x0000000008007670                xTaskRemoveFromEventList
 .text.vTaskRemoveFromUnorderedEventList
                0x0000000008007768       0xf0 build/tasks.o
                0x0000000008007768                vTaskRemoveFromUnorderedEventList
 .text.vTaskSetTimeOutState
                0x0000000008007858       0x3c build/tasks.o
                0x0000000008007858                vTaskSetTimeOutState
 .text.vTaskInternalSetTimeOutState
                0x0000000008007894       0x18 build/tasks.o
                0x0000000008007894                vTaskInternalSetTimeOutState
 .text.xTaskCheckForTimeOut
                0x00000000080078ac       0x90 build/tasks.o
                0x00000000080078ac                xTaskCheckForTimeOut
 .text.vTaskMissedYield
                0x000000000800793c        0xc build/tasks.o
                0x000000000800793c                vTaskMissedYield
 .text.vTaskGetInfo
                0x0000000008007948       0x78 build/tasks.o
                0x0000000008007948                vTaskGetInfo
 .text.prvListTasksWithinSingleList
                0x00000000080079c0       0x5e build/tasks.o
 *fill*         0x0000000008007a1e        0x2 
 .text.uxTaskGetSystemState
                0x0000000008007a20       0xb0 build/tasks.o
                0x0000000008007a20                uxTaskGetSystemState
 .text.xTaskGetCurrentTaskHandle
                0x0000000008007ad0        0xc build/tasks.o
                0x0000000008007ad0                xTaskGetCurrentTaskHandle
 .text.xTaskGetSchedulerState
                0x0000000008007adc       0x20 build/tasks.o
                0x0000000008007adc                xTaskGetSchedulerState
 .text.xTaskPriorityInherit
                0x0000000008007afc       0xb0 build/tasks.o
                0x0000000008007afc                xTaskPriorityInherit
 .text.xTaskPriorityDisinherit
                0x0000000008007bac       0xb4 build/tasks.o
                0x0000000008007bac                xTaskPriorityDisinherit
 .text.vTaskPriorityDisinheritAfterTimeout
                0x0000000008007c60       0xc4 build/tasks.o
                0x0000000008007c60                vTaskPriorityDisinheritAfterTimeout
 .text.uxTaskResetEventItemValue
                0x0000000008007d24       0x18 build/tasks.o
                0x0000000008007d24                uxTaskResetEventItemValue
 .text.pvTaskIncrementMutexHeldCount
                0x0000000008007d3c       0x1c build/tasks.o
                0x0000000008007d3c                pvTaskIncrementMutexHeldCount
 .text.ulTaskGenericNotifyTake
                0x0000000008007d58       0xb0 build/tasks.o
                0x0000000008007d58                ulTaskGenericNotifyTake
 .text.xTaskGenericNotifyWait
                0x0000000008007e08       0xd8 build/tasks.o
                0x0000000008007e08                xTaskGenericNotifyWait
 .text.xTaskGenericNotify
                0x0000000008007ee0      0x198 build/tasks.o
                0x0000000008007ee0                xTaskGenericNotify
 .text.xTaskGenericNotifyFromISR
                0x0000000008008078      0x1d8 build/tasks.o
                0x0000000008008078                xTaskGenericNotifyFromISR
 .text.vTaskGenericNotifyGiveFromISR
                0x0000000008008250      0x148 build/tasks.o
                0x0000000008008250                vTaskGenericNotifyGiveFromISR
 .text.xTaskGenericNotifyStateClear
                0x0000000008008398       0x50 build/tasks.o
                0x0000000008008398                xTaskGenericNotifyStateClear
 .text.prvGetNextExpireTime
                0x00000000080083e8       0x20 build/timers.o
 .text.prvInsertTimerInActiveList
                0x0000000008008408       0x50 build/timers.o
 .text.prvReloadTimer
                0x0000000008008458       0x26 build/timers.o
 *fill*         0x000000000800847e        0x2 
 .text.prvProcessExpiredTimer
                0x0000000008008480       0x40 build/timers.o
 .text.prvSwitchTimerLists
                0x00000000080084c0       0x2c build/timers.o
 .text.prvSampleTimeNow
                0x00000000080084ec       0x2c build/timers.o
 .text.prvProcessTimerOrBlockTask
                0x0000000008008518       0x80 build/timers.o
 .text.prvProcessReceivedCommands
                0x0000000008008598      0x108 build/timers.o
 .text.prvTimerTask
                0x00000000080086a0       0x16 build/timers.o
 *fill*         0x00000000080086b6        0x2 
 .text.prvCheckForValidListAndQueue
                0x00000000080086b8       0x70 build/timers.o
 .text.xTimerCreateTimerTask
                0x0000000008008728       0x68 build/timers.o
                0x0000000008008728                xTimerCreateTimerTask
 .text.xTimerPendFunctionCall
                0x0000000008008790       0x44 build/timers.o
                0x0000000008008790                xTimerPendFunctionCall
 .text.prvInsertBlockIntoFreeList
                0x00000000080087d4       0x58 build/heap_5.o
 .text.pvPortMalloc
                0x000000000800882c      0x104 build/heap_5.o
                0x000000000800882c                pvPortMalloc
 .text.vPortFree
                0x0000000008008930       0x84 build/heap_5.o
                0x0000000008008930                vPortFree
 .text.xPortGetFreeHeapSize
                0x00000000080089b4        0xc build/heap_5.o
                0x00000000080089b4                xPortGetFreeHeapSize
 .text.xPortGetMinimumEverFreeHeapSize
                0x00000000080089c0        0xc build/heap_5.o
                0x00000000080089c0                xPortGetMinimumEverFreeHeapSize
 .text.vPortDefineHeapRegions
                0x00000000080089cc       0xf0 build/heap_5.o
                0x00000000080089cc                vPortDefineHeapRegions
 .text.prvTaskExitError
                0x0000000008008abc       0x48 build/port.o
 .text.prvPortStartFirstTask
                0x0000000008008b04       0x28 build/port.o
 .text.vPortEnableVFP
                0x0000000008008b2c       0x14 build/port.o
 .text.pxPortInitialiseStack
                0x0000000008008b40       0x2c build/port.o
                0x0000000008008b40                pxPortInitialiseStack
 *fill*         0x0000000008008b6c        0x4 
 .text.SVC_Handler
                0x0000000008008b70       0x24 build/port.o
                0x0000000008008b70                SVC_Handler
 .text.vPortEnterCritical
                0x0000000008008b94       0x4c build/port.o
                0x0000000008008b94                vPortEnterCritical
 .text.vPortExitCritical
                0x0000000008008be0       0x30 build/port.o
                0x0000000008008be0                vPortExitCritical
 .text.PendSV_Handler
                0x0000000008008c10       0x64 build/port.o
                0x0000000008008c10                PendSV_Handler
 .text.xPortSysTickHandler
                0x0000000008008c74       0x30 build/port.o
                0x0000000008008c74                xPortSysTickHandler
 .text.vPortSetupTimerInterrupt
                0x0000000008008ca4       0x38 build/port.o
                0x0000000008008ca4                vPortSetupTimerInterrupt
 .text.xPortStartScheduler
                0x0000000008008cdc       0xd0 build/port.o
                0x0000000008008cdc                xPortStartScheduler
 .text.vPortValidateInterruptPriority
                0x0000000008008dac       0x64 build/port.o
                0x0000000008008dac                vPortValidateInterruptPriority
 .text.osKernelInitialize
                0x0000000008008e10       0x3c build/cmsis_os2.o
                0x0000000008008e10                osKernelInitialize
 .text.osKernelStart
                0x0000000008008e4c       0x48 build/cmsis_os2.o
                0x0000000008008e4c                osKernelStart
 .text.osThreadNew
                0x0000000008008e94       0xd8 build/cmsis_os2.o
                0x0000000008008e94                osThreadNew
 .text.osDelay  0x0000000008008f6c       0x3c build/cmsis_os2.o
                0x0000000008008f6c                osDelay
 .text.vApplicationGetIdleTaskMemory
                0x0000000008008fa8       0x18 build/cmsis_os2.o
                0x0000000008008fa8                vApplicationGetIdleTaskMemory
 .text.vApplicationGetTimerTaskMemory
                0x0000000008008fc0       0x18 build/cmsis_os2.o
                0x0000000008008fc0                vApplicationGetTimerTaskMemory
 .text.prvLoggingThread
                0x0000000008008fd8      0x12c build/logging.o
 .text.prvCreatePrintSocket
                0x0000000008009104       0x40 build/logging.o
 .text.prvLoggingPrintf
                0x0000000008009144       0x54 build/logging.o
 .text.vLoggingInit
                0x0000000008009198       0xec build/logging.o
                0x0000000008009198                vLoggingInit
 .text.vLoggingPrintf
                0x0000000008009284       0x1c build/logging.o
                0x0000000008009284                vLoggingPrintf
 .text._out_buffer
                0x00000000080092a0        0x8 build/printf.o
 .text._out_null
                0x00000000080092a8        0x2 build/printf.o
 .text._atoi    0x00000000080092aa       0x24 build/printf.o
 .text._out_rev
                0x00000000080092ce       0x7e build/printf.o
 .text._ntoa_format
                0x000000000800934c      0x122 build/printf.o
 .text._ntoa_long
                0x000000000800946e       0x9c build/printf.o
 .text._ntoa_long_long
                0x000000000800950a       0xc6 build/printf.o
 .text._etoa    0x00000000080095d0      0x3dc build/printf.o
 *fill*         0x00000000080099ac        0x4 
 .text._ftoa    0x00000000080099b0      0x388 build/printf.o
 .text._vsnprintf
                0x0000000008009d38      0x6d8 build/printf.o
 .text.vsnprintf_
                0x000000000800a410       0x1c build/printf.o
                0x000000000800a410                vsnprintf_
 .text.prvCacheLookup
                0x000000000800a42c       0x54 build/FreeRTOS_ARP.o
 .text.vARPRefreshCacheEntry
                0x000000000800a480      0x11c build/FreeRTOS_ARP.o
                0x000000000800a480                vARPRefreshCacheEntry
 .text.eARPProcessPacket
                0x000000000800a59c       0xa0 build/FreeRTOS_ARP.o
                0x000000000800a59c                eARPProcessPacket
 .text.eARPGetCacheEntry
                0x000000000800a63c       0x8c build/FreeRTOS_ARP.o
                0x000000000800a63c                eARPGetCacheEntry
 .text.vARPGenerateRequestPacket
                0x000000000800a6c8       0x9c build/FreeRTOS_ARP.o
                0x000000000800a6c8                vARPGenerateRequestPacket
 .text.FreeRTOS_OutputARPRequest
                0x000000000800a764       0x48 build/FreeRTOS_ARP.o
                0x000000000800a764                FreeRTOS_OutputARPRequest
 .text.vARPAgeCache
                0x000000000800a7ac       0x9c build/FreeRTOS_ARP.o
                0x000000000800a7ac                vARPAgeCache
 .text.FreeRTOS_ClearARP
                0x000000000800a848       0x14 build/FreeRTOS_ARP.o
                0x000000000800a848                FreeRTOS_ClearARP
 .text.prvSkipNameField
                0x000000000800a85c       0x4e build/FreeRTOS_DNS.o
 .text.prvCreateDNSSocket
                0x000000000800a8aa       0x3c build/FreeRTOS_DNS.o
 *fill*         0x000000000800a8e6        0x2 
 .text.prvCreateDNSMessage
                0x000000000800a8e8       0x64 build/FreeRTOS_DNS.o
 .text.prvReplyDNSMessage
                0x000000000800a94c       0x78 build/FreeRTOS_DNS.o
 .text.prvParseDNSReply
                0x000000000800a9c4      0x254 build/FreeRTOS_DNS.o
 .text.prvGetHostByName
                0x000000000800ac18      0x130 build/FreeRTOS_DNS.o
 .text.prvPrepareLookup
                0x000000000800ad48       0x46 build/FreeRTOS_DNS.o
 .text.FreeRTOS_gethostbyname
                0x000000000800ad8e        0x8 build/FreeRTOS_DNS.o
                0x000000000800ad8e                FreeRTOS_gethostbyname
 .text.ulDNSHandlePacket
                0x000000000800ad96       0x20 build/FreeRTOS_DNS.o
                0x000000000800ad96                ulDNSHandlePacket
 *fill*         0x000000000800adb6        0x2 
 .text.prvCalculateSleepTime
                0x000000000800adb8       0x3c build/FreeRTOS_IP.o
 .text.prvPacketBuffer_to_NetworkBuffer
                0x000000000800adf4       0x16 build/FreeRTOS_IP.o
 *fill*         0x000000000800ae0a        0x2 
 .text.prvProcessICMPEchoRequest
                0x000000000800ae0c       0x38 build/FreeRTOS_IP.o
 .text.prvIPTimerStart
                0x000000000800ae44       0x2c build/FreeRTOS_IP.o
 .text.prvIPTimerReload
                0x000000000800ae70        0xa build/FreeRTOS_IP.o
 .text.prvIPTimerCheck
                0x000000000800ae7a       0x46 build/FreeRTOS_IP.o
 .text.prvProcessICMPEchoReply
                0x000000000800aec0       0x38 build/FreeRTOS_IP.o
 .text.prvProcessICMPPacket
                0x000000000800aef8       0x20 build/FreeRTOS_IP.o
 .text.xIsCallingFromIPTask
                0x000000000800af18       0x1c build/FreeRTOS_IP.o
                0x000000000800af18                xIsCallingFromIPTask
 .text.FreeRTOS_GetUDPPayloadBuffer
                0x000000000800af34       0x24 build/FreeRTOS_IP.o
                0x000000000800af34                FreeRTOS_GetUDPPayloadBuffer
 .text.pxDuplicateNetworkBufferWithDescriptor
                0x000000000800af58       0x2e build/FreeRTOS_IP.o
                0x000000000800af58                pxDuplicateNetworkBufferWithDescriptor
 .text.pxPacketBuffer_to_NetworkBuffer
                0x000000000800af86        0xa build/FreeRTOS_IP.o
                0x000000000800af86                pxPacketBuffer_to_NetworkBuffer
 .text.pxUDPPayloadBuffer_to_NetworkBuffer
                0x000000000800af90        0xa build/FreeRTOS_IP.o
                0x000000000800af90                pxUDPPayloadBuffer_to_NetworkBuffer
 .text.FreeRTOS_ReleaseUDPPayloadBuffer
                0x000000000800af9a        0xc build/FreeRTOS_IP.o
                0x000000000800af9a                FreeRTOS_ReleaseUDPPayloadBuffer
 *fill*         0x000000000800afa6        0x2 
 .text.FreeRTOS_GetAddressConfiguration
                0x000000000800afa8       0x50 build/FreeRTOS_IP.o
                0x000000000800afa8                FreeRTOS_GetAddressConfiguration
 .text.vIPNetworkUpCalls
                0x000000000800aff8       0x24 build/FreeRTOS_IP.o
                0x000000000800aff8                vIPNetworkUpCalls
 .text.xIsIPv4Multicast
                0x000000000800b01c       0x28 build/FreeRTOS_IP.o
                0x000000000800b01c                xIsIPv4Multicast
 .text.vSetMultiCastIPv4MacAddress
                0x000000000800b044       0x1e build/FreeRTOS_IP.o
                0x000000000800b044                vSetMultiCastIPv4MacAddress
 *fill*         0x000000000800b062        0x2 
 .text.vPrintResourceStats
                0x000000000800b064       0x70 build/FreeRTOS_IP.o
                0x000000000800b064                vPrintResourceStats
 .text.FreeRTOS_GetIPAddress
                0x000000000800b0d4        0xc build/FreeRTOS_IP.o
                0x000000000800b0d4                FreeRTOS_GetIPAddress
 .text.FreeRTOS_GetMACAddress
                0x000000000800b0e0        0x8 build/FreeRTOS_IP.o
                0x000000000800b0e0                FreeRTOS_GetMACAddress
 .text.xIPIsNetworkTaskReady
                0x000000000800b0e8        0xc build/FreeRTOS_IP.o
                0x000000000800b0e8                xIPIsNetworkTaskReady
 .text.FreeRTOS_IPInit
                0x000000000800b0f4      0x1a4 build/FreeRTOS_IP.o
                0x000000000800b0f4                FreeRTOS_IPInit
 .text.xSendEventStructToIPTask
                0x000000000800b298       0x5c build/FreeRTOS_IP.o
                0x000000000800b298                xSendEventStructToIPTask
 .text.FreeRTOS_NetworkDown
                0x000000000800b2f4       0x28 build/FreeRTOS_IP.o
                0x000000000800b2f4                FreeRTOS_NetworkDown
 .text.prvProcessNetworkDownEvent
                0x000000000800b31c       0x4c build/FreeRTOS_IP.o
 .text.xSendEventToIPTask
                0x000000000800b368       0x18 build/FreeRTOS_IP.o
                0x000000000800b368                xSendEventToIPTask
 .text.prvCheckNetworkTimers
                0x000000000800b380       0x60 build/FreeRTOS_IP.o
 .text.FreeRTOS_IsNetworkUp
                0x000000000800b3e0        0xc build/FreeRTOS_IP.o
                0x000000000800b3e0                FreeRTOS_IsNetworkUp
 .text.FreeRTOS_min_int32
                0x000000000800b3ec        0x8 build/FreeRTOS_IP.o
                0x000000000800b3ec                FreeRTOS_min_int32
 .text.FreeRTOS_min_uint32
                0x000000000800b3f4        0x8 build/FreeRTOS_IP.o
                0x000000000800b3f4                FreeRTOS_min_uint32
 .text.FreeRTOS_round_up
                0x000000000800b3fc        0xe build/FreeRTOS_IP.o
                0x000000000800b3fc                FreeRTOS_round_up
 .text.vCastPointerTo_EthernetHeader_t
                0x000000000800b40a        0x2 build/FreeRTOS_IP.o
                0x000000000800b40a                vCastPointerTo_EthernetHeader_t
 .text.vReturnEthernetFrame
                0x000000000800b40c       0x50 build/FreeRTOS_IP.o
                0x000000000800b40c                vReturnEthernetFrame
 .text.vCastConstPointerTo_EthernetHeader_t
                0x000000000800b45c        0x2 build/FreeRTOS_IP.o
                0x000000000800b45c                vCastConstPointerTo_EthernetHeader_t
 .text.vCastConstPointerTo_IPHeader_t
                0x000000000800b45e        0x2 build/FreeRTOS_IP.o
                0x000000000800b45e                vCastConstPointerTo_IPHeader_t
 .text.vCastPointerTo_ARPPacket_t
                0x000000000800b460        0x2 build/FreeRTOS_IP.o
                0x000000000800b460                vCastPointerTo_ARPPacket_t
 .text.vCastPointerTo_IPPacket_t
                0x000000000800b462        0x2 build/FreeRTOS_IP.o
                0x000000000800b462                vCastPointerTo_IPPacket_t
 .text.vCastConstPointerTo_IPPacket_t
                0x000000000800b464        0x2 build/FreeRTOS_IP.o
                0x000000000800b464                vCastConstPointerTo_IPPacket_t
 *fill*         0x000000000800b466        0x2 
 .text.xCheckSizeFields
                0x000000000800b468       0xa0 build/FreeRTOS_IP.o
 .text.vCastPointerTo_ICMPPacket_t
                0x000000000800b508        0x2 build/FreeRTOS_IP.o
                0x000000000800b508                vCastPointerTo_ICMPPacket_t
 .text.vCastPointerTo_UDPPacket_t
                0x000000000800b50a        0x2 build/FreeRTOS_IP.o
                0x000000000800b50a                vCastPointerTo_UDPPacket_t
 .text.vCastConstPointerTo_UDPPacket_t
                0x000000000800b50c        0x2 build/FreeRTOS_IP.o
                0x000000000800b50c                vCastConstPointerTo_UDPPacket_t
 .text.vCastPointerTo_TCPPacket_t
                0x000000000800b50e        0x2 build/FreeRTOS_IP.o
                0x000000000800b50e                vCastPointerTo_TCPPacket_t
 .text.vCastConstPointerTo_TCPPacket_t
                0x000000000800b510        0x2 build/FreeRTOS_IP.o
                0x000000000800b510                vCastConstPointerTo_TCPPacket_t
 .text.vCastPointerTo_ProtocolPacket_t
                0x000000000800b512        0x2 build/FreeRTOS_IP.o
                0x000000000800b512                vCastPointerTo_ProtocolPacket_t
 .text.prvAllowIPPacket
                0x000000000800b514       0xc4 build/FreeRTOS_IP.o
 .text.prvProcessIPPacket
                0x000000000800b5d8      0x120 build/FreeRTOS_IP.o
 .text.prvProcessEthernetPacket
                0x000000000800b6f8       0x76 build/FreeRTOS_IP.o
 .text.prvHandleEthernetPacket
                0x000000000800b76e       0x16 build/FreeRTOS_IP.o
 .text.vCastPointerTo_ProtocolHeaders_t
                0x000000000800b784        0x2 build/FreeRTOS_IP.o
                0x000000000800b784                vCastPointerTo_ProtocolHeaders_t
 .text.vCastConstPointerTo_ProtocolHeaders_t
                0x000000000800b786        0x2 build/FreeRTOS_IP.o
                0x000000000800b786                vCastConstPointerTo_ProtocolHeaders_t
 .text.vCastPointerTo_FreeRTOS_Socket_t
                0x000000000800b788        0x2 build/FreeRTOS_IP.o
                0x000000000800b788                vCastPointerTo_FreeRTOS_Socket_t
 .text.vCastConstPointerTo_FreeRTOS_Socket_t
                0x000000000800b78a        0x2 build/FreeRTOS_IP.o
                0x000000000800b78a                vCastConstPointerTo_FreeRTOS_Socket_t
 .text.vCastPointerTo_SocketSelect_t
                0x000000000800b78c        0x2 build/FreeRTOS_IP.o
                0x000000000800b78c                vCastPointerTo_SocketSelect_t
 *fill*         0x000000000800b78e        0x2 
 .text.prvIPTask
                0x000000000800b790      0x158 build/FreeRTOS_IP.o
 .text.usChar2u16
                0x000000000800b8e8        0xa build/FreeRTOS_IP.o
                0x000000000800b8e8                usChar2u16
 .text.prvValidSocket
                0x000000000800b8f2       0x28 build/FreeRTOS_Sockets.o
 .text.bMayConnect
                0x000000000800b91a       0x22 build/FreeRTOS_Sockets.o
 .text.prvSockopt_so_buffer
                0x000000000800b93c       0x4c build/FreeRTOS_Sockets.o
 .text.prvDetermineSocketSize
                0x000000000800b988       0xdc build/FreeRTOS_Sockets.o
 .text.pxListFindListItemWithValue
                0x000000000800ba64       0x2e build/FreeRTOS_Sockets.o
 .text.prvFindSelectedSocket
                0x000000000800ba92       0x3a build/FreeRTOS_Sockets.o
 .text.prvGetPrivatePortNumber
                0x000000000800bacc       0x70 build/FreeRTOS_Sockets.o
 .text.prvTCPCreateStream
                0x000000000800bb3c       0x7c build/FreeRTOS_Sockets.o
 .text.prvTCPSendCheck
                0x000000000800bbb8       0x7c build/FreeRTOS_Sockets.o
 .text.vNetworkSocketsInit
                0x000000000800bc34       0x18 build/FreeRTOS_Sockets.o
                0x000000000800bc34                vNetworkSocketsInit
 .text.FreeRTOS_socket
                0x000000000800bc4c       0xa8 build/FreeRTOS_Sockets.o
                0x000000000800bc4c                FreeRTOS_socket
 .text.FreeRTOS_CreateSocketSet
                0x000000000800bcf4       0x2c build/FreeRTOS_Sockets.o
                0x000000000800bcf4                FreeRTOS_CreateSocketSet
 .text.FreeRTOS_FD_SET
                0x000000000800bd20       0x52 build/FreeRTOS_Sockets.o
                0x000000000800bd20                FreeRTOS_FD_SET
 .text.FreeRTOS_FD_CLR
                0x000000000800bd72       0x50 build/FreeRTOS_Sockets.o
                0x000000000800bd72                FreeRTOS_FD_CLR
 .text.FreeRTOS_select
                0x000000000800bdc2       0x5a build/FreeRTOS_Sockets.o
                0x000000000800bdc2                FreeRTOS_select
 .text.FreeRTOS_recvfrom
                0x000000000800be1c       0xd6 build/FreeRTOS_Sockets.o
                0x000000000800be1c                FreeRTOS_recvfrom
 .text.FreeRTOS_bind
                0x000000000800bef2       0x8c build/FreeRTOS_Sockets.o
                0x000000000800bef2                FreeRTOS_bind
 .text.FreeRTOS_sendto
                0x000000000800bf7e       0xea build/FreeRTOS_Sockets.o
                0x000000000800bf7e                FreeRTOS_sendto
 .text.vSocketBind
                0x000000000800c068       0xcc build/FreeRTOS_Sockets.o
                0x000000000800c068                vSocketBind
 .text.FreeRTOS_closesocket
                0x000000000800c134       0x32 build/FreeRTOS_Sockets.o
                0x000000000800c134                FreeRTOS_closesocket
 .text.vSocketClose
                0x000000000800c166       0x62 build/FreeRTOS_Sockets.o
                0x000000000800c166                vSocketClose
 .text.prvTCPSetSocketCount
                0x000000000800c1c8       0x78 build/FreeRTOS_Sockets.o
 .text.pxUDPSocketLookup
                0x000000000800c240       0x38 build/FreeRTOS_Sockets.o
                0x000000000800c240                pxUDPSocketLookup
 .text.FreeRTOS_inet_ntoa
                0x000000000800c278       0x90 build/FreeRTOS_Sockets.o
                0x000000000800c278                FreeRTOS_inet_ntoa
 .text.FreeRTOS_inet_pton4
                0x000000000800c308       0x90 build/FreeRTOS_Sockets.o
                0x000000000800c308                FreeRTOS_inet_pton4
 .text.FreeRTOS_inet_addr
                0x000000000800c398       0x16 build/FreeRTOS_Sockets.o
                0x000000000800c398                FreeRTOS_inet_addr
 .text.vSocketWakeUpUser
                0x000000000800c3ae       0x4a build/FreeRTOS_Sockets.o
                0x000000000800c3ae                vSocketWakeUpUser
 .text.FreeRTOS_accept
                0x000000000800c3f8      0x116 build/FreeRTOS_Sockets.o
                0x000000000800c3f8                FreeRTOS_accept
 .text.FreeRTOS_recv
                0x000000000800c50e      0x122 build/FreeRTOS_Sockets.o
                0x000000000800c50e                FreeRTOS_recv
 .text.FreeRTOS_send
                0x000000000800c630      0x106 build/FreeRTOS_Sockets.o
                0x000000000800c630                FreeRTOS_send
 .text.FreeRTOS_listen
                0x000000000800c736       0x8c build/FreeRTOS_Sockets.o
                0x000000000800c736                FreeRTOS_listen
 .text.FreeRTOS_shutdown
                0x000000000800c7c2       0x3e build/FreeRTOS_Sockets.o
                0x000000000800c7c2                FreeRTOS_shutdown
 .text.xTCPTimerCheck
                0x000000000800c800       0x88 build/FreeRTOS_Sockets.o
                0x000000000800c800                xTCPTimerCheck
 .text.pxTCPSocketLookup
                0x000000000800c888       0x58 build/FreeRTOS_Sockets.o
                0x000000000800c888                pxTCPSocketLookup
 .text.lTCPAddRxdata
                0x000000000800c8e0       0x82 build/FreeRTOS_Sockets.o
                0x000000000800c8e0                lTCPAddRxdata
 .text.FreeRTOS_GetRemoteAddress
                0x000000000800c962       0x3c build/FreeRTOS_Sockets.o
                0x000000000800c962                FreeRTOS_GetRemoteAddress
 .text.FreeRTOS_tx_space
                0x000000000800c99e       0x20 build/FreeRTOS_Sockets.o
                0x000000000800c99e                FreeRTOS_tx_space
 .text.FreeRTOS_tx_size
                0x000000000800c9be       0x1e build/FreeRTOS_Sockets.o
                0x000000000800c9be                FreeRTOS_tx_size
 .text.FreeRTOS_setsockopt
                0x000000000800c9dc      0x25a build/FreeRTOS_Sockets.o
                0x000000000800c9dc                FreeRTOS_setsockopt
 .text.FreeRTOS_issocketconnected
                0x000000000800cc36       0x26 build/FreeRTOS_Sockets.o
                0x000000000800cc36                FreeRTOS_issocketconnected
 .text.prvTCPConnectStart
                0x000000000800cc5c       0xaa build/FreeRTOS_Sockets.o
 .text.FreeRTOS_connect
                0x000000000800cd06       0x60 build/FreeRTOS_Sockets.o
                0x000000000800cd06                FreeRTOS_connect
 .text.FreeRTOS_rx_size
                0x000000000800cd66       0x1e build/FreeRTOS_Sockets.o
                0x000000000800cd66                FreeRTOS_rx_size
 .text.xSocketValid
                0x000000000800cd84       0x10 build/FreeRTOS_Sockets.o
                0x000000000800cd84                xSocketValid
 .text.vTCPNetStat
                0x000000000800cd94      0x160 build/FreeRTOS_Sockets.o
                0x000000000800cd94                vTCPNetStat
 .text.vSocketSelect
                0x000000000800cef4      0x170 build/FreeRTOS_Sockets.o
                0x000000000800cef4                vSocketSelect
 .text.uxStreamBufferSpace
                0x000000000800d064       0x10 build/FreeRTOS_Stream_Buffer.o
                0x000000000800d064                uxStreamBufferSpace
 .text.uxStreamBufferDistance
                0x000000000800d074        0xe build/FreeRTOS_Stream_Buffer.o
                0x000000000800d074                uxStreamBufferDistance
 .text.uxStreamBufferGetSpace
                0x000000000800d082        0xc build/FreeRTOS_Stream_Buffer.o
                0x000000000800d082                uxStreamBufferGetSpace
 .text.uxStreamBufferFrontSpace
                0x000000000800d08e        0xc build/FreeRTOS_Stream_Buffer.o
                0x000000000800d08e                uxStreamBufferFrontSpace
 .text.uxStreamBufferGetSize
                0x000000000800d09a        0xc build/FreeRTOS_Stream_Buffer.o
                0x000000000800d09a                uxStreamBufferGetSize
 .text.uxStreamBufferMidSpace
                0x000000000800d0a6        0xc build/FreeRTOS_Stream_Buffer.o
                0x000000000800d0a6                uxStreamBufferMidSpace
 .text.vStreamBufferClear
                0x000000000800d0b2        0xc build/FreeRTOS_Stream_Buffer.o
                0x000000000800d0b2                vStreamBufferClear
 .text.vStreamBufferMoveMid
                0x000000000800d0be       0x20 build/FreeRTOS_Stream_Buffer.o
                0x000000000800d0be                vStreamBufferMoveMid
 .text.xStreamBufferLessThenEqual
                0x000000000800d0de       0x38 build/FreeRTOS_Stream_Buffer.o
                0x000000000800d0de                xStreamBufferLessThenEqual
 .text.uxStreamBufferGetPtr
                0x000000000800d116       0x1e build/FreeRTOS_Stream_Buffer.o
                0x000000000800d116                uxStreamBufferGetPtr
 .text.uxStreamBufferAdd
                0x000000000800d134       0x88 build/FreeRTOS_Stream_Buffer.o
                0x000000000800d134                uxStreamBufferAdd
 .text.uxStreamBufferGet
                0x000000000800d1bc       0x7e build/FreeRTOS_Stream_Buffer.o
                0x000000000800d1bc                uxStreamBufferGet
 .text.prvTCPSocketIsActive
                0x000000000800d23a       0x1e build/FreeRTOS_TCP_IP.o
 .text.prvSetSynAckOptions
                0x000000000800d258       0x14 build/FreeRTOS_TCP_IP.o
 .text.prvTCPAddTxData
                0x000000000800d26c       0x2a build/FreeRTOS_TCP_IP.o
 .text.prvSetOptions
                0x000000000800d296       0x4e build/FreeRTOS_TCP_IP.o
 .text.prvTCPTouchSocket
                0x000000000800d2e4       0x28 build/FreeRTOS_TCP_IP.o
 .text.prvTCPBufferResize
                0x000000000800d30c       0x80 build/FreeRTOS_TCP_IP.o
 .text.prvSocketSetMSS
                0x000000000800d38c       0x50 build/FreeRTOS_TCP_IP.o
 .text.prvTCPCreateWindow
                0x000000000800d3dc       0x32 build/FreeRTOS_TCP_IP.o
 *fill*         0x000000000800d40e        0x2 
 .text.prvTCPPrepareConnect
                0x000000000800d410      0x120 build/FreeRTOS_TCP_IP.o
 .text.prvTCPReturnPacket
                0x000000000800d530      0x204 build/FreeRTOS_TCP_IP.o
 .text.prvTCPSendSpecialPacketHelper
                0x000000000800d734       0x26 build/FreeRTOS_TCP_IP.o
 .text.prvTCPSendReset
                0x000000000800d75a        0xa build/FreeRTOS_TCP_IP.o
 .text.prvTCPSendChallengeAck
                0x000000000800d764        0xa build/FreeRTOS_TCP_IP.o
 .text.prvSendData
                0x000000000800d76e       0x2a build/FreeRTOS_TCP_IP.o
 .text.prvTCPNextTimeout
                0x000000000800d798       0xbc build/FreeRTOS_TCP_IP.o
 .text.prvTCPSocketCopy
                0x000000000800d854       0x94 build/FreeRTOS_TCP_IP.o
 .text.prvSingleStepTCPHeaderOptions
                0x000000000800d8e8       0x90 build/FreeRTOS_TCP_IP.o
 .text.prvCheckOptions
                0x000000000800d978       0x54 build/FreeRTOS_TCP_IP.o
 .text.prvCheckRxData
                0x000000000800d9cc       0x6e build/FreeRTOS_TCP_IP.o
 .text.prvStoreRxData
                0x000000000800da3a       0x82 build/FreeRTOS_TCP_IP.o
 .text.vSocketCloseNextTime
                0x000000000800dabc       0x1c build/FreeRTOS_TCP_IP.o
                0x000000000800dabc                vSocketCloseNextTime
 .text.vTCPStateChange
                0x000000000800dad8      0x140 build/FreeRTOS_TCP_IP.o
                0x000000000800dad8                vTCPStateChange
 .text.prvTCPPrepareSend
                0x000000000800dc18      0x1e0 build/FreeRTOS_TCP_IP.o
 .text.prvTCPSendRepeated
                0x000000000800ddf8       0x3c build/FreeRTOS_TCP_IP.o
 .text.prvTCPSendPacket
                0x000000000800de34       0x88 build/FreeRTOS_TCP_IP.o
 .text.prvTCPStatusAgeCheck
                0x000000000800debc       0x4c build/FreeRTOS_TCP_IP.o
 .text.xTCPSocketCheck
                0x000000000800df08       0x40 build/FreeRTOS_TCP_IP.o
                0x000000000800df08                xTCPSocketCheck
 .text.prvHandleListen
                0x000000000800df48      0x130 build/FreeRTOS_TCP_IP.o
 .text.prvHandleSynReceived
                0x000000000800e078      0x11a build/FreeRTOS_TCP_IP.o
 .text.prvTCPHandleFin
                0x000000000800e192       0xe0 build/FreeRTOS_TCP_IP.o
 .text.prvHandleEstablished
                0x000000000800e272      0x16c build/FreeRTOS_TCP_IP.o
 .text.prvTCPHandleState
                0x000000000800e3de      0x17a build/FreeRTOS_TCP_IP.o
 .text.xProcessReceivedTCPPacket
                0x000000000800e558      0x24e build/FreeRTOS_TCP_IP.o
                0x000000000800e558                xProcessReceivedTCPPacket
 *fill*         0x000000000800e7a6        0x2 
 .text.FreeRTOS_GetTCPStateName
                0x000000000800e7a8       0x14 build/FreeRTOS_TCP_IP.o
                0x000000000800e7a8                FreeRTOS_GetTCPStateName
 .text.xTCPCheckNewClient
                0x000000000800e7bc       0x4c build/FreeRTOS_TCP_IP.o
                0x000000000800e7bc                xTCPCheckNewClient
 .text.prvTCPWindowTxHasSpace
                0x000000000800e808       0x10 build/FreeRTOS_TCP_WIN.o
 .text.xSequenceLessThan
                0x000000000800e818        0xe build/FreeRTOS_TCP_WIN.o
                0x000000000800e818                xSequenceLessThan
 .text.xSequenceGreaterThan
                0x000000000800e826        0xe build/FreeRTOS_TCP_WIN.o
                0x000000000800e826                xSequenceGreaterThan
 .text.vListInsertGeneric
                0x000000000800e834       0x14 build/FreeRTOS_TCP_WIN.o
                0x000000000800e834                vListInsertGeneric
 .text.vTCPWindowInit
                0x000000000800e848       0x54 build/FreeRTOS_TCP_WIN.o
                0x000000000800e848                vTCPWindowInit
 .text.vTCPWindowCreate
                0x000000000800e89c       0x14 build/FreeRTOS_TCP_WIN.o
                0x000000000800e89c                vTCPWindowCreate
 .text.lTCPWindowRxCheck
                0x000000000800e8b0       0x24 build/FreeRTOS_TCP_WIN.o
                0x000000000800e8b0                lTCPWindowRxCheck
 .text.lTCPWindowTxAdd
                0x000000000800e8d4       0x34 build/FreeRTOS_TCP_WIN.o
                0x000000000800e8d4                lTCPWindowTxAdd
 .text.ulTCPWindowTxGet
                0x000000000800e908       0x54 build/FreeRTOS_TCP_WIN.o
                0x000000000800e908                ulTCPWindowTxGet
 .text.xTCPWindowTxDone
                0x000000000800e95c        0xc build/FreeRTOS_TCP_WIN.o
                0x000000000800e95c                xTCPWindowTxDone
 .text.xTCPWindowTxHasData
                0x000000000800e968       0x48 build/FreeRTOS_TCP_WIN.o
                0x000000000800e968                xTCPWindowTxHasData
 .text.ulTCPWindowTxAck
                0x000000000800e9b0       0x1a build/FreeRTOS_TCP_WIN.o
                0x000000000800e9b0                ulTCPWindowTxAck
 .text.xTCPWindowRxEmpty
                0x000000000800e9ca       0x12 build/FreeRTOS_TCP_WIN.o
                0x000000000800e9ca                xTCPWindowRxEmpty
 .text.vProcessGeneratedUDPPacket
                0x000000000800e9dc       0xec build/FreeRTOS_UDP_IP.o
                0x000000000800e9dc                vProcessGeneratedUDPPacket
 .text.xProcessReceivedUDPPacket
                0x000000000800eac8       0xca build/FreeRTOS_UDP_IP.o
                0x000000000800eac8                xProcessReceivedUDPPacket
 *fill*         0x000000000800eb92        0x2 
 .text.xNetworkBuffersInitialise
                0x000000000800eb94       0x94 build/BufferAllocation_2.o
                0x000000000800eb94                xNetworkBuffersInitialise
 .text.vReleaseNetworkBuffer
                0x000000000800ec28        0xe build/BufferAllocation_2.o
                0x000000000800ec28                vReleaseNetworkBuffer
 *fill*         0x000000000800ec36        0x2 
 .text.vReleaseNetworkBufferAndDescriptor
                0x000000000800ec38       0x4c build/BufferAllocation_2.o
                0x000000000800ec38                vReleaseNetworkBufferAndDescriptor
 .text.pxGetNetworkBufferWithDescriptor
                0x000000000800ec84       0xb0 build/BufferAllocation_2.o
                0x000000000800ec84                pxGetNetworkBufferWithDescriptor
 .text.uxGetNumberOfFreeNetworkBuffers
                0x000000000800ed34        0xc build/BufferAllocation_2.o
                0x000000000800ed34                uxGetNumberOfFreeNetworkBuffers
 .text.uxGetMinimumFreeNetworkBuffers
                0x000000000800ed40        0xc build/BufferAllocation_2.o
                0x000000000800ed40                uxGetMinimumFreeNetworkBuffers
 .text.pcPhyName
                0x000000000800ed4c       0x74 build/phyHandling.o
 .text.xHas_1F_PHYSPCS
                0x000000000800edc0       0x14 build/phyHandling.o
 .text.xHas_19_PHYCR
                0x000000000800edd4       0x14 build/phyHandling.o
 .text.xPhyReset
                0x000000000800ede8       0xd8 build/phyHandling.o
 .text.vPhyInitialise
                0x000000000800eec0       0x18 build/phyHandling.o
                0x000000000800eec0                vPhyInitialise
 .text.xPhyDiscover
                0x000000000800eed8       0x80 build/phyHandling.o
                0x000000000800eed8                xPhyDiscover
 .text.xPhyConfigure
                0x000000000800ef58      0x154 build/phyHandling.o
                0x000000000800ef58                xPhyConfigure
 .text.xPhyFixedValue
                0x000000000800f0ac       0x52 build/phyHandling.o
                0x000000000800f0ac                xPhyFixedValue
 *fill*         0x000000000800f0fe        0x2 
 .text.xPhyStartAutoNegotiation
                0x000000000800f100      0x1e4 build/phyHandling.o
                0x000000000800f100                xPhyStartAutoNegotiation
 .text.xPhyCheckLinkStatus
                0x000000000800f2e4       0xd8 build/phyHandling.o
                0x000000000800f2e4                xPhyCheckLinkStatus
 .text.prvDMATxDescListInit
                0x000000000800f3bc       0x54 build/NetworkInterface.o
 .text.prvMACAddressConfig
                0x000000000800f410       0x34 build/NetworkInterface.o
 .text.xMayAcceptPacket
                0x000000000800f444       0x18 build/NetworkInterface.o
 .text.prvDMARxDescListInit
                0x000000000800f45c       0x6c build/NetworkInterface.o
 .text.prvPassEthMessages
                0x000000000800f4c8       0x38 build/NetworkInterface.o
 .text.prvNetworkInterfaceInput
                0x000000000800f500      0x11c build/NetworkInterface.o
 .text.vClearTXBuffers
                0x000000000800f61c       0x6c build/NetworkInterface.o
 .text.prvEthernetUpdateConfig
                0x000000000800f688       0xd4 build/NetworkInterface.o
 .text.prvEMACHandlerTask
                0x000000000800f75c       0xb4 build/NetworkInterface.o
 .text.xSTM32_PhyRead
                0x000000000800f810       0x20 build/NetworkInterface.o
                0x000000000800f810                xSTM32_PhyRead
 .text.xSTM32_PhyWrite
                0x000000000800f830       0x20 build/NetworkInterface.o
                0x000000000800f830                xSTM32_PhyWrite
 .text.HAL_ETH_RxCpltCallback
                0x000000000800f850       0x48 build/NetworkInterface.o
                0x000000000800f850                HAL_ETH_RxCpltCallback
 .text.HAL_ETH_TxCpltCallback
                0x000000000800f898       0x48 build/NetworkInterface.o
                0x000000000800f898                HAL_ETH_TxCpltCallback
 .text.xNetworkInterfaceInitialise
                0x000000000800f8e0      0x120 build/NetworkInterface.o
                0x000000000800f8e0                xNetworkInterfaceInitialise
 .text.xNetworkInterfaceOutput
                0x000000000800fa00       0xd4 build/NetworkInterface.o
                0x000000000800fa00                xNetworkInterfaceOutput
 .text.vMACBProbePhy
                0x000000000800fad4       0x30 build/NetworkInterface.o
                0x000000000800fad4                vMACBProbePhy
 .text.ETH_IRQHandler
                0x000000000800fb04       0x10 build/NetworkInterface.o
                0x000000000800fb04                ETH_IRQHandler
 .text.vRegisterDelay
                0x000000000800fb14       0x34 build/stm32fxx_hal_eth.o
 .text.prvWriteMACFCR
                0x000000000800fb48       0x18 build/stm32fxx_hal_eth.o
 .text.prvWriteDMAOMR
                0x000000000800fb60       0x1c build/stm32fxx_hal_eth.o
 .text.prvWriteMACCR
                0x000000000800fb7c       0x18 build/stm32fxx_hal_eth.o
 .text.ETH_MACAddressConfig
                0x000000000800fb94       0x34 build/stm32fxx_hal_eth.o
 .text.ETH_MACDMAConfig
                0x000000000800fbc8       0xf4 build/stm32fxx_hal_eth.o
 .text.ETH_MACTransmissionEnable
                0x000000000800fcbc       0x10 build/stm32fxx_hal_eth.o
 .text.ETH_MACTransmissionDisable
                0x000000000800fccc       0x10 build/stm32fxx_hal_eth.o
 .text.ETH_MACReceptionEnable
                0x000000000800fcdc       0x1a build/stm32fxx_hal_eth.o
 .text.ETH_MACReceptionDisable
                0x000000000800fcf6       0x1a build/stm32fxx_hal_eth.o
 .text.ETH_DMATransmissionEnable
                0x000000000800fd10       0x1e build/stm32fxx_hal_eth.o
 .text.ETH_DMATransmissionDisable
                0x000000000800fd2e       0x1e build/stm32fxx_hal_eth.o
 .text.ETH_DMAReceptionEnable
                0x000000000800fd4c       0x1e build/stm32fxx_hal_eth.o
 .text.ETH_DMAReceptionDisable
                0x000000000800fd6a       0x1e build/stm32fxx_hal_eth.o
 .text.ETH_FlushTransmitFIFO
                0x000000000800fd88       0x1e build/stm32fxx_hal_eth.o
 *fill*         0x000000000800fda6        0x2 
 .text.HAL_ETH_Init
                0x000000000800fda8       0xec build/stm32fxx_hal_eth.o
                0x000000000800fda8                HAL_ETH_Init
 .text.HAL_ETH_ErrorCallback
                0x000000000800fe94        0x2 build/stm32fxx_hal_eth.o
                0x000000000800fe94                HAL_ETH_ErrorCallback
 *fill*         0x000000000800fe96        0x2 
 .text.HAL_ETH_IRQHandler
                0x000000000800fe98       0x40 build/stm32fxx_hal_eth.o
                0x000000000800fe98                HAL_ETH_IRQHandler
 .text.HAL_ETH_ReadPHYRegister
                0x000000000800fed8       0x7e build/stm32fxx_hal_eth.o
                0x000000000800fed8                HAL_ETH_ReadPHYRegister
 .text.HAL_ETH_WritePHYRegister
                0x000000000800ff56       0x7e build/stm32fxx_hal_eth.o
                0x000000000800ff56                HAL_ETH_WritePHYRegister
 .text.HAL_ETH_Start
                0x000000000800ffd4       0x44 build/stm32fxx_hal_eth.o
                0x000000000800ffd4                HAL_ETH_Start
 .text.HAL_ETH_Stop
                0x0000000008010018       0x44 build/stm32fxx_hal_eth.o
                0x0000000008010018                HAL_ETH_Stop
 .text.HAL_ETH_ConfigMAC
                0x000000000801005c      0x108 build/stm32fxx_hal_eth.o
                0x000000000801005c                HAL_ETH_ConfigMAC
 .text.Sockets_Connect
                0x0000000008010164      0x13c build/sockets_wrapper.o
                0x0000000008010164                Sockets_Connect
 .text.Plaintext_FreeRTOS_Connect
                0x00000000080102a0       0x7c build/using_plaintext.o
                0x00000000080102a0                Plaintext_FreeRTOS_Connect
 .text.Plaintext_FreeRTOS_recv
                0x000000000801031c       0x40 build/using_plaintext.o
                0x000000000801031c                Plaintext_FreeRTOS_recv
 .text.Plaintext_FreeRTOS_send
                0x000000000801035c       0x32 build/using_plaintext.o
                0x000000000801035c                Plaintext_FreeRTOS_send
 *fill*         0x000000000801038e        0x2 
 .text.BackoffAlgorithm_GetNextBackoff
                0x0000000008010390       0x70 build/backoff_algorithm.o
                0x0000000008010390                BackoffAlgorithm_GetNextBackoff
 .text.BackoffAlgorithm_InitializeParams
                0x0000000008010400       0x28 build/backoff_algorithm.o
                0x0000000008010400                BackoffAlgorithm_InitializeParams
 .text.remainingLengthEncodedSize
                0x0000000008010428       0x20 build/core_mqtt_serializer.o
 .text.getRemainingLength
                0x0000000008010448       0x72 build/core_mqtt_serializer.o
 *fill*         0x00000000080104ba        0x2 
 .text.validateSubscriptionSerializeParams
                0x00000000080104bc       0xf8 build/core_mqtt_serializer.o
 .text.checkPublishRemainingLength
                0x00000000080105b4       0x70 build/core_mqtt_serializer.o
 .text.incomingPacketValid
                0x0000000008010624       0x94 build/core_mqtt_serializer.o
 .text.encodeRemainingLength
                0x00000000080106b8       0x3c build/core_mqtt_serializer.o
 .text.calculateSubscriptionPacketSize
                0x00000000080106f4      0x128 build/core_mqtt_serializer.o
 .text.calculatePublishPacketSize
                0x000000000801081c       0xe8 build/core_mqtt_serializer.o
 .text.processPublishFlags
                0x0000000008010904       0x84 build/core_mqtt_serializer.o
 .text.deserializePublish
                0x0000000008010988      0x114 build/core_mqtt_serializer.o
 .text.logConnackResponse
                0x0000000008010a9c       0x78 build/core_mqtt_serializer.o
 .text.deserializeConnack
                0x0000000008010b14      0x108 build/core_mqtt_serializer.o
 .text.readSubackStatus
                0x0000000008010c1c       0x94 build/core_mqtt_serializer.o
 .text.deserializeSuback
                0x0000000008010cb0       0x88 build/core_mqtt_serializer.o
 .text.deserializePingresp
                0x0000000008010d38       0x5c build/core_mqtt_serializer.o
 .text.deserializeSimpleAck
                0x0000000008010d94       0xa0 build/core_mqtt_serializer.o
 .text.encodeString
                0x0000000008010e34       0x38 build/core_mqtt_serializer.o
 .text.serializeConnectPacket
                0x0000000008010e6c      0x10c build/core_mqtt_serializer.o
 .text.serializePublishCommon
                0x0000000008010f78      0x104 build/core_mqtt_serializer.o
 .text.MQTT_GetConnectPacketSize
                0x000000000801107c       0xf4 build/core_mqtt_serializer.o
                0x000000000801107c                MQTT_GetConnectPacketSize
 .text.MQTT_SerializeConnect
                0x0000000008011170       0xe8 build/core_mqtt_serializer.o
                0x0000000008011170                MQTT_SerializeConnect
 .text.MQTT_GetSubscribePacketSize
                0x0000000008011258       0x88 build/core_mqtt_serializer.o
                0x0000000008011258                MQTT_GetSubscribePacketSize
 .text.MQTT_SerializeSubscribe
                0x00000000080112e0       0x62 build/core_mqtt_serializer.o
                0x00000000080112e0                MQTT_SerializeSubscribe
 *fill*         0x0000000008011342        0x2 
 .text.MQTT_GetUnsubscribePacketSize
                0x0000000008011344       0x88 build/core_mqtt_serializer.o
                0x0000000008011344                MQTT_GetUnsubscribePacketSize
 .text.MQTT_SerializeUnsubscribe
                0x00000000080113cc       0x56 build/core_mqtt_serializer.o
                0x00000000080113cc                MQTT_SerializeUnsubscribe
 *fill*         0x0000000008011422        0x2 
 .text.MQTT_GetPublishPacketSize
                0x0000000008011424       0xb0 build/core_mqtt_serializer.o
                0x0000000008011424                MQTT_GetPublishPacketSize
 .text.MQTT_SerializePublishHeader
                0x00000000080114d4      0x198 build/core_mqtt_serializer.o
                0x00000000080114d4                MQTT_SerializePublishHeader
 .text.MQTT_SerializeAck
                0x000000000801166c       0xfc build/core_mqtt_serializer.o
                0x000000000801166c                MQTT_SerializeAck
 .text.MQTT_GetPingreqPacketSize
                0x0000000008011768       0x40 build/core_mqtt_serializer.o
                0x0000000008011768                MQTT_GetPingreqPacketSize
 .text.MQTT_SerializePingreq
                0x00000000080117a8       0x9c build/core_mqtt_serializer.o
                0x00000000080117a8                MQTT_SerializePingreq
 .text.MQTT_DeserializePublish
                0x0000000008011844       0xac build/core_mqtt_serializer.o
                0x0000000008011844                MQTT_DeserializePublish
 .text.MQTT_DeserializeAck
                0x00000000080118f0      0x134 build/core_mqtt_serializer.o
                0x00000000080118f0                MQTT_DeserializeAck
 .text.MQTT_GetIncomingPacketTypeAndLength
                0x0000000008011a24       0xf0 build/core_mqtt_serializer.o
                0x0000000008011a24                MQTT_GetIncomingPacketTypeAndLength
 .text.validateTransitionPublish
                0x0000000008011b14       0x5e build/core_mqtt_state.o
 .text.validateTransitionAck
                0x0000000008011b72       0x68 build/core_mqtt_state.o
 .text.isPublishOutgoing
                0x0000000008011bda       0x28 build/core_mqtt_state.o
 *fill*         0x0000000008011c02        0x2 
 .text.compactRecords
                0x0000000008011c04       0x60 build/core_mqtt_state.o
 .text.findInRecord
                0x0000000008011c64       0x48 build/core_mqtt_state.o
 .text.updateRecord
                0x0000000008011cac       0x30 build/core_mqtt_state.o
 .text.stateSelect
                0x0000000008011cdc       0xa8 build/core_mqtt_state.o
 .text.addRecord
                0x0000000008011d84       0xcc build/core_mqtt_state.o
 .text.MQTT_CalculateStateAck
                0x0000000008011e50       0x40 build/core_mqtt_state.o
                0x0000000008011e50                MQTT_CalculateStateAck
 .text.MQTT_ReserveState
                0x0000000008011e90       0x30 build/core_mqtt_state.o
                0x0000000008011e90                MQTT_ReserveState
 .text.MQTT_CalculateStatePublish
                0x0000000008011ec0       0x26 build/core_mqtt_state.o
                0x0000000008011ec0                MQTT_CalculateStatePublish
 *fill*         0x0000000008011ee6        0x2 
 .text.MQTT_PubrelToResend
                0x0000000008011ee8       0x64 build/core_mqtt_state.o
                0x0000000008011ee8                MQTT_PubrelToResend
 .text.MQTT_State_strerror
                0x0000000008011f4c       0x74 build/core_mqtt_state.o
                0x0000000008011f4c                MQTT_State_strerror
 .text.updateStatePublish
                0x0000000008011fc0       0xe4 build/core_mqtt_state.o
 .text.MQTT_UpdateStatePublish
                0x00000000080120a4       0xf0 build/core_mqtt_state.o
                0x00000000080120a4                MQTT_UpdateStatePublish
 .text.updateStateAck
                0x0000000008012194       0xc0 build/core_mqtt_state.o
 .text.MQTT_UpdateStateAck
                0x0000000008012254      0x13c build/core_mqtt_state.o
                0x0000000008012254                MQTT_UpdateStateAck
 .text.calculateElapsedTime
                0x0000000008012390        0x4 build/core_mqtt.o
 .text.getAckTypeToSend
                0x0000000008012394       0x22 build/core_mqtt.o
 *fill*         0x00000000080123b6        0x2 
 .text.validateSubscribeUnsubscribeParams
                0x00000000080123b8       0x98 build/core_mqtt.o
 .text.validatePublishParams
                0x0000000008012450       0xac build/core_mqtt.o
 .text.sendPacket
                0x00000000080124fc      0x12c build/core_mqtt.o
 .text.recvExact
                0x0000000008012628      0x148 build/core_mqtt.o
 .text.discardPacket
                0x0000000008012770      0x110 build/core_mqtt.o
 .text.receivePacket
                0x0000000008012880       0xbc build/core_mqtt.o
 .text.getAckFromPacketType
                0x000000000801293c       0x3c build/core_mqtt.o
 .text.sendPublish
                0x0000000008012978       0xf8 build/core_mqtt.o
 .text.sendPublishAcks
                0x0000000008012a70       0xe0 build/core_mqtt.o
 .text.handleSessionResumption
                0x0000000008012b50       0x84 build/core_mqtt.o
 .text.serializePublish
                0x0000000008012bd4       0x78 build/core_mqtt.o
 .text.MQTT_Init
                0x0000000008012c4c      0x12c build/core_mqtt.o
                0x0000000008012c4c                MQTT_Init
 .text.MQTT_Subscribe
                0x0000000008012d78       0x90 build/core_mqtt.o
                0x0000000008012d78                MQTT_Subscribe
 .text.MQTT_Ping
                0x0000000008012e08       0xbc build/core_mqtt.o
                0x0000000008012e08                MQTT_Ping
 .text.handleKeepAlive
                0x0000000008012ec4       0x7c build/core_mqtt.o
 .text.MQTT_Unsubscribe
                0x0000000008012f40       0x90 build/core_mqtt.o
                0x0000000008012f40                MQTT_Unsubscribe
 .text.MQTT_GetPacketId
                0x0000000008012fd0       0x24 build/core_mqtt.o
                0x0000000008012fd0                MQTT_GetPacketId
 .text.MQTT_GetSubAckStatusCodes
                0x0000000008012ff4      0x10c build/core_mqtt.o
                0x0000000008012ff4                MQTT_GetSubAckStatusCodes
 .text.MQTT_Status_strerror
                0x0000000008013100       0x74 build/core_mqtt.o
                0x0000000008013100                MQTT_Status_strerror
 .text.receiveConnack
                0x0000000008013174      0x178 build/core_mqtt.o
 .text.MQTT_Connect
                0x00000000080132ec      0x130 build/core_mqtt.o
                0x00000000080132ec                MQTT_Connect
 .text.MQTT_Publish
                0x000000000801341c       0xd8 build/core_mqtt.o
                0x000000000801341c                MQTT_Publish
 .text.handleIncomingPublish
                0x00000000080134f4      0x134 build/core_mqtt.o
 .text.handlePublishAcks
                0x0000000008013628       0xf4 build/core_mqtt.o
 .text.handleIncomingAck
                0x000000000801371c      0x118 build/core_mqtt.o
 .text.receiveSingleIteration
                0x0000000008013834       0xe0 build/core_mqtt.o
 .text.MQTT_ProcessLoop
                0x0000000008013914       0xf4 build/core_mqtt.o
                0x0000000008013914                MQTT_ProcessLoop
 .text.MQTT_ReceiveLoop
                0x0000000008013a08       0xf0 build/core_mqtt.o
                0x0000000008013a08                MQTT_ReceiveLoop
 .text.Reset_Handler
                0x0000000008013af8       0x50 build/startup_stm32f746xx.o
                0x0000000008013af8                Reset_Handler
 .text.Default_Handler
                0x0000000008013b48        0x2 build/startup_stm32f746xx.o
                0x0000000008013b48                DMA1_Stream3_IRQHandler
                0x0000000008013b48                EXTI2_IRQHandler
                0x0000000008013b48                TIM8_CC_IRQHandler
                0x0000000008013b48                UART8_IRQHandler
                0x0000000008013b48                SPI4_IRQHandler
                0x0000000008013b48                TIM1_CC_IRQHandler
                0x0000000008013b48                DMA2_Stream5_IRQHandler
                0x0000000008013b48                DMA1_Stream5_IRQHandler
                0x0000000008013b48                PVD_IRQHandler
                0x0000000008013b48                TAMP_STAMP_IRQHandler
                0x0000000008013b48                CAN2_RX1_IRQHandler
                0x0000000008013b48                EXTI3_IRQHandler
                0x0000000008013b48                TIM8_TRG_COM_TIM14_IRQHandler
                0x0000000008013b48                TIM1_UP_TIM10_IRQHandler
                0x0000000008013b48                TIM8_UP_TIM13_IRQHandler
                0x0000000008013b48                I2C3_ER_IRQHandler
                0x0000000008013b48                EXTI0_IRQHandler
                0x0000000008013b48                I2C2_EV_IRQHandler
                0x0000000008013b48                DMA1_Stream2_IRQHandler
                0x0000000008013b48                CAN1_RX0_IRQHandler
                0x0000000008013b48                FPU_IRQHandler
                0x0000000008013b48                OTG_HS_WKUP_IRQHandler
                0x0000000008013b48                LTDC_ER_IRQHandler
                0x0000000008013b48                CAN2_SCE_IRQHandler
                0x0000000008013b48                DMA2_Stream2_IRQHandler
                0x0000000008013b48                SPI1_IRQHandler
                0x0000000008013b48                TIM6_DAC_IRQHandler
                0x0000000008013b48                TIM1_BRK_TIM9_IRQHandler
                0x0000000008013b48                DCMI_IRQHandler
                0x0000000008013b48                CAN2_RX0_IRQHandler
                0x0000000008013b48                DMA2_Stream3_IRQHandler
                0x0000000008013b48                SAI2_IRQHandler
                0x0000000008013b48                USART6_IRQHandler
                0x0000000008013b48                USART3_IRQHandler
                0x0000000008013b48                CAN1_RX1_IRQHandler
                0x0000000008013b48                UART5_IRQHandler
                0x0000000008013b48                DMA2_Stream0_IRQHandler
                0x0000000008013b48                TIM4_IRQHandler
                0x0000000008013b48                QUADSPI_IRQHandler
                0x0000000008013b48                I2C1_EV_IRQHandler
                0x0000000008013b48                DMA1_Stream6_IRQHandler
                0x0000000008013b48                DMA1_Stream1_IRQHandler
                0x0000000008013b48                UART4_IRQHandler
                0x0000000008013b48                TIM3_IRQHandler
                0x0000000008013b48                RCC_IRQHandler
                0x0000000008013b48                TIM8_BRK_TIM12_IRQHandler
                0x0000000008013b48                Default_Handler
                0x0000000008013b48                CEC_IRQHandler