Archive member included to satisfy reference by file (symbol)

/usr/local/Caskroom/gcc-arm-embedded/9-2019-q4-major/gcc-arm-none-eabi-9-2019-q4-major/bin/../lib/gcc/arm-none-eabi/9.2.1/../../../../arm-none-eabi/lib/thumb/v7e-m+fp/hard/libc_nano.a(lib_a-assert.o)
                              build/backoff_algorithm.o (__assert_func)
/usr/local/Caskroom/gcc-arm-embedded/9-2019-q4-major/gcc-arm-none-eabi-9-2019-q4-major/bin/../lib/gcc/arm-none-eabi/9.2.1/../../../../arm-none-eabi/lib/thumb/v7e-m+fp/hard/libc_nano.a(lib_a-exit.o)
                              /usr/local/Caskroom/gcc-arm-embedded/9-2019-q4-major/gcc-arm-none-eabi-9-2019-q4-major/bin/../lib/gcc/arm-none-eabi/9.2.1/../../../../arm-none-eabi/lib/thumb/v7e-m+fp/hard/crt0.o (exit)
/usr/local/Caskroom/gcc-arm-embedded/9-2019-q4-major/gcc-arm-none-eabi-9-2019-q4-major/bin/../lib/gcc/arm-none-eabi/9.2.1/../../../../arm-none-eabi/lib/thumb/v7e-m+fp/hard/libc_nano.a(lib_a-fprintf.o)
                              /usr/local/Caskroom/gcc-arm-embedded/9-2019-q4-major/gcc-arm-none-eabi-9-2019-q4-major/bin/../lib/gcc/arm-none-eabi/9.2.1/../../../../arm-none-eabi/lib/thumb/v7e-m+fp/hard/libc_nano.a(lib_a-assert.o) (fiprintf)
/usr/local/Caskroom/gcc-arm-embedded/9-2019-q4-major/gcc-arm-none-eabi-9-2019-q4-major/bin/../lib/gcc/arm-none-eabi/9.2.1/../../../../arm-none-eabi/lib/thumb/v7e-m+fp/hard/libc_nano.a(lib_a-impure.o)
                              /usr/local/Caskroom/gcc-arm-embedded/9-2019-q4-major/gcc-arm-none-eabi-9-2019-q4-major/bin/../lib/gcc/arm-none-eabi/9.2.1/../../../../arm-none-eabi/lib/thumb/v7e-m+fp/hard/libc_nano.a(lib_a-exit.o) (_global_impure_ptr)
/usr/local/Caskroom/gcc-arm-embedded/9-2019-q4-major/gcc-arm-none-eabi-9-2019-q4-major/bin/../lib/gcc/arm-none-eabi/9.2.1/../../../../arm-none-eabi/lib/thumb/v7e-m+fp/hard/libc_nano.a(lib_a-init.o)
                              /usr/local/Caskroom/gcc-arm-embedded/9-2019-q4-major/gcc-arm-none-eabi-9-2019-q4-major/bin/../lib/gcc/arm-none-eabi/9.2.1/../../../../arm-none-eabi/lib/thumb/v7e-m+fp/hard/crt0.o (__libc_init_array)
/usr/local/Caskroom/gcc-arm-embedded/9-2019-q4-major/gcc-arm-none-eabi-9-2019-q4-major/bin/../lib/gcc/arm-none-eabi/9.2.1/../../../../arm-none-eabi/lib/thumb/v7e-m+fp/hard/libc_nano.a(lib_a-memcmp.o)
                              build/FreeRTOS_ARP.o (memcmp)
/usr/local/Caskroom/gcc-arm-embedded/9-2019-q4-major/gcc-arm-none-eabi-9-2019-q4-major/bin/../lib/gcc/arm-none-eabi/9.2.1/../../../../arm-none-eabi/lib/thumb/v7e-m+fp/hard/libc_nano.a(lib_a-memcpy-stub.o)
                              build/queue.o (memcpy)
/usr/local/Caskroom/gcc-arm-embedded/9-2019-q4-major/gcc-arm-none-eabi-9-2019-q4-major/bin/../lib/gcc/arm-none-eabi/9.2.1/../../../../arm-none-eabi/lib/thumb/v7e-m+fp/hard/libc_nano.a(lib_a-memmove.o)
                              build/FreeRTOS_IP.o (memmove)
/usr/local/Caskroom/gcc-arm-embedded/9-2019-q4-major/gcc-arm-none-eabi-9-2019-q4-major/bin/../lib/gcc/arm-none-eabi/9.2.1/../../../../arm-none-eabi/lib/thumb/v7e-m+fp/hard/libc_nano.a(lib_a-memset.o)
                              /usr/local/Caskroom/gcc-arm-embedded/9-2019-q4-major/gcc-arm-none-eabi-9-2019-q4-major/bin/../lib/gcc/arm-none-eabi/9.2.1/../../../../arm-none-eabi/lib/thumb/v7e-m+fp/hard/crt0.o (memset)
/usr/local/Caskroom/gcc-arm-embedded/9-2019-q4-major/gcc-arm-none-eabi-9-2019-q4-major/bin/../lib/gcc/arm-none-eabi/9.2.1/../../../../arm-none-eabi/lib/thumb/v7e-m+fp/hard/libc_nano.a(lib_a-nano-vfprintf.o)
                              /usr/local/Caskroom/gcc-arm-embedded/9-2019-q4-major/gcc-arm-none-eabi-9-2019-q4-major/bin/../lib/gcc/arm-none-eabi/9.2.1/../../../../arm-none-eabi/lib/thumb/v7e-m+fp/hard/libc_nano.a(lib_a-fprintf.o) (_vfprintf_r)
/usr/local/Caskroom/gcc-arm-embedded/9-2019-q4-major/gcc-arm-none-eabi-9-2019-q4-major/bin/../lib/gcc/arm-none-eabi/9.2.1/../../../../arm-none-eabi/lib/thumb/v7e-m+fp/hard/libc_nano.a(lib_a-nano-vfprintf_i.o)
                              /usr/local/Caskroom/gcc-arm-embedded/9-2019-q4-major/gcc-arm-none-eabi-9-2019-q4-major/bin/../lib/gcc/arm-none-eabi/9.2.1/../../../../arm-none-eabi/lib/thumb/v7e-m+fp/hard/libc_nano.a(lib_a-nano-vfprintf.o) (_printf_i)
/usr/local/Caskroom/gcc-arm-embedded/9-2019-q4-major/gcc-arm-none-eabi-9-2019-q4-major/bin/../lib/gcc/arm-none-eabi/9.2.1/../../../../arm-none-eabi/lib/thumb/v7e-m+fp/hard/libc_nano.a(lib_a-snprintf.o)
                              build/iperf_task.o (snprintf)
/usr/local/Caskroom/gcc-arm-embedded/9-2019-q4-major/gcc-arm-none-eabi-9-2019-q4-major/bin/../lib/gcc/arm-none-eabi/9.2.1/../../../../arm-none-eabi/lib/thumb/v7e-m+fp/hard/libc_nano.a(lib_a-sprintf.o)
                              build/tasks.o (sprintf)
/usr/local/Caskroom/gcc-arm-embedded/9-2019-q4-major/gcc-arm-none-eabi-9-2019-q4-major/bin/../lib/gcc/arm-none-eabi/9.2.1/../../../../arm-none-eabi/lib/thumb/v7e-m+fp/hard/libc_nano.a(lib_a-sscanf.o)
                              build/iperf_task.o (sscanf)
[...]
Memory Configuration

Name             Origin             Length             Attributes
FLASH            0x0000000008000000 0x0000000000100000 xr
RAM              0x0000000020000000 0x0000000000050000 xrw
*default*        0x0000000000000000 0xffffffffffffffff

Linker script and memory map

LOAD /usr/local/Caskroom/gcc-arm-embedded/9-2019-q4-major/gcc-arm-none-eabi-9-2019-q4-major/bin/../lib/gcc/arm-none-eabi/9.2.1/thumb/v7e-m+fp/hard/crti.o
LOAD /usr/local/Caskroom/gcc-arm-embedded/9-2019-q4-major/gcc-arm-none-eabi-9-2019-q4-major/bin/../lib/gcc/arm-none-eabi/9.2.1/thumb/v7e-m+fp/hard/crtbegin.o
LOAD /usr/local/Caskroom/gcc-arm-embedded/9-2019-q4-major/gcc-arm-none-eabi-9-2019-q4-major/bin/../lib/gcc/arm-none-eabi/9.2.1/../../../../arm-none-eabi/lib/thumb/v7e-m+fp/hard/crt0.o
LOAD build/main.o
LOAD build/mqtt_task.o
LOAD build/iperf_task.o
LOAD build/modbus_task.o
LOAD build/modbus.o
LOAD build/freertos.o
LOAD build/stm32f7xx_it.o
LOAD build/stm32f7xx_hal_msp.o
LOAD build/stm32f7xx_nucleo_144.o
LOAD build/stm32f7xx_hal.o
LOAD build/stm32f7xx_hal_cortex.o
LOAD build/stm32f7xx_hal_rcc.o
LOAD build/stm32f7xx_hal_rcc_ex.o
LOAD build/stm32f7xx_hal_dma.o
LOAD build/stm32f7xx_hal_dma_ex.o
LOAD build/stm32f7xx_hal_rng.o
LOAD build/stm32f7xx_hal_tim.o
LOAD build/stm32f7xx_hal_tim_ex.o
LOAD build/stm32f7xx_hal_pwr.o
LOAD build/stm32f7xx_hal_pwr_ex.o
LOAD build/stm32f7xx_hal_uart.o
LOAD build/stm32f7xx_hal_uart_ex.o
LOAD build/stm32f7xx_hal_gpio.o
LOAD build/system_stm32f7xx.o
LOAD build/croutine.o
LOAD build/event_groups.o
LOAD build/list.o
LOAD build/queue.o
LOAD build/stream_buffer.o
LOAD build/tasks.o
LOAD build/timers.o
LOAD build/heap_5.o
LOAD build/port.o
LOAD build/cmsis_os2.o
LOAD build/logging.o
LOAD build/printf.o
LOAD build/FreeRTOS_ARP.o
LOAD build/FreeRTOS_DHCP.o
LOAD build/FreeRTOS_DNS.o
LOAD build/FreeRTOS_IP.o
LOAD build/FreeRTOS_Sockets.o
LOAD build/FreeRTOS_Stream_Buffer.o
LOAD build/FreeRTOS_TCP_IP.o
LOAD build/FreeRTOS_TCP_WIN.o
LOAD build/FreeRTOS_UDP_IP.o
LOAD build/BufferAllocation_2.o
LOAD build/phyHandling.o
LOAD build/NetworkInterface.o
LOAD build/stm32fxx_hal_eth.o
LOAD build/sockets_wrapper.o
LOAD build/using_plaintext.o
LOAD build/backoff_algorithm.o
LOAD build/core_mqtt_serializer.o
LOAD build/core_mqtt_state.o
LOAD build/core_mqtt.o
LOAD build/startup_stm32f746xx.o
LOAD /usr/local/Caskroom/gcc-arm-embedded/9-2019-q4-major/gcc-arm-none-eabi-9-2019-q4-major/bin/../lib/gcc/arm-none-eabi/9.2.1/../../../../arm-none-eabi/lib/thumb/v7e-m+fp/hard/libc_nano.a
LOAD /usr/local/Caskroom/gcc-arm-embedded/9-2019-q4-major/gcc-arm-none-eabi-9-2019-q4-major/bin/../lib/gcc/arm-none-eabi/9.2.1/../../../../arm-none-eabi/lib/thumb/v7e-m+fp/hard/libm.a
LOAD /usr/local/Caskroom/gcc-arm-embedded/9-2019-q4-major/gcc-arm-none-eabi-9-2019-q4-major/bin/../lib/gcc/arm-none-eabi/9.2.1/../../../../arm-none-eabi/lib/thumb/v7e-m+fp/hard/libnosys.a
START GROUP
LOAD /usr/local/Caskroom/gcc-arm-embedded/9-2019-q4-major/gcc-arm-none-eabi-9-2019-q4-major/bin/../lib/gcc/arm-none-eabi/9.2.1/thumb/v7e-m+fp/hard/libgcc.a
LOAD /usr/local/Caskroom/gcc-arm-embedded/9-2019-q4-major/gcc-arm-none-eabi-9-2019-q4-major/bin/../lib/gcc/arm-none-eabi/9.2.1/../../../../arm-none-eabi/lib/thumb/v7e-m+fp/hard/libc_nano.a
END GROUP
START GROUP
LOAD /usr/local/Caskroom/gcc-arm-embedded/9-2019-q4-major/gcc-arm-none-eabi-9-2019-q4-major/bin/../lib/gcc/arm-none-eabi/9.2.1/thumb/v7e-m+fp/hard/libgcc.a
LOAD /usr/local/Caskroom/gcc-arm-embedded/9-2019-q4-major/gcc-arm-none-eabi-9-2019-q4-major/bin/../lib/gcc/arm-none-eabi/9.2.1/../../../../arm-none-eabi/lib/thumb/v7e-m+fp/hard/libc_nano.a
END GROUP
LOAD /usr/local/Caskroom/gcc-arm-embedded/9-2019-q4-major/gcc-arm-none-eabi-9-2019-q4-major/bin/../lib/gcc/arm-none-eabi/9.2.1/thumb/v7e-m+fp/hard/crtend.o
LOAD /usr/local/Caskroom/gcc-arm-embedded/9-2019-q4-major/gcc-arm-none-eabi-9-2019-q4-major/bin/../lib/gcc/arm-none-eabi/9.2.1/thumb/v7e-m+fp/hard/crtn.o
                0x0000000020050000                _estack = 0x20050000
                0x0000000000000200                _Min_Heap_Size = 0x200
                0x0000000000000400                _Min_Stack_Size = 0x400

.isr_vector     0x0000000008000000      0x1c8
                0x0000000008000000                . = ALIGN (0x4)
 *(.isr_vector)
 .isr_vector    0x0000000008000000      0x1c8 build/startup_stm32f746xx.o
                0x0000000008000000                g_pfnVectors
                0x00000000080001c8                . = ALIGN (0x4)

.text           0x00000000080001d0    0x14570
                0x00000000080001d0                . = ALIGN (0x4)
 *(.text)
 .text          0x00000000080001d0       0x40 /usr/local/Caskroom/gcc-arm-embedded/9-2019-q4-major/gcc-arm-none-eabi-9-2019-q4-major/bin/../lib/gcc/arm-none-eabi/9.2.1/thumb/v7e-m+fp/hard/crtbegin.o
 .text          0x0000000008000210       0x10 /usr/local/Caskroom/gcc-arm-embedded/9-2019-q4-major/gcc-arm-none-eabi-9-2019-q4-major/bin/../lib/gcc/arm-none-eabi/9.2.1/../../../../arm-none-eabi/lib/thumb/v7e-m+fp/hard/libc_nano.a(lib_a-strlen.o)
                0x0000000008000210                strlen
 .text          0x0000000008000220       0xa0 /usr/local/Caskroom/gcc-arm-embedded/9-2019-q4-major/gcc-arm-none-eabi-9-2019-q4-major/bin/../lib/gcc/arm-none-eabi/9.2.1/../../../../arm-none-eabi/lib/thumb/v7e-m+fp/hard/libc_nano.a(lib_a-memchr.o)
                0x0000000008000220                memchr
 .text          0x00000000080002c0      0x378 /usr/local/Caskroom/gcc-arm-embedded/9-2019-q4-major/gcc-arm-none-eabi-9-2019-q4-major/bin/../lib/gcc/arm-none-eabi/9.2.1/thumb/v7e-m+fp/hard/libgcc.a(_arm_addsubdf3.o)
                0x00000000080002c0                __aeabi_drsub
                0x00000000080002c8                __subdf3
                0x00000000080002c8                __aeabi_dsub
                0x00000000080002cc                __aeabi_dadd
                0x00000000080002cc                __adddf3
                0x0000000008000544                __aeabi_ui2d
                0x0000000008000544                __floatunsidf
                0x0000000008000564                __floatsidf
                0x0000000008000564                __aeabi_i2d
                0x0000000008000588                __extendsfdf2
                0x0000000008000588                __aeabi_f2d
                0x00000000080005cc                __aeabi_ul2d
                0x00000000080005cc                __floatundidf
                0x00000000080005dc                __aeabi_l2d
                0x00000000080005dc                __floatdidf
 .text          0x0000000008000638      0x424 /usr/local/Caskroom/gcc-arm-embedded/9-2019-q4-major/gcc-arm-none-eabi-9-2019-q4-major/bin/../lib/gcc/arm-none-eabi/9.2.1/thumb/v7e-m+fp/hard/libgcc.a(_arm_muldivdf3.o)
                0x0000000008000638                __aeabi_dmul
                0x0000000008000638                __muldf3
                0x000000000800088c                __aeabi_ddiv
                0x000000000800088c                __divdf3
 .text          0x0000000008000a5c      0x110 /usr/local/Caskroom/gcc-arm-embedded/9-2019-q4-major/gcc-arm-none-eabi-9-2019-q4-major/bin/../lib/gcc/arm-none-eabi/9.2.1/thumb/v7e-m+fp/hard/libgcc.a(_arm_cmpdf2.o)
                0x0000000008000a5c                __gedf2
                0x0000000008000a5c                __gtdf2
                0x0000000008000a64                __ledf2
                0x0000000008000a64                __ltdf2
                0x0000000008000a6c                __cmpdf2
                0x0000000008000a6c                __eqdf2
                0x0000000008000a6c                __nedf2
                0x0000000008000ae8                __aeabi_cdrcmple
                0x0000000008000af8                __aeabi_cdcmple
                0x0000000008000af8                __aeabi_cdcmpeq
                0x0000000008000b08                __aeabi_dcmpeq
                0x0000000008000b1c                __aeabi_dcmplt
                0x0000000008000b30                __aeabi_dcmple
                0x0000000008000b44                __aeabi_dcmpge
                0x0000000008000b58                __aeabi_dcmpgt
 .text          0x0000000008000b6c       0x50 /usr/local/Caskroom/gcc-arm-embedded/9-2019-q4-major/gcc-arm-none-eabi-9-2019-q4-major/bin/../lib/gcc/arm-none-eabi/9.2.1/thumb/v7e-m+fp/hard/libgcc.a(_arm_fixdfsi.o)
                0x0000000008000b6c                __fixdfsi
                0x0000000008000b6c                __aeabi_d2iz
 .text          0x0000000008000bbc       0x40 /usr/local/Caskroom/gcc-arm-embedded/9-2019-q4-major/gcc-arm-none-eabi-9-2019-q4-major/bin/../lib/gcc/arm-none-eabi/9.2.1/thumb/v7e-m+fp/hard/libgcc.a(_arm_fixunsdfsi.o)
                0x0000000008000bbc                __fixunsdfsi
                0x0000000008000bbc                __aeabi_d2uiz
 .text          0x0000000008000bfc       0x30 /usr/local/Caskroom/gcc-arm-embedded/9-2019-q4-major/gcc-arm-none-eabi-9-2019-q4-major/bin/../lib/gcc/arm-none-eabi/9.2.1/thumb/v7e-m+fp/hard/libgcc.a(_aeabi_uldivmod.o)
                0x0000000008000bfc                __aeabi_uldivmod
 .text          0x0000000008000c2c      0x2c4 /usr/local/Caskroom/gcc-arm-embedded/9-2019-q4-major/gcc-arm-none-eabi-9-2019-q4-major/bin/../lib/gcc/arm-none-eabi/9.2.1/thumb/v7e-m+fp/hard/libgcc.a(_udivmoddi4.o)
                0x0000000008000c2c                __udivmoddi4
 .text          0x0000000008000ef0        0x4 /usr/local/Caskroom/gcc-arm-embedded/9-2019-q4-major/gcc-arm-none-eabi-9-2019-q4-major/bin/../lib/gcc/arm-none-eabi/9.2.1/thumb/v7e-m+fp/hard/libgcc.a(_dvmd_tls.o)
                0x0000000008000ef0                __aeabi_ldiv0
                0x0000000008000ef0                __aeabi_idiv0
 *(.text*)
 .text.DebugMode_Config
                0x0000000008000ef4       0x90 build/main.o
 .text.prvLedTask
                0x0000000008000f84       0x12 build/main.o
 *fill*         0x0000000008000f96        0x2 
 .text.uxRand   0x0000000008000f98       0x1c build/main.o
                0x0000000008000f98                uxRand
 .text.Error_Handler
                0x0000000008000fb4       0x18 build/main.o
                0x0000000008000fb4                Error_Handler
 .text.SystemClock_Config
                0x0000000008000fcc       0xb4 build/main.o
 .text.main     0x0000000008001080       0xd8 build/main.o
                0x0000000008001080                main
 .text.prvGetTimeMs
                0x0000000008001158       0x14 build/mqtt_task.o
 .text.prvConnectToServerWithBackoffRetries
                0x000000000800116c      0x100 build/mqtt_task.o
 .text.prvCreateMQTTConnectionWithBroker
                0x000000000800126c       0x88 build/mqtt_task.o
 .text.prvMQTTProcessIncomingPublish
                0x00000000080012f4       0xb4 build/mqtt_task.o
 .text.prvUpdateSubAckStatus
                0x00000000080013a8       0x4c build/mqtt_task.o
 .text.prvMQTTProcessResponse
                0x00000000080013f4      0x108 build/mqtt_task.o
 .text.prvEventCallback
                0x00000000080014fc       0x1e build/mqtt_task.o
 *fill*         0x000000000800151a        0x2 
 .text.prvMQTTPublishToTopic
                0x000000000800151c       0x60 build/mqtt_task.o
 .text.prvMQTTDemoTask
                0x000000000800157c      0x17c build/mqtt_task.o
 .text.vMQTTInstall
                0x00000000080016f8       0x34 build/mqtt_task.o
                0x00000000080016f8                vMQTTInstall
 .text.prvCreateTCPServerSocket
                0x000000000800172c       0xb0 build/iperf_task.o
 .text.prvCreateUDPServerSocket
                0x00000000080017dc       0x7c build/iperf_task.o
 .text.prvIPerfServerWork
                0x0000000008001858       0x7c build/iperf_task.o
 .text.handleRecvPacket
                0x00000000080018d4      0x30c build/iperf_task.o
 .text.prvIPerfTCPSend
                0x0000000008001be0       0x98 build/iperf_task.o
 .text.prvIPerfTCPClose
                0x0000000008001c78       0x84 build/iperf_task.o
 .text.prvIPerfTCPWork
                0x0000000008001cfc       0xa8 build/iperf_task.o
 .text.prvIPerfUDPWork
                0x0000000008001da4       0x4c build/iperf_task.o
 .text.prvIPerfTask
                0x0000000008001df0      0x108 build/iperf_task.o
 .text.vIPerfInstall
                0x0000000008001ef8       0x60 build/iperf_task.o
                0x0000000008001ef8                vIPerfInstall
 .text.pucModbusFunctionType
                0x0000000008001f58       0xe8 build/modbus_task.o
 .text.pucModbusException
                0x0000000008002040       0x6c build/modbus_task.o
 .text.prvModbusParseRequest
                0x00000000080020ac       0xc8 build/modbus_task.o
 .text.prvCreateTCPServerSocket
                0x0000000008002174      0x128 build/modbus_task.o
 .text.prvModbusServerWork
                0x000000000800229c       0xa8 build/modbus_task.o
 .text.prvModbusTCPSend
                0x0000000008002344       0x78 build/modbus_task.o
 .text.prvModbusTCPClose
                0x00000000080023bc       0x88 build/modbus_task.o
 .text.pucModbusStatus
                0x0000000008002444       0x2c build/modbus_task.o
                0x0000000008002444                pucModbusStatus
 .text.vModbusInstall
                0x0000000008002470       0x44 build/modbus_task.o
                0x0000000008002470                vModbusInstall
 .text.prvModbusHandleRequest
                0x00000000080024b4      0x5e8 build/modbus_task.o
 .text.prvModbusTCPWork
                0x0000000008002a9c      0x138 build/modbus_task.o
 .text.prvModbusTask
                0x0000000008002bd4       0x7c build/modbus_task.o
 .text.xModbusReadInputBitsHook_0x02
                0x0000000008002c50       0x50 build/modbus.o
                0x0000000008002c50                xModbusReadInputBitsHook_0x02
 .text.xModbusReadCoilsHook_0x01
                0x0000000008002ca0        0x8 build/modbus.o
                0x0000000008002ca0                xModbusReadCoilsHook_0x01
 .text.xModbusReadHoldregsHook_0x03
                0x0000000008002ca8       0x5c build/modbus.o
                0x0000000008002ca8                xModbusReadHoldregsHook_0x03
 .text.xModbusReadInputRegistersHook_0x04
                0x0000000008002d04       0x5c build/modbus.o
                0x0000000008002d04                xModbusReadInputRegistersHook_0x04
 .text.xModbusWriteBitsHook_0x0F
                0x0000000008002d60       0x4c build/modbus.o
                0x0000000008002d60                xModbusWriteBitsHook_0x0F
 .text.xModbusWriteBitHook_0x05
                0x0000000008002dac        0x8 build/modbus.o
                0x0000000008002dac                xModbusWriteBitHook_0x05
 .text.xModbusWriteHoldregsHook_0x10
                0x0000000008002db4       0x50 build/modbus.o
                0x0000000008002db4                xModbusWriteHoldregsHook_0x10
 .text.xModbusWriteHoldregHook_0x06
                0x0000000008002e04        0x8 build/modbus.o
                0x0000000008002e04                xModbusWriteHoldregHook_0x06
 .text.xModbusUserFunctionHook_0xXX
                0x0000000008002e0c       0x3c build/modbus.o
                0x0000000008002e0c                xModbusUserFunctionHook_0xXX
 .text.vStartHighResolutionTimer
                0x0000000008002e48       0x50 build/freertos.o
                0x0000000008002e48                vStartHighResolutionTimer
 .text.ullGetMicrosecondTime
                0x0000000008002e98       0x58 build/freertos.o
                0x0000000008002e98                ullGetMicrosecondTime
 .text.vApplicationTickHook
                0x0000000008002ef0       0x1c build/freertos.o
                0x0000000008002ef0                vApplicationTickHook
 .text.vApplicationMallocFailedHook
                0x0000000008002f0c       0x34 build/freertos.o
                0x0000000008002f0c                vApplicationMallocFailedHook
 .text.vApplicationStackOverflowHook
                0x0000000008002f40       0x38 build/freertos.o
                0x0000000008002f40                vApplicationStackOverflowHook
 .text.vApplicationIPNetworkEventHook
                0x0000000008002f78      0x114 build/freertos.o
                0x0000000008002f78                vApplicationIPNetworkEventHook
 .text.ulApplicationGetNextSequenceNumber
                0x000000000800308c       0x20 build/freertos.o
                0x000000000800308c                ulApplicationGetNextSequenceNumber
 .text.xApplicationGetRandomNumber
                0x00000000080030ac       0x28 build/freertos.o
                0x00000000080030ac                xApplicationGetRandomNumber
 .text.vApplicationPingReplyHook
                0x00000000080030d4       0x3c build/freertos.o
                0x00000000080030d4                vApplicationPingReplyHook
 .text.xApplicationDNSQueryHook
                0x0000000008003110       0x68 build/freertos.o
                0x0000000008003110                xApplicationDNSQueryHook
 .text.vHeapInit
                0x0000000008003178       0x4c build/freertos.o
                0x0000000008003178                vHeapInit
 .text.NMI_Handler
                0x00000000080031c4        0x2 build/stm32f7xx_it.o
                0x00000000080031c4                NMI_Handler
 .text.HardFault_Handler
                0x00000000080031c6        0x2 build/stm32f7xx_it.o
                0x00000000080031c6                HardFault_Handler
 .text.MemManage_Handler
                0x00000000080031c8        0x2 build/stm32f7xx_it.o
                0x00000000080031c8                MemManage_Handler
 .text.BusFault_Handler
                0x00000000080031ca        0x2 build/stm32f7xx_it.o
                0x00000000080031ca                BusFault_Handler
 .text.UsageFault_Handler
                0x00000000080031cc        0x2 build/stm32f7xx_it.o
                0x00000000080031cc                UsageFault_Handler
 .text.DebugMon_Handler
                0x00000000080031ce        0x2 build/stm32f7xx_it.o
                0x00000000080031ce                DebugMon_Handler
 .text.SysTick_Handler
                0x00000000080031d0       0x16 build/stm32f7xx_it.o
                0x00000000080031d0                SysTick_Handler
 *fill*         0x00000000080031e6        0x2 
 .text.TIM2_IRQHandler
                0x00000000080031e8       0x2c build/stm32f7xx_it.o
                0x00000000080031e8                TIM2_IRQHandler
 .text.HAL_MspInit
                0x0000000008003214       0x40 build/stm32f7xx_hal_msp.o
                0x0000000008003214                HAL_MspInit
 .text.HAL_TIM_Base_MspInit
                0x0000000008003254       0x3a build/stm32f7xx_hal_msp.o
                0x0000000008003254                HAL_TIM_Base_MspInit
 *fill*         0x000000000800328e        0x2 
 .text.HAL_UART_MspInit
                0x0000000008003290       0xa8 build/stm32f7xx_hal_msp.o
                0x0000000008003290                HAL_UART_MspInit
 .text.HAL_RNG_MspInit
                0x0000000008003338       0x2c build/stm32f7xx_hal_msp.o
                0x0000000008003338                HAL_RNG_MspInit
 .text.HAL_ETH_MspInit
                0x0000000008003364      0x1b8 build/stm32f7xx_hal_msp.o
                0x0000000008003364                HAL_ETH_MspInit
 .text.BSP_LED_Init
                0x000000000800351c       0x70 build/stm32f7xx_nucleo_144.o
                0x000000000800351c                BSP_LED_Init
 .text.BSP_LED_On
                0x000000000800358c       0x20 build/stm32f7xx_nucleo_144.o
                0x000000000800358c                BSP_LED_On
 .text.BSP_LED_Off
                0x00000000080035ac       0x20 build/stm32f7xx_nucleo_144.o
                0x00000000080035ac                BSP_LED_Off
 .text.BSP_LED_Toggle
                0x00000000080035cc       0x1c build/stm32f7xx_nucleo_144.o
                0x00000000080035cc                BSP_LED_Toggle
 .text.HAL_InitTick
                0x00000000080035e8       0x4c build/stm32f7xx_hal.o
                0x00000000080035e8                HAL_InitTick
 .text.HAL_Init
                0x0000000008003634       0x2c build/stm32f7xx_hal.o
                0x0000000008003634                HAL_Init
 .text.HAL_IncTick
                0x0000000008003660       0x18 build/stm32f7xx_hal.o
                0x0000000008003660                HAL_IncTick
 .text.HAL_GetTick
                0x0000000008003678        0xc build/stm32f7xx_hal.o
                0x0000000008003678                HAL_GetTick
 .text.HAL_NVIC_SetPriorityGrouping
                0x0000000008003684       0x24 build/stm32f7xx_hal_cortex.o
                0x0000000008003684                HAL_NVIC_SetPriorityGrouping
 .text.HAL_NVIC_SetPriority
                0x00000000080036a8       0x64 build/stm32f7xx_hal_cortex.o
                0x00000000080036a8                HAL_NVIC_SetPriority
 .text.HAL_NVIC_EnableIRQ
                0x000000000800370c       0x1c build/stm32f7xx_hal_cortex.o
                0x000000000800370c                HAL_NVIC_EnableIRQ
 .text.HAL_SYSTICK_Config
                0x0000000008003728       0x2c build/stm32f7xx_hal_cortex.o
                0x0000000008003728                HAL_SYSTICK_Config
 .text.HAL_RCC_OscConfig
                0x0000000008003754      0x434 build/stm32f7xx_hal_rcc.o
                0x0000000008003754                HAL_RCC_OscConfig
 .text.HAL_RCC_GetSysClockFreq
                0x0000000008003b88       0xcc build/stm32f7xx_hal_rcc.o
                0x0000000008003b88                HAL_RCC_GetSysClockFreq
 .text.HAL_RCC_ClockConfig
                0x0000000008003c54      0x16c build/stm32f7xx_hal_rcc.o
                0x0000000008003c54                HAL_RCC_ClockConfig
 .text.HAL_RCC_GetHCLKFreq
                0x0000000008003dc0        0xc build/stm32f7xx_hal_rcc.o
                0x0000000008003dc0                HAL_RCC_GetHCLKFreq
 .text.HAL_RCC_GetPCLK1Freq
                0x0000000008003dcc       0x20 build/stm32f7xx_hal_rcc.o
                0x0000000008003dcc                HAL_RCC_GetPCLK1Freq
 .text.HAL_RCC_GetPCLK2Freq
                0x0000000008003dec       0x20 build/stm32f7xx_hal_rcc.o
                0x0000000008003dec                HAL_RCC_GetPCLK2Freq
 .text.HAL_RCCEx_PeriphCLKConfig
                0x0000000008003e0c      0x5a8 build/stm32f7xx_hal_rcc_ex.o
                0x0000000008003e0c                HAL_RCCEx_PeriphCLKConfig
 .text.HAL_RNG_Init
                0x00000000080043b4       0x2e build/stm32f7xx_hal_rng.o
                0x00000000080043b4                HAL_RNG_Init
 .text.HAL_RNG_GenerateRandomNumber
                0x00000000080043e2       0x64 build/stm32f7xx_hal_rng.o
                0x00000000080043e2                HAL_RNG_GenerateRandomNumber
 *fill*         0x0000000008004446        0x2 
 .text.HAL_TIM_Base_Start_IT
                0x0000000008004448       0x90 build/stm32f7xx_hal_tim.o
                0x0000000008004448                HAL_TIM_Base_Start_IT
 .text.TIM_Base_SetConfig
                0x00000000080044d8      0x10c build/stm32f7xx_hal_tim.o
                0x00000000080044d8                TIM_Base_SetConfig
 .text.HAL_TIM_Base_Init
                0x00000000080045e4       0x60 build/stm32f7xx_hal_tim.o
                0x00000000080045e4                HAL_TIM_Base_Init
 .text.HAL_PWR_EnableBkUpAccess
                0x0000000008004644       0x10 build/stm32f7xx_hal_pwr.o
                0x0000000008004644                HAL_PWR_EnableBkUpAccess
 .text.HAL_PWREx_EnableOverDrive
                0x0000000008004654       0x7c build/stm32f7xx_hal_pwr_ex.o
                0x0000000008004654                HAL_PWREx_EnableOverDrive
 .text.UART_SetConfig
                0x00000000080046d0      0x330 build/stm32f7xx_hal_uart.o
                0x00000000080046d0                UART_SetConfig
 .text.UART_AdvFeatureConfig
                0x0000000008004a00       0xca build/stm32f7xx_hal_uart.o
                0x0000000008004a00                UART_AdvFeatureConfig
 .text.UART_WaitOnFlagUntilTimeout
                0x0000000008004aca       0xa4 build/stm32f7xx_hal_uart.o
                0x0000000008004aca                UART_WaitOnFlagUntilTimeout
 .text.HAL_UART_Transmit
                0x0000000008004b6e       0xdc build/stm32f7xx_hal_uart.o
                0x0000000008004b6e                HAL_UART_Transmit
 .text.UART_CheckIdleState
                0x0000000008004c4a       0x48 build/stm32f7xx_hal_uart.o
                0x0000000008004c4a                UART_CheckIdleState
 .text.HAL_UART_Init
                0x0000000008004c92       0x62 build/stm32f7xx_hal_uart.o
                0x0000000008004c92                HAL_UART_Init
 .text.HAL_GPIO_Init
                0x0000000008004cf4      0x1e0 build/stm32f7xx_hal_gpio.o
                0x0000000008004cf4                HAL_GPIO_Init
 .text.HAL_GPIO_WritePin
                0x0000000008004ed4        0xc build/stm32f7xx_hal_gpio.o
                0x0000000008004ed4                HAL_GPIO_WritePin
 .text.HAL_GPIO_TogglePin
                0x0000000008004ee0       0x12 build/stm32f7xx_hal_gpio.o
                0x0000000008004ee0                HAL_GPIO_TogglePin
 *fill*         0x0000000008004ef2        0x2 
 .text.SystemInit
                0x0000000008004ef4       0x14 build/system_stm32f7xx.o
                0x0000000008004ef4                SystemInit
 .text.prvTestWaitCondition
                0x0000000008004f08       0x1c build/event_groups.o
 .text.xEventGroupCreate
                0x0000000008004f24       0x1c build/event_groups.o
                0x0000000008004f24                xEventGroupCreate
 .text.xEventGroupWaitBits
                0x0000000008004f40      0x11c build/event_groups.o
                0x0000000008004f40                xEventGroupWaitBits
 .text.xEventGroupClearBits
                0x000000000800505c       0x4e build/event_groups.o
                0x000000000800505c                xEventGroupClearBits
 .text.xEventGroupSetBits
                0x00000000080050aa       0x94 build/event_groups.o
                0x00000000080050aa                xEventGroupSetBits
 .text.vEventGroupDelete
                0x000000000800513e       0x60 build/event_groups.o
                0x000000000800513e                vEventGroupDelete
 .text.vListInitialise
                0x000000000800519e       0x16 build/list.o
                0x000000000800519e                vListInitialise
 .text.vListInitialiseItem
                0x00000000080051b4        0x6 build/list.o
                0x00000000080051b4                vListInitialiseItem
 .text.vListInsertEnd
                0x00000000080051ba       0x16 build/list.o
                0x00000000080051ba                vListInsertEnd
 .text.vListInsert
                0x00000000080051d0       0x32 build/list.o
                0x00000000080051d0                vListInsert
 .text.uxListRemove
                0x0000000008005202       0x26 build/list.o
                0x0000000008005202                uxListRemove
 .text.prvGetDisinheritPriorityAfterTimeout
                0x0000000008005228       0x10 build/queue.o
 .text.prvIsQueueFull
                0x0000000008005238       0x1e build/queue.o
 .text.prvIsQueueEmpty
                0x0000000008005256       0x1a build/queue.o
 .text.prvCopyDataToQueue
                0x0000000008005270       0x76 build/queue.o
 .text.prvCopyDataFromQueue
                0x00000000080052e6       0x24 build/queue.o
 .text.prvUnlockQueue
                0x000000000800530a       0x6e build/queue.o
 .text.xQueueGenericReset
                0x0000000008005378       0xb4 build/queue.o
                0x0000000008005378                xQueueGenericReset
 .text.prvInitialiseNewQueue
                0x000000000800542c       0x22 build/queue.o
 .text.xQueueGenericCreateStatic
                0x000000000800544e       0x8a build/queue.o
                0x000000000800544e                xQueueGenericCreateStatic
 .text.xQueueGenericCreate
                0x00000000080054d8       0x60 build/queue.o
                0x00000000080054d8                xQueueGenericCreate
 .text.xQueueCreateCountingSemaphoreStatic
                0x0000000008005538       0x46 build/queue.o
                0x0000000008005538                xQueueCreateCountingSemaphoreStatic
 .text.xQueueCreateCountingSemaphore
                0x000000000800557e       0x3c build/queue.o
                0x000000000800557e                xQueueCreateCountingSemaphore
 *fill*         0x00000000080055ba        0x2 
 .text.xQueueGenericSend
                0x00000000080055bc      0x190 build/queue.o
                0x00000000080055bc                xQueueGenericSend
 .text.xQueueReceive
                0x000000000800574c      0x168 build/queue.o
                0x000000000800574c                xQueueReceive
 .text.xQueueSemaphoreTake
                0x00000000080058b4      0x1b4 build/queue.o
                0x00000000080058b4                xQueueSemaphoreTake
 .text.uxQueueMessagesWaiting
                0x0000000008005a68       0x2a build/queue.o
                0x0000000008005a68                uxQueueMessagesWaiting
 *fill*         0x0000000008005a92        0x2 
 .text.vQueueAddToRegistry
                0x0000000008005a94       0x64 build/queue.o
                0x0000000008005a94                vQueueAddToRegistry
 .text.vQueueUnregisterQueue
                0x0000000008005af8       0x48 build/queue.o
                0x0000000008005af8                vQueueUnregisterQueue
 .text.vQueueDelete
                0x0000000008005b40       0x30 build/queue.o
                0x0000000008005b40                vQueueDelete
 .text.vQueueWaitForMessageRestricted
                0x0000000008005b70       0x52 build/queue.o
                0x0000000008005b70                vQueueWaitForMessageRestricted
 .text.prvBytesInBuffer
                0x0000000008005bc2       0x12 build/stream_buffer.o
 .text.prvInitialiseNewStreamBuffer
                0x0000000008005bd4       0x44 build/stream_buffer.o
 .text.prvWriteBytesToBuffer
                0x0000000008005c18       0x8e build/stream_buffer.o
 .text.prvWriteMessageToBuffer
                0x0000000008005ca6       0x50 build/stream_buffer.o
 .text.prvReadBytesFromBuffer
                0x0000000008005cf6       0x90 build/stream_buffer.o
 .text.prvReadMessageFromBuffer
                0x0000000008005d86       0x4e build/stream_buffer.o
 .text.xStreamBufferGenericCreateStatic
                0x0000000008005dd4       0xb6 build/stream_buffer.o
                0x0000000008005dd4                xStreamBufferGenericCreateStatic
 .text.xStreamBufferSpacesAvailable
                0x0000000008005e8a       0x3c build/stream_buffer.o
                0x0000000008005e8a                xStreamBufferSpacesAvailable
 .text.xStreamBufferSendFromISR
                0x0000000008005ec6       0xae build/stream_buffer.o
                0x0000000008005ec6                xStreamBufferSendFromISR
 .text.xStreamBufferReceive
                0x0000000008005f74       0xf4 build/stream_buffer.o
                0x0000000008005f74                xStreamBufferReceive
 .text.prvResetNextTaskUnblockTime
                0x0000000008006068       0x28 build/tasks.o
 .text.prvInitialiseNewTask
                0x0000000008006090       0xc2 build/tasks.o
 *fill*         0x0000000008006152        0x2 
 .text.prvInitialiseTaskLists
                0x0000000008006154       0x68 build/tasks.o
 .text.prvAddNewTaskToReadyList
                0x00000000080061bc       0xc8 build/tasks.o
 .text.prvDeleteTCB
                0x0000000008006284       0x3c build/tasks.o
 .text.prvCheckTasksWaitingTermination
                0x00000000080062c0       0x4c build/tasks.o
 .text.prvIdleTask
                0x000000000800630c       0x28 build/tasks.o
 .text.prvAddCurrentTaskToDelayedList
                0x0000000008006334       0xa0 build/tasks.o
 .text.xTaskCreateStatic
                0x00000000080063d4       0x80 build/tasks.o
                0x00000000080063d4                xTaskCreateStatic
 .text.xTaskCreate
                0x0000000008006454       0x68 build/tasks.o
                0x0000000008006454                xTaskCreate
 .text.vTaskPrioritySet
                0x00000000080064bc       0xf4 build/tasks.o
                0x00000000080064bc                vTaskPrioritySet
 .text.vTaskStartScheduler
                0x00000000080065b0       0xa8 build/tasks.o
                0x00000000080065b0                vTaskStartScheduler
 .text.vTaskSuspendAll
                0x0000000008006658       0x10 build/tasks.o
                0x0000000008006658                vTaskSuspendAll
 .text.xTaskGetTickCount
                0x0000000008006668        0xc build/tasks.o
                0x0000000008006668                xTaskGetTickCount
 .text.xTaskIncrementTick
                0x0000000008006674      0x188 build/tasks.o
                0x0000000008006674                xTaskIncrementTick
 .text.xTaskResumeAll
                0x00000000080067fc      0x150 build/tasks.o
                0x00000000080067fc                xTaskResumeAll
 .text.vTaskDelay
                0x000000000800694c       0x50 build/tasks.o
                0x000000000800694c                vTaskDelay
 .text.vTaskSwitchContext
                0x000000000800699c       0xe8 build/tasks.o
                0x000000000800699c                vTaskSwitchContext
 .text.vTaskPlaceOnEventList
                0x0000000008006a84       0x34 build/tasks.o
                0x0000000008006a84                vTaskPlaceOnEventList
 .text.vTaskPlaceOnUnorderedEventList
                0x0000000008006ab8       0x78 build/tasks.o
                0x0000000008006ab8                vTaskPlaceOnUnorderedEventList
 .text.vTaskPlaceOnEventListRestricted
                0x0000000008006b30       0x58 build/tasks.o
                0x0000000008006b30                vTaskPlaceOnEventListRestricted
 .text.xTaskRemoveFromEventList
                0x0000000008006b88       0xf8 build/tasks.o
                0x0000000008006b88                xTaskRemoveFromEventList
 .text.vTaskRemoveFromUnorderedEventList
                0x0000000008006c80       0xf0 build/tasks.o
                0x0000000008006c80                vTaskRemoveFromUnorderedEventList
 .text.vTaskSetTimeOutState
                0x0000000008006d70       0x3c build/tasks.o
                0x0000000008006d70                vTaskSetTimeOutState
 .text.vTaskInternalSetTimeOutState
                0x0000000008006dac       0x18 build/tasks.o
                0x0000000008006dac                vTaskInternalSetTimeOutState
 .text.xTaskCheckForTimeOut
                0x0000000008006dc4       0x90 build/tasks.o
                0x0000000008006dc4                xTaskCheckForTimeOut
 .text.vTaskMissedYield
                0x0000000008006e54        0xc build/tasks.o
                0x0000000008006e54                vTaskMissedYield
 .text.xTaskGetCurrentTaskHandle
                0x0000000008006e60        0xc build/tasks.o
                0x0000000008006e60                xTaskGetCurrentTaskHandle
 .text.xTaskGetSchedulerState
                0x0000000008006e6c       0x20 build/tasks.o
                0x0000000008006e6c                xTaskGetSchedulerState
 .text.xTaskPriorityInherit
                0x0000000008006e8c       0xb0 build/tasks.o
                0x0000000008006e8c                xTaskPriorityInherit
 .text.xTaskPriorityDisinherit
                0x0000000008006f3c       0xb4 build/tasks.o
                0x0000000008006f3c                xTaskPriorityDisinherit
 .text.vTaskPriorityDisinheritAfterTimeout
                0x0000000008006ff0       0xc4 build/tasks.o
                0x0000000008006ff0                vTaskPriorityDisinheritAfterTimeout
 .text.uxTaskResetEventItemValue
                0x00000000080070b4       0x18 build/tasks.o
                0x00000000080070b4                uxTaskResetEventItemValue
 .text.pvTaskIncrementMutexHeldCount
                0x00000000080070cc       0x1c build/tasks.o
                0x00000000080070cc                pvTaskIncrementMutexHeldCount
 .text.ulTaskGenericNotifyTake
                0x00000000080070e8       0xb0 build/tasks.o
                0x00000000080070e8                ulTaskGenericNotifyTake
 .text.xTaskGenericNotifyWait
                0x0000000008007198       0xd8 build/tasks.o
                0x0000000008007198                xTaskGenericNotifyWait
 .text.xTaskGenericNotify
                0x0000000008007270      0x198 build/tasks.o
                0x0000000008007270                xTaskGenericNotify
 .text.xTaskGenericNotifyFromISR
                0x0000000008007408      0x1d8 build/tasks.o
                0x0000000008007408                xTaskGenericNotifyFromISR
 .text.vTaskGenericNotifyGiveFromISR
                0x00000000080075e0      0x148 build/tasks.o
                0x00000000080075e0                vTaskGenericNotifyGiveFromISR
 .text.xTaskGenericNotifyStateClear
                0x0000000008007728       0x50 build/tasks.o
                0x0000000008007728                xTaskGenericNotifyStateClear
 .text.prvGetNextExpireTime
                0x0000000008007778       0x20 build/timers.o
 .text.prvInsertTimerInActiveList
                0x0000000008007798       0x50 build/timers.o
 .text.prvReloadTimer
                0x00000000080077e8       0x26 build/timers.o
 *fill*         0x000000000800780e        0x2 
 .text.prvProcessExpiredTimer
                0x0000000008007810       0x40 build/timers.o
 .text.prvSwitchTimerLists
                0x0000000008007850       0x2c build/timers.o
 .text.prvSampleTimeNow
                0x000000000800787c       0x2c build/timers.o
 .text.prvProcessTimerOrBlockTask
                0x00000000080078a8       0x80 build/timers.o
 .text.prvProcessReceivedCommands
                0x0000000008007928      0x108 build/timers.o
 .text.prvTimerTask
                0x0000000008007a30       0x16 build/timers.o
 *fill*         0x0000000008007a46        0x2 
 .text.prvCheckForValidListAndQueue
                0x0000000008007a48       0x70 build/timers.o
 .text.xTimerCreateTimerTask
                0x0000000008007ab8       0x68 build/timers.o
                0x0000000008007ab8                xTimerCreateTimerTask
 .text.xTimerPendFunctionCall
                0x0000000008007b20       0x44 build/timers.o
                0x0000000008007b20                xTimerPendFunctionCall
 .text.prvInsertBlockIntoFreeList
                0x0000000008007b64       0x58 build/heap_5.o
 .text.pvPortMalloc
                0x0000000008007bbc      0x104 build/heap_5.o
                0x0000000008007bbc                pvPortMalloc
 .text.vPortFree
                0x0000000008007cc0       0x84 build/heap_5.o
                0x0000000008007cc0                vPortFree
 .text.xPortGetFreeHeapSize
                0x0000000008007d44        0xc build/heap_5.o
                0x0000000008007d44                xPortGetFreeHeapSize
 .text.xPortGetMinimumEverFreeHeapSize
                0x0000000008007d50        0xc build/heap_5.o
                0x0000000008007d50                xPortGetMinimumEverFreeHeapSize
 .text.vPortDefineHeapRegions
                0x0000000008007d5c       0xf0 build/heap_5.o
                0x0000000008007d5c                vPortDefineHeapRegions
 .text.prvTaskExitError
                0x0000000008007e4c       0x48 build/port.o
 .text.prvPortStartFirstTask
                0x0000000008007e94       0x28 build/port.o
 .text.vPortEnableVFP
                0x0000000008007ebc       0x14 build/port.o
 .text.pxPortInitialiseStack
                0x0000000008007ed0       0x2c build/port.o
                0x0000000008007ed0                pxPortInitialiseStack
 *fill*         0x0000000008007efc        0x4 
 .text.SVC_Handler
                0x0000000008007f00       0x24 build/port.o
                0x0000000008007f00                SVC_Handler
 .text.vPortEnterCritical
                0x0000000008007f24       0x4c build/port.o
                0x0000000008007f24                vPortEnterCritical
 .text.vPortExitCritical
                0x0000000008007f70       0x30 build/port.o
                0x0000000008007f70                vPortExitCritical
 .text.PendSV_Handler
                0x0000000008007fa0       0x64 build/port.o
                0x0000000008007fa0                PendSV_Handler
 .text.xPortSysTickHandler
                0x0000000008008004       0x30 build/port.o
                0x0000000008008004                xPortSysTickHandler
 .text.vPortSetupTimerInterrupt
                0x0000000008008034       0x38 build/port.o
                0x0000000008008034                vPortSetupTimerInterrupt
 .text.xPortStartScheduler
                0x000000000800806c       0xd0 build/port.o
                0x000000000800806c                xPortStartScheduler
 .text.vPortValidateInterruptPriority
                0x000000000800813c       0x64 build/port.o
                0x000000000800813c                vPortValidateInterruptPriority
 .text.osKernelInitialize
                0x00000000080081a0       0x3c build/cmsis_os2.o
                0x00000000080081a0                osKernelInitialize
 .text.osKernelStart
                0x00000000080081dc       0x48 build/cmsis_os2.o
                0x00000000080081dc                osKernelStart
 .text.osThreadNew
                0x0000000008008224       0xd8 build/cmsis_os2.o
                0x0000000008008224                osThreadNew
 .text.osDelay  0x00000000080082fc       0x3c build/cmsis_os2.o
                0x00000000080082fc                osDelay
 .text.vApplicationGetIdleTaskMemory
                0x0000000008008338       0x18 build/cmsis_os2.o
                0x0000000008008338                vApplicationGetIdleTaskMemory
 .text.vApplicationGetTimerTaskMemory
                0x0000000008008350       0x18 build/cmsis_os2.o
                0x0000000008008350                vApplicationGetTimerTaskMemory
 .text.prvLoggingThread
                0x0000000008008368      0x12c build/logging.o
 .text.prvCreatePrintSocket
                0x0000000008008494       0x40 build/logging.o
 .text.prvLoggingPrintf
                0x00000000080084d4       0x54 build/logging.o
 .text.vLoggingInit
                0x0000000008008528       0xec build/logging.o
                0x0000000008008528                vLoggingInit
 .text.vLoggingPrintf
                0x0000000008008614       0x1c build/logging.o
                0x0000000008008614                vLoggingPrintf
 .text._out_buffer
                0x0000000008008630        0x8 build/printf.o
 .text._out_null
                0x0000000008008638        0x2 build/printf.o
 .text._atoi    0x000000000800863a       0x24 build/printf.o
 .text._out_rev
                0x000000000800865e       0x7e build/printf.o
 .text._ntoa_format
                0x00000000080086dc      0x122 build/printf.o
 .text._ntoa_long
                0x00000000080087fe       0x9c build/printf.o
 .text._ntoa_long_long
                0x000000000800889a       0xc6 build/printf.o
 .text._etoa    0x0000000008008960      0x3dc build/printf.o
 *fill*         0x0000000008008d3c        0x4 
 .text._ftoa    0x0000000008008d40      0x388 build/printf.o
 .text._vsnprintf
                0x00000000080090c8      0x6d8 build/printf.o
 .text.vsnprintf_
                0x00000000080097a0       0x1c build/printf.o
                0x00000000080097a0                vsnprintf_
 .text.prvCacheLookup
                0x00000000080097bc       0x54 build/FreeRTOS_ARP.o
 .text.vARPRefreshCacheEntry
                0x0000000008009810      0x11c build/FreeRTOS_ARP.o
                0x0000000008009810                vARPRefreshCacheEntry
 .text.eARPProcessPacket
                0x000000000800992c       0xa0 build/FreeRTOS_ARP.o
                0x000000000800992c                eARPProcessPacket
 .text.eARPGetCacheEntry
                0x00000000080099cc       0x8c build/FreeRTOS_ARP.o
                0x00000000080099cc                eARPGetCacheEntry
 .text.vARPGenerateRequestPacket
                0x0000000008009a58       0x9c build/FreeRTOS_ARP.o
                0x0000000008009a58                vARPGenerateRequestPacket
 .text.FreeRTOS_OutputARPRequest
                0x0000000008009af4       0x48 build/FreeRTOS_ARP.o
                0x0000000008009af4                FreeRTOS_OutputARPRequest
 .text.vARPAgeCache
                0x0000000008009b3c       0x9c build/FreeRTOS_ARP.o
                0x0000000008009b3c                vARPAgeCache
 .text.FreeRTOS_ClearARP
                0x0000000008009bd8       0x14 build/FreeRTOS_ARP.o
                0x0000000008009bd8                FreeRTOS_ClearARP
 .text.prvSkipNameField
                0x0000000008009bec       0x4e build/FreeRTOS_DNS.o
 .text.prvCreateDNSSocket
                0x0000000008009c3a       0x3c build/FreeRTOS_DNS.o
 *fill*         0x0000000008009c76        0x2 
 .text.prvCreateDNSMessage
                0x0000000008009c78       0x64 build/FreeRTOS_DNS.o
 .text.prvReplyDNSMessage
                0x0000000008009cdc       0x78 build/FreeRTOS_DNS.o
 .text.prvParseDNSReply
                0x0000000008009d54      0x254 build/FreeRTOS_DNS.o
 .text.prvGetHostByName
                0x0000000008009fa8      0x130 build/FreeRTOS_DNS.o
 .text.prvPrepareLookup
                0x000000000800a0d8       0x46 build/FreeRTOS_DNS.o
 .text.FreeRTOS_gethostbyname
                0x000000000800a11e        0x8 build/FreeRTOS_DNS.o
                0x000000000800a11e                FreeRTOS_gethostbyname
 .text.ulDNSHandlePacket
                0x000000000800a126       0x20 build/FreeRTOS_DNS.o
                0x000000000800a126                ulDNSHandlePacket
 *fill*         0x000000000800a146        0x2 
 .text.prvCalculateSleepTime
                0x000000000800a148       0x3c build/FreeRTOS_IP.o
 .text.prvPacketBuffer_to_NetworkBuffer
                0x000000000800a184       0x16 build/FreeRTOS_IP.o
 *fill*         0x000000000800a19a        0x2 
 .text.prvProcessICMPEchoRequest
                0x000000000800a19c       0x38 build/FreeRTOS_IP.o
 .text.prvIPTimerStart
                0x000000000800a1d4       0x2c build/FreeRTOS_IP.o
 .text.prvIPTimerReload
                0x000000000800a200        0xa build/FreeRTOS_IP.o
 .text.prvIPTimerCheck
                0x000000000800a20a       0x46 build/FreeRTOS_IP.o
 .text.prvProcessICMPEchoReply
                0x000000000800a250       0x38 build/FreeRTOS_IP.o
 .text.prvProcessICMPPacket
                0x000000000800a288       0x20 build/FreeRTOS_IP.o
 .text.xIsCallingFromIPTask
                0x000000000800a2a8       0x1c build/FreeRTOS_IP.o
                0x000000000800a2a8                xIsCallingFromIPTask
 .text.FreeRTOS_GetUDPPayloadBuffer
                0x000000000800a2c4       0x24 build/FreeRTOS_IP.o
                0x000000000800a2c4                FreeRTOS_GetUDPPayloadBuffer
 .text.pxDuplicateNetworkBufferWithDescriptor
                0x000000000800a2e8       0x2e build/FreeRTOS_IP.o
                0x000000000800a2e8                pxDuplicateNetworkBufferWithDescriptor
 .text.pxPacketBuffer_to_NetworkBuffer
                0x000000000800a316        0xa build/FreeRTOS_IP.o
                0x000000000800a316                pxPacketBuffer_to_NetworkBuffer
 .text.pxUDPPayloadBuffer_to_NetworkBuffer
                0x000000000800a320        0xa build/FreeRTOS_IP.o
                0x000000000800a320                pxUDPPayloadBuffer_to_NetworkBuffer
 .text.FreeRTOS_ReleaseUDPPayloadBuffer
                0x000000000800a32a        0xc build/FreeRTOS_IP.o
                0x000000000800a32a                FreeRTOS_ReleaseUDPPayloadBuffer
 *fill*         0x000000000800a336        0x2 
 .text.FreeRTOS_GetAddressConfiguration
                0x000000000800a338       0x50 build/FreeRTOS_IP.o
                0x000000000800a338                FreeRTOS_GetAddressConfiguration
 .text.vIPNetworkUpCalls
                0x000000000800a388       0x24 build/FreeRTOS_IP.o
                0x000000000800a388                vIPNetworkUpCalls
 .text.xIsIPv4Multicast
                0x000000000800a3ac       0x28 build/FreeRTOS_IP.o
                0x000000000800a3ac                xIsIPv4Multicast
 .text.vSetMultiCastIPv4MacAddress
                0x000000000800a3d4       0x1e build/FreeRTOS_IP.o
                0x000000000800a3d4                vSetMultiCastIPv4MacAddress
 *fill*         0x000000000800a3f2        0x2 
 .text.vPrintResourceStats
                0x000000000800a3f4       0x70 build/FreeRTOS_IP.o
                0x000000000800a3f4                vPrintResourceStats
 .text.FreeRTOS_GetIPAddress
                0x000000000800a464        0xc build/FreeRTOS_IP.o
                0x000000000800a464                FreeRTOS_GetIPAddress
 .text.FreeRTOS_GetMACAddress
                0x000000000800a470        0x8 build/FreeRTOS_IP.o
                0x000000000800a470                FreeRTOS_GetMACAddress
 .text.xIPIsNetworkTaskReady
                0x000000000800a478        0xc build/FreeRTOS_IP.o
                0x000000000800a478                xIPIsNetworkTaskReady
 .text.FreeRTOS_IPInit
                0x000000000800a484      0x1bc build/FreeRTOS_IP.o
                0x000000000800a484                FreeRTOS_IPInit
 .text.xSendEventStructToIPTask
                0x000000000800a640       0x74 build/FreeRTOS_IP.o
                0x000000000800a640                xSendEventStructToIPTask
 .text.FreeRTOS_NetworkDown
                0x000000000800a6b4       0x28 build/FreeRTOS_IP.o
                0x000000000800a6b4                FreeRTOS_NetworkDown
 .text.prvProcessNetworkDownEvent
                0x000000000800a6dc       0x4c build/FreeRTOS_IP.o
 .text.xSendEventToIPTask
                0x000000000800a728       0x18 build/FreeRTOS_IP.o
                0x000000000800a728                xSendEventToIPTask
 .text.prvCheckNetworkTimers
                0x000000000800a740       0x60 build/FreeRTOS_IP.o
 .text.FreeRTOS_IsNetworkUp
                0x000000000800a7a0        0xc build/FreeRTOS_IP.o
                0x000000000800a7a0                FreeRTOS_IsNetworkUp
 .text.FreeRTOS_min_int32
                0x000000000800a7ac        0x8 build/FreeRTOS_IP.o
                0x000000000800a7ac                FreeRTOS_min_int32
 .text.FreeRTOS_min_uint32
                0x000000000800a7b4        0x8 build/FreeRTOS_IP.o
                0x000000000800a7b4                FreeRTOS_min_uint32
 .text.FreeRTOS_round_up
                0x000000000800a7bc        0xe build/FreeRTOS_IP.o
                0x000000000800a7bc                FreeRTOS_round_up
 .text.vCastPointerTo_EthernetHeader_t
                0x000000000800a7ca        0x2 build/FreeRTOS_IP.o
                0x000000000800a7ca                vCastPointerTo_EthernetHeader_t
 .text.vReturnEthernetFrame
                0x000000000800a7cc       0x50 build/FreeRTOS_IP.o
                0x000000000800a7cc                vReturnEthernetFrame
 .text.vCastConstPointerTo_EthernetHeader_t
                0x000000000800a81c        0x2 build/FreeRTOS_IP.o
                0x000000000800a81c                vCastConstPointerTo_EthernetHeader_t
 .text.vCastConstPointerTo_IPHeader_t
                0x000000000800a81e        0x2 build/FreeRTOS_IP.o
                0x000000000800a81e                vCastConstPointerTo_IPHeader_t
 .text.vCastPointerTo_ARPPacket_t
                0x000000000800a820        0x2 build/FreeRTOS_IP.o
                0x000000000800a820                vCastPointerTo_ARPPacket_t
 .text.vCastPointerTo_IPPacket_t
                0x000000000800a822        0x2 build/FreeRTOS_IP.o
                0x000000000800a822                vCastPointerTo_IPPacket_t
 .text.vCastConstPointerTo_IPPacket_t
                0x000000000800a824        0x2 build/FreeRTOS_IP.o
                0x000000000800a824                vCastConstPointerTo_IPPacket_t
 *fill*         0x000000000800a826        0x2 
 .text.xCheckSizeFields
                0x000000000800a828       0xa0 build/FreeRTOS_IP.o
 .text.vCastPointerTo_ICMPPacket_t
                0x000000000800a8c8        0x2 build/FreeRTOS_IP.o
                0x000000000800a8c8                vCastPointerTo_ICMPPacket_t
 .text.vCastPointerTo_UDPPacket_t
                0x000000000800a8ca        0x2 build/FreeRTOS_IP.o
                0x000000000800a8ca                vCastPointerTo_UDPPacket_t
 .text.vCastConstPointerTo_UDPPacket_t
                0x000000000800a8cc        0x2 build/FreeRTOS_IP.o
                0x000000000800a8cc                vCastConstPointerTo_UDPPacket_t
 .text.vCastPointerTo_TCPPacket_t
                0x000000000800a8ce        0x2 build/FreeRTOS_IP.o
                0x000000000800a8ce                vCastPointerTo_TCPPacket_t
 .text.vCastConstPointerTo_TCPPacket_t
                0x000000000800a8d0        0x2 build/FreeRTOS_IP.o
                0x000000000800a8d0                vCastConstPointerTo_TCPPacket_t
 .text.vCastPointerTo_ProtocolPacket_t
                0x000000000800a8d2        0x2 build/FreeRTOS_IP.o
                0x000000000800a8d2                vCastPointerTo_ProtocolPacket_t
 .text.prvAllowIPPacket
                0x000000000800a8d4       0xc4 build/FreeRTOS_IP.o
 .text.prvProcessIPPacket
                0x000000000800a998      0x120 build/FreeRTOS_IP.o
 .text.prvProcessEthernetPacket
                0x000000000800aab8       0x76 build/FreeRTOS_IP.o
 .text.prvHandleEthernetPacket
                0x000000000800ab2e       0x16 build/FreeRTOS_IP.o
 .text.vCastPointerTo_ProtocolHeaders_t
                0x000000000800ab44        0x2 build/FreeRTOS_IP.o
                0x000000000800ab44                vCastPointerTo_ProtocolHeaders_t
 .text.vCastConstPointerTo_ProtocolHeaders_t
                0x000000000800ab46        0x2 build/FreeRTOS_IP.o
                0x000000000800ab46                vCastConstPointerTo_ProtocolHeaders_t
 .text.vCastPointerTo_FreeRTOS_Socket_t
                0x000000000800ab48        0x2 build/FreeRTOS_IP.o
                0x000000000800ab48                vCastPointerTo_FreeRTOS_Socket_t
 .text.vCastConstPointerTo_FreeRTOS_Socket_t
                0x000000000800ab4a        0x2 build/FreeRTOS_IP.o
                0x000000000800ab4a                vCastConstPointerTo_FreeRTOS_Socket_t
 .text.vCastPointerTo_SocketSelect_t
                0x000000000800ab4c        0x2 build/FreeRTOS_IP.o
                0x000000000800ab4c                vCastPointerTo_SocketSelect_t
 *fill*         0x000000000800ab4e        0x2 
 .text.prvIPTask
                0x000000000800ab50      0x164 build/FreeRTOS_IP.o
 .text.usChar2u16
                0x000000000800acb4        0xa build/FreeRTOS_IP.o
                0x000000000800acb4                usChar2u16
 .text.prvValidSocket
                0x000000000800acbe       0x28 build/FreeRTOS_Sockets.o
 .text.bMayConnect
                0x000000000800ace6       0x22 build/FreeRTOS_Sockets.o
 .text.prvDetermineSocketSize
                0x000000000800ad08       0xdc build/FreeRTOS_Sockets.o
 .text.pxListFindListItemWithValue
                0x000000000800ade4       0x2e build/FreeRTOS_Sockets.o
 *fill*         0x000000000800ae12        0x2 
 .text.prvSockopt_so_buffer
                0x000000000800ae14       0x78 build/FreeRTOS_Sockets.o
 .text.prvFindSelectedSocket
                0x000000000800ae8c       0x44 build/FreeRTOS_Sockets.o
 .text.prvGetPrivatePortNumber
                0x000000000800aed0       0x70 build/FreeRTOS_Sockets.o
 .text.prvTCPCreateStream
                0x000000000800af40       0xac build/FreeRTOS_Sockets.o
 .text.prvTCPSendCheck
                0x000000000800afec       0x7c build/FreeRTOS_Sockets.o
 .text.vNetworkSocketsInit
                0x000000000800b068       0x18 build/FreeRTOS_Sockets.o
                0x000000000800b068                vNetworkSocketsInit
 .text.FreeRTOS_socket
                0x000000000800b080       0xa8 build/FreeRTOS_Sockets.o
                0x000000000800b080                FreeRTOS_socket
 .text.FreeRTOS_CreateSocketSet
                0x000000000800b128       0x2c build/FreeRTOS_Sockets.o
                0x000000000800b128                FreeRTOS_CreateSocketSet
 .text.FreeRTOS_FD_SET
                0x000000000800b154       0x52 build/FreeRTOS_Sockets.o
                0x000000000800b154                FreeRTOS_FD_SET
 .text.FreeRTOS_FD_CLR
                0x000000000800b1a6       0x50 build/FreeRTOS_Sockets.o
                0x000000000800b1a6                FreeRTOS_FD_CLR
 .text.FreeRTOS_select
                0x000000000800b1f6       0x5a build/FreeRTOS_Sockets.o
                0x000000000800b1f6                FreeRTOS_select
 .text.FreeRTOS_recvfrom
                0x000000000800b250       0xd6 build/FreeRTOS_Sockets.o
                0x000000000800b250                FreeRTOS_recvfrom
 *fill*         0x000000000800b326        0x2 
 .text.FreeRTOS_bind
                0x000000000800b328       0xa4 build/FreeRTOS_Sockets.o
                0x000000000800b328                FreeRTOS_bind
 .text.FreeRTOS_sendto
                0x000000000800b3cc       0xea build/FreeRTOS_Sockets.o
                0x000000000800b3cc                FreeRTOS_sendto
 *fill*         0x000000000800b4b6        0x2 
 .text.vSocketBind
                0x000000000800b4b8       0xf8 build/FreeRTOS_Sockets.o
                0x000000000800b4b8                vSocketBind
 .text.FreeRTOS_closesocket
                0x000000000800b5b0       0x3c build/FreeRTOS_Sockets.o
                0x000000000800b5b0                FreeRTOS_closesocket
 .text.vSocketClose
                0x000000000800b5ec       0x98 build/FreeRTOS_Sockets.o
                0x000000000800b5ec                vSocketClose
 .text.prvTCPSetSocketCount
                0x000000000800b684       0xa0 build/FreeRTOS_Sockets.o
 .text.pxUDPSocketLookup
                0x000000000800b724       0x38 build/FreeRTOS_Sockets.o
                0x000000000800b724                pxUDPSocketLookup
 .text.FreeRTOS_inet_ntoa
                0x000000000800b75c       0x90 build/FreeRTOS_Sockets.o
                0x000000000800b75c                FreeRTOS_inet_ntoa
 .text.FreeRTOS_inet_pton4
                0x000000000800b7ec       0x90 build/FreeRTOS_Sockets.o
                0x000000000800b7ec                FreeRTOS_inet_pton4
 .text.FreeRTOS_inet_addr
                0x000000000800b87c       0x16 build/FreeRTOS_Sockets.o
                0x000000000800b87c                FreeRTOS_inet_addr
 .text.vSocketWakeUpUser
                0x000000000800b892       0x4a build/FreeRTOS_Sockets.o
                0x000000000800b892                vSocketWakeUpUser
 .text.FreeRTOS_accept
                0x000000000800b8dc      0x116 build/FreeRTOS_Sockets.o
                0x000000000800b8dc                FreeRTOS_accept
 .text.FreeRTOS_recv
                0x000000000800b9f2      0x122 build/FreeRTOS_Sockets.o
                0x000000000800b9f2                FreeRTOS_recv
 .text.FreeRTOS_send
                0x000000000800bb14      0x124 build/FreeRTOS_Sockets.o
                0x000000000800bb14                FreeRTOS_send
 .text.FreeRTOS_listen
                0x000000000800bc38       0x8c build/FreeRTOS_Sockets.o
                0x000000000800bc38                FreeRTOS_listen
 .text.FreeRTOS_shutdown
                0x000000000800bcc4       0x3e build/FreeRTOS_Sockets.o
                0x000000000800bcc4                FreeRTOS_shutdown
 *fill*         0x000000000800bd02        0x2 
 .text.xTCPTimerCheck
                0x000000000800bd04       0x88 build/FreeRTOS_Sockets.o
                0x000000000800bd04                xTCPTimerCheck
 .text.pxTCPSocketLookup
                0x000000000800bd8c       0x58 build/FreeRTOS_Sockets.o
                0x000000000800bd8c                pxTCPSocketLookup
 .text.lTCPAddRxdata
                0x000000000800bde4       0xc8 build/FreeRTOS_Sockets.o
                0x000000000800bde4                lTCPAddRxdata
 .text.FreeRTOS_GetRemoteAddress
                0x000000000800beac       0x3c build/FreeRTOS_Sockets.o
                0x000000000800beac                FreeRTOS_GetRemoteAddress
 .text.FreeRTOS_tx_space
                0x000000000800bee8       0x20 build/FreeRTOS_Sockets.o
                0x000000000800bee8                FreeRTOS_tx_space
 .text.FreeRTOS_tx_size
                0x000000000800bf08       0x1e build/FreeRTOS_Sockets.o
                0x000000000800bf08                FreeRTOS_tx_size
 *fill*         0x000000000800bf26        0x2 
 .text.FreeRTOS_setsockopt
                0x000000000800bf28      0x264 build/FreeRTOS_Sockets.o
                0x000000000800bf28                FreeRTOS_setsockopt
 .text.FreeRTOS_issocketconnected
                0x000000000800c18c       0x26 build/FreeRTOS_Sockets.o
                0x000000000800c18c                FreeRTOS_issocketconnected
 *fill*         0x000000000800c1b2        0x2 
 .text.prvTCPConnectStart
                0x000000000800c1b4       0xd8 build/FreeRTOS_Sockets.o
 .text.FreeRTOS_connect
                0x000000000800c28c       0x60 build/FreeRTOS_Sockets.o
                0x000000000800c28c                FreeRTOS_connect
 .text.FreeRTOS_rx_size
                0x000000000800c2ec       0x1e build/FreeRTOS_Sockets.o
                0x000000000800c2ec                FreeRTOS_rx_size
 .text.xSocketValid
                0x000000000800c30a       0x10 build/FreeRTOS_Sockets.o
                0x000000000800c30a                xSocketValid
 *fill*         0x000000000800c31a        0x2 
 .text.vTCPNetStat
                0x000000000800c31c      0x160 build/FreeRTOS_Sockets.o
                0x000000000800c31c                vTCPNetStat
 .text.vSocketSelect
                0x000000000800c47c      0x170 build/FreeRTOS_Sockets.o
                0x000000000800c47c                vSocketSelect
 .text.uxStreamBufferSpace
                0x000000000800c5ec       0x10 build/FreeRTOS_Stream_Buffer.o
                0x000000000800c5ec                uxStreamBufferSpace
 .text.uxStreamBufferDistance
                0x000000000800c5fc        0xe build/FreeRTOS_Stream_Buffer.o
                0x000000000800c5fc                uxStreamBufferDistance
 .text.uxStreamBufferGetSpace
                0x000000000800c60a        0xc build/FreeRTOS_Stream_Buffer.o
                0x000000000800c60a                uxStreamBufferGetSpace
 .text.uxStreamBufferFrontSpace
                0x000000000800c616        0xc build/FreeRTOS_Stream_Buffer.o
                0x000000000800c616                uxStreamBufferFrontSpace
 .text.uxStreamBufferGetSize
                0x000000000800c622        0xc build/FreeRTOS_Stream_Buffer.o
                0x000000000800c622                uxStreamBufferGetSize
 .text.uxStreamBufferMidSpace
                0x000000000800c62e        0xc build/FreeRTOS_Stream_Buffer.o
                0x000000000800c62e                uxStreamBufferMidSpace
 .text.vStreamBufferClear
                0x000000000800c63a        0xc build/FreeRTOS_Stream_Buffer.o
                0x000000000800c63a                vStreamBufferClear
 .text.vStreamBufferMoveMid
                0x000000000800c646       0x20 build/FreeRTOS_Stream_Buffer.o
                0x000000000800c646                vStreamBufferMoveMid
 .text.xStreamBufferLessThenEqual
                0x000000000800c666       0x38 build/FreeRTOS_Stream_Buffer.o
                0x000000000800c666                xStreamBufferLessThenEqual
 .text.uxStreamBufferGetPtr
                0x000000000800c69e       0x1e build/FreeRTOS_Stream_Buffer.o
                0x000000000800c69e                uxStreamBufferGetPtr
 .text.uxStreamBufferAdd
                0x000000000800c6bc       0x88 build/FreeRTOS_Stream_Buffer.o
                0x000000000800c6bc                uxStreamBufferAdd
 .text.uxStreamBufferGet
                0x000000000800c744       0x7e build/FreeRTOS_Stream_Buffer.o
                0x000000000800c744                uxStreamBufferGet
 .text.prvTCPSocketIsActive
                0x000000000800c7c2       0x1e build/FreeRTOS_TCP_IP.o
 .text.prvSetSynAckOptions
                0x000000000800c7e0       0x14 build/FreeRTOS_TCP_IP.o
 .text.prvTCPAddTxData
                0x000000000800c7f4       0x2a build/FreeRTOS_TCP_IP.o
 *fill*         0x000000000800c81e        0x2 
 .text.prvSetOptions
                0x000000000800c820       0x6c build/FreeRTOS_TCP_IP.o
 .text.prvTCPTouchSocket
                0x000000000800c88c       0x28 build/FreeRTOS_TCP_IP.o
 .text.prvTCPBufferResize
                0x000000000800c8b4       0x80 build/FreeRTOS_TCP_IP.o
 .text.prvSocketSetMSS
                0x000000000800c934       0x64 build/FreeRTOS_TCP_IP.o
 .text.prvTCPCreateWindow
                0x000000000800c998       0x60 build/FreeRTOS_TCP_IP.o
 .text.prvTCPPrepareConnect
                0x000000000800c9f8      0x170 build/FreeRTOS_TCP_IP.o
 .text.prvTCPReturnPacket
                0x000000000800cb68      0x230 build/FreeRTOS_TCP_IP.o
 .text.prvTCPSendSpecialPacketHelper
                0x000000000800cd98       0x26 build/FreeRTOS_TCP_IP.o
 .text.prvTCPSendReset
                0x000000000800cdbe        0xa build/FreeRTOS_TCP_IP.o
 .text.prvTCPSendChallengeAck
                0x000000000800cdc8        0xa build/FreeRTOS_TCP_IP.o
 *fill*         0x000000000800cdd2        0x2 
 .text.prvSendData
                0x000000000800cdd4       0x64 build/FreeRTOS_TCP_IP.o
 .text.prvTCPNextTimeout
                0x000000000800ce38       0xd4 build/FreeRTOS_TCP_IP.o
 .text.prvTCPFlagMeaning
                0x000000000800cf0c       0x94 build/FreeRTOS_TCP_IP.o
 .text.prvTCPSocketCopy
                0x000000000800cfa0       0xc8 build/FreeRTOS_TCP_IP.o
 .text.prvSingleStepTCPHeaderOptions
                0x000000000800d068       0xb8 build/FreeRTOS_TCP_IP.o
 .text.prvCheckOptions
                0x000000000800d120       0x54 build/FreeRTOS_TCP_IP.o
 .text.prvCheckRxData
                0x000000000800d174       0x6e build/FreeRTOS_TCP_IP.o
 *fill*         0x000000000800d1e2        0x2 
 .text.prvStoreRxData
                0x000000000800d1e4       0x90 build/FreeRTOS_TCP_IP.o
 .text.vSocketCloseNextTime
                0x000000000800d274       0x1c build/FreeRTOS_TCP_IP.o
                0x000000000800d274                vSocketCloseNextTime
 .text.FreeRTOS_GetTCPStateName
                0x000000000800d290       0x14 build/FreeRTOS_TCP_IP.o
                0x000000000800d290                FreeRTOS_GetTCPStateName
 .text.vTCPStateChange
                0x000000000800d2a4      0x194 build/FreeRTOS_TCP_IP.o
                0x000000000800d2a4                vTCPStateChange
 .text.prvTCPPrepareSend
                0x000000000800d438      0x24c build/FreeRTOS_TCP_IP.o
 .text.prvTCPSendRepeated
                0x000000000800d684       0x3c build/FreeRTOS_TCP_IP.o
 .text.prvTCPSendPacket
                0x000000000800d6c0       0x98 build/FreeRTOS_TCP_IP.o
 .text.prvHandleListen
                0x000000000800d758      0x13c build/FreeRTOS_TCP_IP.o
 .text.prvHandleSynReceived
                0x000000000800d894      0x134 build/FreeRTOS_TCP_IP.o
 .text.prvTCPHandleFin
                0x000000000800d9c8      0x128 build/FreeRTOS_TCP_IP.o
 .text.prvHandleEstablished
                0x000000000800daf0      0x1e0 build/FreeRTOS_TCP_IP.o
 .text.prvTCPHandleState
                0x000000000800dcd0      0x188 build/FreeRTOS_TCP_IP.o
 .text.xProcessReceivedTCPPacket
                0x000000000800de58      0x2ac build/FreeRTOS_TCP_IP.o
                0x000000000800de58                xProcessReceivedTCPPacket
 .text.prvTCPStatusAgeCheck
                0x000000000800e104       0x70 build/FreeRTOS_TCP_IP.o
 .text.xTCPSocketCheck
                0x000000000800e174       0x40 build/FreeRTOS_TCP_IP.o
                0x000000000800e174                xTCPSocketCheck
 .text.xTCPCheckNewClient
                0x000000000800e1b4       0x58 build/FreeRTOS_TCP_IP.o
                0x000000000800e1b4                xTCPCheckNewClient
 .text.prvTCPWindowTxHasSpace
                0x000000000800e20c       0x10 build/FreeRTOS_TCP_WIN.o
 .text.xSequenceLessThan
                0x000000000800e21c        0xe build/FreeRTOS_TCP_WIN.o
                0x000000000800e21c                xSequenceLessThan
 .text.xSequenceGreaterThan
                0x000000000800e22a        0xe build/FreeRTOS_TCP_WIN.o
                0x000000000800e22a                xSequenceGreaterThan
 .text.vListInsertGeneric
                0x000000000800e238       0x14 build/FreeRTOS_TCP_WIN.o
                0x000000000800e238                vListInsertGeneric
 .text.vTCPWindowInit
                0x000000000800e24c       0x54 build/FreeRTOS_TCP_WIN.o
                0x000000000800e24c                vTCPWindowInit
 .text.vTCPWindowCreate
                0x000000000800e2a0       0x34 build/FreeRTOS_TCP_WIN.o
                0x000000000800e2a0                vTCPWindowCreate
 .text.lTCPWindowRxCheck
                0x000000000800e2d4       0x24 build/FreeRTOS_TCP_WIN.o
                0x000000000800e2d4                lTCPWindowRxCheck
 .text.lTCPWindowTxAdd
                0x000000000800e2f8       0x7c build/FreeRTOS_TCP_WIN.o
                0x000000000800e2f8                lTCPWindowTxAdd
 .text.ulTCPWindowTxGet
                0x000000000800e374       0x54 build/FreeRTOS_TCP_WIN.o
                0x000000000800e374                ulTCPWindowTxGet
 .text.xTCPWindowTxDone
                0x000000000800e3c8        0xc build/FreeRTOS_TCP_WIN.o
                0x000000000800e3c8                xTCPWindowTxDone
 .text.xTCPWindowTxHasData
                0x000000000800e3d4       0x48 build/FreeRTOS_TCP_WIN.o
                0x000000000800e3d4                xTCPWindowTxHasData
 .text.ulTCPWindowTxAck
                0x000000000800e41c       0x60 build/FreeRTOS_TCP_WIN.o
                0x000000000800e41c                ulTCPWindowTxAck
 .text.xTCPWindowRxEmpty
                0x000000000800e47c       0x12 build/FreeRTOS_TCP_WIN.o
                0x000000000800e47c                xTCPWindowRxEmpty
 *fill*         0x000000000800e48e        0x2 
 .text.vProcessGeneratedUDPPacket
                0x000000000800e490       0xec build/FreeRTOS_UDP_IP.o
                0x000000000800e490                vProcessGeneratedUDPPacket
 .text.xProcessReceivedUDPPacket
                0x000000000800e57c       0xca build/FreeRTOS_UDP_IP.o
                0x000000000800e57c                xProcessReceivedUDPPacket
 *fill*         0x000000000800e646        0x2 
 .text.xNetworkBuffersInitialise
                0x000000000800e648       0x94 build/BufferAllocation_2.o
                0x000000000800e648                xNetworkBuffersInitialise
 .text.vReleaseNetworkBuffer
                0x000000000800e6dc        0xe build/BufferAllocation_2.o
                0x000000000800e6dc                vReleaseNetworkBuffer
 *fill*         0x000000000800e6ea        0x2 
 .text.vReleaseNetworkBufferAndDescriptor
                0x000000000800e6ec       0x4c build/BufferAllocation_2.o
                0x000000000800e6ec                vReleaseNetworkBufferAndDescriptor
 .text.pxGetNetworkBufferWithDescriptor
                0x000000000800e738       0xb0 build/BufferAllocation_2.o
                0x000000000800e738                pxGetNetworkBufferWithDescriptor
 .text.uxGetNumberOfFreeNetworkBuffers
                0x000000000800e7e8        0xc build/BufferAllocation_2.o
                0x000000000800e7e8                uxGetNumberOfFreeNetworkBuffers
 .text.uxGetMinimumFreeNetworkBuffers
                0x000000000800e7f4        0xc build/BufferAllocation_2.o
                0x000000000800e7f4                uxGetMinimumFreeNetworkBuffers
 .text.pcPhyName
                0x000000000800e800       0x74 build/phyHandling.o
 .text.xHas_1F_PHYSPCS
                0x000000000800e874       0x14 build/phyHandling.o
 .text.xHas_19_PHYCR
                0x000000000800e888       0x14 build/phyHandling.o
 .text.xPhyReset
                0x000000000800e89c       0xd8 build/phyHandling.o
 .text.vPhyInitialise
                0x000000000800e974       0x18 build/phyHandling.o
                0x000000000800e974                vPhyInitialise
 .text.xPhyDiscover
                0x000000000800e98c       0x80 build/phyHandling.o
                0x000000000800e98c                xPhyDiscover
 .text.xPhyConfigure
                0x000000000800ea0c      0x154 build/phyHandling.o
                0x000000000800ea0c                xPhyConfigure
 .text.xPhyFixedValue
                0x000000000800eb60       0x52 build/phyHandling.o
                0x000000000800eb60                xPhyFixedValue
 *fill*         0x000000000800ebb2        0x2 
 .text.xPhyStartAutoNegotiation
                0x000000000800ebb4      0x1e4 build/phyHandling.o
                0x000000000800ebb4                xPhyStartAutoNegotiation
 .text.xPhyCheckLinkStatus
                0x000000000800ed98       0xd8 build/phyHandling.o
                0x000000000800ed98                xPhyCheckLinkStatus
 .text.prvDMATxDescListInit
                0x000000000800ee70       0x54 build/NetworkInterface.o
 .text.prvMACAddressConfig
                0x000000000800eec4       0x34 build/NetworkInterface.o
 .text.xMayAcceptPacket
                0x000000000800eef8       0x18 build/NetworkInterface.o
 .text.prvDMARxDescListInit
                0x000000000800ef10       0x6c build/NetworkInterface.o
 .text.prvPassEthMessages
                0x000000000800ef7c       0x38 build/NetworkInterface.o
 .text.prvNetworkInterfaceInput
                0x000000000800efb4      0x11c build/NetworkInterface.o
 .text.vClearTXBuffers
                0x000000000800f0d0       0x6c build/NetworkInterface.o
 .text.prvEthernetUpdateConfig
                0x000000000800f13c       0xd4 build/NetworkInterface.o
 .text.prvEMACHandlerTask
                0x000000000800f210       0xb4 build/NetworkInterface.o
 .text.xSTM32_PhyRead
                0x000000000800f2c4       0x20 build/NetworkInterface.o
                0x000000000800f2c4                xSTM32_PhyRead
 .text.xSTM32_PhyWrite
                0x000000000800f2e4       0x20 build/NetworkInterface.o
                0x000000000800f2e4                xSTM32_PhyWrite
 .text.HAL_ETH_RxCpltCallback
                0x000000000800f304       0x48 build/NetworkInterface.o
                0x000000000800f304                HAL_ETH_RxCpltCallback
 .text.HAL_ETH_TxCpltCallback
                0x000000000800f34c       0x48 build/NetworkInterface.o
                0x000000000800f34c                HAL_ETH_TxCpltCallback
 .text.xNetworkInterfaceInitialise
                0x000000000800f394      0x120 build/NetworkInterface.o
                0x000000000800f394                xNetworkInterfaceInitialise
 .text.xNetworkInterfaceOutput
                0x000000000800f4b4       0xd4 build/NetworkInterface.o
                0x000000000800f4b4                xNetworkInterfaceOutput
 .text.vMACBProbePhy
                0x000000000800f588       0x30 build/NetworkInterface.o
                0x000000000800f588                vMACBProbePhy
 .text.ETH_IRQHandler
                0x000000000800f5b8       0x10 build/NetworkInterface.o
                0x000000000800f5b8                ETH_IRQHandler
 .text.vRegisterDelay
                0x000000000800f5c8       0x34 build/stm32fxx_hal_eth.o
 .text.prvWriteMACFCR
                0x000000000800f5fc       0x18 build/stm32fxx_hal_eth.o
 .text.prvWriteDMAOMR
                0x000000000800f614       0x1c build/stm32fxx_hal_eth.o
 .text.prvWriteMACCR
                0x000000000800f630       0x18 build/stm32fxx_hal_eth.o
 .text.ETH_MACAddressConfig
                0x000000000800f648       0x34 build/stm32fxx_hal_eth.o
 .text.ETH_MACDMAConfig
                0x000000000800f67c       0xf4 build/stm32fxx_hal_eth.o
 .text.ETH_MACTransmissionEnable
                0x000000000800f770       0x10 build/stm32fxx_hal_eth.o
 .text.ETH_MACTransmissionDisable
                0x000000000800f780       0x10 build/stm32fxx_hal_eth.o
 .text.ETH_MACReceptionEnable
                0x000000000800f790       0x1a build/stm32fxx_hal_eth.o
 .text.ETH_MACReceptionDisable
                0x000000000800f7aa       0x1a build/stm32fxx_hal_eth.o
 .text.ETH_DMATransmissionEnable
                0x000000000800f7c4       0x1e build/stm32fxx_hal_eth.o
 .text.ETH_DMATransmissionDisable
                0x000000000800f7e2       0x1e build/stm32fxx_hal_eth.o
 .text.ETH_DMAReceptionEnable
                0x000000000800f800       0x1e build/stm32fxx_hal_eth.o
 .text.ETH_DMAReceptionDisable
                0x000000000800f81e       0x1e build/stm32fxx_hal_eth.o
 .text.ETH_FlushTransmitFIFO
                0x000000000800f83c       0x1e build/stm32fxx_hal_eth.o
 *fill*         0x000000000800f85a        0x2 
 .text.HAL_ETH_Init
                0x000000000800f85c       0xec build/stm32fxx_hal_eth.o
                0x000000000800f85c                HAL_ETH_Init
 .text.HAL_ETH_ErrorCallback
                0x000000000800f948        0x2 build/stm32fxx_hal_eth.o
                0x000000000800f948                HAL_ETH_ErrorCallback
 *fill*         0x000000000800f94a        0x2 
 .text.HAL_ETH_IRQHandler
                0x000000000800f94c       0x40 build/stm32fxx_hal_eth.o
                0x000000000800f94c                HAL_ETH_IRQHandler
 .text.HAL_ETH_ReadPHYRegister
                0x000000000800f98c       0x7e build/stm32fxx_hal_eth.o
                0x000000000800f98c                HAL_ETH_ReadPHYRegister
 .text.HAL_ETH_WritePHYRegister
                0x000000000800fa0a       0x7e build/stm32fxx_hal_eth.o
                0x000000000800fa0a                HAL_ETH_WritePHYRegister
 .text.HAL_ETH_Start
                0x000000000800fa88       0x44 build/stm32fxx_hal_eth.o
                0x000000000800fa88                HAL_ETH_Start
 .text.HAL_ETH_Stop
                0x000000000800facc       0x44 build/stm32fxx_hal_eth.o
                0x000000000800facc                HAL_ETH_Stop
 .text.HAL_ETH_ConfigMAC
                0x000000000800fb10      0x108 build/stm32fxx_hal_eth.o
                0x000000000800fb10                HAL_ETH_ConfigMAC
 .text.Sockets_Connect
                0x000000000800fc18      0x13c build/sockets_wrapper.o
                0x000000000800fc18                Sockets_Connect
 .text.Sockets_Disconnect
                0x000000000800fd54       0x36 build/sockets_wrapper.o
                0x000000000800fd54                Sockets_Disconnect
 *fill*         0x000000000800fd8a        0x2 
 .text.Plaintext_FreeRTOS_Connect
                0x000000000800fd8c       0x7c build/using_plaintext.o
                0x000000000800fd8c                Plaintext_FreeRTOS_Connect
 .text.Plaintext_FreeRTOS_Disconnect
                0x000000000800fe08       0x68 build/using_plaintext.o
                0x000000000800fe08                Plaintext_FreeRTOS_Disconnect
 .text.Plaintext_FreeRTOS_recv
                0x000000000800fe70       0x40 build/using_plaintext.o
                0x000000000800fe70                Plaintext_FreeRTOS_recv
 .text.Plaintext_FreeRTOS_send
                0x000000000800feb0       0x32 build/using_plaintext.o
                0x000000000800feb0                Plaintext_FreeRTOS_send
 *fill*         0x000000000800fee2        0x2 
 .text.BackoffAlgorithm_GetNextBackoff
                0x000000000800fee4       0x70 build/backoff_algorithm.o
                0x000000000800fee4                BackoffAlgorithm_GetNextBackoff
 .text.BackoffAlgorithm_InitializeParams
                0x000000000800ff54       0x28 build/backoff_algorithm.o
                0x000000000800ff54                BackoffAlgorithm_InitializeParams
 .text.remainingLengthEncodedSize
                0x000000000800ff7c       0x20 build/core_mqtt_serializer.o
 .text.getRemainingLength
                0x000000000800ff9c       0x72 build/core_mqtt_serializer.o
 *fill*         0x000000000801000e        0x2 
 .text.incomingPacketValid
                0x0000000008010010       0x94 build/core_mqtt_serializer.o
 .text.encodeRemainingLength
                0x00000000080100a4       0x3c build/core_mqtt_serializer.o
 .text.calculatePublishPacketSize
                0x00000000080100e0       0xe8 build/core_mqtt_serializer.o
 .text.logConnackResponse
                0x00000000080101c8       0x78 build/core_mqtt_serializer.o
 .text.deserializeConnack
                0x0000000008010240      0x108 build/core_mqtt_serializer.o
 .text.readSubackStatus
                0x0000000008010348       0x94 build/core_mqtt_serializer.o
 .text.deserializeSuback
                0x00000000080103dc       0x88 build/core_mqtt_serializer.o
 .text.deserializePingresp
                0x0000000008010464       0x5c build/core_mqtt_serializer.o
 .text.deserializeSimpleAck
                0x00000000080104c0       0xa0 build/core_mqtt_serializer.o
 .text.encodeString
                0x0000000008010560       0x38 build/core_mqtt_serializer.o
 .text.serializeConnectPacket
                0x0000000008010598      0x10c build/core_mqtt_serializer.o
 .text.serializePublishCommon
                0x00000000080106a4      0x104 build/core_mqtt_serializer.o
 .text.MQTT_GetConnectPacketSize
                0x00000000080107a8       0xf4 build/core_mqtt_serializer.o
                0x00000000080107a8                MQTT_GetConnectPacketSize
 .text.MQTT_SerializeConnect
                0x000000000801089c       0xe8 build/core_mqtt_serializer.o
                0x000000000801089c                MQTT_SerializeConnect
 .text.MQTT_GetPublishPacketSize
                0x0000000008010984       0xb0 build/core_mqtt_serializer.o
                0x0000000008010984                MQTT_GetPublishPacketSize
 .text.MQTT_SerializePublishHeader
                0x0000000008010a34      0x198 build/core_mqtt_serializer.o
                0x0000000008010a34                MQTT_SerializePublishHeader
 .text.MQTT_SerializeAck
                0x0000000008010bcc       0xfc build/core_mqtt_serializer.o
                0x0000000008010bcc                MQTT_SerializeAck
 .text.MQTT_GetDisconnectPacketSize
                0x0000000008010cc8       0x40 build/core_mqtt_serializer.o
                0x0000000008010cc8                MQTT_GetDisconnectPacketSize
 .text.MQTT_SerializeDisconnect
                0x0000000008010d08       0x9c build/core_mqtt_serializer.o
                0x0000000008010d08                MQTT_SerializeDisconnect
 .text.MQTT_DeserializeAck
                0x0000000008010da4      0x134 build/core_mqtt_serializer.o
                0x0000000008010da4                MQTT_DeserializeAck
 .text.MQTT_GetIncomingPacketTypeAndLength
                0x0000000008010ed8       0xf0 build/core_mqtt_serializer.o
                0x0000000008010ed8                MQTT_GetIncomingPacketTypeAndLength
 .text.validateTransitionPublish
                0x0000000008010fc8       0x5e build/core_mqtt_state.o
 .text.validateTransitionAck
                0x0000000008011026       0x68 build/core_mqtt_state.o
 .text.isPublishOutgoing
                0x000000000801108e       0x28 build/core_mqtt_state.o
 *fill*         0x00000000080110b6        0x2 
 .text.compactRecords
                0x00000000080110b8       0x60 build/core_mqtt_state.o
 .text.findInRecord
                0x0000000008011118       0x48 build/core_mqtt_state.o
 .text.updateRecord
                0x0000000008011160       0x30 build/core_mqtt_state.o
 .text.stateSelect
                0x0000000008011190       0xa8 build/core_mqtt_state.o
 .text.addRecord
                0x0000000008011238       0xcc build/core_mqtt_state.o
 .text.MQTT_CalculateStateAck
                0x0000000008011304       0x40 build/core_mqtt_state.o
                0x0000000008011304                MQTT_CalculateStateAck
 .text.MQTT_ReserveState
                0x0000000008011344       0x30 build/core_mqtt_state.o
                0x0000000008011344                MQTT_ReserveState
 .text.MQTT_CalculateStatePublish
                0x0000000008011374       0x26 build/core_mqtt_state.o
                0x0000000008011374                MQTT_CalculateStatePublish
 *fill*         0x000000000801139a        0x2 
 .text.MQTT_PubrelToResend
                0x000000000801139c       0x64 build/core_mqtt_state.o
                0x000000000801139c                MQTT_PubrelToResend
 .text.MQTT_State_strerror
                0x0000000008011400       0x74 build/core_mqtt_state.o
                0x0000000008011400                MQTT_State_strerror
 .text.updateStatePublish
                0x0000000008011474       0xe4 build/core_mqtt_state.o
 .text.MQTT_UpdateStatePublish
                0x0000000008011558       0xf0 build/core_mqtt_state.o
                0x0000000008011558                MQTT_UpdateStatePublish
 .text.updateStateAck
                0x0000000008011648       0xc0 build/core_mqtt_state.o
 .text.MQTT_UpdateStateAck
                0x0000000008011708      0x13c build/core_mqtt_state.o
                0x0000000008011708                MQTT_UpdateStateAck
 .text.calculateElapsedTime
                0x0000000008011844        0x4 build/core_mqtt.o
 .text.getAckTypeToSend
                0x0000000008011848       0x22 build/core_mqtt.o
 *fill*         0x000000000801186a        0x2 
 .text.validatePublishParams
                0x000000000801186c       0xac build/core_mqtt.o
 .text.sendPacket
                0x0000000008011918      0x12c build/core_mqtt.o
 .text.recvExact
                0x0000000008011a44      0x148 build/core_mqtt.o
 .text.discardPacket
                0x0000000008011b8c      0x110 build/core_mqtt.o
 .text.receivePacket
                0x0000000008011c9c       0xbc build/core_mqtt.o
 .text.getAckFromPacketType
                0x0000000008011d58       0x3c build/core_mqtt.o
 .text.sendPublish
                0x0000000008011d94       0xf8 build/core_mqtt.o
 .text.sendPublishAcks
                0x0000000008011e8c       0xe0 build/core_mqtt.o
 .text.handleSessionResumption
                0x0000000008011f6c       0x84 build/core_mqtt.o
 .text.serializePublish
                0x0000000008011ff0       0x78 build/core_mqtt.o
 .text.MQTT_Init
                0x0000000008012068      0x12c build/core_mqtt.o
                0x0000000008012068                MQTT_Init
 .text.MQTT_Disconnect
                0x0000000008012194       0xbc build/core_mqtt.o
                0x0000000008012194                MQTT_Disconnect
 .text.MQTT_GetSubAckStatusCodes
                0x0000000008012250      0x10c build/core_mqtt.o
                0x0000000008012250                MQTT_GetSubAckStatusCodes
 .text.MQTT_Status_strerror
                0x000000000801235c       0x74 build/core_mqtt.o
                0x000000000801235c                MQTT_Status_strerror
 .text.receiveConnack
                0x00000000080123d0      0x178 build/core_mqtt.o
 .text.MQTT_Connect
                0x0000000008012548      0x154 build/core_mqtt.o
                0x0000000008012548                MQTT_Connect
 .text.MQTT_Publish
                0x000000000801269c       0xd8 build/core_mqtt.o
                0x000000000801269c                MQTT_Publish
 .text.Reset_Handler
                0x0000000008012774       0x50 build/startup_stm32f746xx.o
                0x0000000008012774                Reset_Handler
 .text.Default_Handler
                0x00000000080127c4        0x2 build/startup_stm32f746xx.o
                0x00000000080127c4                DMA1_Stream3_IRQHandler
                0x00000000080127c4                EXTI2_IRQHandler
                0x00000000080127c4                TIM8_CC_IRQHandler
                0x00000000080127c4                UART8_IRQHandler
                0x00000000080127c4                SPI4_IRQHandler
                0x00000000080127c4                TIM1_CC_IRQHandler
                0x00000000080127c4                DMA2_Stream5_IRQHandler
                0x00000000080127c4                DMA1_Stream5_IRQHandler
                0x00000000080127c4                PVD_IRQHandler
                0x00000000080127c4                TAMP_STAMP_IRQHandler
                0x00000000080127c4                CAN2_RX1_IRQHandler
                0x00000000080127c4                EXTI3_IRQHandler
                0x00000000080127c4                TIM8_TRG_COM_TIM14_IRQHandler
                0x00000000080127c4                TIM1_UP_TIM10_IRQHandler
                0x00000000080127c4                TIM8_UP_TIM13_IRQHandler
                0x00000000080127c4                I2C3_ER_IRQHandler
                0x00000000080127c4                EXTI0_IRQHandler
                0x00000000080127c4                I2C2_EV_IRQHandler
                0x00000000080127c4                DMA1_Stream2_IRQHandler
                0x00000000080127c4                CAN1_RX0_IRQHandler
                0x00000000080127c4                FPU_IRQHandler
                0x00000000080127c4                OTG_HS_WKUP_IRQHandler
                0x00000000080127c4                LTDC_ER_IRQHandler
                0x00000000080127c4                CAN2_SCE_IRQHandler
                0x00000000080127c4                DMA2_Stream2_IRQHandler
                0x00000000080127c4                SPI1_IRQHandler
                0x00000000080127c4                TIM6_DAC_IRQHandler
                0x00000000080127c4                TIM1_BRK_TIM9_IRQHandler
                0x00000000080127c4                DCMI_IRQHandler
                0x00000000080127c4                CAN2_RX0_IRQHandler
                0x00000000080127c4                DMA2_Stream3_IRQHandler
                0x00000000080127c4                SAI2_IRQHandler
                0x00000000080127c4                USART6_IRQHandler
                0x00000000080127c4                USART3_IRQHandler
                0x00000000080127c4                CAN1_RX1_IRQHandler
                0x00000000080127c4                UART5_IRQHandler
                0x00000000080127c4                DMA2_Stream0_IRQHandler
                0x00000000080127c4                TIM4_IRQHandler
                0x00000000080127c4                QUADSPI_IRQHandler
                0x00000000080127c4                I2C1_EV_IRQHandler
                0x00000000080127c4                DMA1_Stream6_IRQHandler
                0x00000000080127c4                DMA1_Stream1_IRQHandler
                0x00000000080127c4                UART4_IRQHandler
                0x00000000080127c4                TIM3_IRQHandler
                0x00000000080127c4                RCC_IRQHandler
                0x00000000080127c4                TIM8_BRK_TIM12_IRQHandler
                0x00000000080127c4                Default_Handler
                0x00000000080127c4                CEC_IRQHandler
                0x00000000080127c4                EXTI15_10_IRQHandler
                0x00000000080127c4                ADC_IRQHandler
                0x00000000080127c4                DMA1_Stream7_IRQHandler
                0x00000000080127c4                SPI5_IRQHandler
                0x00000000080127c4                TIM7_IRQHandler
                0x00000000080127c4                SDMMC1_IRQHandler
                0x00000000080127c4                CAN2_TX_IRQHandler
                0x00000000080127c4                TIM5_IRQHandler
                0x00000000080127c4                DMA2_Stream7_IRQHandler
                0x00000000080127c4                I2C3_EV_IRQHandler
                0x00000000080127c4                EXTI9_5_IRQHandler
                0x00000000080127c4                RTC_WKUP_IRQHandler
                0x00000000080127c4                LTDC_IRQHandler
                0x00000000080127c4                ETH_WKUP_IRQHandler
                0x00000000080127c4                SPDIF_RX_IRQHandler
                0x00000000080127c4                SPI2_IRQHandler
                0x00000000080127c4                OTG_HS_EP1_IN_IRQHandler
                0x00000000080127c4                DMA1_Stream0_IRQHandler
                0x00000000080127c4                CAN1_TX_IRQHandler
                0x00000000080127c4                EXTI4_IRQHandler
                0x00000000080127c4                RNG_IRQHandler
                0x00000000080127c4                OTG_HS_EP1_OUT_IRQHandler
                0x00000000080127c4                WWDG_IRQHandler
                0x00000000080127c4                SPI6_IRQHandler
                0x00000000080127c4                I2C4_EV_IRQHandler
                0x00000000080127c4                OTG_FS_WKUP_IRQHandler
                0x00000000080127c4                TIM1_TRG_COM_TIM11_IRQHandler
                0x00000000080127c4                OTG_HS_IRQHandler
                0x00000000080127c4                DMA2D_IRQHandler
                0x00000000080127c4                EXTI1_IRQHandler
                0x00000000080127c4                UART7_IRQHandler
                0x00000000080127c4                USART2_IRQHandler
                0x00000000080127c4                I2C2_ER_IRQHandler
                0x00000000080127c4                DMA2_Stream1_IRQHandler
                0x00000000080127c4                CAN1_SCE_IRQHandler
                0x00000000080127c4                FLASH_IRQHandler
                0x00000000080127c4                DMA2_Stream4_IRQHandler
                0x00000000080127c4                USART1_IRQHandler
                0x00000000080127c4                OTG_FS_IRQHandler
                0x00000000080127c4                SPI3_IRQHandler
                0x00000000080127c4                DMA1_Stream4_IRQHandler
                0x00000000080127c4                I2C1_ER_IRQHandler
                0x00000000080127c4                FMC_IRQHandler
                0x00000000080127c4                LPTIM1_IRQHandler
                0x00000000080127c4                I2C4_ER_IRQHandler
                0x00000000080127c4                DMA2_Stream6_IRQHandler
                0x00000000080127c4                SAI1_IRQHandler
                0x00000000080127c4                RTC_Alarm_IRQHandler
 *fill*         0x00000000080127c6        0x2 
 .text.__assert_func
                0x00000000080127c8       0x3c /usr/local/Caskroom/gcc-arm-embedded/9-2019-q4-major/gcc-arm-none-eabi-9-2019-q4-major/bin/../lib/gcc/arm-none-eabi/9.2.1/../../../../arm-none-eabi/lib/thumb/v7e-m+fp/hard/libc_nano.a(lib_a-assert.o)
                0x00000000080127c8                __assert_func
 .text.fprintf  0x0000000008012804       0x24 /usr/local/Caskroom/gcc-arm-embedded/9-2019-q4-major/gcc-arm-none-eabi-9-2019-q4-major/bin/../lib/gcc/arm-none-eabi/9.2.1/../../../../arm-none-eabi/lib/thumb/v7e-m+fp/hard/libc_nano.a(lib_a-fprintf.o)
                0x0000000008012804                fprintf
                0x0000000008012804                fiprintf
 .text.__libc_init_array