Archive member included to satisfy reference by file (symbol)

/usr/local/Caskroom/gcc-arm-embedded/9-2019-q4-major/gcc-arm-none-eabi-9-2019-q4-major/bin/../lib/gcc/arm-none-eabi/9.2.1/../../../../arm-none-eabi/lib/thumb/v7e-m+fp/hard/libc_nano.a(lib_a-exit.o)
                              /usr/local/Caskroom/gcc-arm-embedded/9-2019-q4-major/gcc-arm-none-eabi-9-2019-q4-major/bin/../lib/gcc/arm-none-eabi/9.2.1/../../../../arm-none-eabi/lib/thumb/v7e-m+fp/hard/crt0.o (exit)
/usr/local/Caskroom/gcc-arm-embedded/9-2019-q4-major/gcc-arm-none-eabi-9-2019-q4-major/bin/../lib/gcc/arm-none-eabi/9.2.1/../../../../arm-none-eabi/lib/thumb/v7e-m+fp/hard/libc_nano.a(lib_a-impure.o)
                              /usr/local/Caskroom/gcc-arm-embedded/9-2019-q4-major/gcc-arm-none-eabi-9-2019-q4-major/bin/../lib/gcc/arm-none-eabi/9.2.1/../../../../arm-none-eabi/lib/thumb/v7e-m+fp/hard/libc_nano.a(lib_a-exit.o) (_global_impure_ptr)
/usr/local/Caskroom/gcc-arm-embedded/9-2019-q4-major/gcc-arm-none-eabi-9-2019-q4-major/bin/../lib/gcc/arm-none-eabi/9.2.1/../../../../arm-none-eabi/lib/thumb/v7e-m+fp/hard/libc_nano.a(lib_a-init.o)
                              /usr/local/Caskroom/gcc-arm-embedded/9-2019-q4-major/gcc-arm-none-eabi-9-2019-q4-major/bin/../lib/gcc/arm-none-eabi/9.2.1/../../../../arm-none-eabi/lib/thumb/v7e-m+fp/hard/crt0.o (__libc_init_array)
/usr/local/Caskroom/gcc-arm-embedded/9-2019-q4-major/gcc-arm-none-eabi-9-2019-q4-major/bin/../lib/gcc/arm-none-eabi/9.2.1/../../../../arm-none-eabi/lib/thumb/v7e-m+fp/hard/libc_nano.a(lib_a-memcmp.o)
                              build/FreeRTOS_ARP.o (memcmp)
/usr/local/Caskroom/gcc-arm-embedded/9-2019-q4-major/gcc-arm-none-eabi-9-2019-q4-major/bin/../lib/gcc/arm-none-eabi/9.2.1/../../../../arm-none-eabi/lib/thumb/v7e-m+fp/hard/libc_nano.a(lib_a-memcpy-stub.o)
                              build/queue.o (memcpy)
/usr/local/Caskroom/gcc-arm-embedded/9-2019-q4-major/gcc-arm-none-eabi-9-2019-q4-major/bin/../lib/gcc/arm-none-eabi/9.2.1/../../../../arm-none-eabi/lib/thumb/v7e-m+fp/hard/libc_nano.a(lib_a-memmove.o)
                              build/FreeRTOS_IP.o (memmove)
/usr/local/Caskroom/gcc-arm-embedded/9-2019-q4-major/gcc-arm-none-eabi-9-2019-q4-major/bin/../lib/gcc/arm-none-eabi/9.2.1/../../../../arm-none-eabi/lib/thumb/v7e-m+fp/hard/libc_nano.a(lib_a-memset.o)
                              /usr/local/Caskroom/gcc-arm-embedded/9-2019-q4-major/gcc-arm-none-eabi-9-2019-q4-major/bin/../lib/gcc/arm-none-eabi/9.2.1/../../../../arm-none-eabi/lib/thumb/v7e-m+fp/hard/crt0.o (memset)
/usr/local/Caskroom/gcc-arm-embedded/9-2019-q4-major/gcc-arm-none-eabi-9-2019-q4-major/bin/../lib/gcc/arm-none-eabi/9.2.1/../../../../arm-none-eabi/lib/thumb/v7e-m+fp/hard/libc_nano.a(lib_a-snprintf.o)
                              build/FreeRTOS_IP.o (snprintf)
/usr/local/Caskroom/gcc-arm-embedded/9-2019-q4-major/gcc-arm-none-eabi-9-2019-q4-major/bin/../lib/gcc/arm-none-eabi/9.2.1/../../../../arm-none-eabi/lib/thumb/v7e-m+fp/hard/libc_nano.a(lib_a-sprintf.o)
                              build/tasks.o (sprintf)
/usr/local/Caskroom/gcc-arm-embedded/9-2019-q4-major/gcc-arm-none-eabi-9-2019-q4-major/bin/../lib/gcc/arm-none-eabi/9.2.1/../../../../arm-none-eabi/lib/thumb/v7e-m+fp/hard/libc_nano.a(lib_a-strcmp.o)
                              build/FreeRTOS_DNS.o (strcmp)
/usr/local/Caskroom/gcc-arm-embedded/9-2019-q4-major/gcc-arm-none-eabi-9-2019-q4-major/bin/../lib/gcc/arm-none-eabi/9.2.1/../../../../arm-none-eabi/lib/thumb/v7e-m+fp/hard/libc_nano.a(lib_a-strcpy.o)
                              build/tasks.o (strcpy)
/usr/local/Caskroom/gcc-arm-embedded/9-2019-q4-major/gcc-arm-none-eabi-9-2019-q4-major/bin/../lib/gcc/arm-none-eabi/9.2.1/../../../../arm-none-eabi/lib/thumb/v7e-m+fp/hard/libc_nano.a(lib_a-strlen.o)
                              build/tasks.o (strlen)
/usr/local/Caskroom/gcc-arm-embedded/9-2019-q4-major/gcc-arm-none-eabi-9-2019-q4-major/bin/../lib/gcc/arm-none-eabi/9.2.1/../../../../arm-none-eabi/lib/thumb/v7e-m+fp/hard/libc_nano.a(lib_a-vsnprintf.o)
                              build/logging.o (vsnprintf)
/usr/local/Caskroom/gcc-arm-embedded/9-2019-q4-major/gcc-arm-none-eabi-9-2019-q4-major/bin/../lib/gcc/arm-none-eabi/9.2.1/../../../../arm-none-eabi/lib/thumb/v7e-m+fp/hard/libc_nano.a(lib_a-nano-svfprintf.o)
                              /usr/local/Caskroom/gcc-arm-embedded/9-2019-q4-major/gcc-arm-none-eabi-9-2019-q4-major/bin/../lib/gcc/arm-none-eabi/9.2.1/../../../../arm-none-eabi/lib/thumb/v7e-m+fp/hard/libc_nano.a(lib_a-snprintf.o) (_svfprintf_r)
/usr/local/Caskroom/gcc-arm-embedded/9-2019-q4-major/gcc-arm-none-eabi-9-2019-q4-major/bin/../lib/gcc/arm-none-eabi/9.2.1/../../../../arm-none-eabi/lib/thumb/v7e-m+fp/hard/libc_nano.a(lib_a-nano-vfprintf_i.o)
[...]
Memory Configuration

Name             Origin             Length             Attributes
FLASH            0x0000000008000000 0x0000000000100000 xr
RAM              0x0000000020000000 0x0000000000050000 xrw
*default*        0x0000000000000000 0xffffffffffffffff

Linker script and memory map

LOAD /usr/local/Caskroom/gcc-arm-embedded/9-2019-q4-major/gcc-arm-none-eabi-9-2019-q4-major/bin/../lib/gcc/arm-none-eabi/9.2.1/thumb/v7e-m+fp/hard/crti.o
LOAD /usr/local/Caskroom/gcc-arm-embedded/9-2019-q4-major/gcc-arm-none-eabi-9-2019-q4-major/bin/../lib/gcc/arm-none-eabi/9.2.1/thumb/v7e-m+fp/hard/crtbegin.o
LOAD /usr/local/Caskroom/gcc-arm-embedded/9-2019-q4-major/gcc-arm-none-eabi-9-2019-q4-major/bin/../lib/gcc/arm-none-eabi/9.2.1/../../../../arm-none-eabi/lib/thumb/v7e-m+fp/hard/crt0.o
LOAD build/main.o
LOAD build/freertos.o
LOAD build/stm32f7xx_it.o
LOAD build/stm32f7xx_hal_msp.o
LOAD build/stm32f7xx_nucleo_144.o
LOAD build/stm32f7xx_hal.o
LOAD build/stm32f7xx_hal_cortex.o
LOAD build/stm32f7xx_hal_rcc.o
LOAD build/stm32f7xx_hal_rcc_ex.o
LOAD build/stm32f7xx_hal_dma.o
LOAD build/stm32f7xx_hal_dma_ex.o
LOAD build/stm32f7xx_hal_rng.o
LOAD build/stm32f7xx_hal_tim.o
LOAD build/stm32f7xx_hal_tim_ex.o
LOAD build/stm32f7xx_hal_pwr.o
LOAD build/stm32f7xx_hal_pwr_ex.o
LOAD build/stm32f7xx_hal_uart.o
LOAD build/stm32f7xx_hal_uart_ex.o
LOAD build/stm32f7xx_hal_gpio.o
LOAD build/system_stm32f7xx.o
LOAD build/croutine.o
LOAD build/event_groups.o
LOAD build/list.o
LOAD build/queue.o
LOAD build/stream_buffer.o
LOAD build/tasks.o
LOAD build/timers.o
LOAD build/heap_4.o
LOAD build/port.o
LOAD build/cmsis_os2.o
LOAD build/logging.o
LOAD build/FreeRTOS_ARP.o
LOAD build/FreeRTOS_DHCP.o
LOAD build/FreeRTOS_DNS.o
LOAD build/FreeRTOS_IP.o
LOAD build/FreeRTOS_Sockets.o
LOAD build/FreeRTOS_Stream_Buffer.o
LOAD build/FreeRTOS_TCP_IP.o
LOAD build/FreeRTOS_TCP_WIN.o
LOAD build/FreeRTOS_UDP_IP.o
LOAD build/BufferAllocation_1.o
LOAD build/phyHandling.o
LOAD build/NetworkInterface.o
LOAD build/stm32fxx_hal_eth.o
LOAD build/startup_stm32f746xx.o
LOAD /usr/local/Caskroom/gcc-arm-embedded/9-2019-q4-major/gcc-arm-none-eabi-9-2019-q4-major/bin/../lib/gcc/arm-none-eabi/9.2.1/../../../../arm-none-eabi/lib/thumb/v7e-m+fp/hard/libc_nano.a
LOAD /usr/local/Caskroom/gcc-arm-embedded/9-2019-q4-major/gcc-arm-none-eabi-9-2019-q4-major/bin/../lib/gcc/arm-none-eabi/9.2.1/../../../../arm-none-eabi/lib/thumb/v7e-m+fp/hard/libm.a
LOAD /usr/local/Caskroom/gcc-arm-embedded/9-2019-q4-major/gcc-arm-none-eabi-9-2019-q4-major/bin/../lib/gcc/arm-none-eabi/9.2.1/../../../../arm-none-eabi/lib/thumb/v7e-m+fp/hard/libnosys.a
START GROUP
LOAD /usr/local/Caskroom/gcc-arm-embedded/9-2019-q4-major/gcc-arm-none-eabi-9-2019-q4-major/bin/../lib/gcc/arm-none-eabi/9.2.1/thumb/v7e-m+fp/hard/libgcc.a
LOAD /usr/local/Caskroom/gcc-arm-embedded/9-2019-q4-major/gcc-arm-none-eabi-9-2019-q4-major/bin/../lib/gcc/arm-none-eabi/9.2.1/../../../../arm-none-eabi/lib/thumb/v7e-m+fp/hard/libc_nano.a
END GROUP
START GROUP
LOAD /usr/local/Caskroom/gcc-arm-embedded/9-2019-q4-major/gcc-arm-none-eabi-9-2019-q4-major/bin/../lib/gcc/arm-none-eabi/9.2.1/thumb/v7e-m+fp/hard/libgcc.a
LOAD /usr/local/Caskroom/gcc-arm-embedded/9-2019-q4-major/gcc-arm-none-eabi-9-2019-q4-major/bin/../lib/gcc/arm-none-eabi/9.2.1/../../../../arm-none-eabi/lib/thumb/v7e-m+fp/hard/libc_nano.a
END GROUP
LOAD /usr/local/Caskroom/gcc-arm-embedded/9-2019-q4-major/gcc-arm-none-eabi-9-2019-q4-major/bin/../lib/gcc/arm-none-eabi/9.2.1/thumb/v7e-m+fp/hard/crtend.o
LOAD /usr/local/Caskroom/gcc-arm-embedded/9-2019-q4-major/gcc-arm-none-eabi-9-2019-q4-major/bin/../lib/gcc/arm-none-eabi/9.2.1/thumb/v7e-m+fp/hard/crtn.o
                0x0000000020050000                _estack = 0x20050000
                0x0000000000000200                _Min_Heap_Size = 0x200
                0x0000000000000400                _Min_Stack_Size = 0x400

.isr_vector     0x0000000008000000      0x1c8
                0x0000000008000000                . = ALIGN (0x4)
 *(.isr_vector)
 .isr_vector    0x0000000008000000      0x1c8 build/startup_stm32f746xx.o
                0x0000000008000000                g_pfnVectors
                0x00000000080001c8                . = ALIGN (0x4)

.text           0x00000000080001d0     0xb580
                0x00000000080001d0                . = ALIGN (0x4)
 *(.text)
 .text          0x00000000080001d0       0x40 /usr/local/Caskroom/gcc-arm-embedded/9-2019-q4-major/gcc-arm-none-eabi-9-2019-q4-major/bin/../lib/gcc/arm-none-eabi/9.2.1/thumb/v7e-m+fp/hard/crtbegin.o
 .text          0x0000000008000210       0xa0 /usr/local/Caskroom/gcc-arm-embedded/9-2019-q4-major/gcc-arm-none-eabi-9-2019-q4-major/bin/../lib/gcc/arm-none-eabi/9.2.1/../../../../arm-none-eabi/lib/thumb/v7e-m+fp/hard/libc_nano.a(lib_a-memchr.o)
                0x0000000008000210                memchr
 .text          0x00000000080002b0       0x30 /usr/local/Caskroom/gcc-arm-embedded/9-2019-q4-major/gcc-arm-none-eabi-9-2019-q4-major/bin/../lib/gcc/arm-none-eabi/9.2.1/thumb/v7e-m+fp/hard/libgcc.a(_aeabi_uldivmod.o)
                0x00000000080002b0                __aeabi_uldivmod
 .text          0x00000000080002e0      0x2c4 /usr/local/Caskroom/gcc-arm-embedded/9-2019-q4-major/gcc-arm-none-eabi-9-2019-q4-major/bin/../lib/gcc/arm-none-eabi/9.2.1/thumb/v7e-m+fp/hard/libgcc.a(_udivmoddi4.o)
                0x00000000080002e0                __udivmoddi4
 .text          0x00000000080005a4        0x4 /usr/local/Caskroom/gcc-arm-embedded/9-2019-q4-major/gcc-arm-none-eabi-9-2019-q4-major/bin/../lib/gcc/arm-none-eabi/9.2.1/thumb/v7e-m+fp/hard/libgcc.a(_dvmd_tls.o)
                0x00000000080005a4                __aeabi_ldiv0
                0x00000000080005a4                __aeabi_idiv0
 *(.text*)
 .text.DebugMode_Config
                0x00000000080005a8       0x90 build/main.o
 .text.prvStartupTask
                0x0000000008000638       0x24 build/main.o
 .text.Error_Handler
                0x000000000800065c        0xc build/main.o
                0x000000000800065c                Error_Handler
 .text.SystemClock_Config
                0x0000000008000668       0xb4 build/main.o
 .text.main     0x000000000800071c      0x140 build/main.o
                0x000000000800071c                main
 .text.configureTimerForRunTimeStats
                0x000000000800085c       0x3c build/freertos.o
                0x000000000800085c                configureTimerForRunTimeStats
 .text.getRunTimeCounterValue
                0x0000000008000898        0xc build/freertos.o
                0x0000000008000898                getRunTimeCounterValue
 .text.vApplicationStackOverflowHook
                0x00000000080008a4       0x10 build/freertos.o
                0x00000000080008a4                vApplicationStackOverflowHook
 .text.vApplicationIPNetworkEventHook
                0x00000000080008b4       0x84 build/freertos.o
                0x00000000080008b4                vApplicationIPNetworkEventHook
 .text.ulApplicationGetNextSequenceNumber
                0x0000000008000938       0x10 build/freertos.o
                0x0000000008000938                ulApplicationGetNextSequenceNumber
 .text.xApplicationGetRandomNumber
                0x0000000008000948       0x24 build/freertos.o
                0x0000000008000948                xApplicationGetRandomNumber
 .text.vApplicationPingReplyHook
                0x000000000800096c       0x10 build/freertos.o
                0x000000000800096c                vApplicationPingReplyHook
 .text.NMI_Handler
                0x000000000800097c        0x2 build/stm32f7xx_it.o
                0x000000000800097c                NMI_Handler
 .text.HardFault_Handler
                0x000000000800097e        0x2 build/stm32f7xx_it.o
                0x000000000800097e                HardFault_Handler
 .text.MemManage_Handler
                0x0000000008000980        0x2 build/stm32f7xx_it.o
                0x0000000008000980                MemManage_Handler
 .text.BusFault_Handler
                0x0000000008000982        0x2 build/stm32f7xx_it.o
                0x0000000008000982                BusFault_Handler
 .text.UsageFault_Handler
                0x0000000008000984        0x2 build/stm32f7xx_it.o
                0x0000000008000984                UsageFault_Handler
 .text.DebugMon_Handler
                0x0000000008000986        0x2 build/stm32f7xx_it.o
                0x0000000008000986                DebugMon_Handler
 .text.SysTick_Handler
                0x0000000008000988       0x16 build/stm32f7xx_it.o
                0x0000000008000988                SysTick_Handler
 *fill*         0x000000000800099e        0x2 
 .text.TIM8_UP_TIM13_IRQHandler
                0x00000000080009a0       0x1c build/stm32f7xx_it.o
                0x00000000080009a0                TIM8_UP_TIM13_IRQHandler
 .text.HAL_MspInit
                0x00000000080009bc       0x40 build/stm32f7xx_hal_msp.o
                0x00000000080009bc                HAL_MspInit
 .text.HAL_TIM_Base_MspInit
                0x00000000080009fc       0x40 build/stm32f7xx_hal_msp.o
                0x00000000080009fc                HAL_TIM_Base_MspInit
 .text.HAL_UART_MspInit
                0x0000000008000a3c       0xa8 build/stm32f7xx_hal_msp.o
                0x0000000008000a3c                HAL_UART_MspInit
 .text.HAL_RNG_MspInit
                0x0000000008000ae4       0x2c build/stm32f7xx_hal_msp.o
                0x0000000008000ae4                HAL_RNG_MspInit
 .text.HAL_ETH_MspInit
                0x0000000008000b10      0x1b8 build/stm32f7xx_hal_msp.o
                0x0000000008000b10                HAL_ETH_MspInit
 .text.BSP_LED_Init
                0x0000000008000cc8       0x70 build/stm32f7xx_nucleo_144.o
                0x0000000008000cc8                BSP_LED_Init
 .text.BSP_LED_On
                0x0000000008000d38       0x20 build/stm32f7xx_nucleo_144.o
                0x0000000008000d38                BSP_LED_On
 .text.BSP_LED_Off
                0x0000000008000d58       0x20 build/stm32f7xx_nucleo_144.o
                0x0000000008000d58                BSP_LED_Off
 .text.BSP_LED_Toggle
                0x0000000008000d78       0x1c build/stm32f7xx_nucleo_144.o
                0x0000000008000d78                BSP_LED_Toggle
 .text.HAL_InitTick
                0x0000000008000d94       0x4c build/stm32f7xx_hal.o
                0x0000000008000d94                HAL_InitTick
 .text.HAL_Init
                0x0000000008000de0       0x2c build/stm32f7xx_hal.o
                0x0000000008000de0                HAL_Init
 .text.HAL_IncTick
                0x0000000008000e0c       0x18 build/stm32f7xx_hal.o
                0x0000000008000e0c                HAL_IncTick
 .text.HAL_GetTick
                0x0000000008000e24        0xc build/stm32f7xx_hal.o
                0x0000000008000e24                HAL_GetTick
 .text.HAL_NVIC_SetPriorityGrouping
                0x0000000008000e30       0x24 build/stm32f7xx_hal_cortex.o
                0x0000000008000e30                HAL_NVIC_SetPriorityGrouping
 .text.HAL_NVIC_SetPriority
                0x0000000008000e54       0x64 build/stm32f7xx_hal_cortex.o
                0x0000000008000e54                HAL_NVIC_SetPriority
 .text.HAL_NVIC_EnableIRQ
                0x0000000008000eb8       0x1c build/stm32f7xx_hal_cortex.o
                0x0000000008000eb8                HAL_NVIC_EnableIRQ
 .text.HAL_SYSTICK_Config
                0x0000000008000ed4       0x2c build/stm32f7xx_hal_cortex.o
                0x0000000008000ed4                HAL_SYSTICK_Config
 .text.HAL_RCC_OscConfig
                0x0000000008000f00      0x434 build/stm32f7xx_hal_rcc.o
                0x0000000008000f00                HAL_RCC_OscConfig
 .text.HAL_RCC_GetSysClockFreq
                0x0000000008001334       0xcc build/stm32f7xx_hal_rcc.o
                0x0000000008001334                HAL_RCC_GetSysClockFreq
 .text.HAL_RCC_ClockConfig
                0x0000000008001400      0x16c build/stm32f7xx_hal_rcc.o
                0x0000000008001400                HAL_RCC_ClockConfig
 .text.HAL_RCC_GetHCLKFreq
                0x000000000800156c        0xc build/stm32f7xx_hal_rcc.o
                0x000000000800156c                HAL_RCC_GetHCLKFreq
 .text.HAL_RCC_GetPCLK1Freq
                0x0000000008001578       0x20 build/stm32f7xx_hal_rcc.o
                0x0000000008001578                HAL_RCC_GetPCLK1Freq
 .text.HAL_RCC_GetPCLK2Freq
                0x0000000008001598       0x20 build/stm32f7xx_hal_rcc.o
                0x0000000008001598                HAL_RCC_GetPCLK2Freq
 .text.HAL_RCCEx_PeriphCLKConfig
                0x00000000080015b8      0x5a8 build/stm32f7xx_hal_rcc_ex.o
                0x00000000080015b8                HAL_RCCEx_PeriphCLKConfig
 .text.HAL_RNG_Init
                0x0000000008001b60       0x2e build/stm32f7xx_hal_rng.o
                0x0000000008001b60                HAL_RNG_Init
 .text.HAL_RNG_GenerateRandomNumber
                0x0000000008001b8e       0x64 build/stm32f7xx_hal_rng.o
                0x0000000008001b8e                HAL_RNG_GenerateRandomNumber
 .text.HAL_RNG_GetRandomNumber
                0x0000000008001bf2       0x16 build/stm32f7xx_hal_rng.o
                0x0000000008001bf2                HAL_RNG_GetRandomNumber
 .text.HAL_TIM_Base_Start_IT
                0x0000000008001c08       0x90 build/stm32f7xx_hal_tim.o
                0x0000000008001c08                HAL_TIM_Base_Start_IT
 .text.HAL_TIM_PeriodElapsedCallback
                0x0000000008001c98        0x2 build/stm32f7xx_hal_tim.o
                0x0000000008001c98                HAL_TIM_PeriodElapsedCallback
 .text.HAL_TIM_OC_DelayElapsedCallback
                0x0000000008001c9a        0x2 build/stm32f7xx_hal_tim.o
                0x0000000008001c9a                HAL_TIM_OC_DelayElapsedCallback
 .text.HAL_TIM_IC_CaptureCallback
                0x0000000008001c9c        0x2 build/stm32f7xx_hal_tim.o
                0x0000000008001c9c                HAL_TIM_IC_CaptureCallback
 .text.HAL_TIM_PWM_PulseFinishedCallback
                0x0000000008001c9e        0x2 build/stm32f7xx_hal_tim.o
                0x0000000008001c9e                HAL_TIM_PWM_PulseFinishedCallback
 .text.HAL_TIM_TriggerCallback
                0x0000000008001ca0        0x2 build/stm32f7xx_hal_tim.o
                0x0000000008001ca0                HAL_TIM_TriggerCallback
 .text.HAL_TIM_IRQHandler
                0x0000000008001ca2      0x19a build/stm32f7xx_hal_tim.o
                0x0000000008001ca2                HAL_TIM_IRQHandler
 .text.TIM_Base_SetConfig
                0x0000000008001e3c      0x10c build/stm32f7xx_hal_tim.o
                0x0000000008001e3c                TIM_Base_SetConfig
 .text.HAL_TIM_Base_Init
                0x0000000008001f48       0x60 build/stm32f7xx_hal_tim.o
                0x0000000008001f48                HAL_TIM_Base_Init
 .text.HAL_TIMEx_CommutCallback
                0x0000000008001fa8        0x2 build/stm32f7xx_hal_tim_ex.o
                0x0000000008001fa8                HAL_TIMEx_CommutCallback
 .text.HAL_TIMEx_BreakCallback
                0x0000000008001faa        0x2 build/stm32f7xx_hal_tim_ex.o
                0x0000000008001faa                HAL_TIMEx_BreakCallback
 .text.HAL_TIMEx_Break2Callback
                0x0000000008001fac        0x2 build/stm32f7xx_hal_tim_ex.o
                0x0000000008001fac                HAL_TIMEx_Break2Callback
 *fill*         0x0000000008001fae        0x2 
 .text.HAL_PWR_EnableBkUpAccess
                0x0000000008001fb0       0x10 build/stm32f7xx_hal_pwr.o
                0x0000000008001fb0                HAL_PWR_EnableBkUpAccess
 .text.HAL_PWREx_EnableOverDrive
                0x0000000008001fc0       0x7c build/stm32f7xx_hal_pwr_ex.o
                0x0000000008001fc0                HAL_PWREx_EnableOverDrive
 .text.UART_SetConfig
                0x000000000800203c      0x330 build/stm32f7xx_hal_uart.o
                0x000000000800203c                UART_SetConfig
 .text.UART_AdvFeatureConfig
                0x000000000800236c       0xca build/stm32f7xx_hal_uart.o
                0x000000000800236c                UART_AdvFeatureConfig
 .text.UART_WaitOnFlagUntilTimeout
                0x0000000008002436       0xa4 build/stm32f7xx_hal_uart.o
                0x0000000008002436                UART_WaitOnFlagUntilTimeout
 .text.HAL_UART_Transmit
                0x00000000080024da       0xdc build/stm32f7xx_hal_uart.o
                0x00000000080024da                HAL_UART_Transmit
 .text.UART_CheckIdleState
                0x00000000080025b6       0x48 build/stm32f7xx_hal_uart.o
                0x00000000080025b6                UART_CheckIdleState
 .text.HAL_UART_Init
                0x00000000080025fe       0x62 build/stm32f7xx_hal_uart.o
                0x00000000080025fe                HAL_UART_Init
 .text.HAL_GPIO_Init
                0x0000000008002660      0x1e0 build/stm32f7xx_hal_gpio.o
                0x0000000008002660                HAL_GPIO_Init
 .text.HAL_GPIO_WritePin
                0x0000000008002840        0xc build/stm32f7xx_hal_gpio.o
                0x0000000008002840                HAL_GPIO_WritePin
 .text.HAL_GPIO_TogglePin
                0x000000000800284c       0x12 build/stm32f7xx_hal_gpio.o
                0x000000000800284c                HAL_GPIO_TogglePin
 *fill*         0x000000000800285e        0x2 
 .text.SystemInit
                0x0000000008002860       0x14 build/system_stm32f7xx.o
                0x0000000008002860                SystemInit
 .text.prvTestWaitCondition
                0x0000000008002874       0x1c build/event_groups.o
 .text.xEventGroupCreate
                0x0000000008002890       0x1c build/event_groups.o
                0x0000000008002890                xEventGroupCreate
 .text.xEventGroupWaitBits
                0x00000000080028ac      0x11c build/event_groups.o
                0x00000000080028ac                xEventGroupWaitBits
 .text.xEventGroupClearBits
                0x00000000080029c8       0x4e build/event_groups.o
                0x00000000080029c8                xEventGroupClearBits
 .text.xEventGroupSetBits
                0x0000000008002a16       0x94 build/event_groups.o
                0x0000000008002a16                xEventGroupSetBits
 .text.vEventGroupDelete
                0x0000000008002aaa       0x60 build/event_groups.o
                0x0000000008002aaa                vEventGroupDelete
 .text.vListInitialise
                0x0000000008002b0a       0x16 build/list.o
                0x0000000008002b0a                vListInitialise
 .text.vListInitialiseItem
                0x0000000008002b20        0x6 build/list.o
                0x0000000008002b20                vListInitialiseItem
 .text.vListInsertEnd
                0x0000000008002b26       0x16 build/list.o
                0x0000000008002b26                vListInsertEnd
 .text.vListInsert
                0x0000000008002b3c       0x32 build/list.o
                0x0000000008002b3c                vListInsert
 .text.uxListRemove
                0x0000000008002b6e       0x26 build/list.o
                0x0000000008002b6e                uxListRemove
 .text.prvGetDisinheritPriorityAfterTimeout
                0x0000000008002b94       0x10 build/queue.o
 .text.prvIsQueueFull
                0x0000000008002ba4       0x1e build/queue.o
 .text.prvIsQueueEmpty
                0x0000000008002bc2       0x1a build/queue.o
 .text.prvCopyDataToQueue
                0x0000000008002bdc       0x76 build/queue.o
 .text.prvCopyDataFromQueue
                0x0000000008002c52       0x24 build/queue.o
 .text.prvUnlockQueue
                0x0000000008002c76       0x6e build/queue.o
 .text.xQueueGenericReset
                0x0000000008002ce4       0xb4 build/queue.o
                0x0000000008002ce4                xQueueGenericReset
 .text.prvInitialiseNewQueue
                0x0000000008002d98       0x22 build/queue.o
 .text.xQueueGenericCreateStatic
                0x0000000008002dba       0x8a build/queue.o
                0x0000000008002dba                xQueueGenericCreateStatic
 .text.xQueueGenericCreate
                0x0000000008002e44       0x60 build/queue.o
                0x0000000008002e44                xQueueGenericCreate
 .text.xQueueCreateCountingSemaphoreStatic
                0x0000000008002ea4       0x46 build/queue.o
                0x0000000008002ea4                xQueueCreateCountingSemaphoreStatic
 .text.xQueueCreateCountingSemaphore
                0x0000000008002eea       0x3c build/queue.o
                0x0000000008002eea                xQueueCreateCountingSemaphore
 *fill*         0x0000000008002f26        0x2 
 .text.xQueueGenericSend
                0x0000000008002f28      0x190 build/queue.o
                0x0000000008002f28                xQueueGenericSend
 .text.xQueueGenericSendFromISR
                0x00000000080030b8       0xfa build/queue.o
                0x00000000080030b8                xQueueGenericSendFromISR
 *fill*         0x00000000080031b2        0x2 
 .text.xQueueReceive
                0x00000000080031b4      0x168 build/queue.o
                0x00000000080031b4                xQueueReceive
 .text.xQueueSemaphoreTake
                0x000000000800331c      0x1b4 build/queue.o
                0x000000000800331c                xQueueSemaphoreTake
 .text.xQueueReceiveFromISR
                0x00000000080034d0       0xd2 build/queue.o
                0x00000000080034d0                xQueueReceiveFromISR
 .text.uxQueueMessagesWaiting
                0x00000000080035a2       0x2a build/queue.o
                0x00000000080035a2                uxQueueMessagesWaiting
 .text.vQueueAddToRegistry
                0x00000000080035cc       0x64 build/queue.o
                0x00000000080035cc                vQueueAddToRegistry
 .text.vQueueUnregisterQueue
                0x0000000008003630       0x48 build/queue.o
                0x0000000008003630                vQueueUnregisterQueue
 .text.vQueueDelete
                0x0000000008003678       0x30 build/queue.o
                0x0000000008003678                vQueueDelete
 .text.vQueueWaitForMessageRestricted
                0x00000000080036a8       0x52 build/queue.o
                0x00000000080036a8                vQueueWaitForMessageRestricted
 *fill*         0x00000000080036fa        0x2 
 .text.prvResetNextTaskUnblockTime
                0x00000000080036fc       0x28 build/tasks.o
 .text.prvInitialiseNewTask
                0x0000000008003724       0xc2 build/tasks.o
 *fill*         0x00000000080037e6        0x2 
 .text.prvInitialiseTaskLists
                0x00000000080037e8       0x68 build/tasks.o
 .text.prvAddNewTaskToReadyList
                0x0000000008003850       0xc8 build/tasks.o
 .text.prvDeleteTCB
                0x0000000008003918       0x3c build/tasks.o
 .text.prvCheckTasksWaitingTermination
                0x0000000008003954       0x4c build/tasks.o
 .text.prvIdleTask
                0x00000000080039a0       0x28 build/tasks.o
 .text.prvAddCurrentTaskToDelayedList
                0x00000000080039c8       0xa0 build/tasks.o
 .text.xTaskCreateStatic
                0x0000000008003a68       0x80 build/tasks.o
                0x0000000008003a68                xTaskCreateStatic
 .text.xTaskCreate
                0x0000000008003ae8       0x68 build/tasks.o
                0x0000000008003ae8                xTaskCreate
 .text.vTaskStartScheduler
                0x0000000008003b50       0xa8 build/tasks.o
                0x0000000008003b50                vTaskStartScheduler
 .text.vTaskSuspendAll
                0x0000000008003bf8       0x10 build/tasks.o
                0x0000000008003bf8                vTaskSuspendAll
 .text.xTaskGetTickCount
                0x0000000008003c08        0xc build/tasks.o
                0x0000000008003c08                xTaskGetTickCount
 .text.xTaskIncrementTick
                0x0000000008003c14      0x178 build/tasks.o
                0x0000000008003c14                xTaskIncrementTick
 .text.xTaskResumeAll
                0x0000000008003d8c      0x150 build/tasks.o
                0x0000000008003d8c                xTaskResumeAll
 .text.vTaskDelay
                0x0000000008003edc       0x50 build/tasks.o
                0x0000000008003edc                vTaskDelay
 .text.vTaskSwitchContext
                0x0000000008003f2c       0xe8 build/tasks.o
                0x0000000008003f2c                vTaskSwitchContext
 .text.vTaskPlaceOnEventList
                0x0000000008004014       0x34 build/tasks.o
                0x0000000008004014                vTaskPlaceOnEventList
 .text.vTaskPlaceOnUnorderedEventList
                0x0000000008004048       0x78 build/tasks.o
                0x0000000008004048                vTaskPlaceOnUnorderedEventList
 .text.vTaskPlaceOnEventListRestricted
                0x00000000080040c0       0x58 build/tasks.o
                0x00000000080040c0                vTaskPlaceOnEventListRestricted
 .text.xTaskRemoveFromEventList
                0x0000000008004118       0xf8 build/tasks.o
                0x0000000008004118                xTaskRemoveFromEventList
 .text.vTaskRemoveFromUnorderedEventList
                0x0000000008004210       0xf0 build/tasks.o
                0x0000000008004210                vTaskRemoveFromUnorderedEventList
 .text.vTaskSetTimeOutState
                0x0000000008004300       0x3c build/tasks.o
                0x0000000008004300                vTaskSetTimeOutState
 .text.vTaskInternalSetTimeOutState
                0x000000000800433c       0x18 build/tasks.o
                0x000000000800433c                vTaskInternalSetTimeOutState
 .text.xTaskCheckForTimeOut
                0x0000000008004354       0x90 build/tasks.o
                0x0000000008004354                xTaskCheckForTimeOut
 .text.vTaskMissedYield
                0x00000000080043e4        0xc build/tasks.o
                0x00000000080043e4                vTaskMissedYield
 .text.xTaskGetCurrentTaskHandle
                0x00000000080043f0        0xc build/tasks.o
                0x00000000080043f0                xTaskGetCurrentTaskHandle
 .text.xTaskGetSchedulerState
                0x00000000080043fc       0x20 build/tasks.o
                0x00000000080043fc                xTaskGetSchedulerState
 .text.xTaskPriorityInherit
                0x000000000800441c       0xb0 build/tasks.o
                0x000000000800441c                xTaskPriorityInherit
 .text.xTaskPriorityDisinherit
                0x00000000080044cc       0xb4 build/tasks.o
                0x00000000080044cc                xTaskPriorityDisinherit
 .text.vTaskPriorityDisinheritAfterTimeout
                0x0000000008004580       0xc4 build/tasks.o
                0x0000000008004580                vTaskPriorityDisinheritAfterTimeout
 .text.uxTaskResetEventItemValue
                0x0000000008004644       0x18 build/tasks.o
                0x0000000008004644                uxTaskResetEventItemValue
 .text.pvTaskIncrementMutexHeldCount
                0x000000000800465c       0x1c build/tasks.o
                0x000000000800465c                pvTaskIncrementMutexHeldCount
 .text.ulTaskGenericNotifyTake
                0x0000000008004678       0xb0 build/tasks.o
                0x0000000008004678                ulTaskGenericNotifyTake
 .text.vTaskGenericNotifyGiveFromISR
                0x0000000008004728      0x148 build/tasks.o
                0x0000000008004728                vTaskGenericNotifyGiveFromISR
 .text.prvGetNextExpireTime
                0x0000000008004870       0x20 build/timers.o
 .text.prvInsertTimerInActiveList
                0x0000000008004890       0x50 build/timers.o
 .text.prvReloadTimer
                0x00000000080048e0       0x26 build/timers.o
 *fill*         0x0000000008004906        0x2 
 .text.prvProcessExpiredTimer
                0x0000000008004908       0x40 build/timers.o
 .text.prvSwitchTimerLists
                0x0000000008004948       0x2c build/timers.o
 .text.prvSampleTimeNow
                0x0000000008004974       0x2c build/timers.o
 .text.prvProcessTimerOrBlockTask
                0x00000000080049a0       0x80 build/timers.o
 .text.prvProcessReceivedCommands
                0x0000000008004a20      0x108 build/timers.o
 .text.prvTimerTask
                0x0000000008004b28       0x16 build/timers.o
 *fill*         0x0000000008004b3e        0x2 
 .text.prvCheckForValidListAndQueue
                0x0000000008004b40       0x70 build/timers.o
 .text.xTimerCreateTimerTask
                0x0000000008004bb0       0x68 build/timers.o
                0x0000000008004bb0                xTimerCreateTimerTask
 .text.xTimerPendFunctionCall
                0x0000000008004c18       0x44 build/timers.o
                0x0000000008004c18                xTimerPendFunctionCall
 .text.prvHeapInit
                0x0000000008004c5c       0x64 build/heap_4.o
 .text.prvInsertBlockIntoFreeList
                0x0000000008004cc0       0x58 build/heap_4.o
 .text.pvPortMalloc
                0x0000000008004d18      0x118 build/heap_4.o
                0x0000000008004d18                pvPortMalloc
 .text.vPortFree
                0x0000000008004e30       0x84 build/heap_4.o
                0x0000000008004e30                vPortFree
 .text.xPortGetFreeHeapSize
                0x0000000008004eb4        0xc build/heap_4.o
                0x0000000008004eb4                xPortGetFreeHeapSize
 .text.xPortGetMinimumEverFreeHeapSize
                0x0000000008004ec0        0xc build/heap_4.o
                0x0000000008004ec0                xPortGetMinimumEverFreeHeapSize
 .text.prvTaskExitError
                0x0000000008004ecc       0x48 build/port.o
 .text.prvPortStartFirstTask
                0x0000000008004f14       0x28 build/port.o
 .text.vPortEnableVFP
                0x0000000008004f3c       0x14 build/port.o
 .text.pxPortInitialiseStack
                0x0000000008004f50       0x2c build/port.o
                0x0000000008004f50                pxPortInitialiseStack
 *fill*         0x0000000008004f7c        0x4 
 .text.SVC_Handler
                0x0000000008004f80       0x24 build/port.o
                0x0000000008004f80                SVC_Handler
 .text.vPortEnterCritical
                0x0000000008004fa4       0x4c build/port.o
                0x0000000008004fa4                vPortEnterCritical
 .text.vPortExitCritical
                0x0000000008004ff0       0x30 build/port.o
                0x0000000008004ff0                vPortExitCritical
 .text.PendSV_Handler
                0x0000000008005020       0x64 build/port.o
                0x0000000008005020                PendSV_Handler
 .text.xPortSysTickHandler
                0x0000000008005084       0x30 build/port.o
                0x0000000008005084                xPortSysTickHandler
 .text.vPortSetupTimerInterrupt
                0x00000000080050b4       0x38 build/port.o
                0x00000000080050b4                vPortSetupTimerInterrupt
 .text.xPortStartScheduler
                0x00000000080050ec       0xd0 build/port.o
                0x00000000080050ec                xPortStartScheduler
 .text.vPortValidateInterruptPriority
                0x00000000080051bc       0x64 build/port.o
                0x00000000080051bc                vPortValidateInterruptPriority
 .text.osKernelInitialize
                0x0000000008005220       0x3c build/cmsis_os2.o
                0x0000000008005220                osKernelInitialize
 .text.osKernelStart
                0x000000000800525c       0x48 build/cmsis_os2.o
                0x000000000800525c                osKernelStart
 .text.osThreadNew
                0x00000000080052a4       0xd8 build/cmsis_os2.o
                0x00000000080052a4                osThreadNew
 .text.osDelay  0x000000000800537c       0x3c build/cmsis_os2.o
                0x000000000800537c                osDelay
 .text.osMessageQueueNew
                0x00000000080053b8       0xb4 build/cmsis_os2.o
                0x00000000080053b8                osMessageQueueNew
 .text.osMessageQueuePut
                0x000000000800546c       0xa4 build/cmsis_os2.o
                0x000000000800546c                osMessageQueuePut
 .text.osMessageQueueGet
                0x0000000008005510       0xa4 build/cmsis_os2.o
                0x0000000008005510                osMessageQueueGet
 .text.vApplicationGetIdleTaskMemory
                0x00000000080055b4       0x18 build/cmsis_os2.o
                0x00000000080055b4                vApplicationGetIdleTaskMemory
 .text.vApplicationGetTimerTaskMemory
                0x00000000080055cc       0x18 build/cmsis_os2.o
                0x00000000080055cc                vApplicationGetTimerTaskMemory
 .text.prvLoggingThread
                0x00000000080055e4       0xec build/logging.o
 .text.prvCreatePrintSocket
                0x00000000080056d0       0x40 build/logging.o
 .text.prvLoggingPrintf
                0x0000000008005710       0x38 build/logging.o
 .text.vLoggingInit
                0x0000000008005748       0xdc build/logging.o
                0x0000000008005748                vLoggingInit
 .text.vLoggingPrintf
                0x0000000008005824       0x1c build/logging.o
                0x0000000008005824                vLoggingPrintf
 .text.prvCacheLookup
                0x0000000008005840       0x54 build/FreeRTOS_ARP.o
 .text.vARPRefreshCacheEntry
                0x0000000008005894      0x11c build/FreeRTOS_ARP.o
                0x0000000008005894                vARPRefreshCacheEntry
 .text.eARPProcessPacket
                0x00000000080059b0       0xa0 build/FreeRTOS_ARP.o
                0x00000000080059b0                eARPProcessPacket
 .text.eARPGetCacheEntry
                0x0000000008005a50       0x8c build/FreeRTOS_ARP.o
                0x0000000008005a50                eARPGetCacheEntry
 .text.vARPGenerateRequestPacket
                0x0000000008005adc       0x9c build/FreeRTOS_ARP.o
                0x0000000008005adc                vARPGenerateRequestPacket
 .text.FreeRTOS_OutputARPRequest
                0x0000000008005b78       0x48 build/FreeRTOS_ARP.o
                0x0000000008005b78                FreeRTOS_OutputARPRequest
 .text.vARPAgeCache
                0x0000000008005bc0       0x9c build/FreeRTOS_ARP.o
                0x0000000008005bc0                vARPAgeCache
 .text.FreeRTOS_ClearARP
                0x0000000008005c5c       0x14 build/FreeRTOS_ARP.o
                0x0000000008005c5c                FreeRTOS_ClearARP
 .text.prvCalculateSleepTime
                0x0000000008005c70       0x3c build/FreeRTOS_IP.o
 .text.prvPacketBuffer_to_NetworkBuffer
                0x0000000008005cac       0x1a build/FreeRTOS_IP.o
 *fill*         0x0000000008005cc6        0x2 
 .text.prvProcessICMPEchoRequest
                0x0000000008005cc8       0x38 build/FreeRTOS_IP.o
 .text.prvIPTimerStart
                0x0000000008005d00       0x2c build/FreeRTOS_IP.o
 .text.prvIPTimerReload
                0x0000000008005d2c        0xa build/FreeRTOS_IP.o
 .text.prvIPTimerCheck
                0x0000000008005d36       0x46 build/FreeRTOS_IP.o
 .text.prvProcessICMPEchoReply
                0x0000000008005d7c       0x38 build/FreeRTOS_IP.o
 .text.prvProcessICMPPacket
                0x0000000008005db4       0x20 build/FreeRTOS_IP.o
 .text.xIsCallingFromIPTask
                0x0000000008005dd4       0x1c build/FreeRTOS_IP.o
                0x0000000008005dd4                xIsCallingFromIPTask
 .text.pxUDPPayloadBuffer_to_NetworkBuffer
                0x0000000008005df0        0xa build/FreeRTOS_IP.o
                0x0000000008005df0                pxUDPPayloadBuffer_to_NetworkBuffer
 *fill*         0x0000000008005dfa        0x2 
 .text.FreeRTOS_GetAddressConfiguration
                0x0000000008005dfc       0x50 build/FreeRTOS_IP.o
                0x0000000008005dfc                FreeRTOS_GetAddressConfiguration
 .text.vIPNetworkUpCalls
                0x0000000008005e4c       0x24 build/FreeRTOS_IP.o
                0x0000000008005e4c                vIPNetworkUpCalls
 .text.xIsIPv4Multicast
                0x0000000008005e70       0x28 build/FreeRTOS_IP.o
                0x0000000008005e70                xIsIPv4Multicast
 .text.vSetMultiCastIPv4MacAddress
                0x0000000008005e98       0x1e build/FreeRTOS_IP.o
                0x0000000008005e98                vSetMultiCastIPv4MacAddress
 *fill*         0x0000000008005eb6        0x2 
 .text.vPrintResourceStats
                0x0000000008005eb8       0x70 build/FreeRTOS_IP.o
                0x0000000008005eb8                vPrintResourceStats
 .text.FreeRTOS_GetMACAddress
                0x0000000008005f28        0x8 build/FreeRTOS_IP.o
                0x0000000008005f28                FreeRTOS_GetMACAddress
 .text.xIPIsNetworkTaskReady
                0x0000000008005f30        0xc build/FreeRTOS_IP.o
                0x0000000008005f30                xIPIsNetworkTaskReady
 .text.FreeRTOS_IPInit
                0x0000000008005f3c      0x1a4 build/FreeRTOS_IP.o
                0x0000000008005f3c                FreeRTOS_IPInit
 .text.xSendEventStructToIPTask
                0x00000000080060e0       0x5c build/FreeRTOS_IP.o
                0x00000000080060e0                xSendEventStructToIPTask
 .text.FreeRTOS_NetworkDown
                0x000000000800613c       0x28 build/FreeRTOS_IP.o
                0x000000000800613c                FreeRTOS_NetworkDown
 .text.prvProcessNetworkDownEvent
                0x0000000008006164       0x4c build/FreeRTOS_IP.o
 .text.xSendEventToIPTask
                0x00000000080061b0       0x18 build/FreeRTOS_IP.o
                0x00000000080061b0                xSendEventToIPTask
 .text.prvCheckNetworkTimers
                0x00000000080061c8       0x60 build/FreeRTOS_IP.o
 .text.FreeRTOS_IsNetworkUp
                0x0000000008006228        0xc build/FreeRTOS_IP.o
                0x0000000008006228                FreeRTOS_IsNetworkUp
 .text.FreeRTOS_max_uint32
                0x0000000008006234        0x8 build/FreeRTOS_IP.o
                0x0000000008006234                FreeRTOS_max_uint32
 .text.FreeRTOS_min_int32
                0x000000000800623c        0x8 build/FreeRTOS_IP.o
                0x000000000800623c                FreeRTOS_min_int32
 .text.FreeRTOS_min_uint32
                0x0000000008006244        0x8 build/FreeRTOS_IP.o
                0x0000000008006244                FreeRTOS_min_uint32
 .text.FreeRTOS_round_up
                0x000000000800624c        0xe build/FreeRTOS_IP.o
                0x000000000800624c                FreeRTOS_round_up
 .text.vCastPointerTo_EthernetHeader_t
                0x000000000800625a        0x2 build/FreeRTOS_IP.o
                0x000000000800625a                vCastPointerTo_EthernetHeader_t
 .text.vReturnEthernetFrame
                0x000000000800625c       0x34 build/FreeRTOS_IP.o
                0x000000000800625c                vReturnEthernetFrame
 .text.vCastConstPointerTo_EthernetHeader_t
                0x0000000008006290        0x2 build/FreeRTOS_IP.o
                0x0000000008006290                vCastConstPointerTo_EthernetHeader_t
 .text.vCastConstPointerTo_IPHeader_t
                0x0000000008006292        0x2 build/FreeRTOS_IP.o
                0x0000000008006292                vCastConstPointerTo_IPHeader_t
 .text.vCastPointerTo_ARPPacket_t
                0x0000000008006294        0x2 build/FreeRTOS_IP.o
                0x0000000008006294                vCastPointerTo_ARPPacket_t
 .text.vCastPointerTo_IPPacket_t
                0x0000000008006296        0x2 build/FreeRTOS_IP.o
                0x0000000008006296                vCastPointerTo_IPPacket_t
 .text.vCastConstPointerTo_IPPacket_t
                0x0000000008006298        0x2 build/FreeRTOS_IP.o
                0x0000000008006298                vCastConstPointerTo_IPPacket_t
 *fill*         0x000000000800629a        0x2 
 .text.xCheckSizeFields
                0x000000000800629c       0xa0 build/FreeRTOS_IP.o
 .text.vCastPointerTo_ICMPPacket_t
                0x000000000800633c        0x2 build/FreeRTOS_IP.o
                0x000000000800633c                vCastPointerTo_ICMPPacket_t
 .text.vCastPointerTo_UDPPacket_t
                0x000000000800633e        0x2 build/FreeRTOS_IP.o
                0x000000000800633e                vCastPointerTo_UDPPacket_t
 .text.vCastConstPointerTo_UDPPacket_t
                0x0000000008006340        0x2 build/FreeRTOS_IP.o
                0x0000000008006340                vCastConstPointerTo_UDPPacket_t
 .text.vCastPointerTo_TCPPacket_t
                0x0000000008006342        0x2 build/FreeRTOS_IP.o
                0x0000000008006342                vCastPointerTo_TCPPacket_t
 .text.vCastConstPointerTo_TCPPacket_t
                0x0000000008006344        0x2 build/FreeRTOS_IP.o
                0x0000000008006344                vCastConstPointerTo_TCPPacket_t
 .text.vCastPointerTo_ProtocolPacket_t
                0x0000000008006346        0x2 build/FreeRTOS_IP.o
                0x0000000008006346                vCastPointerTo_ProtocolPacket_t
 .text.prvAllowIPPacket
                0x0000000008006348       0xbc build/FreeRTOS_IP.o
 .text.prvProcessIPPacket
                0x0000000008006404      0x120 build/FreeRTOS_IP.o
 .text.prvProcessEthernetPacket
                0x0000000008006524       0x76 build/FreeRTOS_IP.o
 .text.prvHandleEthernetPacket
                0x000000000800659a        0x8 build/FreeRTOS_IP.o
 .text.vCastPointerTo_ProtocolHeaders_t
                0x00000000080065a2        0x2 build/FreeRTOS_IP.o
                0x00000000080065a2                vCastPointerTo_ProtocolHeaders_t
 .text.vCastConstPointerTo_ProtocolHeaders_t
                0x00000000080065a4        0x2 build/FreeRTOS_IP.o
                0x00000000080065a4                vCastConstPointerTo_ProtocolHeaders_t
 .text.vCastPointerTo_FreeRTOS_Socket_t
                0x00000000080065a6        0x2 build/FreeRTOS_IP.o
                0x00000000080065a6                vCastPointerTo_FreeRTOS_Socket_t
 .text.vCastConstPointerTo_FreeRTOS_Socket_t
                0x00000000080065a8        0x2 build/FreeRTOS_IP.o
                0x00000000080065a8                vCastConstPointerTo_FreeRTOS_Socket_t
 .text.vCastPointerTo_SocketSelect_t
                0x00000000080065aa        0x2 build/FreeRTOS_IP.o
                0x00000000080065aa                vCastPointerTo_SocketSelect_t
 .text.prvIPTask
                0x00000000080065ac      0x158 build/FreeRTOS_IP.o
 .text.ulChar2u32
                0x0000000008006704       0x16 build/FreeRTOS_IP.o
                0x0000000008006704                ulChar2u32
 .text.usChar2u16
                0x000000000800671a        0xa build/FreeRTOS_IP.o
                0x000000000800671a                usChar2u16
 .text.prvSockopt_so_buffer
                0x0000000008006724       0x4c build/FreeRTOS_Sockets.o
 .text.prvDetermineSocketSize
                0x0000000008006770       0xdc build/FreeRTOS_Sockets.o
 .text.pxListFindListItemWithValue
                0x000000000800684c       0x2e build/FreeRTOS_Sockets.o
 *fill*         0x000000000800687a        0x2 
 .text.prvGetPrivatePortNumber
                0x000000000800687c       0x70 build/FreeRTOS_Sockets.o
 .text.prvTCPCreateStream
                0x00000000080068ec       0x7c build/FreeRTOS_Sockets.o
 .text.vNetworkSocketsInit
                0x0000000008006968       0x18 build/FreeRTOS_Sockets.o
                0x0000000008006968                vNetworkSocketsInit
 .text.FreeRTOS_socket
                0x0000000008006980       0xd4 build/FreeRTOS_Sockets.o
                0x0000000008006980                FreeRTOS_socket
 .text.FreeRTOS_bind
                0x0000000008006a54       0x8c build/FreeRTOS_Sockets.o
                0x0000000008006a54                FreeRTOS_bind
 .text.FreeRTOS_sendto
                0x0000000008006ae0       0xea build/FreeRTOS_Sockets.o
                0x0000000008006ae0                FreeRTOS_sendto
 *fill*         0x0000000008006bca        0x2 
 .text.vSocketBind
                0x0000000008006bcc       0xcc build/FreeRTOS_Sockets.o
                0x0000000008006bcc                vSocketBind
 .text.vSocketClose
                0x0000000008006c98       0x72 build/FreeRTOS_Sockets.o
                0x0000000008006c98                vSocketClose
 *fill*         0x0000000008006d0a        0x2 
 .text.prvTCPSetSocketCount
                0x0000000008006d0c       0x78 build/FreeRTOS_Sockets.o
 .text.pxUDPSocketLookup
                0x0000000008006d84       0x38 build/FreeRTOS_Sockets.o
                0x0000000008006d84                pxUDPSocketLookup
 .text.FreeRTOS_inet_ntoa
                0x0000000008006dbc       0x90 build/FreeRTOS_Sockets.o
                0x0000000008006dbc                FreeRTOS_inet_ntoa
 .text.vSocketWakeUpUser
                0x0000000008006e4c       0x3c build/FreeRTOS_Sockets.o
                0x0000000008006e4c                vSocketWakeUpUser
 .text.xTCPTimerCheck
                0x0000000008006e88       0x88 build/FreeRTOS_Sockets.o
                0x0000000008006e88                xTCPTimerCheck
 .text.pxTCPSocketLookup
                0x0000000008006f10       0x58 build/FreeRTOS_Sockets.o
                0x0000000008006f10                pxTCPSocketLookup
 .text.lTCPAddRxdata
                0x0000000008006f68       0x82 build/FreeRTOS_Sockets.o
                0x0000000008006f68                lTCPAddRxdata
 .text.FreeRTOS_tx_space
                0x0000000008006fea       0x20 build/FreeRTOS_Sockets.o
                0x0000000008006fea                FreeRTOS_tx_space
 .text.FreeRTOS_tx_size
                0x000000000800700a       0x1e build/FreeRTOS_Sockets.o
                0x000000000800700a                FreeRTOS_tx_size
 .text.FreeRTOS_setsockopt
                0x0000000008007028      0x25c build/FreeRTOS_Sockets.o
                0x0000000008007028                FreeRTOS_setsockopt
 .text.FreeRTOS_rx_size
                0x0000000008007284       0x1e build/FreeRTOS_Sockets.o
                0x0000000008007284                FreeRTOS_rx_size
 *fill*         0x00000000080072a2        0x2 
 .text.vTCPNetStat
                0x00000000080072a4      0x160 build/FreeRTOS_Sockets.o
                0x00000000080072a4                vTCPNetStat
 .text.vSocketSelect
                0x0000000008007404      0x170 build/FreeRTOS_Sockets.o
                0x0000000008007404                vSocketSelect
 .text.uxStreamBufferSpace
                0x0000000008007574       0x10 build/FreeRTOS_Stream_Buffer.o
                0x0000000008007574                uxStreamBufferSpace
 .text.uxStreamBufferDistance
                0x0000000008007584        0xe build/FreeRTOS_Stream_Buffer.o
                0x0000000008007584                uxStreamBufferDistance
 .text.uxStreamBufferGetSpace
                0x0000000008007592        0xc build/FreeRTOS_Stream_Buffer.o
                0x0000000008007592                uxStreamBufferGetSpace
 .text.uxStreamBufferFrontSpace
                0x000000000800759e        0xc build/FreeRTOS_Stream_Buffer.o
                0x000000000800759e                uxStreamBufferFrontSpace
 .text.uxStreamBufferGetSize
                0x00000000080075aa        0xc build/FreeRTOS_Stream_Buffer.o
                0x00000000080075aa                uxStreamBufferGetSize
 .text.uxStreamBufferMidSpace
                0x00000000080075b6        0xc build/FreeRTOS_Stream_Buffer.o
                0x00000000080075b6                uxStreamBufferMidSpace
 .text.vStreamBufferMoveMid
                0x00000000080075c2       0x20 build/FreeRTOS_Stream_Buffer.o
                0x00000000080075c2                vStreamBufferMoveMid
 .text.xStreamBufferLessThenEqual
                0x00000000080075e2       0x38 build/FreeRTOS_Stream_Buffer.o
                0x00000000080075e2                xStreamBufferLessThenEqual
 .text.uxStreamBufferAdd
                0x000000000800761a       0x88 build/FreeRTOS_Stream_Buffer.o
                0x000000000800761a                uxStreamBufferAdd
 .text.uxStreamBufferGet
                0x00000000080076a2       0x7e build/FreeRTOS_Stream_Buffer.o
                0x00000000080076a2                uxStreamBufferGet
 .text.prvTCPSocketIsActive
                0x0000000008007720       0x1e build/FreeRTOS_TCP_IP.o
 .text.prvWinScaleFactor
                0x000000000800773e       0x1e build/FreeRTOS_TCP_IP.o
 .text.prvSetSynAckOptions
                0x000000000800775c       0x3c build/FreeRTOS_TCP_IP.o
 .text.prvTCPAddTxData
                0x0000000008007798       0x2a build/FreeRTOS_TCP_IP.o
 *fill*         0x00000000080077c2        0x2 
 .text.prvSocketSetMSS
                0x00000000080077c4       0x50 build/FreeRTOS_TCP_IP.o
 .text.prvTCPReturnPacket
                0x0000000008007814      0x1f4 build/FreeRTOS_TCP_IP.o
 .text.prvTCPSendSpecialPacketHelper
                0x0000000008007a08       0x26 build/FreeRTOS_TCP_IP.o
 .text.prvTCPSendReset
                0x0000000008007a2e        0xa build/FreeRTOS_TCP_IP.o
 .text.prvTCPSendChallengeAck
                0x0000000008007a38        0xa build/FreeRTOS_TCP_IP.o
 .text.prvSetOptions
                0x0000000008007a42       0x68 build/FreeRTOS_TCP_IP.o
 .text.prvSendData
                0x0000000008007aaa       0xae build/FreeRTOS_TCP_IP.o
 .text.prvTCPTouchSocket
                0x0000000008007b58       0x28 build/FreeRTOS_TCP_IP.o
 .text.prvTCPBufferResize
                0x0000000008007b80       0x80 build/FreeRTOS_TCP_IP.o
 .text.prvTCPCreateWindow
                0x0000000008007c00       0x32 build/FreeRTOS_TCP_IP.o
 *fill*         0x0000000008007c32        0x2 
 .text.prvTCPPrepareConnect
                0x0000000008007c34      0x120 build/FreeRTOS_TCP_IP.o
 .text.prvTCPNextTimeout
                0x0000000008007d54       0xbc build/FreeRTOS_TCP_IP.o
 .text.prvTCPSocketCopy
                0x0000000008007e10       0x90 build/FreeRTOS_TCP_IP.o
 .text.prvReadSackOption
                0x0000000008007ea0       0x56 build/FreeRTOS_TCP_IP.o
 .text.prvSingleStepTCPHeaderOptions
                0x0000000008007ef6       0xf0 build/FreeRTOS_TCP_IP.o
 .text.prvCheckOptions
                0x0000000008007fe6       0x54 build/FreeRTOS_TCP_IP.o
 .text.prvCheckRxData
                0x000000000800803a       0x6e build/FreeRTOS_TCP_IP.o
 .text.prvStoreRxData
                0x00000000080080a8       0x96 build/FreeRTOS_TCP_IP.o
 *fill*         0x000000000800813e        0x2 
 .text.vSocketCloseNextTime
                0x0000000008008140       0x1c build/FreeRTOS_TCP_IP.o
                0x0000000008008140                vSocketCloseNextTime
 .text.vTCPStateChange
                0x000000000800815c      0x140 build/FreeRTOS_TCP_IP.o
                0x000000000800815c                vTCPStateChange
 .text.prvTCPPrepareSend
                0x000000000800829c      0x1e0 build/FreeRTOS_TCP_IP.o
 .text.prvTCPSendRepeated
                0x000000000800847c       0x38 build/FreeRTOS_TCP_IP.o
 .text.prvTCPSendPacket
                0x00000000080084b4       0x88 build/FreeRTOS_TCP_IP.o
 .text.prvTCPStatusAgeCheck
                0x000000000800853c       0x4c build/FreeRTOS_TCP_IP.o
 .text.xTCPSocketCheck
                0x0000000008008588       0x86 build/FreeRTOS_TCP_IP.o
                0x0000000008008588                xTCPSocketCheck
 *fill*         0x000000000800860e        0x2 
 .text.prvHandleListen
                0x0000000008008610      0x130 build/FreeRTOS_TCP_IP.o
 .text.prvHandleSynReceived
                0x0000000008008740      0x12e build/FreeRTOS_TCP_IP.o
 .text.prvTCPHandleFin
                0x000000000800886e       0xe0 build/FreeRTOS_TCP_IP.o
 .text.prvHandleEstablished
                0x000000000800894e      0x172 build/FreeRTOS_TCP_IP.o
 .text.prvTCPHandleState
                0x0000000008008ac0      0x17a build/FreeRTOS_TCP_IP.o
 .text.xProcessReceivedTCPPacket
                0x0000000008008c3a      0x26a build/FreeRTOS_TCP_IP.o
                0x0000000008008c3a                xProcessReceivedTCPPacket
 .text.FreeRTOS_GetTCPStateName
                0x0000000008008ea4       0x14 build/FreeRTOS_TCP_IP.o
                0x0000000008008ea4                FreeRTOS_GetTCPStateName
 .text.xTCPCheckNewClient
                0x0000000008008eb8       0x4c build/FreeRTOS_TCP_IP.o
                0x0000000008008eb8                xTCPCheckNewClient
 .text.vListInsertGeneric
                0x0000000008008f04       0x14 build/FreeRTOS_TCP_WIN.o
 .text.xTCPWindowRxFind
                0x0000000008008f18       0x22 build/FreeRTOS_TCP_WIN.o
 .text.xTCPWindowPeekHead
                0x0000000008008f3a        0xe build/FreeRTOS_TCP_WIN.o
 .text.lTCPIncrementTxPosition
                0x0000000008008f48        0xa build/FreeRTOS_TCP_WIN.o
 *fill*         0x0000000008008f52        0x2 
 .text.vTCPWindowFree
                0x0000000008008f54       0x38 build/FreeRTOS_TCP_WIN.o
 .text.xTCPWindowGetHead
                0x0000000008008f8c       0x16 build/FreeRTOS_TCP_WIN.o
 *fill*         0x0000000008008fa2        0x2 
 .text.prvCreateSectors
                0x0000000008008fa4       0x54 build/FreeRTOS_TCP_WIN.o
 .text.xTCPWindowNew
                0x0000000008008ff8       0xa8 build/FreeRTOS_TCP_WIN.o
 .text.prvTCPWindowTxHasSpace
                0x00000000080090a0       0x46 build/FreeRTOS_TCP_WIN.o
 .text.xSequenceLessThan
                0x00000000080090e6        0xe build/FreeRTOS_TCP_WIN.o
                0x00000000080090e6                xSequenceLessThan
 .text.xTCPWindowRxConfirm
                0x00000000080090f4       0x54 build/FreeRTOS_TCP_WIN.o
 .text.prvTCPWindowFastRetransmit
                0x0000000008009148       0x60 build/FreeRTOS_TCP_WIN.o
 .text.xSequenceGreaterThan
                0x00000000080091a8        0xe build/FreeRTOS_TCP_WIN.o
                0x00000000080091a8                xSequenceGreaterThan
 .text.prvTCPWindowTxCheckAck
                0x00000000080091b6       0xf6 build/FreeRTOS_TCP_WIN.o
 .text.xTCPWindowRxEmpty
                0x00000000080092ac       0x1c build/FreeRTOS_TCP_WIN.o
                0x00000000080092ac                xTCPWindowRxEmpty
 .text.vTCPWindowDestroy
                0x00000000080092c8       0x36 build/FreeRTOS_TCP_WIN.o
                0x00000000080092c8                vTCPWindowDestroy
 .text.vTCPWindowInit
                0x00000000080092fe       0x4e build/FreeRTOS_TCP_WIN.o
                0x00000000080092fe                vTCPWindowInit
 .text.vTCPWindowCreate
                0x000000000800934c       0x54 build/FreeRTOS_TCP_WIN.o
                0x000000000800934c                vTCPWindowCreate
 .text.lTCPWindowRxCheck
                0x00000000080093a0      0x120 build/FreeRTOS_TCP_WIN.o
                0x00000000080093a0                lTCPWindowRxCheck
 .text.lTCPWindowTxAdd
                0x00000000080094c0       0xd6 build/FreeRTOS_TCP_WIN.o
                0x00000000080094c0                lTCPWindowTxAdd
 .text.xTCPWindowTxDone
                0x0000000008009596        0xe build/FreeRTOS_TCP_WIN.o
                0x0000000008009596                xTCPWindowTxDone
 .text.xTCPWindowTxHasData
                0x00000000080095a4       0x76 build/FreeRTOS_TCP_WIN.o
                0x00000000080095a4                xTCPWindowTxHasData
 .text.ulTCPWindowTxGet
                0x000000000800961a      0x120 build/FreeRTOS_TCP_WIN.o
                0x000000000800961a                ulTCPWindowTxGet
 .text.ulTCPWindowTxAck
                0x000000000800973a       0x16 build/FreeRTOS_TCP_WIN.o
                0x000000000800973a                ulTCPWindowTxAck
 .text.ulTCPWindowTxSack
                0x0000000008009750       0x18 build/FreeRTOS_TCP_WIN.o
                0x0000000008009750                ulTCPWindowTxSack
 .text.vProcessGeneratedUDPPacket
                0x0000000008009768       0xdc build/FreeRTOS_UDP_IP.o
                0x0000000008009768                vProcessGeneratedUDPPacket
 .text.xProcessReceivedUDPPacket
                0x0000000008009844       0x9c build/FreeRTOS_UDP_IP.o
                0x0000000008009844                xProcessReceivedUDPPacket
 .text.bIsValidNetworkDescriptor
                0x00000000080098e0        0x4 build/BufferAllocation_1.o
 .text.xNetworkBuffersInitialise
                0x00000000080098e4       0x88 build/BufferAllocation_1.o
                0x00000000080098e4                xNetworkBuffersInitialise
 .text.pxGetNetworkBufferWithDescriptor
                0x000000000800996c       0x70 build/BufferAllocation_1.o
                0x000000000800996c                pxGetNetworkBufferWithDescriptor
 .text.vReleaseNetworkBufferAndDescriptor
                0x00000000080099dc       0x48 build/BufferAllocation_1.o
                0x00000000080099dc                vReleaseNetworkBufferAndDescriptor
 .text.uxGetMinimumFreeNetworkBuffers
                0x0000000008009a24        0xc build/BufferAllocation_1.o
                0x0000000008009a24                uxGetMinimumFreeNetworkBuffers
 .text.uxGetNumberOfFreeNetworkBuffers
                0x0000000008009a30        0xc build/BufferAllocation_1.o
                0x0000000008009a30                uxGetNumberOfFreeNetworkBuffers
 .text.xHas_1F_PHYSPCS
                0x0000000008009a3c       0x14 build/phyHandling.o
 .text.xHas_19_PHYCR
                0x0000000008009a50       0x20 build/phyHandling.o
 .text.xPhyReset
                0x0000000008009a70       0xd8 build/phyHandling.o
 .text.vPhyInitialise
                0x0000000008009b48       0x18 build/phyHandling.o
                0x0000000008009b48                vPhyInitialise
 .text.xPhyDiscover
                0x0000000008009b60       0x78 build/phyHandling.o
                0x0000000008009b60                xPhyDiscover
 .text.xPhyConfigure
                0x0000000008009bd8      0x154 build/phyHandling.o
                0x0000000008009bd8                xPhyConfigure
 .text.xPhyFixedValue
                0x0000000008009d2c       0x52 build/phyHandling.o
                0x0000000008009d2c                xPhyFixedValue
 *fill*         0x0000000008009d7e        0x2 
 .text.xPhyStartAutoNegotiation
                0x0000000008009d80      0x1e4 build/phyHandling.o
                0x0000000008009d80                xPhyStartAutoNegotiation
 .text.xPhyCheckLinkStatus
                0x0000000008009f64       0xd8 build/phyHandling.o
                0x0000000008009f64                xPhyCheckLinkStatus
 .text.prvDMATxDescListInit
                0x000000000800a03c       0x6c build/NetworkInterface.o
 .text.prvDMARxDescListInit
                0x000000000800a0a8       0x50 build/NetworkInterface.o
 .text.xMayAcceptPacket
                0x000000000800a0f8       0x18 build/NetworkInterface.o
 .text.prvPassEthMessages
                0x000000000800a110       0x34 build/NetworkInterface.o
 .text.prvNetworkInterfaceInput
                0x000000000800a144       0xd8 build/NetworkInterface.o
 .text.vClearTXBuffers
                0x000000000800a21c       0x4c build/NetworkInterface.o
 .text.prvEthernetUpdateConfig
                0x000000000800a268       0xd4 build/NetworkInterface.o
 .text.prvEMACHandlerTask
                0x000000000800a33c       0xb4 build/NetworkInterface.o
 .text.xSTM32_PhyRead
                0x000000000800a3f0       0x20 build/NetworkInterface.o
                0x000000000800a3f0                xSTM32_PhyRead
 .text.xSTM32_PhyWrite
                0x000000000800a410       0x20 build/NetworkInterface.o
                0x000000000800a410                xSTM32_PhyWrite
 .text.HAL_ETH_RxCpltCallback
                0x000000000800a430       0x48 build/NetworkInterface.o
                0x000000000800a430                HAL_ETH_RxCpltCallback
 .text.HAL_ETH_TxCpltCallback
                0x000000000800a478       0x48 build/NetworkInterface.o
                0x000000000800a478                HAL_ETH_TxCpltCallback
 .text.xNetworkInterfaceInitialise
                0x000000000800a4c0      0x114 build/NetworkInterface.o
                0x000000000800a4c0                xNetworkInterfaceInitialise
 .text.xNetworkInterfaceOutput
                0x000000000800a5d4       0xc8 build/NetworkInterface.o
                0x000000000800a5d4                xNetworkInterfaceOutput
 .text.vMACBProbePhy
                0x000000000800a69c       0x30 build/NetworkInterface.o
                0x000000000800a69c                vMACBProbePhy
 .text.vNetworkInterfaceAllocateRAMToBuffers
                0x000000000800a6cc       0x30 build/NetworkInterface.o
                0x000000000800a6cc                vNetworkInterfaceAllocateRAMToBuffers
 .text.ETH_IRQHandler
                0x000000000800a6fc       0x10 build/NetworkInterface.o
                0x000000000800a6fc                ETH_IRQHandler
 .text.vRegisterDelay
                0x000000000800a70c       0x34 build/stm32fxx_hal_eth.o
 .text.prvWriteMACFCR
                0x000000000800a740       0x18 build/stm32fxx_hal_eth.o
 .text.prvWriteDMAOMR
                0x000000000800a758       0x1c build/stm32fxx_hal_eth.o
 .text.prvWriteMACCR
                0x000000000800a774       0x18 build/stm32fxx_hal_eth.o
 .text.ETH_MACAddressConfig
                0x000000000800a78c       0x34 build/stm32fxx_hal_eth.o
 .text.ETH_MACDMAConfig
                0x000000000800a7c0       0xf4 build/stm32fxx_hal_eth.o
 .text.ETH_MACTransmissionEnable
                0x000000000800a8b4       0x10 build/stm32fxx_hal_eth.o
 .text.ETH_MACTransmissionDisable
                0x000000000800a8c4       0x10 build/stm32fxx_hal_eth.o
 .text.ETH_MACReceptionEnable
                0x000000000800a8d4       0x1a build/stm32fxx_hal_eth.o
 .text.ETH_MACReceptionDisable
                0x000000000800a8ee       0x1a build/stm32fxx_hal_eth.o
 .text.ETH_DMATransmissionEnable
                0x000000000800a908       0x1e build/stm32fxx_hal_eth.o
 .text.ETH_DMATransmissionDisable
                0x000000000800a926       0x1e build/stm32fxx_hal_eth.o
 .text.ETH_DMAReceptionEnable
                0x000000000800a944       0x1e build/stm32fxx_hal_eth.o
 .text.ETH_DMAReceptionDisable
                0x000000000800a962       0x1e build/stm32fxx_hal_eth.o
 .text.ETH_FlushTransmitFIFO
                0x000000000800a980       0x1e build/stm32fxx_hal_eth.o
 *fill*         0x000000000800a99e        0x2 
 .text.HAL_ETH_Init
                0x000000000800a9a0       0xec build/stm32fxx_hal_eth.o
                0x000000000800a9a0                HAL_ETH_Init
 .text.HAL_ETH_ErrorCallback
                0x000000000800aa8c        0x2 build/stm32fxx_hal_eth.o
                0x000000000800aa8c                HAL_ETH_ErrorCallback
 *fill*         0x000000000800aa8e        0x2 
 .text.HAL_ETH_IRQHandler
                0x000000000800aa90       0x40 build/stm32fxx_hal_eth.o
                0x000000000800aa90                HAL_ETH_IRQHandler
 .text.HAL_ETH_ReadPHYRegister
                0x000000000800aad0       0x7e build/stm32fxx_hal_eth.o
                0x000000000800aad0                HAL_ETH_ReadPHYRegister
 .text.HAL_ETH_WritePHYRegister
                0x000000000800ab4e       0x7e build/stm32fxx_hal_eth.o
                0x000000000800ab4e                HAL_ETH_WritePHYRegister
 .text.HAL_ETH_Start
                0x000000000800abcc       0x44 build/stm32fxx_hal_eth.o
                0x000000000800abcc                HAL_ETH_Start
 .text.HAL_ETH_Stop
                0x000000000800ac10       0x44 build/stm32fxx_hal_eth.o
                0x000000000800ac10                HAL_ETH_Stop
 .text.HAL_ETH_ConfigMAC
                0x000000000800ac54      0x108 build/stm32fxx_hal_eth.o
                0x000000000800ac54                HAL_ETH_ConfigMAC
 .text.Reset_Handler
                0x000000000800ad5c       0x50 build/startup_stm32f746xx.o
                0x000000000800ad5c                Reset_Handler
 .text.Default_Handler
                0x000000000800adac        0x2 build/startup_stm32f746xx.o
                0x000000000800adac                DMA1_Stream3_IRQHandler
                0x000000000800adac                EXTI2_IRQHandler
                0x000000000800adac                TIM8_CC_IRQHandler
                0x000000000800adac                UART8_IRQHandler
                0x000000000800adac                SPI4_IRQHandler
                0x000000000800adac                TIM1_CC_IRQHandler
                0x000000000800adac                DMA2_Stream5_IRQHandler
                0x000000000800adac                DMA1_Stream5_IRQHandler
                0x000000000800adac                PVD_IRQHandler
                0x000000000800adac                TAMP_STAMP_IRQHandler
                0x000000000800adac                CAN2_RX1_IRQHandler
                0x000000000800adac                EXTI3_IRQHandler
                0x000000000800adac                TIM8_TRG_COM_TIM14_IRQHandler
                0x000000000800adac                TIM1_UP_TIM10_IRQHandler
                0x000000000800adac                I2C3_ER_IRQHandler
                0x000000000800adac                EXTI0_IRQHandler
                0x000000000800adac                I2C2_EV_IRQHandler
                0x000000000800adac                DMA1_Stream2_IRQHandler
                0x000000000800adac                CAN1_RX0_IRQHandler
                0x000000000800adac                FPU_IRQHandler
                0x000000000800adac                OTG_HS_WKUP_IRQHandler
                0x000000000800adac                LTDC_ER_IRQHandler
                0x000000000800adac                CAN2_SCE_IRQHandler
                0x000000000800adac                DMA2_Stream2_IRQHandler
                0x000000000800adac                SPI1_IRQHandler
                0x000000000800adac                TIM6_DAC_IRQHandler
                0x000000000800adac                TIM1_BRK_TIM9_IRQHandler
                0x000000000800adac                DCMI_IRQHandler
                0x000000000800adac                CAN2_RX0_IRQHandler
                0x000000000800adac                DMA2_Stream3_IRQHandler
                0x000000000800adac                SAI2_IRQHandler
                0x000000000800adac                USART6_IRQHandler
                0x000000000800adac                USART3_IRQHandler
                0x000000000800adac                CAN1_RX1_IRQHandler
                0x000000000800adac                UART5_IRQHandler
                0x000000000800adac                DMA2_Stream0_IRQHandler
                0x000000000800adac                TIM4_IRQHandler
                0x000000000800adac                QUADSPI_IRQHandler
                0x000000000800adac                I2C1_EV_IRQHandler
                0x000000000800adac                DMA1_Stream6_IRQHandler
                0x000000000800adac                DMA1_Stream1_IRQHandler
                0x000000000800adac                UART4_IRQHandler
                0x000000000800adac                TIM3_IRQHandler
                0x000000000800adac                RCC_IRQHandler
                0x000000000800adac                TIM8_BRK_TIM12_IRQHandler
                0x000000000800adac                Default_Handler
                0x000000000800adac                CEC_IRQHandler
                0x000000000800adac                EXTI15_10_IRQHandler
                0x000000000800adac                ADC_IRQHandler
                0x000000000800adac                DMA1_Stream7_IRQHandler
                0x000000000800adac                SPI5_IRQHandler
                0x000000000800adac                TIM7_IRQHandler
                0x000000000800adac                SDMMC1_IRQHandler
                0x000000000800adac                CAN2_TX_IRQHandler
                0x000000000800adac                TIM5_IRQHandler
                0x000000000800adac                DMA2_Stream7_IRQHandler
                0x000000000800adac                I2C3_EV_IRQHandler
                0x000000000800adac                EXTI9_5_IRQHandler
                0x000000000800adac                RTC_WKUP_IRQHandler
                0x000000000800adac                LTDC_IRQHandler
                0x000000000800adac                ETH_WKUP_IRQHandler
                0x000000000800adac                SPDIF_RX_IRQHandler
                0x000000000800adac                SPI2_IRQHandler
                0x000000000800adac                OTG_HS_EP1_IN_IRQHandler
                0x000000000800adac                DMA1_Stream0_IRQHandler
                0x000000000800adac                CAN1_TX_IRQHandler
                0x000000000800adac                EXTI4_IRQHandler
                0x000000000800adac                RNG_IRQHandler
                0x000000000800adac                OTG_HS_EP1_OUT_IRQHandler
                0x000000000800adac                WWDG_IRQHandler
                0x000000000800adac                SPI6_IRQHandler
                0x000000000800adac                I2C4_EV_IRQHandler
                0x000000000800adac                TIM2_IRQHandler
                0x000000000800adac                OTG_FS_WKUP_IRQHandler
                0x000000000800adac                TIM1_TRG_COM_TIM11_IRQHandler
                0x000000000800adac                OTG_HS_IRQHandler
                0x000000000800adac                DMA2D_IRQHandler
                0x000000000800adac                EXTI1_IRQHandler
                0x000000000800adac                UART7_IRQHandler
                0x000000000800adac                USART2_IRQHandler
                0x000000000800adac                I2C2_ER_IRQHandler
                0x000000000800adac                DMA2_Stream1_IRQHandler
                0x000000000800adac                CAN1_SCE_IRQHandler
                0x000000000800adac                FLASH_IRQHandler
                0x000000000800adac                DMA2_Stream4_IRQHandler
                0x000000000800adac                USART1_IRQHandler
                0x000000000800adac                OTG_FS_IRQHandler
                0x000000000800adac                SPI3_IRQHandler
                0x000000000800adac                DMA1_Stream4_IRQHandler
                0x000000000800adac                I2C1_ER_IRQHandler
                0x000000000800adac                FMC_IRQHandler
                0x000000000800adac                LPTIM1_IRQHandler
                0x000000000800adac                I2C4_ER_IRQHandler
                0x000000000800adac                DMA2_Stream6_IRQHandler
                0x000000000800adac                SAI1_IRQHandler
                0x000000000800adac                RTC_Alarm_IRQHandler
 *fill*         0x000000000800adae        0x2 
 .text.__libc_init_array
                0x000000000800adb0       0x48 /usr/local/Caskroom/gcc-arm-embedded/9-2019-q4-major/gcc-arm-none-eabi-9-2019-q4-major/bin/../lib/gcc/arm-none-eabi/9.2.1/../../../../arm-none-eabi/lib/thumb/v7e-m+fp/hard/libc_nano.a(lib_a-init.o)
                0x000000000800adb0                __libc_init_array
 .text.memcmp   0x000000000800adf8       0x1c /usr/local/Caskroom/gcc-arm-embedded/9-2019-q4-major/gcc-arm-none-eabi-9-2019-q4-major/bin/../lib/gcc/arm-none-eabi/9.2.1/../../../../arm-none-eabi/lib/thumb/v7e-m+fp/hard/libc_nano.a(lib_a-memcmp.o)
                0x000000000800adf8                memcmp
 .text.memcpy   0x000000000800ae14       0x1c /usr/local/Caskroom/gcc-arm-embedded/9-2019-q4-major/gcc-arm-none-eabi-9-2019-q4-major/bin/../lib/gcc/arm-none-eabi/9.2.1/../../../../arm-none-eabi/lib/thumb/v7e-m+fp/hard/libc_nano.a(lib_a-memcpy-stub.o)
                0x000000000800ae14                memcpy
 .text.memmove  0x000000000800ae30       0x34 /usr/local/Caskroom/gcc-arm-embedded/9-2019-q4-major/gcc-arm-none-eabi-9-2019-q4-major/bin/../lib/gcc/arm-none-eabi/9.2.1/../../../../arm-none-eabi/lib/thumb/v7e-m+fp/hard/libc_nano.a(lib_a-memmove.o)
                0x000000000800ae30                memmove
 .text.memset   0x000000000800ae64       0x10 /usr/local/Caskroom/gcc-arm-embedded/9-2019-q4-major/gcc-arm-none-eabi-9-2019-q4-major/bin/../lib/gcc/arm-none-eabi/9.2.1/../../../../arm-none-eabi/lib/thumb/v7e-m+fp/hard/libc_nano.a(lib_a-memset.o)
                0x000000000800ae64                memset
 .text.snprintf
                0x000000000800ae74       0x68 /usr/local/Caskroom/gcc-arm-embedded/9-2019-q4-major/gcc-arm-none-eabi-9-2019-q4-major/bin/../lib/gcc/arm-none-eabi/9.2.1/../../../../arm-none-eabi/lib/thumb/v7e-m+fp/hard/libc_nano.a(lib_a-snprintf.o)
                0x000000000800ae74                snprintf
                0x000000000800ae74                sniprintf
 .text._vsnprintf_r
                0x000000000800aedc       0x58 /usr/local/Caskroom/gcc-arm-embedded/9-2019-q4-major/gcc-arm-none-eabi-9-2019-q4-major/bin/../lib/gcc/arm-none-eabi/9.2.1/../../../../arm-none-eabi/lib/thumb/v7e-m+fp/hard/libc_nano.a(lib_a-vsnprintf.o)
                0x000000000800aedc                _vsnprintf_r
                0x000000000800aedc                _vsniprintf_r
 .text.vsnprintf
                0x000000000800af34       0x1c /usr/local/Caskroom/gcc-arm-embedded/9-2019-q4-major/gcc-arm-none-eabi-9-2019-q4-major/bin/../lib/gcc/arm-none-eabi/9.2.1/../../../../arm-none-eabi/lib/thumb/v7e-m+fp/hard/libc_nano.a(lib_a-vsnprintf.o)
                0x000000000800af34                vsnprintf
                0x000000000800af34                vsniprintf
 .text.__ssputs_r
                0x000000000800af50       0xb6 /usr/local/Caskroom/gcc-arm-embedded/9-2019-q4-major/gcc-arm-none-eabi-9-2019-q4-major/bin/../lib/gcc/arm-none-eabi/9.2.1/../../../../arm-none-eabi/lib/thumb/v7e-m+fp/hard/libc_nano.a(lib_a-nano-svfprintf.o)
                0x000000000800af50                __ssputs_r
 *fill*         0x000000000800b006        0x2 
 .text._svfprintf_r
                0x000000000800b008      0x200 /usr/local/Caskroom/gcc-arm-embedded/9-2019-q4-major/gcc-arm-none-eabi-9-2019-q4-major/bin/../lib/gcc/arm-none-eabi/9.2.1/../../../../arm-none-eabi/lib/thumb/v7e-m+fp/hard/libc_nano.a(lib_a-nano-svfprintf.o)
                0x000000000800b008                _svfprintf_r
                0x000000000800b008                _svfiprintf_r
 .text._printf_common
                0x000000000800b208       0xda /usr/local/Caskroom/gcc-arm-embedded/9-2019-q4-major/gcc-arm-none-eabi-9-2019-q4-major/bin/../lib/gcc/arm-none-eabi/9.2.1/../../../../arm-none-eabi/lib/thumb/v7e-m+fp/hard/libc_nano.a(lib_a-nano-vfprintf_i.o)
                0x000000000800b208                _printf_common
 *fill*         0x000000000800b2e2        0x2 
 .text._printf_i
                0x000000000800b2e4      0x24c /usr/local/Caskroom/gcc-arm-embedded/9-2019-q4-major/gcc-arm-none-eabi-9-2019-q4-major/bin/../lib/gcc/arm-none-eabi/9.2.1/../../../../arm-none-eabi/lib/thumb/v7e-m+fp/hard/libc_nano.a(lib_a-nano-vfprintf_i.o)
                0x000000000800b2e4                _printf_i
 .text._free_r  0x000000000800b530       0xa0 /usr/local/Caskroom/gcc-arm-embedded/9-2019-q4-major/gcc-arm-none-eabi-9-2019-q4-major/bin/../lib/gcc/arm-none-eabi/9.2.1/../../../../arm-none-eabi/lib/thumb/v7e-m+fp/hard/libc_nano.a(lib_a-nano-freer.o)
                0x000000000800b530                _free_r
 .text._malloc_r
                0x000000000800b5d0       0xb4 /usr/local/Caskroom/gcc-arm-embedded/9-2019-q4-major/gcc-arm-none-eabi-9-2019-q4-major/bin/../lib/gcc/arm-none-eabi/9.2.1/../../../../arm-none-eabi/lib/thumb/v7e-m+fp/hard/libc_nano.a(lib_a-nano-mallocr.o)
                0x000000000800b5d0                _malloc_r
 .text._realloc_r
                0x000000000800b684       0x4c /usr/local/Caskroom/gcc-arm-embedded/9-2019-q4-major/gcc-arm-none-eabi-9-2019-q4-major/bin/../lib/gcc/arm-none-eabi/9.2.1/../../../../arm-none-eabi/lib/thumb/v7e-m+fp/hard/libc_nano.a(lib_a-nano-reallocr.o)
                0x000000000800b684                _realloc_r
 .text._sbrk_r  0x000000000800b6d0       0x20 /usr/local/Caskroom/gcc-arm-embedded/9-2019-q4-major/gcc-arm-none-eabi-9-2019-q4-major/bin/../lib/gcc/arm-none-eabi/9.2.1/../../../../arm-none-eabi/lib/thumb/v7e-m+fp/hard/libc_nano.a(lib_a-sbrkr.o)
                0x000000000800b6d0                _sbrk_r
 .text.__malloc_lock
                0x000000000800b6f0        0xc /usr/local/Caskroom/gcc-arm-embedded/9-2019-q4-major/gcc-arm-none-eabi-9-2019-q4-major/bin/../lib/gcc/arm-none-eabi/9.2.1/../../../../arm-none-eabi/lib/thumb/v7e-m+fp/hard/libc_nano.a(lib_a-mlock.o)
                0x000000000800b6f0                __malloc_lock
 .text.__malloc_unlock
                0x000000000800b6fc        0xc /usr/local/Caskroom/gcc-arm-embedded/9-2019-q4-major/gcc-arm-none-eabi-9-2019-q4-major/bin/../lib/gcc/arm-none-eabi/9.2.1/../../../../arm-none-eabi/lib/thumb/v7e-m+fp/hard/libc_nano.a(lib_a-mlock.o)
                0x000000000800b6fc                __malloc_unlock
 .text._malloc_usable_size_r
                0x000000000800b708       0x10 /usr/local/Caskroom/gcc-arm-embedded/9-2019-q4-major/gcc-arm-none-eabi-9-2019-q4-major/bin/../lib/gcc/arm-none-eabi/9.2.1/../../../../arm-none-eabi/lib/thumb/v7e-m+fp/hard/libc_nano.a(lib_a-nano-msizer.o)
                0x000000000800b708                _malloc_usable_size_r
 .text.__retarget_lock_acquire_recursive
                0x000000000800b718        0x2 /usr/local/Caskroom/gcc-arm-embedded/9-2019-q4-major/gcc-arm-none-eabi-9-2019-q4-major/bin/../lib/gcc/arm-none-eabi/9.2.1/../../../../arm-none-eabi/lib/thumb/v7e-m+fp/hard/libc_nano.a(lib_a-lock.o)
                0x000000000800b718                __retarget_lock_acquire_recursive
 .text.__retarget_lock_release_recursive
                0x000000000800b71a        0x2 /usr/local/Caskroom/gcc-arm-embedded/9-2019-q4-major/gcc-arm-none-eabi-9-2019-q4-major/bin/../lib/gcc/arm-none-eabi/9.2.1/../../../../arm-none-eabi/lib/thumb/v7e-m+fp/hard/libc_nano.a(lib_a-lock.o)
                0x000000000800b71a                __retarget_lock_release_recursive
 .text._sbrk    0x000000000800b71c       0x1c /usr/local/Caskroom/gcc-arm-embedded/9-2019-q4-major/gcc-arm-none-eabi-9-2019-q4-major/bin/../lib/gcc/arm-none-eabi/9.2.1/../../../../arm-none-eabi/lib/thumb/v7e-m+fp/hard/libnosys.a(sbrk.o)
                0x000000000800b71c                _sbrk
 *(.glue_7)
 .glue_7        0x000000000800b738        0x0 linker stubs
 *(.glue_7t)
 .glue_7t       0x000000000800b738        0x0 linker stubs
 *(.eh_frame)
 .eh_frame      0x000000000800b738        0x0 /usr/local/Caskroom/gcc-arm-embedded/9-2019-q4-major/gcc-arm-none-eabi-9-2019-q4-major/bin/../lib/gcc/arm-none-eabi/9.2.1/thumb/v7e-m+fp/hard/crtbegin.o
 *(.init)
 .init          0x000000000800b738        0x4 /usr/local/Caskroom/gcc-arm-embedded/9-2019-q4-major/gcc-arm-none-eabi-9-2019-q4-major/bin/../lib/gcc/arm-none-eabi/9.2.1/thumb/v7e-m+fp/hard/crti.o
                0x000000000800b738                _init
 .init          0x000000000800b73c        0x8 /usr/local/Caskroom/gcc-arm-embedded/9-2019-q4-major/gcc-arm-none-eabi-9-2019-q4-major/bin/../lib/gcc/arm-none-eabi/9.2.1/thumb/v7e-m+fp/hard/crtn.o
 *(.fini)
 .fini          0x000000000800b744        0x4 /usr/local/Caskroom/gcc-arm-embedded/9-2019-q4-major/gcc-arm-none-eabi-9-2019-q4-major/bin/../lib/gcc/arm-none-eabi/9.2.1/thumb/v7e-m+fp/hard/crti.o
                0x000000000800b744                _fini
 .fini          0x000000000800b748        0x8 /usr/local/Caskroom/gcc-arm-embedded/9-2019-q4-major/gcc-arm-none-eabi-9-2019-q4-major/bin/../lib/gcc/arm-none-eabi/9.2.1/thumb/v7e-m+fp/hard/crtn.o
                0x000000000800b750                . = ALIGN (0x4)
                0x000000000800b750                _etext = .

.vfp11_veneer   0x000000000800b750        0x0
 .vfp11_veneer  0x000000000800b750        0x0 linker stubs

.v4_bx          0x000000000800b750        0x0
 .v4_bx         0x000000000800b750        0x0 linker stubs

.iplt           0x000000000800b750        0x0
 .iplt          0x000000000800b750        0x0 /usr/local/Caskroom/gcc-arm-embedded/9-2019-q4-major/gcc-arm-none-eabi-9-2019-q4-major/bin/../lib/gcc/arm-none-eabi/9.2.1/thumb/v7e-m+fp/hard/crtbegin.o

.rodata         0x000000000800b750      0x68c
                0x000000000800b750                . = ALIGN (0x4)
 *(.rodata)
 .rodata        0x000000000800b750       0x26 build/FreeRTOS_ARP.o
 *(.rodata*)
 *fill*         0x000000000800b776        0x2 
 .rodata.prvStartupTask.str1.4
                0x000000000800b778       0x1f build/main.o
 *fill*         0x000000000800b797        0x1 
 .rodata.str1.4
                0x000000000800b798        0xa build/main.o
 *fill*         0x000000000800b7a2        0x2 
 .rodata.StartupTask_attributes
                0x000000000800b7a4       0x24 build/main.o
                0x000000000800b7a4                StartupTask_attributes
 .rodata.ucDNSServerAddress
                0x000000000800b7c8        0x4 build/main.o
 .rodata.ucGatewayAddress
                0x000000000800b7cc        0x4 build/main.o
 .rodata.ucIPAddress
                0x000000000800b7d0        0x4 build/main.o
 .rodata.ucNetMask
                0x000000000800b7d4        0x4 build/main.o
 .rodata.vApplicationStackOverflowHook.str1.4
                0x000000000800b7d8       0x21 build/freertos.o
 *fill*         0x000000000800b7f9        0x3 
 .rodata.vApplicationIPNetworkEventHook.str1.4
                0x000000000800b7fc       0x5f build/freertos.o
                                         0x73 (size before relaxing)
 *fill*         0x000000000800b85b        0x1 
 .rodata.vApplicationPingReplyHook.str1.4
                0x000000000800b85c       0x17 build/freertos.o
 *fill*         0x000000000800b873        0x1 
 .rodata.GPIO_PIN
                0x000000000800b874        0x6 build/stm32f7xx_nucleo_144.o
                0x000000000800b874                GPIO_PIN
 *fill*         0x000000000800b87a        0x2 
 .rodata.AHBPrescTable
                0x000000000800b87c       0x10 build/system_stm32f7xx.o
                0x000000000800b87c                AHBPrescTable
 .rodata.APBPrescTable
                0x000000000800b88c        0x8 build/system_stm32f7xx.o
                0x000000000800b88c                APBPrescTable
 .rodata.vTaskStartScheduler.str1.4
                0x000000000800b894        0x5 build/tasks.o
 *fill*         0x000000000800b899        0x3 
 .rodata.prvCheckForValidListAndQueue.str1.4
                0x000000000800b89c        0x5 build/timers.o
 *fill*         0x000000000800b8a1        0x3 
 .rodata.xTimerCreateTimerTask.str1.4
                0x000000000800b8a4        0x8 build/timers.o
 .rodata.str1.4
                0x000000000800b8ac        0x7 build/logging.o
 *fill*         0x000000000800b8b3        0x1 
 .rodata.LoggerTask_attributes
                0x000000000800b8b4       0x24 build/logging.o
                0x000000000800b8b4                LoggerTask_attributes
 .rodata.xSendTimeOut.11673
                0x000000000800b8d8        0x4 build/logging.o
 .rodata.vPrintResourceStats.str1.4
                0x000000000800b8dc       0x42 build/FreeRTOS_IP.o
 *fill*         0x000000000800b91e        0x2 
 .rodata.FreeRTOS_IPInit.str1.4
                0x000000000800b920       0x10 build/FreeRTOS_IP.o
 .rodata.xCheckSizeFields.str1.4
                0x000000000800b930       0x20 build/FreeRTOS_IP.o
 .rodata.prvAllowIPPacket.str1.4
                0x000000000800b950       0x3c build/FreeRTOS_IP.o
 .rodata.xBroadcastMACAddress
                0x000000000800b98c        0x6 build/FreeRTOS_IP.o
                0x000000000800b98c                xBroadcastMACAddress
 *fill*         0x000000000800b992        0x2 
 .rodata.xNetworkDownEvent.8502
                0x000000000800b994        0x8 build/FreeRTOS_IP.o
 .rodata.vTCPNetStat.str1.4
                0x000000000800b99c       0xe8 build/FreeRTOS_Sockets.o
 .rodata.prvHandleListen.str1.4
                0x000000000800ba84       0x32 build/FreeRTOS_TCP_IP.o
                                         0x36 (size before relaxing)
 *fill*         0x000000000800bab6        0x2 
 .rodata.str1.4
                0x000000000800bab8       0xa1 build/FreeRTOS_TCP_IP.o
 *fill*         0x000000000800bb59        0x3 
 .rodata.pcStateNames.8836
                0x000000000800bb5c       0x34 build/FreeRTOS_TCP_IP.o
 .rodata.xBufferAllocFixedSize
                0x000000000800bb90        0x4 build/BufferAllocation_1.o
                0x000000000800bb90                xBufferAllocFixedSize
 .rodata.xPhyReset.str1.4
                0x000000000800bb94       0x59 build/phyHandling.o
 *fill*         0x000000000800bbed        0x3 
 .rodata.xPhyDiscover.str1.4
                0x000000000800bbf0        0xc build/phyHandling.o
 .rodata.xPhyConfigure.str1.4
                0x000000000800bbfc       0x49 build/phyHandling.o
 *fill*         0x000000000800bc45        0x3 
 .rodata.xPhyStartAutoNegotiation.str1.4
                0x000000000800bc48       0x8d build/phyHandling.o
 *fill*         0x000000000800bcd5        0x3 
 .rodata.xPhyCheckLinkStatus.str1.4
                0x000000000800bcd8       0x27 build/phyHandling.o
 *fill*         0x000000000800bcff        0x1 
 .rodata.prvPassEthMessages.str1.4
                0x000000000800bd00       0x32 build/NetworkInterface.o
 *fill*         0x000000000800bd32        0x2 
 .rodata.prvEthernetUpdateConfig.str1.4
                0x000000000800bd34       0x31 build/NetworkInterface.o
 *fill*         0x000000000800bd65        0x3 
 .rodata.prvEMACHandlerTask.str1.4
                0x000000000800bd68       0x1c build/NetworkInterface.o
 .rodata.xNetworkInterfaceInitialise.str1.4
                0x000000000800bd84       0x1d build/NetworkInterface.o
 *fill*         0x000000000800bda1        0x3 
 .rodata.xPHYProperties
                0x000000000800bda4        0x4 build/NetworkInterface.o
                0x000000000800bda4                xPHYProperties
 .rodata._svfprintf_r.str1.1
                0x000000000800bda8       0x11 /usr/local/Caskroom/gcc-arm-embedded/9-2019-q4-major/gcc-arm-none-eabi-9-2019-q4-major/bin/../lib/gcc/arm-none-eabi/9.2.1/../../../../arm-none-eabi/lib/thumb/v7e-m+fp/hard/libc_nano.a(lib_a-nano-svfprintf.o)
 .rodata._printf_i.str1.1
                0x000000000800bdb9       0x22 /usr/local/Caskroom/gcc-arm-embedded/9-2019-q4-major/gcc-arm-none-eabi-9-2019-q4-major/bin/../lib/gcc/arm-none-eabi/9.2.1/../../../../arm-none-eabi/lib/thumb/v7e-m+fp/hard/libc_nano.a(lib_a-nano-vfprintf_i.o)
                0x000000000800bddc                . = ALIGN (0x4)
 *fill*         0x000000000800bddb        0x1 

.ARM.extab
 *(.ARM.extab* .gnu.linkonce.armextab.*)

.ARM            0x000000000800bddc        0x8
                0x000000000800bddc                __exidx_start = .
 *(.ARM.exidx*)
 .ARM.exidx     0x000000000800bddc        0x8 /usr/local/Caskroom/gcc-arm-embedded/9-2019-q4-major/gcc-arm-none-eabi-9-2019-q4-major/bin/../lib/gcc/arm-none-eabi/9.2.1/thumb/v7e-m+fp/hard/libgcc.a(_udivmoddi4.o)
                0x000000000800bde4                __exidx_end = .

.rel.dyn        0x000000000800bde4        0x0
 .rel.iplt      0x000000000800bde4        0x0 /usr/local/Caskroom/gcc-arm-embedded/9-2019-q4-major/gcc-arm-none-eabi-9-2019-q4-major/bin/../lib/gcc/arm-none-eabi/9.2.1/thumb/v7e-m+fp/hard/crtbegin.o

.preinit_array  0x000000000800bde4        0x0
                0x000000000800bde4                PROVIDE (__preinit_array_start = .)
 *(.preinit_array*)
                0x000000000800bde4                PROVIDE (__preinit_array_end = .)

.init_array     0x000000000800bde4        0x4
                0x000000000800bde4                PROVIDE (__init_array_start = .)
 *(SORT_BY_NAME(.init_array.*))
 *(.init_array*)
 .init_array    0x000000000800bde4        0x4 /usr/local/Caskroom/gcc-arm-embedded/9-2019-q4-major/gcc-arm-none-eabi-9-2019-q4-major/bin/../lib/gcc/arm-none-eabi/9.2.1/thumb/v7e-m+fp/hard/crtbegin.o
                0x000000000800bde8                PROVIDE (__init_array_end = .)

.fini_array     0x000000000800bde8        0x4
                [!provide]                        PROVIDE (__fini_array_start = .)
 *(SORT_BY_NAME(.fini_array.*))
 *(.fini_array*)
 .fini_array    0x000000000800bde8        0x4 /usr/local/Caskroom/gcc-arm-embedded/9-2019-q4-major/gcc-arm-none-eabi-9-2019-q4-major/bin/../lib/gcc/arm-none-eabi/9.2.1/thumb/v7e-m+fp/hard/crtbegin.o
                [!provide]                        PROVIDE (__fini_array_end = .)
                0x000000000800bdec                _sidata = LOADADDR (.data)

.data           0x0000000020000000       0xb4 load address 0x000000000800bdec
                0x0000000020000000                . = ALIGN (0x4)
                0x0000000020000000                _sdata = .
 *(.data)
 *(.data*)
 .data.ucMACAddress
                0x0000000020000000        0x6 build/main.o
 *fill*         0x0000000020000006        0x2 
 .data.GPIO_PORT
                0x0000000020000008        0xc build/stm32f7xx_nucleo_144.o
                0x0000000020000008                GPIO_PORT
 .data.uwTickFreq
                0x0000000020000014        0x1 build/stm32f7xx_hal.o
                0x0000000020000014                uwTickFreq
 *fill*         0x0000000020000015        0x3 
 .data.uwTickPrio
                0x0000000020000018        0x4 build/stm32f7xx_hal.o
                0x0000000020000018                uwTickPrio
 .data.SystemCoreClock
                0x000000002000001c        0x4 build/system_stm32f7xx.o
                0x000000002000001c                SystemCoreClock
 .data.uxTopUsedPriority
                0x0000000020000020        0x4 build/tasks.o
                0x0000000020000020                uxTopUsedPriority
 .data.uxCriticalNesting
                0x0000000020000024        0x4 build/port.o
 .data.xPrintSocket
                0x0000000020000028        0x4 build/logging.o
                0x0000000020000028                xPrintSocket
 .data.xUARTLoggingUsed
                0x000000002000002c        0x4 build/logging.o
                0x000000002000002c                xUARTLoggingUsed
 .data.uxLastMinBufferCount.8758
                0x0000000020000030        0x4 build/FreeRTOS_IP.o
 .data.xDefaultPartUDPPacketHeader
                0x0000000020000034       0x18 build/FreeRTOS_UDP_IP.o
                0x0000000020000034                xDefaultPartUDPPacketHeader
 .data.uxLowestSemCount.12377
                0x000000002000004c        0x4 build/NetworkInterface.o
 .data._impure_ptr
                0x0000000020000050        0x4 /usr/local/Caskroom/gcc-arm-embedded/9-2019-q4-major/gcc-arm-none-eabi-9-2019-q4-major/bin/../lib/gcc/arm-none-eabi/9.2.1/../../../../arm-none-eabi/lib/thumb/v7e-m+fp/hard/libc_nano.a(lib_a-impure.o)
                0x0000000020000050                _impure_ptr
 .data.impure_data
                0x0000000020000054       0x60 /usr/local/Caskroom/gcc-arm-embedded/9-2019-q4-major/gcc-arm-none-eabi-9-2019-q4-major/bin/../lib/gcc/arm-none-eabi/9.2.1/../../../../arm-none-eabi/lib/thumb/v7e-m+fp/hard/libc_nano.a(lib_a-impure.o)
                0x00000000200000b4                . = ALIGN (0x4)
                0x00000000200000b4                _edata = .

.igot.plt       0x00000000200000b4        0x0 load address 0x000000000800bea0
 .igot.plt      0x00000000200000b4        0x0 /usr/local/Caskroom/gcc-arm-embedded/9-2019-q4-major/gcc-arm-none-eabi-9-2019-q4-major/bin/../lib/gcc/arm-none-eabi/9.2.1/thumb/v7e-m+fp/hard/crtbegin.o

.first_data     0x00000000200000c0    0x16940 load address 0x000000000800bea0
 .first_data    0x00000000200000c0    0x16940 build/NetworkInterface.o
                0x00000000200000c0                DMATxDscrTab
                0x0000000020000160                DMARxDscrTab
                0x0000000020016a00                . = ALIGN (0x4)

.bss            0x0000000020016a00     0xe1e8 load address 0x00000000080227e0
                0x0000000020016a00                _sbss = .
                0x0000000020016a00                __bss_start__ = _sbss
 *(.bss)
 .bss           0x0000000020016a00       0x1c /usr/local/Caskroom/gcc-arm-embedded/9-2019-q4-major/gcc-arm-none-eabi-9-2019-q4-major/bin/../lib/gcc/arm-none-eabi/9.2.1/thumb/v7e-m+fp/hard/crtbegin.o
 *(.bss*)
 .bss.xTasksAlreadyCreated.11284
                0x0000000020016a1c        0x4 build/freertos.o
 .bss.pxCurrentTCB
                0x0000000020016a20        0x4 build/tasks.o
                0x0000000020016a20                pxCurrentTCB
 .bss.pxDelayedTaskList
                0x0000000020016a24        0x4 build/tasks.o
 .bss.pxOverflowDelayedTaskList
                0x0000000020016a28        0x4 build/tasks.o
 .bss.pxReadyTasksLists
                0x0000000020016a2c      0x460 build/tasks.o
 .bss.ulTaskSwitchedInTime
                0x0000000020016e8c        0x4 build/tasks.o
 .bss.ulTotalRunTime
                0x0000000020016e90        0x4 build/tasks.o
 .bss.uxCurrentNumberOfTasks
                0x0000000020016e94        0x4 build/tasks.o
 .bss.uxDeletedTasksWaitingCleanUp
                0x0000000020016e98        0x4 build/tasks.o
 .bss.uxSchedulerSuspended
                0x0000000020016e9c        0x4 build/tasks.o
 .bss.uxTaskNumber
                0x0000000020016ea0        0x4 build/tasks.o
 .bss.uxTopReadyPriority
                0x0000000020016ea4        0x4 build/tasks.o
 .bss.xDelayedTaskList1
                0x0000000020016ea8       0x14 build/tasks.o
 .bss.xDelayedTaskList2
                0x0000000020016ebc       0x14 build/tasks.o
 .bss.xNextTaskUnblockTime
                0x0000000020016ed0        0x4 build/tasks.o
 .bss.xNumOfOverflows
                0x0000000020016ed4        0x4 build/tasks.o
 .bss.xPendedTicks
                0x0000000020016ed8        0x4 build/tasks.o
 .bss.xPendingReadyList
                0x0000000020016edc       0x14 build/tasks.o
 .bss.xSchedulerRunning
                0x0000000020016ef0        0x4 build/tasks.o
 .bss.xSuspendedTaskList
                0x0000000020016ef4       0x14 build/tasks.o
 .bss.xTasksWaitingTermination
                0x0000000020016f08       0x14 build/tasks.o
 .bss.xTickCount
                0x0000000020016f1c        0x4 build/tasks.o
 .bss.xYieldPending
                0x0000000020016f20        0x4 build/tasks.o
 .bss.pxCurrentTimerList
                0x0000000020016f24        0x4 build/timers.o
 .bss.pxOverflowTimerList
                0x0000000020016f28        0x4 build/timers.o
 .bss.ucStaticTimerQueueStorage.6985
                0x0000000020016f2c       0xa0 build/timers.o
 .bss.xActiveTimerList1
                0x0000000020016fcc       0x14 build/timers.o
 .bss.xActiveTimerList2
                0x0000000020016fe0       0x14 build/timers.o
 .bss.xLastTime.6941
                0x0000000020016ff4        0x4 build/timers.o
 .bss.xStaticTimerQueue.6984
                0x0000000020016ff8       0x50 build/timers.o
 .bss.xTimerQueue
                0x0000000020017048        0x4 build/timers.o
 .bss.xTimerTaskHandle
                0x000000002001704c        0x4 build/timers.o